0.sledgehammer initialize Params for sledgehammer: {abduce = SOME 0, cache_dir = NONE, compress = NONE, debug = false, expect =
0.sledgehammer initialize  "", fact_filter = NONE, fact_thresholds = (0.45, 0.85), falsify =
0.sledgehammer initialize  SOME false, induction_rules = NONE, instantiate = NONE, isar_proofs = NONE,
0.sledgehammer initialize  lam_trans = NONE, learn = true, max_facts = NONE, max_mono_iters = NONE,
0.sledgehammer initialize  max_new_mono_instances = NONE, max_proofs = 4, minimize = true, overlord =
0.sledgehammer initialize  false, preplay_provers = [], preplay_timeout = 1.000, provers =
0.sledgehammer initialize  ["cvc5_proof"], slices = 96, smt_proofs = true, spy = false, strict =
0.sledgehammer initialize  false, timeout = 30.000, try0 = true, type_enc = NONE, uncurried_aliases =
0.sledgehammer initialize  NONE, verbose = false}
0.sledgehammer goal.unfolding 31400ms Ordered_Resolution_Prover.Herbrand_Interpretation 29:849  timeout (SH 31400ms): Timed out
0.sledgehammer goal.by         4559ms Ordered_Resolution_Prover.Herbrand_Interpretation 29:872  some (SH 4559ms, ATP 450ms): Try this: apply auto[1] (0.5 ms)
0.sledgehammer goal.by        66285ms Ordered_Resolution_Prover.Herbrand_Interpretation 32:963  some (SH 66285ms, ATP 577ms): Try this: by (metis Neg_atm_of_iff Pos_atm_of_iff true_lit_simps(1,2)) (53 ms)
0.sledgehammer goal.unfolding  5603ms Ordered_Resolution_Prover.Herbrand_Interpretation 38:1130  some (SH 5603ms, ATP 333ms): Try this: by (simp add: true_cls_def) (2 ms)
0.sledgehammer goal.by         3893ms Ordered_Resolution_Prover.Herbrand_Interpretation 38:1153  some (SH 3892ms, ATP 380ms): Try this: by simp (2 ms)
0.sledgehammer goal.unfolding 10587ms Ordered_Resolution_Prover.Herbrand_Interpretation 41:1216  some (SH 10587ms, ATP 459ms): Try this: by (simp add: true_cls_def) (4 ms)
0.sledgehammer goal.by         9781ms Ordered_Resolution_Prover.Herbrand_Interpretation 41:1239  some (SH 9781ms, ATP 525ms): Try this: by auto (8 ms)
0.sledgehammer goal.unfolding 13698ms Ordered_Resolution_Prover.Herbrand_Interpretation 44:1316  some (SH 13698ms, ATP 709ms): Try this: by (simp add: true_cls_def) (7 ms)
0.sledgehammer goal.by         9839ms Ordered_Resolution_Prover.Herbrand_Interpretation 44:1339  some (SH 9839ms, ATP 541ms): Try this: by simp (5 ms)
0.sledgehammer goal.unfolding  9920ms Ordered_Resolution_Prover.Herbrand_Interpretation 47:1405  some (SH 9920ms, ATP 750ms): Try this: by (meson true_cls_def union_iff) (56 ms)
0.sledgehammer goal.by         5497ms Ordered_Resolution_Prover.Herbrand_Interpretation 47:1428  some (SH 5497ms, ATP 580ms): Try this: by auto (34 ms)
0.sledgehammer goal.unfolding  5529ms Ordered_Resolution_Prover.Herbrand_Interpretation 50:1502  some (SH 5529ms, ATP 482ms): Try this: by (meson subsetD true_cls_def) (35 ms)
0.sledgehammer goal.by         2866ms Ordered_Resolution_Prover.Herbrand_Interpretation 50:1535  some (SH 2866ms, ATP 374ms): Try this: by blast (3 ms)
0.sledgehammer goal.using     83251ms Ordered_Resolution_Prover.Herbrand_Interpretation 57:1721  some (SH 83251ms, ATP 619ms): Try this: apply (metis (mono_tags, lifting) assms subset_iff true_cls_def true_lit_iff) (3.1 s)
0.sledgehammer goal.unfolding 52502ms Ordered_Resolution_Prover.Herbrand_Interpretation 57:1733  some (SH 52502ms, ATP 580ms): Try this: apply (metis (mono_tags, lifting) subset_iff true_cls_def true_lit_iff) (3.5 s)
0.sledgehammer goal.by         3832ms Ordered_Resolution_Prover.Herbrand_Interpretation 57:1767  some (SH 3832ms, ATP 543ms): Try this: apply blast (9 ms)
0.sledgehammer goal.by        13699ms Ordered_Resolution_Prover.Herbrand_Interpretation 60:1892  some (SH 13698ms, ATP 530ms): Try this: by (metis replicate_mset_0 set_mset_add_mset_insert set_mset_replicate_mset_subset singletonD true_cls_def true_cls_empty union_single_eq_member) (160 ms)
0.sledgehammer goal.using      4794ms Ordered_Resolution_Prover.Herbrand_Interpretation 63:1994  some (SH 4794ms, ATP 629ms): Try this: using literal.disc(1) true_cls_def by blast (3 ms)
0.sledgehammer goal.by         5630ms Ordered_Resolution_Prover.Herbrand_Interpretation 63:2013  some (SH 5629ms, ATP 553ms): Try this: by blast (3 ms)
0.sledgehammer goal.using      5090ms Ordered_Resolution_Prover.Herbrand_Interpretation 66:2099  some (SH 5090ms, ATP 588ms): Try this: using literal.disc(2) literal.sel(2) true_cls_def by blast (21 ms)
0.sledgehammer goal.by         7814ms Ordered_Resolution_Prover.Herbrand_Interpretation 66:2118  some (SH 7814ms, ATP 524ms): Try this: by fastforce (32 ms)
0.sledgehammer goal.using      7488ms Ordered_Resolution_Prover.Herbrand_Interpretation 69:2191  some (SH 7488ms, ATP 538ms): Try this: by auto (2 ms)
0.sledgehammer goal.by         7051ms Ordered_Resolution_Prover.Herbrand_Interpretation 69:2210  some (SH 7051ms, ATP 882ms): Try this: by auto (3 ms)
0.sledgehammer goal.by         3912ms Ordered_Resolution_Prover.Herbrand_Interpretation 75:2373  some (SH 3912ms, ATP 362ms): Try this: by (simp add: true_clss_def) (4 ms)
0.sledgehammer goal.unfolding  5332ms Ordered_Resolution_Prover.Herbrand_Interpretation 78:2456  some (SH 5332ms, ATP 419ms): Try this: by (simp add: true_clss_def) (1 ms)
0.sledgehammer goal.by         4479ms Ordered_Resolution_Prover.Herbrand_Interpretation 78:2480  some (SH 4478ms, ATP 1626ms): Try this: by blast (1 ms)
0.sledgehammer goal.unfolding 153102ms Ordered_Resolution_Prover.Herbrand_Interpretation 81:2558  some (SH 153102ms, ATP 215ms): Try this: by (simp add: true_clss_def) (1 ms)
0.sledgehammer goal.by         9764ms Ordered_Resolution_Prover.Herbrand_Interpretation 81:2582  some (SH 9764ms, ATP 623ms): Try this: by blast (2 ms)
0.sledgehammer goal.unfolding 15019ms Ordered_Resolution_Prover.Herbrand_Interpretation 84:2657  some (SH 15019ms, ATP 148ms): Try this: by (metis Un_iff true_clss_def) (37 ms)
0.sledgehammer goal.by         4547ms Ordered_Resolution_Prover.Herbrand_Interpretation 84:2681  some (SH 4547ms, ATP 1182ms): Try this: by blast (1 ms)
0.sledgehammer goal.unfolding 13155ms Ordered_Resolution_Prover.Herbrand_Interpretation 87:2757  some (SH 13155ms, ATP 3597ms): Try this: by (simp add: true_clss_def) (3 ms)
0.sledgehammer goal.by         4487ms Ordered_Resolution_Prover.Herbrand_Interpretation 87:2781  some (SH 4487ms, ATP 583ms): Try this: by force (3 ms)
0.sledgehammer goal.by         6684ms Ordered_Resolution_Prover.Herbrand_Interpretation 90:2844  some (SH 6684ms, ATP 461ms): Try this: by (metis subset_Un_eq true_clss_union) (36 ms)
0.sledgehammer goal.unfolding 19863ms Ordered_Resolution_Prover.Herbrand_Interpretation 93:2962  some (SH 19863ms, ATP 3822ms): Try this: by (meson mset_subset_eqD true_cls_def true_clss_def) (27 ms)
0.sledgehammer goal.by         6269ms Ordered_Resolution_Prover.Herbrand_Interpretation 93:3012  some (SH 6269ms, ATP 544ms): Try this: by (meson mset_subset_eqD) (24 ms)
0.sledgehammer goal.by         9141ms Ordered_Resolution_Prover.Herbrand_Interpretation 96:3100  some (SH 9141ms, ATP 544ms): Try this: by (metis singletonD singletonI true_clss_mono_strong) (289 ms)
0.sledgehammer goal.using      2861ms Ordered_Resolution_Prover.Herbrand_Interpretation 102:3315  some (SH 2861ms, ATP 371ms): Try this: using true_clss_mono by blast (2 ms)
0.sledgehammer goal.by         3023ms Ordered_Resolution_Prover.Herbrand_Interpretation 102:3336  some (SH 3023ms, ATP 389ms): Try this: by blast (4 ms)
0.sledgehammer goal.using      3069ms Ordered_Resolution_Prover.Herbrand_Interpretation 105:3422  some (SH 3068ms, ATP 414ms): Try this: using true_clss_mono by blast (5 ms)
0.sledgehammer goal.by         2904ms Ordered_Resolution_Prover.Herbrand_Interpretation 105:3449  some (SH 2904ms, ATP 377ms): Try this: by blast (3 ms)
0.sledgehammer goal.unfolding  7697ms Ordered_Resolution_Prover.Herbrand_Interpretation 111:3627  some (SH 7697ms, ATP 458ms): Try this: by (simp add: true_cls_mset_def) (1 ms)
0.sledgehammer goal.by         4100ms Ordered_Resolution_Prover.Herbrand_Interpretation 111:3655  some (SH 4100ms, ATP 325ms): Try this: by force (0.6 ms)
0.sledgehammer goal.by         9489ms Ordered_Resolution_Prover.Herbrand_Interpretation 114:3723  some (SH 9489ms, ATP 443ms): Try this: by (simp add: true_cls_mset_def) (1 ms)
0.sledgehammer goal.unfolding 23364ms Ordered_Resolution_Prover.Herbrand_Interpretation 117:3826  some (SH 23364ms, ATP 184ms): Try this: by (metis Un_iff set_mset_union true_cls_mset_def) (298 ms)
0.sledgehammer goal.by         6501ms Ordered_Resolution_Prover.Herbrand_Interpretation 117:3854  some (SH 6501ms, ATP 637ms): Try this: by (simp add: ball_Un) (3 ms)
0.sledgehammer goal.unfolding 12429ms Ordered_Resolution_Prover.Herbrand_Interpretation 120:3936  some (SH 12429ms, ATP 389ms): Try this: by (simp add: true_cls_mset_def) (8 ms)
0.sledgehammer goal.by         4402ms Ordered_Resolution_Prover.Herbrand_Interpretation 120:3964  some (SH 4402ms, ATP 532ms): Try this: by blast (2 ms)
0.sledgehammer goal.unfolding 10818ms Ordered_Resolution_Prover.Herbrand_Interpretation 123:4049  some (SH 10818ms, ATP 388ms): Try this: by (metis add_mset_add_single true_cls_mset_singleton true_cls_mset_union) (95 ms)
0.sledgehammer goal.by         9983ms Ordered_Resolution_Prover.Herbrand_Interpretation 123:4077  some (SH 9983ms, ATP 744ms): Try this: by auto (2 ms)
0.sledgehammer goal.unfolding 24198ms Ordered_Resolution_Prover.Herbrand_Interpretation 126:4168  some (SH 24198ms, ATP 1665ms): Try this: by (simp add: true_cls_mset_def) (5 ms)
0.sledgehammer goal.by        12039ms Ordered_Resolution_Prover.Herbrand_Interpretation 126:4196  some (SH 12039ms, ATP 1053ms): Try this: by blast (2 ms)
0.sledgehammer goal.unfolding  4582ms Ordered_Resolution_Prover.Herbrand_Interpretation 129:4281  some (SH 4582ms, ATP 488ms): Try this: by (simp add: in_mono true_cls_mset_def) (24 ms)
0.sledgehammer goal.by         3034ms Ordered_Resolution_Prover.Herbrand_Interpretation 129:4320  some (SH 3034ms, ATP 429ms): Try this: by blast (2 ms)
0.sledgehammer goal.unfolding 16766ms Ordered_Resolution_Prover.Herbrand_Interpretation 132:4415  some (SH 16766ms, ATP 196ms): Try this: by (meson in_mono set_mset_mono true_cls_def true_cls_mset_def) (80 ms)
0.sledgehammer goal.by         6127ms Ordered_Resolution_Prover.Herbrand_Interpretation 132:4469  some (SH 6127ms, ATP 513ms): Try this: by (meson mset_subset_eqD) (32 ms)
0.sledgehammer goal.unfolding  4009ms Ordered_Resolution_Prover.Herbrand_Interpretation 135:4559  some (SH 4009ms, ATP 352ms): Try this: by (simp add: true_cls_mset_def true_clss_def) (3 ms)
0.sledgehammer goal.by         2693ms Ordered_Resolution_Prover.Herbrand_Interpretation 135:4601  some (SH 2693ms, ATP 244ms): Try this: by linarith (0.8 ms)
0.sledgehammer goal.unfolding  5931ms Ordered_Resolution_Prover.Herbrand_Interpretation 138:4685  some (SH 5931ms, ATP 368ms): Try this: by (metis finite_set_mset_mset_set true_clss_set_mset) (35 ms)
0.sledgehammer goal.by         2910ms Ordered_Resolution_Prover.Herbrand_Interpretation 138:4727  some (SH 2910ms, ATP 365ms): Try this: by auto (3 ms)
0.sledgehammer goal.using      2998ms Ordered_Resolution_Prover.Herbrand_Interpretation 141:4796  some (SH 2998ms, ATP 351ms): Try this: using true_cls_mset_def by blast (7 ms)
0.sledgehammer goal.by         2995ms Ordered_Resolution_Prover.Herbrand_Interpretation 141:4820  some (SH 2995ms, ATP 353ms): Try this: by blast (5 ms)
0.sledgehammer finalize   Total number of sledgehammer calls: 61
0.sledgehammer finalize   Number of successful sledgehammer calls: 60
0.sledgehammer finalize   Number of sledgehammer lemmas: 153
0.sledgehammer finalize   Max number of sledgehammer lemmas: 7
0.sledgehammer finalize   Success rate: 98.4%
0.sledgehammer finalize   Total number of nontrivial sledgehammer calls: 61
0.sledgehammer finalize   Number of successful nontrivial sledgehammer calls: 60
0.sledgehammer finalize   Total time for sledgehammer calls (Isabelle): 815.279
0.sledgehammer finalize   Total time for successful sledgehammer calls (ATP): 38.300
0.sledgehammer finalize   Average time for sledgehammer calls (Isabelle): 13.365
0.sledgehammer finalize   Average time for successful sledgehammer calls (ATP): 0.638
