0.sledgehammer initialize Params for sledgehammer: {abduce = SOME 0, cache_dir = NONE, compress = NONE, debug = false, expect =
0.sledgehammer initialize  "", fact_filter = NONE, fact_thresholds = (0.45, 0.85), falsify =
0.sledgehammer initialize  SOME false, induction_rules = NONE, instantiate = NONE, isar_proofs = NONE,
0.sledgehammer initialize  lam_trans = NONE, learn = true, max_facts = NONE, max_mono_iters = NONE,
0.sledgehammer initialize  max_new_mono_instances = NONE, max_proofs = 4, minimize = true, overlord =
0.sledgehammer initialize  false, preplay_provers = [], preplay_timeout = 1.000, provers =
0.sledgehammer initialize  ["cvc5_proof"], slices = 96, smt_proofs = true, spy = false, strict =
0.sledgehammer initialize  false, timeout = 30.000, try0 = true, type_enc = NONE, uncurried_aliases =
0.sledgehammer initialize  NONE, verbose = false}
0.sledgehammer goal.by         6636ms Ordered_Resolution_Prover.Clausal_Logic 35:979  some (SH 6636ms, ATP 616ms): Try this: by (metis literal.collapse(1) literal.disc(1)) (78 ms)
0.sledgehammer goal.by         5638ms Ordered_Resolution_Prover.Clausal_Logic 38:1061  some (SH 5638ms, ATP 1028ms): Try this: by (metis literal.collapse(2) literal.disc(2)) (32 ms)
0.sledgehammer goal.by        10623ms Ordered_Resolution_Prover.Clausal_Logic 41:1138  some (SH 10623ms, ATP 447ms): Try this: by (metis literal.exhaust_sel literal.simps(15,16)) (20 ms)
0.sledgehammer goal.by         8491ms Ordered_Resolution_Prover.Clausal_Logic 44:1222  some (SH 8491ms, ATP 123ms): Try this: by (metis literal.exhaust_sel) (14 ms)
0.sledgehammer goal.unfolding  5792ms Ordered_Resolution_Prover.Clausal_Logic 59:1522  some (SH 5792ms, ATP 442ms): Try this: apply (simp add: uminus_literal_def) (1 ms)
0.sledgehammer goal.by         3821ms Ordered_Resolution_Prover.Clausal_Logic 59:1551  some (SH 3821ms, ATP 373ms): Try this: apply simp (0.5 ms)
0.sledgehammer goal.by         4905ms Ordered_Resolution_Prover.Clausal_Logic 62:1618  some (SH 4905ms, ATP 448ms): Try this: by (simp add: uminus_literal_def) (6 ms)
0.sledgehammer goal.by         8299ms Ordered_Resolution_Prover.Clausal_Logic 65:1706  some (SH 8299ms, ATP 421ms): Try this: by (simp add: uminus_literal_def) (9 ms)
0.sledgehammer goal.by         8348ms Ordered_Resolution_Prover.Clausal_Logic 68:1795  some (SH 8348ms, ATP 461ms): Try this: by (metis Neg_atm_of_iff Pos_atm_of_iff uminus_literal_def) (216 ms)
0.sledgehammer goal.by         8323ms Ordered_Resolution_Prover.Clausal_Logic 71:1872  some (SH 8323ms, ATP 343ms): Try this: by (metis uminus_not_id) (14 ms)
0.sledgehammer goal.by        92918ms Ordered_Resolution_Prover.Clausal_Logic 74:1957  some (SH 92917ms, ATP 510ms): Try this: by (metis atm_of_uminus literal.expand uminus_not_id) (40 ms)
0.sledgehammer goal.by         7362ms Ordered_Resolution_Prover.Clausal_Logic 77:2051  some (SH 7362ms, ATP 404ms): Try this: by fastforce (2 ms)
0.sledgehammer goal.by         7467ms Ordered_Resolution_Prover.Clausal_Logic 80:2119  some (SH 7467ms, ATP 464ms): Try this: using literal.expand by fastforce (54 ms)
0.sledgehammer goal.apply      1951ms Ordered_Resolution_Prover.Clausal_Logic 92:2515  none (SH 1951ms): Prover error:
0.sledgehammer goal.apply      1951ms Ordered_Resolution_Prover.Clausal_Logic 92:2515  none cannot atomize goal
0.sledgehammer goal.unfolding  5661ms Ordered_Resolution_Prover.Clausal_Logic 93:2537  some (SH 5661ms, ATP 557ms): Try this: apply (meson Clausal_Logic.less_eq_literal_def Clausal_Logic.less_literal_def less_le_not_le) (156 ms)
0.sledgehammer goal.by        10485ms Ordered_Resolution_Prover.Clausal_Logic 93:2584  some (SH 10485ms, ATP 373ms): Try this: apply (metis less_le_not_le) (59 ms)
0.sledgehammer goal.by         1934ms Ordered_Resolution_Prover.Clausal_Logic 101:2697  none (SH 1934ms): Prover error:
0.sledgehammer goal.by         1934ms Ordered_Resolution_Prover.Clausal_Logic 101:2697  none cannot atomize goal
0.sledgehammer goal.unfolding 14702ms Ordered_Resolution_Prover.Clausal_Logic 106:2819  some (SH 14702ms, ATP 100ms): Try this: by (simp add: less_literal_def) (1 ms)
0.sledgehammer goal.by         4825ms Ordered_Resolution_Prover.Clausal_Logic 106:2846  some (SH 4825ms, ATP 352ms): Try this: by simp (1 ms)
0.sledgehammer goal.unfolding  6923ms Ordered_Resolution_Prover.Clausal_Logic 109:2911  some (SH 6923ms, ATP 480ms): Try this: by (simp add: less_literal_def) (2 ms)
0.sledgehammer goal.by         3614ms Ordered_Resolution_Prover.Clausal_Logic 109:2938  some (SH 3614ms, ATP 370ms): Try this: by simp (2 ms)
0.sledgehammer goal.unfolding 17754ms Ordered_Resolution_Prover.Clausal_Logic 112:3003  some (SH 17754ms, ATP 492ms): Try this: by (metis cvc_arith_rewrite_defs(5) le_boolD less_literal_def literal.disc(1,2) literal.sel(1,2) order_less_imp_le) (438 ms)
0.sledgehammer goal.by         7792ms Ordered_Resolution_Prover.Clausal_Logic 112:3030  some (SH 7792ms, ATP 347ms): Try this: using less_le_not_le by fastforce (39 ms)
0.sledgehammer goal.unfolding 14460ms Ordered_Resolution_Prover.Clausal_Logic 115:3118  some (SH 14460ms, ATP 365ms): Try this: by (simp add: less_literal_def) (1 ms)
0.sledgehammer goal.by         3825ms Ordered_Resolution_Prover.Clausal_Logic 115:3145  some (SH 3825ms, ATP 416ms): Try this: by force (1 ms)
0.sledgehammer goal.unfolding  9391ms Ordered_Resolution_Prover.Clausal_Logic 118:3210  some (SH 9391ms, ATP 391ms): Try this: by (simp add: less_literal_def) (1 ms)
0.sledgehammer goal.by         3728ms Ordered_Resolution_Prover.Clausal_Logic 118:3237  some (SH 3728ms, ATP 418ms): Try this: by auto (1 ms)
0.sledgehammer goal.unfolding  3227ms Ordered_Resolution_Prover.Clausal_Logic 121:3288  some (SH 3227ms, ATP 338ms): Try this: by (simp add: order_less_imp_le) (0.4 ms)
0.sledgehammer goal.by         3873ms Ordered_Resolution_Prover.Clausal_Logic 121:3318  some (SH 3873ms, ATP 354ms): Try this: by auto (2 ms)
0.sledgehammer goal.unfolding 76555ms Ordered_Resolution_Prover.Clausal_Logic 124:3381  some (SH 76555ms, ATP 394ms): Try this: by (smt (z3) less_eq_literal_def literal.disc(1) literal.sel(1) order_less_imp_le order_refl) (249 ms)
0.sledgehammer goal.by         5955ms Ordered_Resolution_Prover.Clausal_Logic 124:3411  some (SH 5955ms, ATP 346ms): Try this: using less_le_not_le by fastforce (63 ms)
0.sledgehammer goal.unfolding 153755ms Ordered_Resolution_Prover.Clausal_Logic 127:3497  timeout (SH 153755ms):
0.sledgehammer goal.by         7365ms Ordered_Resolution_Prover.Clausal_Logic 127:3527  some (SH 7365ms, ATP 383ms): Try this: using less_le_not_le by fastforce (33 ms)
0.sledgehammer goal.unfolding 14146ms Ordered_Resolution_Prover.Clausal_Logic 130:3610  some (SH 14146ms, ATP 406ms): Try this: by (simp add: less_eq_literal_def) (2 ms)
0.sledgehammer goal.by         4749ms Ordered_Resolution_Prover.Clausal_Logic 130:3640  some (SH 4748ms, ATP 492ms): Try this: by auto (1 ms)
0.sledgehammer goal.unfolding 76505ms Ordered_Resolution_Prover.Clausal_Logic 133:3703  some (SH 76505ms, ATP 364ms): Try this: by (smt (z3) less_eq_literal_def literal.disc(2) literal.sel(2) order_less_imp_le order_refl) (147 ms)
0.sledgehammer goal.by         6025ms Ordered_Resolution_Prover.Clausal_Logic 133:3733  some (SH 6024ms, ATP 346ms): Try this: using less_le_not_le by fastforce (67 ms)
0.sledgehammer goal.unfolding  3442ms Ordered_Resolution_Prover.Clausal_Logic 136:3824  some (SH 3442ms, ATP 356ms): Try this: using less_eq_literal_def order_less_imp_le by blast (8 ms)
0.sledgehammer goal.using      2600ms Ordered_Resolution_Prover.Clausal_Logic 136:3854  some (SH 2600ms, ATP 321ms): Try this: using order_less_imp_le by blast (2 ms)
0.sledgehammer goal.by         2523ms Ordered_Resolution_Prover.Clausal_Logic 136:3872  some (SH 2523ms, ATP 333ms): Try this: by blast (1 ms)
0.sledgehammer goal.apply      1915ms Ordered_Resolution_Prover.Clausal_Logic 142:3945  none (SH 1915ms): Prover error:
0.sledgehammer goal.apply      1915ms Ordered_Resolution_Prover.Clausal_Logic 142:3945  none cannot atomize goal
0.sledgehammer goal.unfolding  8148ms Ordered_Resolution_Prover.Clausal_Logic 143:3967  some (SH 8148ms, ATP 449ms): Try this: by (meson less_eq_literal_def less_le_not_le nle_le) (19 ms)
0.sledgehammer goal.by         2871ms Ordered_Resolution_Prover.Clausal_Logic 143:4014  some (SH 2871ms, ATP 366ms): Try this: by force (19 ms)
0.sledgehammer goal.proof      1832ms Ordered_Resolution_Prover.Clausal_Logic 151:4091  none (SH 1832ms): Prover error:
0.sledgehammer goal.proof      1832ms Ordered_Resolution_Prover.Clausal_Logic 151:4091  none cannot atomize goal
0.sledgehammer goal.by        52223ms Ordered_Resolution_Prover.Clausal_Logic 155:4284  some (SH 52223ms, ATP 3222ms): Try this: by (smt (z3) ih less_literal_def literal.exhaust_sel literal.sel(1,2) not_less_iff_gr_or_eq) (857 ms)
0.sledgehammer goal.by        32511ms Ordered_Resolution_Prover.Clausal_Logic 158:4433  timeout (SH 32511ms): Timed out
0.sledgehammer goal.by         9957ms Ordered_Resolution_Prover.Clausal_Logic 160:4483  some (SH 9957ms, ATP 112ms): Try this: by (metis literal.exhaust_sel) (7 ms)
0.sledgehammer goal.by         2882ms Ordered_Resolution_Prover.Clausal_Logic 184:5099  some (SH 2882ms, ATP 359ms): Try this: by auto (1 ms)
0.sledgehammer goal.by        169366ms Ordered_Resolution_Prover.Clausal_Logic 187:5205  some (SH 169366ms, ATP 4548ms): Try this: by (smt (cvc5, trigger_relev) Max_eqI Max_ge Max_in finite_imageI image_iff leq_imp_less_eq_atm_of multiset.set_finite set_mset_eq_empty_iff) (595 ms)
0.sledgehammer goal.proof     39352ms Ordered_Resolution_Prover.Clausal_Logic 192:5393  some (SH 39351ms, ATP 415ms): Try this: by (metis (no_types, lifting) Max_less_iff empty_iff ex_gt_imp_less_multiset max multiset.set_finite neg pos_less_neg) (690 ms)
0.sledgehammer goal.using      2701ms Ordered_Resolution_Prover.Clausal_Logic 194:5433  some (SH 2701ms, ATP 335ms): Try this: by (simp add: max) (0.4 ms)
0.sledgehammer goal.by         2688ms Ordered_Resolution_Prover.Clausal_Logic 194:5443  some (SH 2687ms, ATP 363ms): Try this: by simp (0.7 ms)
0.sledgehammer goal.using     15855ms Ordered_Resolution_Prover.Clausal_Logic 196:5475  some (SH 15855ms, ATP 508ms): Try this: by (metis Max_less_iff empty_iff ex_gt_imp_less_multiset multiset.set_finite neg) (218 ms)
0.sledgehammer goal.by        13541ms Ordered_Resolution_Prover.Clausal_Logic 196:5485  some (SH 13541ms, ATP 405ms): Try this: by (metis Max_less_iff empty_iff ex_gt_imp_less_multiset multiset.set_finite) (315 ms)
0.sledgehammer goal.using      8233ms Ordered_Resolution_Prover.Clausal_Logic 200:5640  some (SH 8233ms, ATP 439ms): Try this: by (metis Max.boundedE Max_eqI empty_iff literal.distinct(1) multiset.set_finite pos_le_neg) (77 ms)
0.sledgehammer goal.by         6378ms Ordered_Resolution_Prover.Clausal_Logic 200:5672  some (SH 6378ms, ATP 429ms): Try this: by blast (1 ms)
0.sledgehammer goal.proof     131999ms Ordered_Resolution_Prover.Clausal_Logic 203:5749  some (SH 131998ms, ATP 514ms): Try this: by (meson Max_lt_imp_lt_mset linorder_not_le) (5 ms)
0.sledgehammer goal.by         3171ms Ordered_Resolution_Prover.Clausal_Logic 208:5926  some (SH 3171ms, ATP 338ms): Try this: by auto (0.8 ms)
0.sledgehammer goal.using     10690ms Ordered_Resolution_Prover.Clausal_Logic 210:6003  some (SH 10690ms, ATP 759ms): Try this: by (metis count_greater_zero_iff count_inI ex_gt order_less_not_sym) (22 ms)
0.sledgehammer goal.by         8781ms Ordered_Resolution_Prover.Clausal_Logic 210:6015  some (SH 8781ms, ATP 710ms): Try this: by (metis count_greater_zero_iff count_inI order_less_not_sym) (18 ms)
0.sledgehammer goal.by         8970ms Ordered_Resolution_Prover.Clausal_Logic 212:6116  some (SH 8970ms, ATP 421ms): Try this: using Max_less_iff by blast (2 ms)
0.sledgehammer goal.by         3822ms Ordered_Resolution_Prover.Clausal_Logic 214:6200  some (SH 3822ms, ATP 343ms): Try this: by order (0.5 ms)
0.sledgehammer goal.unfolding  9055ms Ordered_Resolution_Prover.Clausal_Logic 221:6347  some (SH 9055ms, ATP 88ms): Try this: by (simp add: atms_of_def) (3 ms)
0.sledgehammer goal.by         2884ms Ordered_Resolution_Prover.Clausal_Logic 221:6369  some (SH 2884ms, ATP 335ms): Try this: using set_mset_empty by blast (0.3 ms)
0.sledgehammer goal.unfolding 12700ms Ordered_Resolution_Prover.Clausal_Logic 224:6440  some (SH 12700ms, ATP 487ms): Try this: by (simp add: atms_of_def) (1 ms)
0.sledgehammer goal.by         8465ms Ordered_Resolution_Prover.Clausal_Logic 224:6462  some (SH 8465ms, ATP 408ms): Try this: by auto (4 ms)
0.sledgehammer goal.unfolding 13397ms Ordered_Resolution_Prover.Clausal_Logic 227:6560  some (SH 13397ms, ATP 94ms): Try this: by (simp add: atms_of_def) (3 ms)
0.sledgehammer goal.by         6042ms Ordered_Resolution_Prover.Clausal_Logic 227:6582  some (SH 6042ms, ATP 379ms): Try this: by auto (5 ms)
0.sledgehammer goal.unfolding 33037ms Ordered_Resolution_Prover.Clausal_Logic 230:6668  timeout (SH 33037ms): Timed out
0.sledgehammer goal.by         5958ms Ordered_Resolution_Prover.Clausal_Logic 230:6690  some (SH 5958ms, ATP 360ms): Try this: by (simp add: image_Un) (4 ms)
0.sledgehammer goal.by         7374ms Ordered_Resolution_Prover.Clausal_Logic 233:6749  some (SH 7374ms, ATP 404ms): Try this: by (simp add: atms_of_def) (0.6 ms)
0.sledgehammer goal.by         4977ms Ordered_Resolution_Prover.Clausal_Logic 236:6840  some (SH 4977ms, ATP 444ms): Try this: by (simp add: atms_of_def) (5 ms)
0.sledgehammer goal.unfolding  9335ms Ordered_Resolution_Prover.Clausal_Logic 239:6938  some (SH 9335ms, ATP 363ms): Try this: by (simp add: atms_of_def image_Un) (3 ms)
0.sledgehammer goal.by         5940ms Ordered_Resolution_Prover.Clausal_Logic 239:6960  some (SH 5940ms, ATP 373ms): Try this: by auto (8 ms)
0.sledgehammer goal.by        20222ms Ordered_Resolution_Prover.Clausal_Logic 242:7034  some (SH 20222ms, ATP 422ms): Try this: by (metis atms_of_def image_iff in_diffD) (2.7 s)
0.sledgehammer goal.unfolding  3964ms Ordered_Resolution_Prover.Clausal_Logic 245:7135  some (SH 3964ms, ATP 377ms): Try this: using atm_of_lit_in_atms_of by fastforce (8 ms)
0.sledgehammer goal.by         6072ms Ordered_Resolution_Prover.Clausal_Logic 245:7157  some (SH 6072ms, ATP 485ms): Try this: by (metis image_iff literal.sel(1)) (36 ms)
0.sledgehammer goal.unfolding  4014ms Ordered_Resolution_Prover.Clausal_Logic 248:7224  some (SH 4014ms, ATP 439ms): Try this: using atm_of_lit_in_atms_of by fastforce (8 ms)
0.sledgehammer goal.by         5948ms Ordered_Resolution_Prover.Clausal_Logic 248:7246  some (SH 5947ms, ATP 409ms): Try this: by (metis image_iff literal.sel(2)) (36 ms)
0.sledgehammer goal.unfolding 76907ms Ordered_Resolution_Prover.Clausal_Logic 251:7330  some (SH 76906ms, ATP 590ms): Try this: by (smt (z3) atms_of_def image_iff literal.exhaust_sel) (474 ms)
0.sledgehammer goal.by         6688ms Ordered_Resolution_Prover.Clausal_Logic 251:7377  some (SH 6688ms, ATP 362ms): Try this: by (metis literal.exhaust_sel) (39 ms)
0.sledgehammer goal.by         5050ms Ordered_Resolution_Prover.Clausal_Logic 254:7493  some (SH 5050ms, ATP 336ms): Try this: by (metis atm_imp_pos_or_neg_lit neg_lit_in_atms_of pos_lit_in_atms_of) (36 ms)
0.sledgehammer goal.by        35170ms Ordered_Resolution_Prover.Clausal_Logic 257:7648  some (SH 35170ms, ATP 403ms): Try this: by (smt (z3) atm_of_uminus literal.collapse(1,2) uminus_literal_def) (427 ms)
0.sledgehammer goal.by        32899ms Ordered_Resolution_Prover.Clausal_Logic 260:7778  some (SH 32899ms, ATP 443ms): Try this: by (smt (z3) atm_of_eq_atm_of image_iff) (337 ms)
0.sledgehammer goal.unfolding  7946ms Ordered_Resolution_Prover.Clausal_Logic 263:7924  some (SH 7946ms, ATP 401ms): Try this: by (simp add: atms_of_def image_mono) (9 ms)
0.sledgehammer goal.by         2713ms Ordered_Resolution_Prover.Clausal_Logic 263:7946  some (SH 2713ms, ATP 345ms): Try this: by blast (2 ms)
0.sledgehammer goal.unfolding 20872ms Ordered_Resolution_Prover.Clausal_Logic 266:8018  some (SH 20872ms, ATP 446ms): Try this: by (metis atm_of_lit_in_atms_of atms_of_empty empty_iff multiset_nonemptyE) (11 ms)
0.sledgehammer goal.by         8411ms Ordered_Resolution_Prover.Clausal_Logic 266:8067  some (SH 8411ms, ATP 148ms): Try this: by auto (3 ms)
0.sledgehammer goal.unfolding 31374ms Ordered_Resolution_Prover.Clausal_Logic 271:8200  some (SH 31374ms, ATP 573ms): Try this: apply (simp add: atms_of_def image_image) (8 ms)
0.sledgehammer goal.by        33267ms Ordered_Resolution_Prover.Clausal_Logic 271:8232  timeout (SH 33267ms): Timed out
0.sledgehammer goal.unfolding 13444ms Ordered_Resolution_Prover.Clausal_Logic 274:8324  some (SH 13443ms, ATP 519ms): Try this: by (metis Max_atm_of_set_mset_commute atms_of_def leq_imp_less_eq_atm_of less_eq_Max_lit less_eq_multiset_empty_right) (42 ms)
0.sledgehammer goal.by         9453ms Ordered_Resolution_Prover.Clausal_Logic 275:8348  some (SH 9452ms, ATP 551ms): Try this: by (metis Max_atm_of_set_mset_commute leq_imp_less_eq_atm_of less_eq_Max_lit less_eq_multiset_empty_right) (63 ms)
0.sledgehammer goal.by        12577ms Ordered_Resolution_Prover.Clausal_Logic 280:8568  some (SH 12577ms, ATP 456ms): Try this: by (metis Max.boundedE Max_eqI atms_empty_iff_empty empty_iff finite_atms_of less_eq_Max_atms_of) (273 ms)
0.sledgehammer goal.unfolding  4436ms Ordered_Resolution_Prover.Clausal_Logic 284:8799  some (SH 4436ms, ATP 557ms): Try this: by (simp add: Max_atm_of_set_mset_commute atms_of_def) (6 ms)
0.sledgehammer goal.by         6659ms Ordered_Resolution_Prover.Clausal_Logic 288:8978  some (SH 6659ms, ATP 401ms): Try this: by (metis atm_of_Max_lit literal.exhaust_sel) (48 ms)
0.sledgehammer goal.unfolding  5198ms Ordered_Resolution_Prover.Clausal_Logic 291:9122  some (SH 5198ms, ATP 375ms): Try this: by (simp add: atm_of_lit_in_atms_of less_literal_def) (6 ms)
0.sledgehammer goal.by         5051ms Ordered_Resolution_Prover.Clausal_Logic 291:9161  some (SH 5051ms, ATP 487ms): Try this: by auto (7 ms)
0.sledgehammer goal.unfolding  9212ms Ordered_Resolution_Prover.Clausal_Logic 294:9264  some (SH 9211ms, ATP 418ms): Try this: by (simp add: atm_of_lit_in_atms_of less_eq_literal_def) (8 ms)
0.sledgehammer goal.by         6409ms Ordered_Resolution_Prover.Clausal_Logic 294:9294  some (SH 6409ms, ATP 420ms): Try this: by (simp add: atm_of_lit_in_atms_of) (2 ms)
0.sledgehammer finalize   Total number of sledgehammer calls: 99
0.sledgehammer finalize   Number of successful sledgehammer calls: 91
0.sledgehammer finalize   Number of sledgehammer lemmas: 311
0.sledgehammer finalize   Max number of sledgehammer lemmas: 9
0.sledgehammer finalize   Success rate: 91.9%
0.sledgehammer finalize   Total number of nontrivial sledgehammer calls: 99
0.sledgehammer finalize   Number of successful nontrivial sledgehammer calls: 91
0.sledgehammer finalize   Total time for sledgehammer calls (Isabelle): 1677.383
0.sledgehammer finalize   Total time for successful sledgehammer calls (ATP): 44.307
0.sledgehammer finalize   Average time for sledgehammer calls (Isabelle): 16.943
0.sledgehammer finalize   Average time for successful sledgehammer calls (ATP): 0.487
