0.sledgehammer initialize Params for sledgehammer: {abduce = SOME 0, cache_dir = NONE, compress = NONE, debug = false, expect =
0.sledgehammer initialize  "", fact_filter = NONE, fact_thresholds = (0.45, 0.85), falsify =
0.sledgehammer initialize  SOME false, induction_rules = NONE, instantiate = NONE, isar_proofs = NONE,
0.sledgehammer initialize  lam_trans = NONE, learn = true, max_facts = NONE, max_mono_iters = NONE,
0.sledgehammer initialize  max_new_mono_instances = NONE, max_proofs = 4, minimize = true, overlord =
0.sledgehammer initialize  false, preplay_provers = [], preplay_timeout = 1.000, provers =
0.sledgehammer initialize  ["cvc5_proof"], slices = 96, smt_proofs = true, spy = false, strict =
0.sledgehammer initialize  false, timeout = 30.000, try0 = true, type_enc = NONE, uncurried_aliases =
0.sledgehammer initialize  NONE, verbose = false}
0.sledgehammer goal.unfolding 35061ms Ordered_Resolution_Prover.Inference_System 50:1674  timeout (SH 35061ms): Timed out
0.sledgehammer goal.by         7710ms Ordered_Resolution_Prover.Inference_System 50:1719  some (SH 7710ms, ATP 440ms): Try this: by blast (2 ms)
0.sledgehammer goal.proof     191158ms Ordered_Resolution_Prover.Inference_System 62:1996  some (SH 191158ms, ATP 428ms): Try this: by (smt (cvc5, quant_saturate) add.right_neutral cc_subs_n d_in_n image_subset_iff inf infer_from_def inference.sel(1,2,3) inferences_from_def insert_subset mem_Collect_eq satur saturated_def set_mset_add_mset_insert union_mset_add_mset_right) (366 ms)
0.sledgehammer goal.unfolding 131065ms Ordered_Resolution_Prover.Inference_System 64:2050  some (SH 131065ms, ATP 1322ms): Try this: by (smt (z3) Un_mono Un_upper2 cc_subs_n d_in_n inf infer_from_def inference.sel(1,2) inference_system.inferences_from_def insert_Diff insert_is_Un mem_Collect_eq set_mset_add_mset_insert set_mset_empty set_mset_union subset_Un_eq sup.cobounded1) (125 ms)
0.sledgehammer goal.using     19624ms Ordered_Resolution_Prover.Inference_System 64:2095  some (SH 19624ms, ATP 644ms): Try this: using cc_subs_n d_in_n inf by auto (5 ms)
0.sledgehammer goal.by        16089ms Ordered_Resolution_Prover.Inference_System 64:2122  some (SH 16089ms, ATP 544ms): Try this: by auto (3 ms)
0.sledgehammer goal.unfolding  6746ms Ordered_Resolution_Prover.Inference_System 66:2182  some (SH 6746ms, ATP 450ms): Try this: by force (14 ms)
0.sledgehammer goal.by         3321ms Ordered_Resolution_Prover.Inference_System 66:2202  some (SH 3321ms, ATP 440ms): Try this: by force (4 ms)
0.sledgehammer goal.using     10188ms Ordered_Resolution_Prover.Inference_System 68:2254  some (SH 10188ms, ATP 498ms): Try this: using satur saturated_def by fastforce (19 ms)
0.sledgehammer goal.unfolding  7633ms Ordered_Resolution_Prover.Inference_System 68:2266  some (SH 7633ms, ATP 490ms): Try this: using saturated_def by auto (13 ms)
0.sledgehammer goal.by         3483ms Ordered_Resolution_Prover.Inference_System 68:2290  some (SH 3483ms, ATP 373ms): Try this: by blast (1 ms)
0.sledgehammer goal.proof     33575ms Ordered_Resolution_Prover.Inference_System 87:2779  timeout (SH 33574ms): Timed out
0.sledgehammer goal.using      3136ms Ordered_Resolution_Prover.Inference_System 89:2820  some (SH 3136ms, ATP 325ms): Try this: using sat_n by blast (2 ms)
0.sledgehammer goal.by         3035ms Ordered_Resolution_Prover.Inference_System 89:2832  some (SH 3035ms, ATP 376ms): Try this: by blast (0.4 ms)
0.sledgehammer goal.using      7249ms Ordered_Resolution_Prover.Inference_System 91:2919  some (SH 7249ms, ATP 517ms): Try this: by (meson \<Gamma>_sound true_clss_def true_clss_mono true_clss_set_mset) (48 ms)
0.sledgehammer goal.unfolding  6247ms Ordered_Resolution_Prover.Inference_System 91:2933  some (SH 6247ms, ATP 684ms): Try this: by (meson true_clss_def true_clss_mono true_clss_set_mset) (52 ms)
0.sledgehammer goal.by         6363ms Ordered_Resolution_Prover.Inference_System 91:2975  some (SH 6363ms, ATP 496ms): Try this: by (metis true_clss_def true_clss_mono) (134 ms)
0.sledgehammer goal.unfolding 35501ms Ordered_Resolution_Prover.Inference_System 93:3062  some (SH 35501ms, ATP 492ms): Try this: by (metis Un_subset_iff infer_from_def inference.collapse insert_subset set_mset_add_mset_insert set_mset_union) (54 ms)
0.sledgehammer goal.by        13033ms Ordered_Resolution_Prover.Inference_System 93:3087  some (SH 13032ms, ATP 568ms): Try this: by (metis Un_subset_iff inference.collapse insert_subset set_mset_add_mset_insert set_mset_union) (66 ms)
0.sledgehammer goal.unfolding  8156ms Ordered_Resolution_Prover.Inference_System 95:3165  some (SH 8156ms, ATP 509ms): Try this: by (simp add: inferences_from_def true_clss_def) (5 ms)
0.sledgehammer goal.by         5081ms Ordered_Resolution_Prover.Inference_System 95:3234  some (SH 5081ms, ATP 506ms): Try this: by blast (4 ms)
0.sledgehammer goal.using      4594ms Ordered_Resolution_Prover.Inference_System 97:3300  some (SH 4594ms, ATP 358ms): Try this: using i by fastforce (0.6 ms)
0.sledgehammer goal.by         3039ms Ordered_Resolution_Prover.Inference_System 97:3308  some (SH 3039ms, ATP 358ms): Try this: by fastforce (0.3 ms)
0.sledgehammer goal.by         3394ms Ordered_Resolution_Prover.Inference_System 99:3340  some (SH 3393ms, ATP 359ms): Try this: by blast (2 ms)
0.sledgehammer goal.by         4985ms Ordered_Resolution_Prover.Inference_System 103:3398  some (SH 4985ms, ATP 407ms): Try this: using \<Gamma>_sat_preserving sat_preserving_inference_system.intro by blast (3 ms)
0.sledgehammer goal.proof     33940ms Ordered_Resolution_Prover.Inference_System 131:4388  timeout (SH 33940ms): Timed out
0.sledgehammer goal.using      3480ms Ordered_Resolution_Prover.Inference_System 133:4439  some (SH 3480ms, ATP 407ms): Try this: using assms true_clss_def by blast (9 ms)
0.sledgehammer goal.unfolding  3185ms Ordered_Resolution_Prover.Inference_System 133:4451  some (SH 3185ms, ATP 378ms): Try this: using true_clss_def by blast (7 ms)
0.sledgehammer goal.by         3383ms Ordered_Resolution_Prover.Inference_System 133:4475  some (SH 3382ms, ATP 298ms): Try this: by blast (3 ms)
0.sledgehammer goal.by         8155ms Ordered_Resolution_Prover.Inference_System 135:4528  some (SH 8155ms, ATP 387ms): Try this: by blast (0.3 ms)
0.sledgehammer goal.using     33187ms Ordered_Resolution_Prover.Inference_System 137:4556  timeout (SH 33187ms): Timed out
0.sledgehammer goal.by        24641ms Ordered_Resolution_Prover.Inference_System 137:4627  some (SH 24641ms, ATP 1979ms): Try this: by auto (5 ms)
0.sledgehammer goal.proof     58269ms Ordered_Resolution_Prover.Inference_System 147:4805  some (SH 58269ms, ATP 676ms): Try this: by (smt (cvc5, term_relev) \<Gamma>_counterex_reducing ec_ni_n ex_min_counterex inference_system.saturatedD linorder_not_less satur) (2.5 s)
0.sledgehammer goal.by         5980ms Ordered_Resolution_Prover.Inference_System 154:4978  some (SH 5980ms, ATP 391ms): Try this: by (meson ex_min_counterex) (61 ms)
0.sledgehammer goal.using      7798ms Ordered_Resolution_Prover.Inference_System 160:5168  some (SH 7798ms, ATP 539ms): Try this: by (metis \<Gamma>_counterex_reducing ec_ni_n linorder_not_less) (296 ms)
0.sledgehammer goal.by         5621ms Ordered_Resolution_Prover.Inference_System 160:5216  some (SH 5621ms, ATP 515ms): Try this: by metis (132 ms)
0.sledgehammer goal.using      3529ms Ordered_Resolution_Prover.Inference_System 162:5269  some (SH 3529ms, ATP 316ms): Try this: by (simp add: d_in_n satur saturatedD) (3 ms)
0.sledgehammer goal.by         2936ms Ordered_Resolution_Prover.Inference_System 162:5288  some (SH 2936ms, ATP 329ms): Try this: using saturatedD by blast (5 ms)
0.sledgehammer goal.using      3530ms Ordered_Resolution_Prover.Inference_System 164:5342  some (SH 3530ms, ATP 330ms): Try this: using d_min e_cex e_lt_d by blast (1 ms)
0.sledgehammer goal.by         2879ms Ordered_Resolution_Prover.Inference_System 164:5376  some (SH 2879ms, ATP 346ms): Try this: by blast (3 ms)
0.sledgehammer goal.by         3287ms Ordered_Resolution_Prover.Inference_System 167:5413  some (SH 3287ms, ATP 330ms): Try this: by argo (3 ms)
0.sledgehammer goal.using      3686ms Ordered_Resolution_Prover.Inference_System 175:5530  some (SH 3686ms, ATP 378ms): Try this: using counterex_reducing_inference_system.saturated_model counterex_reducing_inference_system_axioms by blast (4 ms)
0.sledgehammer goal.by         3170ms Ordered_Resolution_Prover.Inference_System 175:5552  some (SH 3170ms, ATP 377ms): Try this: by blast (2 ms)
0.sledgehammer goal.by        33234ms Ordered_Resolution_Prover.Inference_System 197:6164  timeout (SH 33234ms): Timed out
0.sledgehammer goal.unfolding 169370ms Ordered_Resolution_Prover.Inference_System 200:6295  timeout (SH 169370ms):
0.sledgehammer goal.by        114980ms Ordered_Resolution_Prover.Inference_System 201:6366  some (SH 114979ms, ATP 333ms): Try this: by (smt (cvc5, best) inference.collapse inference_system.saturate.step mem_Collect_eq subsetD subsetI union_iff union_single_eq_member) (1.1 s)
0.sledgehammer goal.proof     33278ms Ordered_Resolution_Prover.Inference_System 204:6518  timeout (SH 33278ms): Timed out
0.sledgehammer goal.by         4853ms Ordered_Resolution_Prover.Inference_System 207:6638  some (SH 4853ms, ATP 429ms): Try this: apply blast (0.4 ms)
0.sledgehammer goal.by         4471ms Ordered_Resolution_Prover.Inference_System 209:6693  some (SH 4471ms, ATP 386ms): Try this: by blast (1 ms)
0.sledgehammer goal.using     34109ms Ordered_Resolution_Prover.Inference_System 214:6832  timeout (SH 34109ms): Timed out
0.sledgehammer goal.by        32992ms Ordered_Resolution_Prover.Inference_System 214:6846  timeout (SH 32992ms): Timed out
0.sledgehammer goal.by         8535ms Ordered_Resolution_Prover.Inference_System 218:7008  some (SH 8535ms, ATP 449ms): Try this: apply blast (1 ms)
0.sledgehammer goal.by         3679ms Ordered_Resolution_Prover.Inference_System 221:7153  some (SH 3679ms, ATP 389ms): Try this: by blast (2 ms)
0.sledgehammer goal.using      4643ms Ordered_Resolution_Prover.Inference_System 224:7261  some (SH 4643ms, ATP 384ms): Try this: using step.hyps(5) by blast (11 ms)
0.sledgehammer goal.by         3029ms Ordered_Resolution_Prover.Inference_System 224:7275  some (SH 3029ms, ATP 367ms): Try this: by blast (3 ms)
0.sledgehammer goal.using      5587ms Ordered_Resolution_Prover.Inference_System 226:7310  some (SH 5587ms, ATP 347ms): Try this: using d_sub e_sub by auto (1 ms)
0.sledgehammer goal.by         3055ms Ordered_Resolution_Prover.Inference_System 226:7336  some (SH 3055ms, ATP 360ms): Try this: by simp (2 ms)
0.sledgehammer goal.using      5456ms Ordered_Resolution_Prover.Inference_System 228:7383  some (SH 5456ms, ATP 353ms): Try this: using d_fin e_fin by blast (0.4 ms)
0.sledgehammer goal.by         2768ms Ordered_Resolution_Prover.Inference_System 228:7401  some (SH 2768ms, ATP 345ms): Try this: by blast (0.2 ms)
0.sledgehammer goal.using     120143ms Ordered_Resolution_Prover.Inference_System 230:7454  some (SH 120143ms, ATP 781ms): Try this: by (smt (cvc5, trigger_relev) Un_upper2 in_sat_d in_sat_ee inference_system.saturate.step saturate_mono step.hyps(1) subset_eq sup.cobounded1) (467 ms)
0.sledgehammer goal.by        111823ms Ordered_Resolution_Prover.Inference_System 231:7496  some (SH 111823ms, ATP 746ms): Try this: by (meson Un_upper2 saturate.step saturate_mono subsetD sup.cobounded1) (458 ms)
0.sledgehammer goal.by         5581ms Ordered_Resolution_Prover.Inference_System 233:7587  some (SH 5581ms, ATP 393ms): Try this: by blast (3 ms)
0.sledgehammer goal.by        34270ms Ordered_Resolution_Prover.Inference_System 242:7706  timeout (SH 34270ms): Timed out
0.sledgehammer goal.proof     33643ms Ordered_Resolution_Prover.Inference_System 275:8850  timeout (SH 33643ms): Timed out
0.sledgehammer goal.using     16343ms Ordered_Resolution_Prover.Inference_System 278:8918  some (SH 16342ms, ATP 489ms): Try this: by (metis Collect_mem_eq Collect_mono_iff inference_system.saturate_def saturated_model saturated_saturate saturatep.base true_clss_mono) (77 ms)
0.sledgehammer goal.unfolding 10956ms Ordered_Resolution_Prover.Inference_System 278:8976  some (SH 10956ms, ATP 677ms): Try this: by (meson true_clss_def) (22 ms)
0.sledgehammer goal.by         6754ms Ordered_Resolution_Prover.Inference_System 278:9000  some (SH 6754ms, ATP 738ms): Try this: by meson (364 ms)
0.sledgehammer goal.using      4689ms Ordered_Resolution_Prover.Inference_System 280:9066  some (SH 4689ms, ATP 413ms): Try this: using saturate_finite by force (2 ms)
0.sledgehammer goal.by         3124ms Ordered_Resolution_Prover.Inference_System 280:9088  some (SH 3124ms, ATP 406ms): Try this: by force (2 ms)
0.sledgehammer goal.using      9251ms Ordered_Resolution_Prover.Inference_System 282:9157  some (SH 9251ms, ATP 846ms): Try this: by (meson sound_inference_system.saturate_sound sound_inference_system_axioms true_cls_empty) (24 ms)
0.sledgehammer goal.by         4885ms Ordered_Resolution_Prover.Inference_System 282:9178  some (SH 4885ms, ATP 858ms): Try this: by auto (3 ms)
0.sledgehammer goal.by         3619ms Ordered_Resolution_Prover.Inference_System 286:9274  some (SH 3619ms, ATP 473ms): Try this: using true_clss_mono by blast (4 ms)
0.sledgehammer finalize   Total number of sledgehammer calls: 72
0.sledgehammer finalize   Number of successful sledgehammer calls: 61
0.sledgehammer finalize   Number of sledgehammer lemmas: 258
0.sledgehammer finalize   Max number of sledgehammer lemmas: 17
0.sledgehammer finalize   Success rate: 84.7%
0.sledgehammer finalize   Total number of nontrivial sledgehammer calls: 72
0.sledgehammer finalize   Number of successful nontrivial sledgehammer calls: 61
0.sledgehammer finalize   Total time for sledgehammer calls (Isabelle): 1609.236
0.sledgehammer finalize   Total time for successful sledgehammer calls (ATP): 30.522
0.sledgehammer finalize   Average time for sledgehammer calls (Isabelle): 22.351
0.sledgehammer finalize   Average time for successful sledgehammer calls (ATP): 0.500
