0.sledgehammer initialize Params for sledgehammer: {abduce = SOME 0, cache_dir = NONE, compress = NONE, debug = false, expect =
0.sledgehammer initialize  "", fact_filter = NONE, fact_thresholds = (0.45, 0.85), falsify =
0.sledgehammer initialize  SOME false, induction_rules = NONE, instantiate = NONE, isar_proofs = NONE,
0.sledgehammer initialize  lam_trans = NONE, learn = true, max_facts = NONE, max_mono_iters = NONE,
0.sledgehammer initialize  max_new_mono_instances = NONE, max_proofs = 4, minimize = true, overlord =
0.sledgehammer initialize  false, preplay_provers = ["cvc5"], preplay_timeout = 1.000, provers =
0.sledgehammer initialize  ["cvc5_proof"], slices = 96, smt_proofs = true, spy = false, strict =
0.sledgehammer initialize  false, timeout = 10.000, try0 = false, type_enc = NONE, uncurried_aliases =
0.sledgehammer initialize  NONE, verbose = false}
0.sledgehammer goal.proof     13273ms Simplex.Simplex_Auxiliary 58:1518  timeout (SH 13273ms): Timed out
0.sledgehammer goal.proof     54133ms Simplex.Simplex_Auxiliary 196:5105  timeout (SH 54133ms):
0.sledgehammer goal.using     46785ms Simplex.Simplex_Auxiliary 202:5274  some (SH 46785ms, ATP 833ms): Try this: by (smt (cvc5, best) insert_iff mem_Collect_eq) (1.5 s)
0.sledgehammer goal.using     46785ms Simplex.Simplex_Auxiliary 202:5274  some Preplay: (smt (cvc5, best) insert_iff mem_Collect_eq) (1.5 s)
0.sledgehammer goal.using     46785ms Simplex.Simplex_Auxiliary 202:5274  some Preplay: (smt (cvc5, inst_when_full) insert_iff mem_Collect_eq) (2.8 s)
0.sledgehammer goal.using     46785ms Simplex.Simplex_Auxiliary 202:5274  some Preplay: (smt (cvc5, no_ematching_enum_inst_sum) insert_iff mem_Collect_eq) (2.9 s)
0.sledgehammer goal.using     46785ms Simplex.Simplex_Auxiliary 202:5274  some Preplay: (smt (cvc5, trigger_linear) insert_iff mem_Collect_eq) (2.9 s)
0.sledgehammer goal.using     46785ms Simplex.Simplex_Auxiliary 202:5274  some Preplay: (smt (cvc5, trigger_multi_prio) insert_iff mem_Collect_eq) (3.0 s)
0.sledgehammer goal.using     46785ms Simplex.Simplex_Auxiliary 202:5274  some Preplay: (smt (cvc5, trigger_cache) insert_iff mem_Collect_eq) (3.0 s)
0.sledgehammer goal.using     46785ms Simplex.Simplex_Auxiliary 202:5274  some Preplay: (smt (cvc5, trigger_multi) insert_iff mem_Collect_eq) (3.0 s)
0.sledgehammer goal.using     46785ms Simplex.Simplex_Auxiliary 202:5274  some Preplay: (smt (cvc5, pre_skolem_quant) insert_iff mem_Collect_eq) (3.1 s)
0.sledgehammer goal.using     46785ms Simplex.Simplex_Auxiliary 202:5274  some Preplay: (smt (cvc5, no_ematching) insert_iff mem_Collect_eq) (3.1 s)
0.sledgehammer goal.using     46785ms Simplex.Simplex_Auxiliary 202:5274  some Preplay: (smt (cvc5, no_cbqi) insert_iff mem_Collect_eq) (> 1.0 s, timed out)
0.sledgehammer goal.using     46785ms Simplex.Simplex_Auxiliary 202:5274  some Preplay: (smt (cvc5, quant_ind) insert_iff mem_Collect_eq) (failed)
0.sledgehammer goal.by        52534ms Simplex.Simplex_Auxiliary 203:5297  timeout (SH 52534ms):
0.sledgehammer goal.proof     59478ms Simplex.Rel_Chain 164:4587  some (SH 59477ms, ATP 631ms): Try this: by (smt (cvc5) List.last_tl \<open>tl l \<noteq> []\<close> add_diff_cancel_right' add_gr_0 assms(1,2,4) hd_conv_nth last_append last_take_conv_nth less_imp_le_nat take_eq_Nil tl_take zero_less_one)
0.sledgehammer goal.proof     59478ms Simplex.Rel_Chain 164:4587  some Preplay: (smt (cvc5, best) List.last_tl \<open>tl l \<noteq> []\<close> add_diff_cancel_right' add_gr_0 assms(1,2,4) hd_conv_nth last_append last_take_conv_nth less_imp_le_nat take_eq_Nil tl_take zero_less_one) (> 1.0 s, timed out)
0.sledgehammer goal.proof     59478ms Simplex.Rel_Chain 164:4587  some Preplay: (smt (cvc5, no_ematching) List.last_tl \<open>tl l \<noteq> []\<close> add_diff_cancel_right' add_gr_0 assms(1,2,4) hd_conv_nth last_append last_take_conv_nth less_imp_le_nat take_eq_Nil tl_take zero_less_one) (> 1.0 s, timed out)
0.sledgehammer goal.proof     59478ms Simplex.Rel_Chain 164:4587  some Preplay: (smt (cvc5, no_ematching_enum_inst_sum) List.last_tl \<open>tl l \<noteq> []\<close> add_diff_cancel_right' add_gr_0 assms(1,2,4) hd_conv_nth last_append last_take_conv_nth less_imp_le_nat take_eq_Nil tl_take zero_less_one) (> 1.0 s, timed out)
0.sledgehammer goal.proof     59478ms Simplex.Rel_Chain 164:4587  some Preplay: (smt (cvc5, trigger_multi) List.last_tl \<open>tl l \<noteq> []\<close> add_diff_cancel_right' add_gr_0 assms(1,2,4) hd_conv_nth last_append last_take_conv_nth less_imp_le_nat take_eq_Nil tl_take zero_less_one) (> 1.0 s, timed out)
0.sledgehammer goal.proof     59478ms Simplex.Rel_Chain 164:4587  some Preplay: (smt (cvc5, trigger_multi_prio) List.last_tl \<open>tl l \<noteq> []\<close> add_diff_cancel_right' add_gr_0 assms(1,2,4) hd_conv_nth last_append last_take_conv_nth less_imp_le_nat take_eq_Nil tl_take zero_less_one) (> 1.0 s, timed out)
0.sledgehammer goal.proof     59478ms Simplex.Rel_Chain 164:4587  some Preplay: (smt (cvc5, trigger_cache) List.last_tl \<open>tl l \<noteq> []\<close> add_diff_cancel_right' add_gr_0 assms(1,2,4) hd_conv_nth last_append last_take_conv_nth less_imp_le_nat take_eq_Nil tl_take zero_less_one) (> 1.0 s, timed out)
0.sledgehammer goal.proof     59478ms Simplex.Rel_Chain 164:4587  some Preplay: (smt (cvc5, trigger_linear) List.last_tl \<open>tl l \<noteq> []\<close> add_diff_cancel_right' add_gr_0 assms(1,2,4) hd_conv_nth last_append last_take_conv_nth less_imp_le_nat take_eq_Nil tl_take zero_less_one) (> 1.0 s, timed out)
0.sledgehammer goal.proof     59478ms Simplex.Rel_Chain 164:4587  some Preplay: (smt (cvc5, pre_skolem_quant) List.last_tl \<open>tl l \<noteq> []\<close> add_diff_cancel_right' add_gr_0 assms(1,2,4) hd_conv_nth last_append last_take_conv_nth less_imp_le_nat take_eq_Nil tl_take zero_less_one) (> 1.0 s, timed out)
0.sledgehammer goal.proof     59478ms Simplex.Rel_Chain 164:4587  some Preplay: (smt (cvc5, inst_when_full) List.last_tl \<open>tl l \<noteq> []\<close> add_diff_cancel_right' add_gr_0 assms(1,2,4) hd_conv_nth last_append last_take_conv_nth less_imp_le_nat take_eq_Nil tl_take zero_less_one) (> 1.0 s, timed out)
0.sledgehammer goal.proof     59478ms Simplex.Rel_Chain 164:4587  some Preplay: (smt (cvc5, no_cbqi) List.last_tl \<open>tl l \<noteq> []\<close> add_diff_cancel_right' add_gr_0 assms(1,2,4) hd_conv_nth last_append last_take_conv_nth less_imp_le_nat take_eq_Nil tl_take zero_less_one) (> 1.0 s, timed out)
0.sledgehammer goal.proof     59478ms Simplex.Rel_Chain 164:4587  some Preplay: (smt (cvc5, quant_ind) List.last_tl \<open>tl l \<noteq> []\<close> add_diff_cancel_right' add_gr_0 assms(1,2,4) hd_conv_nth last_append last_take_conv_nth less_imp_le_nat take_eq_Nil tl_take zero_less_one) (> 1.0 s, timed out)
0.sledgehammer goal.proof     54150ms Simplex.Rel_Chain 178:5030  timeout (SH 54150ms):
0.sledgehammer goal.using     50616ms Simplex.Simplex_Algebra 139:3514  some (SH 50615ms, ATP 1458ms): Try this: by (smt (cvc5, quant_ind) divide_cancel_right local.dual_order.asym local.neq_iff local.scaleRat_less1 local.scaleRat_one local.scaleRat_scaleRat nonzero_mult_div_cancel_left order_less_le) (488 ms)
0.sledgehammer goal.using     50616ms Simplex.Simplex_Algebra 139:3514  some Preplay: (smt (cvc5, quant_ind) divide_cancel_right local.dual_order.asym local.neq_iff local.scaleRat_less1 local.scaleRat_one local.scaleRat_scaleRat nonzero_mult_div_cancel_left order_less_le) (488 ms)
0.sledgehammer goal.using     50616ms Simplex.Simplex_Algebra 139:3514  some Preplay: (smt (cvc5, best) divide_cancel_right local.dual_order.asym local.neq_iff local.scaleRat_less1 local.scaleRat_one local.scaleRat_scaleRat nonzero_mult_div_cancel_left order_less_le) (611 ms)
0.sledgehammer goal.using     50616ms Simplex.Simplex_Algebra 139:3514  some Preplay: (smt (cvc5, no_ematching) dbl_inc_simps(2) divide_cancel_right local.dual_order.asym local.neq_iff local.scaleRat_less1 local.scaleRat_one local.scaleRat_scaleRat nonzero_mult_div_cancel_left order_less_le) (> 570 ms, timed out)
0.sledgehammer goal.using     50616ms Simplex.Simplex_Algebra 139:3514  some Preplay: (smt (cvc5, no_ematching_enum_inst_sum) dbl_inc_simps(2) divide_cancel_right local.dual_order.asym local.neq_iff local.scaleRat_less1 local.scaleRat_one local.scaleRat_scaleRat nonzero_mult_div_cancel_left order_less_le) (> 570 ms, timed out)
0.sledgehammer goal.using     50616ms Simplex.Simplex_Algebra 139:3514  some Preplay: (smt (cvc5, trigger_multi) dbl_inc_simps(2) divide_cancel_right local.dual_order.asym local.neq_iff local.scaleRat_less1 local.scaleRat_one local.scaleRat_scaleRat nonzero_mult_div_cancel_left order_less_le) (> 570 ms, timed out)
0.sledgehammer goal.using     50616ms Simplex.Simplex_Algebra 139:3514  some Preplay: (smt (cvc5, trigger_multi_prio) dbl_inc_simps(2) divide_cancel_right local.dual_order.asym local.neq_iff local.scaleRat_less1 local.scaleRat_one local.scaleRat_scaleRat nonzero_mult_div_cancel_left order_less_le) (> 570 ms, timed out)
0.sledgehammer goal.using     50616ms Simplex.Simplex_Algebra 139:3514  some Preplay: (smt (cvc5, trigger_cache) dbl_inc_simps(2) divide_cancel_right local.dual_order.asym local.neq_iff local.scaleRat_less1 local.scaleRat_one local.scaleRat_scaleRat nonzero_mult_div_cancel_left order_less_le) (> 570 ms, timed out)
0.sledgehammer goal.using     50616ms Simplex.Simplex_Algebra 139:3514  some Preplay: (smt (cvc5, trigger_linear) dbl_inc_simps(2) divide_cancel_right local.dual_order.asym local.neq_iff local.scaleRat_less1 local.scaleRat_one local.scaleRat_scaleRat nonzero_mult_div_cancel_left order_less_le) (> 570 ms, timed out)
0.sledgehammer goal.using     50616ms Simplex.Simplex_Algebra 139:3514  some Preplay: (smt (cvc5, pre_skolem_quant) dbl_inc_simps(2) divide_cancel_right local.dual_order.asym local.neq_iff local.scaleRat_less1 local.scaleRat_one local.scaleRat_scaleRat nonzero_mult_div_cancel_left order_less_le) (> 570 ms, timed out)
0.sledgehammer goal.using     50616ms Simplex.Simplex_Algebra 139:3514  some Preplay: (smt (cvc5, inst_when_full) dbl_inc_simps(2) divide_cancel_right local.dual_order.asym local.neq_iff local.scaleRat_less1 local.scaleRat_one local.scaleRat_scaleRat nonzero_mult_div_cancel_left order_less_le) (> 570 ms, timed out)
0.sledgehammer goal.using     50616ms Simplex.Simplex_Algebra 139:3514  some Preplay: (smt (cvc5, no_cbqi) dbl_inc_simps(2) divide_cancel_right local.dual_order.asym local.neq_iff local.scaleRat_less1 local.scaleRat_one local.scaleRat_scaleRat nonzero_mult_div_cancel_left order_less_le) (> 570 ms, timed out)
0.sledgehammer goal.using     60666ms Simplex.Simplex_Algebra 144:3677  timeout (SH 60666ms):
0.sledgehammer goal.by         6667ms Simplex.Abstract_Linear_Poly 265:9052  some (SH 6667ms, ATP 773ms): Try this: by (smt (cvc5, best) Collect_cong) (648 ms)
0.sledgehammer goal.by         6667ms Simplex.Abstract_Linear_Poly 265:9052  some Preplay: (smt (cvc5, best) Collect_cong) (648 ms)
0.sledgehammer goal.by         6667ms Simplex.Abstract_Linear_Poly 265:9052  some Preplay: (smt (cvc5, no_cbqi) Collect_cong) (685 ms)
0.sledgehammer goal.by         6667ms Simplex.Abstract_Linear_Poly 265:9052  some Preplay: (smt (cvc5, no_ematching) Collect_cong) (839 ms)
0.sledgehammer goal.by         6667ms Simplex.Abstract_Linear_Poly 265:9052  some Preplay: (smt (cvc5, quant_ind) Collect_cong) (848 ms)
0.sledgehammer goal.by         6667ms Simplex.Abstract_Linear_Poly 265:9052  some Preplay: (smt (cvc5, trigger_linear) Collect_cong) (869 ms)
0.sledgehammer goal.by         6667ms Simplex.Abstract_Linear_Poly 265:9052  some Preplay: (smt (cvc5, trigger_multi_prio) Collect_cong) (898 ms)
0.sledgehammer goal.by         6667ms Simplex.Abstract_Linear_Poly 265:9052  some Preplay: (smt (cvc5, inst_when_full) Collect_cong) (908 ms)
0.sledgehammer goal.by         6667ms Simplex.Abstract_Linear_Poly 265:9052  some Preplay: (smt (cvc5, trigger_multi) Collect_cong) (1.0 s)
0.sledgehammer goal.by         6667ms Simplex.Abstract_Linear_Poly 265:9052  some Preplay: (smt (cvc5, no_ematching_enum_inst_sum) Collect_cong) (1.0 s)
0.sledgehammer goal.by         6667ms Simplex.Abstract_Linear_Poly 265:9052  some Preplay: (smt (cvc5, trigger_cache) Collect_cong) (1.1 s)
0.sledgehammer goal.by         6667ms Simplex.Abstract_Linear_Poly 265:9052  some Preplay: (smt (cvc5, pre_skolem_quant) Collect_cong) (failed)
0.sledgehammer goal.by        29975ms Simplex.Linear_Poly_Maps 33:1280  some (SH 29975ms, ATP 261ms): Try this: by (smt (cvc5) bi_uniqueDl linear_poly.bi_unique rel_funI rel_funI rel_fun_eq)
0.sledgehammer goal.by        29975ms Simplex.Linear_Poly_Maps 33:1280  some Preplay: (smt (cvc5, quant_ind) bi_uniqueDl linear_poly.bi_unique rel_funI rel_fun_eq) (> 1.0 s, timed out)
0.sledgehammer goal.by        29975ms Simplex.Linear_Poly_Maps 33:1280  some Preplay: (smt (cvc5, best) bi_uniqueDl linear_poly.bi_unique rel_funI rel_fun_eq) (failed)
0.sledgehammer goal.by        29975ms Simplex.Linear_Poly_Maps 33:1280  some Preplay: (smt (cvc5, no_ematching) bi_uniqueDl linear_poly.bi_unique rel_funI rel_fun_eq) (failed)
0.sledgehammer goal.by        29975ms Simplex.Linear_Poly_Maps 33:1280  some Preplay: (smt (cvc5, no_ematching_enum_inst_sum) bi_uniqueDl linear_poly.bi_unique rel_funI rel_fun_eq) (failed)
0.sledgehammer goal.by        29975ms Simplex.Linear_Poly_Maps 33:1280  some Preplay: (smt (cvc5, trigger_multi) bi_uniqueDl linear_poly.bi_unique rel_funI rel_fun_eq) (failed)
0.sledgehammer goal.by        29975ms Simplex.Linear_Poly_Maps 33:1280  some Preplay: (smt (cvc5, trigger_multi_prio) bi_uniqueDl linear_poly.bi_unique rel_funI rel_fun_eq) (failed)
0.sledgehammer goal.by        29975ms Simplex.Linear_Poly_Maps 33:1280  some Preplay: (smt (cvc5, trigger_cache) bi_uniqueDl linear_poly.bi_unique rel_funI rel_fun_eq) (failed)
0.sledgehammer goal.by        29975ms Simplex.Linear_Poly_Maps 33:1280  some Preplay: (smt (cvc5, trigger_linear) bi_uniqueDl linear_poly.bi_unique rel_funI rel_fun_eq) (failed)
0.sledgehammer goal.by        29975ms Simplex.Linear_Poly_Maps 33:1280  some Preplay: (smt (cvc5, pre_skolem_quant) bi_uniqueDl linear_poly.bi_unique rel_funI rel_fun_eq) (failed)
0.sledgehammer goal.by        29975ms Simplex.Linear_Poly_Maps 33:1280  some Preplay: (smt (cvc5, inst_when_full) bi_uniqueDl linear_poly.bi_unique rel_funI rel_fun_eq) (failed)
0.sledgehammer goal.by        29975ms Simplex.Linear_Poly_Maps 33:1280  some Preplay: (smt (cvc5, no_cbqi) bi_uniqueDl linear_poly.bi_unique rel_funI rel_fun_eq) (failed)
0.sledgehammer goal.by        15738ms Simplex.Linear_Poly_Maps 39:1686  some (SH 15738ms, ATP 639ms): Try this: by (smt (cvc5, no_ematching) Abstract_Linear_Poly.inv_def domIff finite_subset mem_Collect_eq subsetI) (470 ms)
0.sledgehammer goal.by        15738ms Simplex.Linear_Poly_Maps 39:1686  some Preplay: (smt (cvc5, no_ematching) Abstract_Linear_Poly.inv_def domIff finite_subset mem_Collect_eq subsetI) (470 ms)
0.sledgehammer goal.by        15738ms Simplex.Linear_Poly_Maps 39:1686  some Preplay: (smt (cvc5, best) Abstract_Linear_Poly.inv_def domIff finite_subset mem_Collect_eq subsetI) (526 ms)
0.sledgehammer goal.by        15738ms Simplex.Linear_Poly_Maps 39:1686  some Preplay: (smt (cvc5, trigger_multi_prio) Abstract_Linear_Poly.inv_def domIff finite_subset mem_Collect_eq subsetI) (874 ms)
0.sledgehammer goal.by        15738ms Simplex.Linear_Poly_Maps 39:1686  some Preplay: (smt (cvc5, trigger_linear) Abstract_Linear_Poly.inv_def domIff finite_subset mem_Collect_eq subsetI) (915 ms)
0.sledgehammer goal.by        15738ms Simplex.Linear_Poly_Maps 39:1686  some Preplay: (smt (cvc5, trigger_multi) Abstract_Linear_Poly.inv_def domIff finite_subset mem_Collect_eq subsetI) (926 ms)
0.sledgehammer goal.by        15738ms Simplex.Linear_Poly_Maps 39:1686  some Preplay: (smt (cvc5, trigger_cache) Abstract_Linear_Poly.inv_def domIff finite_subset mem_Collect_eq subsetI) (938 ms)
0.sledgehammer goal.by        15738ms Simplex.Linear_Poly_Maps 39:1686  some Preplay: (smt (cvc5, no_cbqi) Abstract_Linear_Poly.inv_def domIff finite_subset mem_Collect_eq subsetI) (1.2 s)
0.sledgehammer goal.by        15738ms Simplex.Linear_Poly_Maps 39:1686  some Preplay: (smt (cvc5, inst_when_full) Abstract_Linear_Poly.inv_def domIff finite_subset mem_Collect_eq subsetI) (1.2 s)
0.sledgehammer goal.by        15738ms Simplex.Linear_Poly_Maps 39:1686  some Preplay: (smt (cvc5, no_ematching_enum_inst_sum) Abstract_Linear_Poly.inv_def domIff finite_subset mem_Collect_eq subsetI) (> 470 ms, timed out)
0.sledgehammer goal.by        15738ms Simplex.Linear_Poly_Maps 39:1686  some Preplay: (smt (cvc5, pre_skolem_quant) Abstract_Linear_Poly.inv_def domIff finite_subset mem_Collect_eq subsetI) (failed)
0.sledgehammer goal.by        15738ms Simplex.Linear_Poly_Maps 39:1686  some Preplay: (smt (cvc5, quant_ind) Abstract_Linear_Poly.inv_def domIff finite_subset mem_Collect_eq subsetI) (failed)
0.sledgehammer goal.by        53236ms Simplex.Linear_Poly_Maps 115:5052  timeout (SH 53236ms):
0.sledgehammer goal.by        34626ms Simplex.Linear_Poly_Maps 120:5273  some (SH 34625ms, ATP 722ms): Try this: by (smt (cvc5) add.commute add_cancel_left_left option.case_eq_if option.case_eq_if)
0.sledgehammer goal.by        34626ms Simplex.Linear_Poly_Maps 120:5273  some Preplay: (smt (cvc5, best) add.commute add_cancel_left_left option.case_eq_if) (> 1.0 s, timed out)
0.sledgehammer goal.by        34626ms Simplex.Linear_Poly_Maps 120:5273  some Preplay: (smt (cvc5, trigger_multi) add.commute add_cancel_left_left option.case_eq_if) (> 1.0 s, timed out)
0.sledgehammer goal.by        34626ms Simplex.Linear_Poly_Maps 120:5273  some Preplay: (smt (cvc5, trigger_multi_prio) add.commute add_cancel_left_left option.case_eq_if) (> 1.0 s, timed out)
0.sledgehammer goal.by        34626ms Simplex.Linear_Poly_Maps 120:5273  some Preplay: (smt (cvc5, trigger_cache) add.commute add_cancel_left_left option.case_eq_if) (> 1.0 s, timed out)
0.sledgehammer goal.by        34626ms Simplex.Linear_Poly_Maps 120:5273  some Preplay: (smt (cvc5, trigger_linear) add.commute add_cancel_left_left option.case_eq_if) (> 1.0 s, timed out)
0.sledgehammer goal.by        34626ms Simplex.Linear_Poly_Maps 120:5273  some Preplay: (smt (cvc5, pre_skolem_quant) add.commute add_cancel_left_left option.case_eq_if) (> 1.0 s, timed out)
0.sledgehammer goal.by        34626ms Simplex.Linear_Poly_Maps 120:5273  some Preplay: (smt (cvc5, inst_when_full) add.commute add_cancel_left_left option.case_eq_if) (> 1.0 s, timed out)
0.sledgehammer goal.by        34626ms Simplex.Linear_Poly_Maps 120:5273  some Preplay: (smt (cvc5, no_ematching) add.commute add_cancel_left_left option.case_eq_if) (failed)
0.sledgehammer goal.by        34626ms Simplex.Linear_Poly_Maps 120:5273  some Preplay: (smt (cvc5, no_ematching_enum_inst_sum) add.commute add_cancel_left_left option.case_eq_if) (failed)
0.sledgehammer goal.by        34626ms Simplex.Linear_Poly_Maps 120:5273  some Preplay: (smt (cvc5, no_cbqi) add.commute add_cancel_left_left option.case_eq_if) (failed)
0.sledgehammer goal.by        34626ms Simplex.Linear_Poly_Maps 120:5273  some Preplay: (smt (cvc5, quant_ind) add.commute add_cancel_left_left option.case_eq_if) (failed)
0.sledgehammer goal.by        47385ms Simplex.Simplex 143:5893  some (SH 47384ms, ATP 1151ms): Try this: by (smt (cvc5) Solve.intro SolveExec.simplex_sat0 SolveExec_axioms simplex_unsat0 solve_def sum.case_eq_if sum.collapse(1) sum.disc(1,2) sum.sel(1,2) sum.split_sel)
0.sledgehammer goal.by        47385ms Simplex.Simplex 143:5893  some Preplay: (smt (cvc5, best) Solve.intro SolveExec.simplex_sat0 SolveExec_axioms simplex_unsat0 solve_def sum.case_eq_if sum.collapse(1) sum.disc(1,2) sum.sel(1,2) sum.split_sel) (> 1.0 s, timed out)
0.sledgehammer goal.by        47385ms Simplex.Simplex 143:5893  some Preplay: (smt (cvc5, no_ematching) Solve.intro SolveExec.simplex_sat0 SolveExec_axioms simplex_unsat0 solve_def sum.case_eq_if sum.collapse(1) sum.disc(1,2) sum.sel(1,2) sum.split_sel) (> 1.0 s, timed out)
0.sledgehammer goal.by        47385ms Simplex.Simplex 143:5893  some Preplay: (smt (cvc5, no_ematching_enum_inst_sum) Solve.intro SolveExec.simplex_sat0 SolveExec_axioms simplex_unsat0 solve_def sum.case_eq_if sum.collapse(1) sum.disc(1,2) sum.sel(1,2) sum.split_sel) (> 1.0 s, timed out)
0.sledgehammer goal.by        47385ms Simplex.Simplex 143:5893  some Preplay: (smt (cvc5, trigger_multi) Solve.intro SolveExec.simplex_sat0 SolveExec_axioms simplex_unsat0 solve_def sum.case_eq_if sum.collapse(1) sum.disc(1,2) sum.sel(1,2) sum.split_sel) (> 1.0 s, timed out)
0.sledgehammer goal.by        47385ms Simplex.Simplex 143:5893  some Preplay: (smt (cvc5, trigger_multi_prio) Solve.intro SolveExec.simplex_sat0 SolveExec_axioms simplex_unsat0 solve_def sum.case_eq_if sum.collapse(1) sum.disc(1,2) sum.sel(1,2) sum.split_sel) (> 1.0 s, timed out)
0.sledgehammer goal.by        47385ms Simplex.Simplex 143:5893  some Preplay: (smt (cvc5, trigger_cache) Solve.intro SolveExec.simplex_sat0 SolveExec_axioms simplex_unsat0 solve_def sum.case_eq_if sum.collapse(1) sum.disc(1,2) sum.sel(1,2) sum.split_sel) (> 1.0 s, timed out)
0.sledgehammer goal.by        47385ms Simplex.Simplex 143:5893  some Preplay: (smt (cvc5, trigger_linear) Solve.intro SolveExec.simplex_sat0 SolveExec_axioms simplex_unsat0 solve_def sum.case_eq_if sum.collapse(1) sum.disc(1,2) sum.sel(1,2) sum.split_sel) (> 1.0 s, timed out)
0.sledgehammer goal.by        47385ms Simplex.Simplex 143:5893  some Preplay: (smt (cvc5, inst_when_full) Solve.intro SolveExec.simplex_sat0 SolveExec_axioms simplex_unsat0 solve_def sum.case_eq_if sum.collapse(1) sum.disc(1,2) sum.sel(1,2) sum.split_sel) (> 1.0 s, timed out)
0.sledgehammer goal.by        47385ms Simplex.Simplex 143:5893  some Preplay: (smt (cvc5, no_cbqi) Solve.intro SolveExec.simplex_sat0 SolveExec_axioms simplex_unsat0 solve_def sum.case_eq_if sum.collapse(1) sum.disc(1,2) sum.sel(1,2) sum.split_sel) (> 1.0 s, timed out)
0.sledgehammer goal.by        47385ms Simplex.Simplex 143:5893  some Preplay: (smt (cvc5, pre_skolem_quant) Solve.intro SolveExec.simplex_sat0 SolveExec_axioms simplex_unsat0 solve_def sum.case_eq_if sum.collapse(1) sum.disc(1,2) sum.sel(1,2) sum.split_sel) (failed)
0.sledgehammer goal.by        47385ms Simplex.Simplex 143:5893  some Preplay: (smt (cvc5, quant_ind) Solve.intro SolveExec.simplex_sat0 SolveExec_axioms simplex_unsat0 solve_def sum.case_eq_if sum.collapse(1) sum.disc(1,2) sum.sel(1,2) sum.split_sel) (failed)
0.sledgehammer goal.using     62751ms Simplex.Simplex 434:17586  some (SH 62751ms, ATP 531ms): Try this: by (smt (cvc5, best) inf_sup_aci(6) le_iff_sup vars_minus) (79 ms)
0.sledgehammer goal.using     62751ms Simplex.Simplex 434:17586  some Preplay: (smt (cvc5, best) inf_sup_aci(6) le_iff_sup vars_minus) (79 ms)
0.sledgehammer goal.using     62751ms Simplex.Simplex 434:17586  some Preplay: (smt (cvc5, no_ematching) inf_sup_aci(6) le_iff_sup vars_minus) (> 79 ms, timed out)
0.sledgehammer goal.using     62751ms Simplex.Simplex 434:17586  some Preplay: (smt (cvc5, no_ematching_enum_inst_sum) inf_sup_aci(6) le_iff_sup vars_minus) (> 79 ms, timed out)
0.sledgehammer goal.using     62751ms Simplex.Simplex 434:17586  some Preplay: (smt (cvc5, trigger_multi) inf_sup_aci(6) le_iff_sup vars_minus) (> 79 ms, timed out)
0.sledgehammer goal.using     62751ms Simplex.Simplex 434:17586  some Preplay: (smt (cvc5, trigger_multi_prio) inf_sup_aci(6) le_iff_sup vars_minus) (> 79 ms, timed out)
0.sledgehammer goal.using     62751ms Simplex.Simplex 434:17586  some Preplay: (smt (cvc5, trigger_cache) inf_sup_aci(6) le_iff_sup vars_minus) (> 79 ms, timed out)
0.sledgehammer goal.using     62751ms Simplex.Simplex 434:17586  some Preplay: (smt (cvc5, trigger_linear) inf_sup_aci(6) le_iff_sup vars_minus) (> 79 ms, timed out)
0.sledgehammer goal.using     62751ms Simplex.Simplex 434:17586  some Preplay: (smt (cvc5, pre_skolem_quant) inf_sup_aci(6) le_iff_sup vars_minus) (> 79 ms, timed out)
0.sledgehammer goal.using     62751ms Simplex.Simplex 434:17586  some Preplay: (smt (cvc5, inst_when_full) inf_sup_aci(6) le_iff_sup vars_minus) (> 79 ms, timed out)
0.sledgehammer goal.using     62751ms Simplex.Simplex 434:17586  some Preplay: (smt (cvc5, no_cbqi) inf_sup_aci(6) le_iff_sup vars_minus) (> 79 ms, timed out)
0.sledgehammer goal.using     62751ms Simplex.Simplex 434:17586  some Preplay: (smt (cvc5, quant_ind) inf_sup_aci(6) le_iff_sup vars_minus) (> 79 ms, timed out)
0.sledgehammer goal.unfolding 54228ms Simplex.Simplex 514:20339  timeout (SH 54228ms):
0.sledgehammer goal.unfolding 53948ms Simplex.Simplex 1018:42004  some (SH 53948ms, ATP 396ms): Try this: by (smt (cvc5) assms(1,2) atom_const.simps(1,2) atom_var.simps(1,2) distinct_indices_atoms_def distinct_indices_state_def index_valid_def)
0.sledgehammer goal.unfolding 53948ms Simplex.Simplex 1018:42004  some Preplay: (smt (cvc5, best) assms(1,2) atom_const.simps(1,2) atom_var.simps(1,2) distinct_indices_atoms_def distinct_indices_state_def index_valid_def) (> 1.0 s, timed out)
0.sledgehammer goal.unfolding 53948ms Simplex.Simplex 1018:42004  some Preplay: (smt (cvc5, no_ematching) assms(1,2) atom_const.simps(1,2) atom_var.simps(1,2) distinct_indices_atoms_def distinct_indices_state_def index_valid_def) (> 1.0 s, timed out)
0.sledgehammer goal.unfolding 53948ms Simplex.Simplex 1018:42004  some Preplay: (smt (cvc5, no_ematching_enum_inst_sum) assms(1,2) atom_const.simps(1,2) atom_var.simps(1,2) distinct_indices_atoms_def distinct_indices_state_def index_valid_def) (> 1.0 s, timed out)
0.sledgehammer goal.unfolding 53948ms Simplex.Simplex 1018:42004  some Preplay: (smt (cvc5, trigger_multi) assms(1,2) atom_const.simps(1,2) atom_var.simps(1,2) distinct_indices_atoms_def distinct_indices_state_def index_valid_def) (> 1.0 s, timed out)
0.sledgehammer goal.unfolding 53948ms Simplex.Simplex 1018:42004  some Preplay: (smt (cvc5, trigger_multi_prio) assms(1,2) atom_const.simps(1,2) atom_var.simps(1,2) distinct_indices_atoms_def distinct_indices_state_def index_valid_def) (> 1.0 s, timed out)
0.sledgehammer goal.unfolding 53948ms Simplex.Simplex 1018:42004  some Preplay: (smt (cvc5, trigger_cache) assms(1,2) atom_const.simps(1,2) atom_var.simps(1,2) distinct_indices_atoms_def distinct_indices_state_def index_valid_def) (> 1.0 s, timed out)
0.sledgehammer goal.unfolding 53948ms Simplex.Simplex 1018:42004  some Preplay: (smt (cvc5, trigger_linear) assms(1,2) atom_const.simps(1,2) atom_var.simps(1,2) distinct_indices_atoms_def distinct_indices_state_def index_valid_def) (> 1.0 s, timed out)
0.sledgehammer goal.unfolding 53948ms Simplex.Simplex 1018:42004  some Preplay: (smt (cvc5, pre_skolem_quant) assms(1,2) atom_const.simps(1,2) atom_var.simps(1,2) distinct_indices_atoms_def distinct_indices_state_def index_valid_def) (> 1.0 s, timed out)
0.sledgehammer goal.unfolding 53948ms Simplex.Simplex 1018:42004  some Preplay: (smt (cvc5, inst_when_full) assms(1,2) atom_const.simps(1,2) atom_var.simps(1,2) distinct_indices_atoms_def distinct_indices_state_def index_valid_def) (> 1.0 s, timed out)
0.sledgehammer goal.unfolding 53948ms Simplex.Simplex 1018:42004  some Preplay: (smt (cvc5, no_cbqi) assms(1,2) atom_const.simps(1,2) atom_var.simps(1,2) distinct_indices_atoms_def distinct_indices_state_def index_valid_def) (> 1.0 s, timed out)
0.sledgehammer goal.unfolding 53948ms Simplex.Simplex 1018:42004  some Preplay: (smt (cvc5, quant_ind) assms(1,2) atom_const.simps(1,2) atom_var.simps(1,2) distinct_indices_atoms_def distinct_indices_state_def index_valid_def) (failed)
0.sledgehammer goal.by        14996ms Simplex.Simplex 1536:62807  some (SH 14996ms, ATP 674ms): Try this: by (smt (cvc5, best) Orderings.order_eq_iff option.case_eq_if order_less_imp_le order_less_trans) (1.3 s)
0.sledgehammer goal.by        14996ms Simplex.Simplex 1536:62807  some Preplay: (smt (cvc5, best) Orderings.order_eq_iff option.case_eq_if order_less_imp_le order_less_trans) (1.3 s)
0.sledgehammer goal.by        14996ms Simplex.Simplex 1536:62807  some Preplay: (smt (cvc5, no_cbqi) Orderings.order_eq_iff option.case_eq_if order_less_imp_le order_less_trans) (1.6 s)
0.sledgehammer goal.by        14996ms Simplex.Simplex 1536:62807  some Preplay: (smt (cvc5, no_ematching) Orderings.order_eq_iff option.case_eq_if order_less_imp_le order_less_trans) (1.9 s)
0.sledgehammer goal.by        14996ms Simplex.Simplex 1536:62807  some Preplay: (smt (cvc5, trigger_cache) Orderings.order_eq_iff option.case_eq_if order_less_imp_le order_less_trans) (2.2 s)
0.sledgehammer goal.by        14996ms Simplex.Simplex 1536:62807  some Preplay: (smt (cvc5, no_ematching_enum_inst_sum) Orderings.order_eq_iff option.case_eq_if order_less_imp_le order_less_trans) (2.3 s)
0.sledgehammer goal.by        14996ms Simplex.Simplex 1536:62807  some Preplay: (smt (cvc5, inst_when_full) Orderings.order_eq_iff option.case_eq_if order_less_imp_le order_less_trans) (2.3 s)
0.sledgehammer goal.by        14996ms Simplex.Simplex 1536:62807  some Preplay: (smt (cvc5, trigger_multi_prio) Orderings.order_eq_iff option.case_eq_if order_less_imp_le order_less_trans) (2.4 s)
0.sledgehammer goal.by        14996ms Simplex.Simplex 1536:62807  some Preplay: (smt (cvc5, trigger_multi) Orderings.order_eq_iff option.case_eq_if order_less_imp_le order_less_trans) (2.4 s)
0.sledgehammer goal.by        14996ms Simplex.Simplex 1536:62807  some Preplay: (smt (cvc5, trigger_linear) Orderings.order_eq_iff option.case_eq_if order_less_imp_le order_less_trans) (2.4 s)
0.sledgehammer goal.by        14996ms Simplex.Simplex 1536:62807  some Preplay: (smt (cvc5, pre_skolem_quant) Orderings.order_eq_iff option.case_eq_if order_less_imp_le order_less_trans) (> 1.0 s, timed out)
0.sledgehammer goal.by        14996ms Simplex.Simplex 1536:62807  some Preplay: (smt (cvc5, quant_ind) Orderings.order_eq_iff option.case_eq_if order_less_imp_le order_less_trans) (failed)
0.sledgehammer goal.by        30940ms Simplex.Simplex 1698:70115  some (SH 30939ms, ATP 817ms): Try this: by (smt (cvc5) prod.inject)
0.sledgehammer goal.by        30940ms Simplex.Simplex 1698:70115  some Preplay: (smt (cvc5, best) prod.inject) (> 1.0 s, timed out)
0.sledgehammer goal.by        30940ms Simplex.Simplex 1698:70115  some Preplay: (smt (cvc5, no_ematching) prod.inject) (> 1.0 s, timed out)
0.sledgehammer goal.by        30940ms Simplex.Simplex 1698:70115  some Preplay: (smt (cvc5, no_ematching_enum_inst_sum) prod.inject) (> 1.0 s, timed out)
0.sledgehammer goal.by        30940ms Simplex.Simplex 1698:70115  some Preplay: (smt (cvc5, trigger_multi) prod.inject) (> 1.0 s, timed out)
0.sledgehammer goal.by        30940ms Simplex.Simplex 1698:70115  some Preplay: (smt (cvc5, trigger_multi_prio) prod.inject) (> 1.0 s, timed out)
0.sledgehammer goal.by        30940ms Simplex.Simplex 1698:70115  some Preplay: (smt (cvc5, trigger_cache) prod.inject) (> 1.0 s, timed out)
0.sledgehammer goal.by        30940ms Simplex.Simplex 1698:70115  some Preplay: (smt (cvc5, trigger_linear) prod.inject) (> 1.0 s, timed out)
0.sledgehammer goal.by        30940ms Simplex.Simplex 1698:70115  some Preplay: (smt (cvc5, pre_skolem_quant) prod.inject) (> 1.0 s, timed out)
0.sledgehammer goal.by        30940ms Simplex.Simplex 1698:70115  some Preplay: (smt (cvc5, inst_when_full) prod.inject) (> 1.0 s, timed out)
0.sledgehammer goal.by        30940ms Simplex.Simplex 1698:70115  some Preplay: (smt (cvc5, no_cbqi) prod.inject) (> 1.0 s, timed out)
0.sledgehammer goal.by        30940ms Simplex.Simplex 1698:70115  some Preplay: (smt (cvc5, quant_ind) prod.inject) (failed)
0.sledgehammer goal.using     29814ms Simplex.Simplex 2146:87725  some (SH 29814ms, ATP 843ms): Try this: by (smt (cvc5, quant_ind) assert_bound'_def assms(1,2,5)) (2.6 s)
0.sledgehammer goal.using     29814ms Simplex.Simplex 2146:87725  some Preplay: (smt (cvc5, quant_ind) assert_bound'_def assms(1,2,5)) (2.6 s)
0.sledgehammer goal.using     29814ms Simplex.Simplex 2146:87725  some Preplay: (smt (cvc5, best) assert_bound'_def assms(1,2,5)) (> 1.0 s, timed out)
0.sledgehammer goal.using     29814ms Simplex.Simplex 2146:87725  some Preplay: (smt (cvc5, no_ematching) assert_bound'_def assms(1,2,5)) (> 1.0 s, timed out)
0.sledgehammer goal.using     29814ms Simplex.Simplex 2146:87725  some Preplay: (smt (cvc5, no_ematching_enum_inst_sum) assert_bound'_def assms(1,2,5)) (> 1.0 s, timed out)
0.sledgehammer goal.using     29814ms Simplex.Simplex 2146:87725  some Preplay: (smt (cvc5, trigger_multi) assert_bound'_def assms(1,2,5)) (> 1.0 s, timed out)
0.sledgehammer goal.using     29814ms Simplex.Simplex 2146:87725  some Preplay: (smt (cvc5, trigger_multi_prio) assert_bound'_def assms(1,2,5)) (> 1.0 s, timed out)
0.sledgehammer goal.using     29814ms Simplex.Simplex 2146:87725  some Preplay: (smt (cvc5, trigger_cache) assert_bound'_def assms(1,2,5)) (> 1.0 s, timed out)
0.sledgehammer goal.using     29814ms Simplex.Simplex 2146:87725  some Preplay: (smt (cvc5, trigger_linear) assert_bound'_def assms(1,2,5)) (> 1.0 s, timed out)
0.sledgehammer goal.using     29814ms Simplex.Simplex 2146:87725  some Preplay: (smt (cvc5, pre_skolem_quant) assert_bound'_def assms(1,2,5)) (> 1.0 s, timed out)
0.sledgehammer goal.using     29814ms Simplex.Simplex 2146:87725  some Preplay: (smt (cvc5, inst_when_full) assert_bound'_def assms(1,2,5)) (> 1.0 s, timed out)
0.sledgehammer goal.using     29814ms Simplex.Simplex 2146:87725  some Preplay: (smt (cvc5, no_cbqi) assert_bound'_def assms(1,2,5)) (> 1.0 s, timed out)
0.sledgehammer goal.by        16203ms Simplex.Simplex 2763:114076  some (SH 16203ms, ATP 959ms): Try this: by (smt (cvc5))
0.sledgehammer goal.by        16203ms Simplex.Simplex 2763:114076  some Preplay: (smt (cvc5, best)) (> 1.0 s, timed out)
0.sledgehammer goal.by        16203ms Simplex.Simplex 2763:114076  some Preplay: (smt (cvc5, no_ematching)) (> 1.0 s, timed out)
0.sledgehammer goal.by        16203ms Simplex.Simplex 2763:114076  some Preplay: (smt (cvc5, no_ematching_enum_inst_sum)) (> 1.0 s, timed out)
0.sledgehammer goal.by        16203ms Simplex.Simplex 2763:114076  some Preplay: (smt (cvc5, trigger_multi)) (> 1.0 s, timed out)
0.sledgehammer goal.by        16203ms Simplex.Simplex 2763:114076  some Preplay: (smt (cvc5, trigger_multi_prio)) (> 1.0 s, timed out)
0.sledgehammer goal.by        16203ms Simplex.Simplex 2763:114076  some Preplay: (smt (cvc5, trigger_cache)) (> 1.0 s, timed out)
0.sledgehammer goal.by        16203ms Simplex.Simplex 2763:114076  some Preplay: (smt (cvc5, trigger_linear)) (> 1.0 s, timed out)
0.sledgehammer goal.by        16203ms Simplex.Simplex 2763:114076  some Preplay: (smt (cvc5, pre_skolem_quant)) (> 1.0 s, timed out)
0.sledgehammer goal.by        16203ms Simplex.Simplex 2763:114076  some Preplay: (smt (cvc5, inst_when_full)) (> 1.0 s, timed out)
0.sledgehammer goal.by        16203ms Simplex.Simplex 2763:114076  some Preplay: (smt (cvc5, no_cbqi)) (> 1.0 s, timed out)
0.sledgehammer goal.by        16203ms Simplex.Simplex 2763:114076  some Preplay: (smt (cvc5, quant_ind)) (> 1.0 s, timed out)
0.sledgehammer goal.unfolding 20602ms Simplex.Simplex 2770:114656  some (SH 20601ms, ATP 564ms): Try this: by (smt (cvc5) Orderings.order_eq_iff order_le_imp_less_or_eq order_less_imp_le)
0.sledgehammer goal.unfolding 20602ms Simplex.Simplex 2770:114656  some Preplay: (smt (cvc5, best) Orderings.order_eq_iff order_le_imp_less_or_eq order_less_imp_le) (> 1.0 s, timed out)
0.sledgehammer goal.unfolding 20602ms Simplex.Simplex 2770:114656  some Preplay: (smt (cvc5, no_ematching) Orderings.order_eq_iff order_le_imp_less_or_eq order_less_imp_le) (> 1.0 s, timed out)
0.sledgehammer goal.unfolding 20602ms Simplex.Simplex 2770:114656  some Preplay: (smt (cvc5, no_ematching_enum_inst_sum) Orderings.order_eq_iff order_le_imp_less_or_eq order_less_imp_le) (> 1.0 s, timed out)
0.sledgehammer goal.unfolding 20602ms Simplex.Simplex 2770:114656  some Preplay: (smt (cvc5, trigger_multi) Orderings.order_eq_iff order_le_imp_less_or_eq order_less_imp_le) (> 1.0 s, timed out)
0.sledgehammer goal.unfolding 20602ms Simplex.Simplex 2770:114656  some Preplay: (smt (cvc5, trigger_multi_prio) Orderings.order_eq_iff order_le_imp_less_or_eq order_less_imp_le) (> 1.0 s, timed out)
0.sledgehammer goal.unfolding 20602ms Simplex.Simplex 2770:114656  some Preplay: (smt (cvc5, trigger_cache) Orderings.order_eq_iff order_le_imp_less_or_eq order_less_imp_le) (> 1.0 s, timed out)
0.sledgehammer goal.unfolding 20602ms Simplex.Simplex 2770:114656  some Preplay: (smt (cvc5, trigger_linear) Orderings.order_eq_iff order_le_imp_less_or_eq order_less_imp_le) (> 1.0 s, timed out)
0.sledgehammer goal.unfolding 20602ms Simplex.Simplex 2770:114656  some Preplay: (smt (cvc5, pre_skolem_quant) Orderings.order_eq_iff order_le_imp_less_or_eq order_less_imp_le) (> 1.0 s, timed out)
0.sledgehammer goal.unfolding 20602ms Simplex.Simplex 2770:114656  some Preplay: (smt (cvc5, inst_when_full) Orderings.order_eq_iff order_le_imp_less_or_eq order_less_imp_le) (> 1.0 s, timed out)
0.sledgehammer goal.unfolding 20602ms Simplex.Simplex 2770:114656  some Preplay: (smt (cvc5, no_cbqi) Orderings.order_eq_iff order_le_imp_less_or_eq order_less_imp_le) (> 1.0 s, timed out)
0.sledgehammer goal.unfolding 20602ms Simplex.Simplex 2770:114656  some Preplay: (smt (cvc5, quant_ind) Orderings.order_eq_iff order_le_imp_less_or_eq order_less_imp_le) (> 1.0 s, timed out)
0.sledgehammer goal.unfolding 16049ms Simplex.Simplex 2774:115054  some (SH 16049ms, ATP 835ms): Try this: by (smt (cvc5))
0.sledgehammer goal.unfolding 16049ms Simplex.Simplex 2774:115054  some Preplay: (smt (cvc5, best)) (> 1.0 s, timed out)
0.sledgehammer goal.unfolding 16049ms Simplex.Simplex 2774:115054  some Preplay: (smt (cvc5, no_ematching)) (> 1.0 s, timed out)
0.sledgehammer goal.unfolding 16049ms Simplex.Simplex 2774:115054  some Preplay: (smt (cvc5, no_ematching_enum_inst_sum)) (> 1.0 s, timed out)
0.sledgehammer goal.unfolding 16049ms Simplex.Simplex 2774:115054  some Preplay: (smt (cvc5, trigger_multi)) (> 1.0 s, timed out)
0.sledgehammer goal.unfolding 16049ms Simplex.Simplex 2774:115054  some Preplay: (smt (cvc5, trigger_multi_prio)) (> 1.0 s, timed out)
0.sledgehammer goal.unfolding 16049ms Simplex.Simplex 2774:115054  some Preplay: (smt (cvc5, trigger_cache)) (> 1.0 s, timed out)
0.sledgehammer goal.unfolding 16049ms Simplex.Simplex 2774:115054  some Preplay: (smt (cvc5, trigger_linear)) (> 1.0 s, timed out)
0.sledgehammer goal.unfolding 16049ms Simplex.Simplex 2774:115054  some Preplay: (smt (cvc5, pre_skolem_quant)) (> 1.0 s, timed out)
0.sledgehammer goal.unfolding 16049ms Simplex.Simplex 2774:115054  some Preplay: (smt (cvc5, inst_when_full)) (> 1.0 s, timed out)
0.sledgehammer goal.unfolding 16049ms Simplex.Simplex 2774:115054  some Preplay: (smt (cvc5, no_cbqi)) (> 1.0 s, timed out)
0.sledgehammer goal.unfolding 16049ms Simplex.Simplex 2774:115054  some Preplay: (smt (cvc5, quant_ind)) (> 1.0 s, timed out)
0.sledgehammer goal.unfolding 55014ms Simplex.Simplex 3201:136708  timeout (SH 55014ms):
0.sledgehammer goal.unfolding 55705ms Simplex.Simplex 3254:139161  timeout (SH 55704ms):
0.sledgehammer goal.unfolding 57117ms Simplex.Simplex 3421:145375  timeout (SH 57117ms):
0.sledgehammer goal.unfolding 32099ms Simplex.Simplex 3422:145426  some (SH 32099ms, ATP 2169ms): Try this: by (smt (cvc5, no_cbqi) map_reindex) (1.1 s)
0.sledgehammer goal.unfolding 32099ms Simplex.Simplex 3422:145426  some Preplay: (smt (cvc5, no_cbqi) map_reindex) (1.1 s)
0.sledgehammer goal.unfolding 32099ms Simplex.Simplex 3422:145426  some Preplay: (smt (cvc5, trigger_multi) map_reindex) (1.8 s)
0.sledgehammer goal.unfolding 32099ms Simplex.Simplex 3422:145426  some Preplay: (smt (cvc5, trigger_cache) map_reindex) (1.8 s)
0.sledgehammer goal.unfolding 32099ms Simplex.Simplex 3422:145426  some Preplay: (smt (cvc5, no_ematching_enum_inst_sum) map_reindex) (1.8 s)
0.sledgehammer goal.unfolding 32099ms Simplex.Simplex 3422:145426  some Preplay: (smt (cvc5, inst_when_full) map_reindex) (1.8 s)
0.sledgehammer goal.unfolding 32099ms Simplex.Simplex 3422:145426  some Preplay: (smt (cvc5, trigger_multi_prio) map_reindex) (1.9 s)
0.sledgehammer goal.unfolding 32099ms Simplex.Simplex 3422:145426  some Preplay: (smt (cvc5, trigger_linear) map_reindex) (1.9 s)
0.sledgehammer goal.unfolding 32099ms Simplex.Simplex 3422:145426  some Preplay: (smt (cvc5, best) map_reindex) (2.0 s)
0.sledgehammer goal.unfolding 32099ms Simplex.Simplex 3422:145426  some Preplay: (smt (cvc5, no_ematching) map_reindex) (2.0 s)
0.sledgehammer goal.unfolding 32099ms Simplex.Simplex 3422:145426  some Preplay: (smt (cvc5, pre_skolem_quant) map_reindex) (failed)
0.sledgehammer goal.unfolding 32099ms Simplex.Simplex 3422:145426  some Preplay: (smt (cvc5, quant_ind) map_reindex) (failed)
0.sledgehammer goal.by        52234ms Simplex.Simplex 3561:150384  some (SH 52234ms, ATP 588ms): Try this: by (smt (cvc5, no_ematching) \<open>rvars_eq (pivot_eq (\<T> s ! eq_idx_for_lvar (\<T> s) x\<^sub>i) x\<^sub>j) \<subseteq> {x\<^sub>i} \<union> (rvars (\<T> s) - {x\<^sub>j})\<close> le_sup_iff rvars_def subset_Un_eq sup_ge2) (507 ms)
0.sledgehammer goal.by        52234ms Simplex.Simplex 3561:150384  some Preplay: (smt (cvc5, no_ematching) \<open>rvars_eq (pivot_eq (\<T> s ! eq_idx_for_lvar (\<T> s) x\<^sub>i) x\<^sub>j) \<subseteq> {x\<^sub>i} \<union> (rvars (\<T> s) - {x\<^sub>j})\<close> le_sup_iff rvars_def subset_Un_eq sup_ge2) (507 ms)
0.sledgehammer goal.by        52234ms Simplex.Simplex 3561:150384  some Preplay: (smt (cvc5, no_ematching_enum_inst_sum) \<open>rvars_eq (pivot_eq (\<T> s ! eq_idx_for_lvar (\<T> s) x\<^sub>i) x\<^sub>j) \<subseteq> {x\<^sub>i} \<union> (rvars (\<T> s) - {x\<^sub>j})\<close> le_sup_iff rvars_def subset_Un_eq sup_ge2) (824 ms)
0.sledgehammer goal.by        52234ms Simplex.Simplex 3561:150384  some Preplay: (smt (cvc5, best) \<open>rvars_eq (pivot_eq (\<T> s ! eq_idx_for_lvar (\<T> s) x\<^sub>i) x\<^sub>j) \<subseteq> {x\<^sub>i} \<union> (rvars (\<T> s) - {x\<^sub>j})\<close> le_sup_iff rvars_def subset_Un_eq sup_ge2) (1.0 s)
0.sledgehammer goal.by        52234ms Simplex.Simplex 3561:150384  some Preplay: (smt (cvc5, trigger_multi) \<open>rvars_eq (pivot_eq (\<T> s ! eq_idx_for_lvar (\<T> s) x\<^sub>i) x\<^sub>j) \<subseteq> {x\<^sub>i} \<union> (rvars (\<T> s) - {x\<^sub>j})\<close> le_sup_iff rvars_def subset_Un_eq sup_ge2) (> 507 ms, timed out)
0.sledgehammer goal.by        52234ms Simplex.Simplex 3561:150384  some Preplay: (smt (cvc5, trigger_multi_prio) \<open>rvars_eq (pivot_eq (\<T> s ! eq_idx_for_lvar (\<T> s) x\<^sub>i) x\<^sub>j) \<subseteq> {x\<^sub>i} \<union> (rvars (\<T> s) - {x\<^sub>j})\<close> le_sup_iff rvars_def subset_Un_eq sup_ge2) (> 507 ms, timed out)
0.sledgehammer goal.by        52234ms Simplex.Simplex 3561:150384  some Preplay: (smt (cvc5, trigger_cache) \<open>rvars_eq (pivot_eq (\<T> s ! eq_idx_for_lvar (\<T> s) x\<^sub>i) x\<^sub>j) \<subseteq> {x\<^sub>i} \<union> (rvars (\<T> s) - {x\<^sub>j})\<close> le_sup_iff rvars_def subset_Un_eq sup_ge2) (> 507 ms, timed out)
0.sledgehammer goal.by        52234ms Simplex.Simplex 3561:150384  some Preplay: (smt (cvc5, trigger_linear) \<open>rvars_eq (pivot_eq (\<T> s ! eq_idx_for_lvar (\<T> s) x\<^sub>i) x\<^sub>j) \<subseteq> {x\<^sub>i} \<union> (rvars (\<T> s) - {x\<^sub>j})\<close> le_sup_iff rvars_def subset_Un_eq sup_ge2) (> 507 ms, timed out)
0.sledgehammer goal.by        52234ms Simplex.Simplex 3561:150384  some Preplay: (smt (cvc5, pre_skolem_quant) \<open>rvars_eq (pivot_eq (\<T> s ! eq_idx_for_lvar (\<T> s) x\<^sub>i) x\<^sub>j) \<subseteq> {x\<^sub>i} \<union> (rvars (\<T> s) - {x\<^sub>j})\<close> le_sup_iff rvars_def subset_Un_eq sup_ge2) (> 507 ms, timed out)
0.sledgehammer goal.by        52234ms Simplex.Simplex 3561:150384  some Preplay: (smt (cvc5, inst_when_full) \<open>rvars_eq (pivot_eq (\<T> s ! eq_idx_for_lvar (\<T> s) x\<^sub>i) x\<^sub>j) \<subseteq> {x\<^sub>i} \<union> (rvars (\<T> s) - {x\<^sub>j})\<close> le_sup_iff rvars_def subset_Un_eq sup_ge2) (> 507 ms, timed out)
0.sledgehammer goal.by        52234ms Simplex.Simplex 3561:150384  some Preplay: (smt (cvc5, no_cbqi) \<open>rvars_eq (pivot_eq (\<T> s ! eq_idx_for_lvar (\<T> s) x\<^sub>i) x\<^sub>j) \<subseteq> {x\<^sub>i} \<union> (rvars (\<T> s) - {x\<^sub>j})\<close> le_sup_iff rvars_def subset_Un_eq sup_ge2) (> 507 ms, timed out)
0.sledgehammer goal.by        52234ms Simplex.Simplex 3561:150384  some Preplay: (smt (cvc5, quant_ind) \<open>rvars_eq (pivot_eq (\<T> s ! eq_idx_for_lvar (\<T> s) x\<^sub>i) x\<^sub>j) \<subseteq> {x\<^sub>i} \<union> (rvars (\<T> s) - {x\<^sub>j})\<close> le_sup_iff rvars_def subset_Un_eq sup_ge2) (> 507 ms, timed out)
0.sledgehammer goal.using     45110ms Simplex.Simplex 3920:164552  some (SH 45109ms, ATP 937ms): Try this: by (smt (cvc5) assms(1,2) check'_def isl_def sum.case_eq_if sum.distinct(1) sum.split_sel)
0.sledgehammer goal.using     45110ms Simplex.Simplex 3920:164552  some Preplay: (smt (cvc5, best) assms(1,2) check'_def isl_def sum.case_eq_if sum.distinct(1) sum.split_sel) (> 1.0 s, timed out)
0.sledgehammer goal.using     45110ms Simplex.Simplex 3920:164552  some Preplay: (smt (cvc5, no_ematching) assms(1,2) check'_def isl_def sum.case_eq_if sum.distinct(1) sum.split_sel) (> 1.0 s, timed out)
0.sledgehammer goal.using     45110ms Simplex.Simplex 3920:164552  some Preplay: (smt (cvc5, no_ematching_enum_inst_sum) assms(1,2) check'_def isl_def sum.case_eq_if sum.distinct(1) sum.split_sel) (> 1.0 s, timed out)
0.sledgehammer goal.using     45110ms Simplex.Simplex 3920:164552  some Preplay: (smt (cvc5, trigger_multi) assms(1,2) check'_def isl_def sum.case_eq_if sum.distinct(1) sum.split_sel) (> 1.0 s, timed out)
0.sledgehammer goal.using     45110ms Simplex.Simplex 3920:164552  some Preplay: (smt (cvc5, trigger_multi_prio) assms(1,2) check'_def isl_def sum.case_eq_if sum.distinct(1) sum.split_sel) (> 1.0 s, timed out)
0.sledgehammer goal.using     45110ms Simplex.Simplex 3920:164552  some Preplay: (smt (cvc5, trigger_cache) assms(1,2) check'_def isl_def sum.case_eq_if sum.distinct(1) sum.split_sel) (> 1.0 s, timed out)
0.sledgehammer goal.using     45110ms Simplex.Simplex 3920:164552  some Preplay: (smt (cvc5, trigger_linear) assms(1,2) check'_def isl_def sum.case_eq_if sum.distinct(1) sum.split_sel) (> 1.0 s, timed out)
0.sledgehammer goal.using     45110ms Simplex.Simplex 3920:164552  some Preplay: (smt (cvc5, pre_skolem_quant) assms(1,2) check'_def isl_def sum.case_eq_if sum.distinct(1) sum.split_sel) (> 1.0 s, timed out)
0.sledgehammer goal.using     45110ms Simplex.Simplex 3920:164552  some Preplay: (smt (cvc5, inst_when_full) assms(1,2) check'_def isl_def sum.case_eq_if sum.distinct(1) sum.split_sel) (> 1.0 s, timed out)
0.sledgehammer goal.using     45110ms Simplex.Simplex 3920:164552  some Preplay: (smt (cvc5, no_cbqi) assms(1,2) check'_def isl_def sum.case_eq_if sum.distinct(1) sum.split_sel) (> 1.0 s, timed out)
0.sledgehammer goal.using     45110ms Simplex.Simplex 3920:164552  some Preplay: (smt (cvc5, quant_ind) assms(1,2) check'_def isl_def sum.case_eq_if sum.distinct(1) sum.split_sel) (> 1.0 s, timed out)
0.sledgehammer goal.unfolding 43595ms Simplex.Simplex 3921:164566  some (SH 43595ms, ATP 2206ms): Try this: by (smt (cvc5) check'_def isl_def sum.case_eq_if sum.distinct(1) sum.split_sel)
0.sledgehammer goal.unfolding 43595ms Simplex.Simplex 3921:164566  some Preplay: (smt (cvc5, best) check'_def isl_def sum.case_eq_if sum.distinct(1) sum.split_sel) (> 1.0 s, timed out)
0.sledgehammer goal.unfolding 43595ms Simplex.Simplex 3921:164566  some Preplay: (smt (cvc5, no_ematching) check'_def isl_def sum.case_eq_if sum.distinct(1) sum.split_sel) (> 1.0 s, timed out)
0.sledgehammer goal.unfolding 43595ms Simplex.Simplex 3921:164566  some Preplay: (smt (cvc5, no_ematching_enum_inst_sum) check'_def isl_def sum.case_eq_if sum.distinct(1) sum.split_sel) (> 1.0 s, timed out)
0.sledgehammer goal.unfolding 43595ms Simplex.Simplex 3921:164566  some Preplay: (smt (cvc5, trigger_multi) check'_def isl_def sum.case_eq_if sum.distinct(1) sum.split_sel) (> 1.0 s, timed out)
0.sledgehammer goal.unfolding 43595ms Simplex.Simplex 3921:164566  some Preplay: (smt (cvc5, trigger_multi_prio) check'_def isl_def sum.case_eq_if sum.distinct(1) sum.split_sel) (> 1.0 s, timed out)
0.sledgehammer goal.unfolding 43595ms Simplex.Simplex 3921:164566  some Preplay: (smt (cvc5, trigger_cache) check'_def isl_def sum.case_eq_if sum.distinct(1) sum.split_sel) (> 1.0 s, timed out)
0.sledgehammer goal.unfolding 43595ms Simplex.Simplex 3921:164566  some Preplay: (smt (cvc5, trigger_linear) check'_def isl_def sum.case_eq_if sum.distinct(1) sum.split_sel) (> 1.0 s, timed out)
0.sledgehammer goal.unfolding 43595ms Simplex.Simplex 3921:164566  some Preplay: (smt (cvc5, pre_skolem_quant) check'_def isl_def sum.case_eq_if sum.distinct(1) sum.split_sel) (> 1.0 s, timed out)
0.sledgehammer goal.unfolding 43595ms Simplex.Simplex 3921:164566  some Preplay: (smt (cvc5, inst_when_full) check'_def isl_def sum.case_eq_if sum.distinct(1) sum.split_sel) (> 1.0 s, timed out)
0.sledgehammer goal.unfolding 43595ms Simplex.Simplex 3921:164566  some Preplay: (smt (cvc5, no_cbqi) check'_def isl_def sum.case_eq_if sum.distinct(1) sum.split_sel) (> 1.0 s, timed out)
0.sledgehammer goal.unfolding 43595ms Simplex.Simplex 3921:164566  some Preplay: (smt (cvc5, quant_ind) check'_def isl_def sum.case_eq_if sum.distinct(1) sum.split_sel) (> 1.0 s, timed out)
0.sledgehammer goal.by        43445ms Simplex.Simplex 3922:164589  some (SH 43445ms, ATP 2235ms): Try this: by (smt (cvc5) isl_def old.sum.simps(5) sum.case_eq_if sum.split_sel)
0.sledgehammer goal.by        43445ms Simplex.Simplex 3922:164589  some Preplay: (smt (cvc5, best) isl_def old.sum.simps(5) sum.case_eq_if sum.split_sel) (> 1.0 s, timed out)
0.sledgehammer goal.by        43445ms Simplex.Simplex 3922:164589  some Preplay: (smt (cvc5, no_ematching) isl_def old.sum.simps(5) sum.case_eq_if sum.split_sel) (> 1.0 s, timed out)
0.sledgehammer goal.by        43445ms Simplex.Simplex 3922:164589  some Preplay: (smt (cvc5, no_ematching_enum_inst_sum) isl_def old.sum.simps(5) sum.case_eq_if sum.split_sel) (> 1.0 s, timed out)
0.sledgehammer goal.by        43445ms Simplex.Simplex 3922:164589  some Preplay: (smt (cvc5, trigger_multi) isl_def old.sum.simps(5) sum.case_eq_if sum.split_sel) (> 1.0 s, timed out)
0.sledgehammer goal.by        43445ms Simplex.Simplex 3922:164589  some Preplay: (smt (cvc5, trigger_multi_prio) isl_def old.sum.simps(5) sum.case_eq_if sum.split_sel) (> 1.0 s, timed out)
0.sledgehammer goal.by        43445ms Simplex.Simplex 3922:164589  some Preplay: (smt (cvc5, trigger_cache) isl_def old.sum.simps(5) sum.case_eq_if sum.split_sel) (> 1.0 s, timed out)
0.sledgehammer goal.by        43445ms Simplex.Simplex 3922:164589  some Preplay: (smt (cvc5, trigger_linear) isl_def old.sum.simps(5) sum.case_eq_if sum.split_sel) (> 1.0 s, timed out)
0.sledgehammer goal.by        43445ms Simplex.Simplex 3922:164589  some Preplay: (smt (cvc5, pre_skolem_quant) isl_def old.sum.simps(5) sum.case_eq_if sum.split_sel) (> 1.0 s, timed out)
0.sledgehammer goal.by        43445ms Simplex.Simplex 3922:164589  some Preplay: (smt (cvc5, inst_when_full) isl_def old.sum.simps(5) sum.case_eq_if sum.split_sel) (> 1.0 s, timed out)
0.sledgehammer goal.by        43445ms Simplex.Simplex 3922:164589  some Preplay: (smt (cvc5, no_cbqi) isl_def old.sum.simps(5) sum.case_eq_if sum.split_sel) (> 1.0 s, timed out)
0.sledgehammer goal.by        43445ms Simplex.Simplex 3922:164589  some Preplay: (smt (cvc5, quant_ind) isl_def old.sum.simps(5) sum.case_eq_if sum.split_sel) (> 1.0 s, timed out)
0.sledgehammer goal.unfolding 36760ms Simplex.Simplex 4037:169170  some (SH 36759ms, ATP 2995ms): Try this: by (smt (cvc5) gt_state_def)
0.sledgehammer goal.unfolding 36760ms Simplex.Simplex 4037:169170  some Preplay: (smt (cvc5, best) gt_state_def) (> 1.0 s, timed out)
0.sledgehammer goal.unfolding 36760ms Simplex.Simplex 4037:169170  some Preplay: (smt (cvc5, no_ematching) gt_state_def) (> 1.0 s, timed out)
0.sledgehammer goal.unfolding 36760ms Simplex.Simplex 4037:169170  some Preplay: (smt (cvc5, no_ematching_enum_inst_sum) gt_state_def) (> 1.0 s, timed out)
0.sledgehammer goal.unfolding 36760ms Simplex.Simplex 4037:169170  some Preplay: (smt (cvc5, trigger_multi) gt_state_def) (> 1.0 s, timed out)
0.sledgehammer goal.unfolding 36760ms Simplex.Simplex 4037:169170  some Preplay: (smt (cvc5, trigger_multi_prio) gt_state_def) (> 1.0 s, timed out)
0.sledgehammer goal.unfolding 36760ms Simplex.Simplex 4037:169170  some Preplay: (smt (cvc5, trigger_cache) gt_state_def) (> 1.0 s, timed out)
0.sledgehammer goal.unfolding 36760ms Simplex.Simplex 4037:169170  some Preplay: (smt (cvc5, trigger_linear) gt_state_def) (> 1.0 s, timed out)
0.sledgehammer goal.unfolding 36760ms Simplex.Simplex 4037:169170  some Preplay: (smt (cvc5, pre_skolem_quant) gt_state_def) (> 1.0 s, timed out)
0.sledgehammer goal.unfolding 36760ms Simplex.Simplex 4037:169170  some Preplay: (smt (cvc5, inst_when_full) gt_state_def) (> 1.0 s, timed out)
0.sledgehammer goal.unfolding 36760ms Simplex.Simplex 4037:169170  some Preplay: (smt (cvc5, no_cbqi) gt_state_def) (> 1.0 s, timed out)
0.sledgehammer goal.unfolding 36760ms Simplex.Simplex 4037:169170  some Preplay: (smt (cvc5, quant_ind) gt_state_def) (failed)
0.sledgehammer goal.by        44101ms Simplex.Simplex 4073:170283  some (SH 44101ms, ATP 1091ms): Try this: by (smt (cvc5) insert_Diff insert_is_Un succ_vars sup_assoc sup_commute)
0.sledgehammer goal.by        44101ms Simplex.Simplex 4073:170283  some Preplay: (smt (cvc5, best) insert_Diff insert_is_Un succ_vars sup_assoc sup_commute) (> 1.0 s, timed out)
0.sledgehammer goal.by        44101ms Simplex.Simplex 4073:170283  some Preplay: (smt (cvc5, no_ematching) insert_Diff insert_is_Un succ_vars sup_assoc sup_commute) (> 1.0 s, timed out)
0.sledgehammer goal.by        44101ms Simplex.Simplex 4073:170283  some Preplay: (smt (cvc5, no_ematching_enum_inst_sum) insert_Diff insert_is_Un succ_vars sup_assoc sup_commute) (> 1.0 s, timed out)
0.sledgehammer goal.by        44101ms Simplex.Simplex 4073:170283  some Preplay: (smt (cvc5, trigger_multi) insert_Diff insert_is_Un succ_vars sup_assoc sup_commute) (> 1.0 s, timed out)
0.sledgehammer goal.by        44101ms Simplex.Simplex 4073:170283  some Preplay: (smt (cvc5, trigger_multi_prio) insert_Diff insert_is_Un succ_vars sup_assoc sup_commute) (> 1.0 s, timed out)
0.sledgehammer goal.by        44101ms Simplex.Simplex 4073:170283  some Preplay: (smt (cvc5, trigger_cache) insert_Diff insert_is_Un succ_vars sup_assoc sup_commute) (> 1.0 s, timed out)
0.sledgehammer goal.by        44101ms Simplex.Simplex 4073:170283  some Preplay: (smt (cvc5, trigger_linear) insert_Diff insert_is_Un succ_vars sup_assoc sup_commute) (> 1.0 s, timed out)
0.sledgehammer goal.by        44101ms Simplex.Simplex 4073:170283  some Preplay: (smt (cvc5, inst_when_full) insert_Diff insert_is_Un succ_vars sup_assoc sup_commute) (> 1.0 s, timed out)
0.sledgehammer goal.by        44101ms Simplex.Simplex 4073:170283  some Preplay: (smt (cvc5, no_cbqi) insert_Diff insert_is_Un succ_vars sup_assoc sup_commute) (> 1.0 s, timed out)
0.sledgehammer goal.by        44101ms Simplex.Simplex 4073:170283  some Preplay: (smt (cvc5, quant_ind) insert_Diff insert_is_Un succ_vars sup_assoc sup_commute) (> 1.0 s, timed out)
0.sledgehammer goal.by        44101ms Simplex.Simplex 4073:170283  some Preplay: (smt (cvc5, pre_skolem_quant) insert_Diff insert_is_Un succ_vars sup_assoc sup_commute) (failed)
0.sledgehammer goal.unfolding 33907ms Simplex.Simplex 4086:170703  some (SH 33907ms, ATP 1631ms): Try this: by (smt (cvc5) gt_state_def)
0.sledgehammer goal.unfolding 33907ms Simplex.Simplex 4086:170703  some Preplay: (smt (cvc5, best) gt_state_def) (> 1.0 s, timed out)
0.sledgehammer goal.unfolding 33907ms Simplex.Simplex 4086:170703  some Preplay: (smt (cvc5, no_ematching) gt_state_def) (> 1.0 s, timed out)
0.sledgehammer goal.unfolding 33907ms Simplex.Simplex 4086:170703  some Preplay: (smt (cvc5, no_ematching_enum_inst_sum) gt_state_def) (> 1.0 s, timed out)
0.sledgehammer goal.unfolding 33907ms Simplex.Simplex 4086:170703  some Preplay: (smt (cvc5, trigger_multi) gt_state_def) (> 1.0 s, timed out)
0.sledgehammer goal.unfolding 33907ms Simplex.Simplex 4086:170703  some Preplay: (smt (cvc5, trigger_multi_prio) gt_state_def) (> 1.0 s, timed out)
0.sledgehammer goal.unfolding 33907ms Simplex.Simplex 4086:170703  some Preplay: (smt (cvc5, trigger_cache) gt_state_def) (> 1.0 s, timed out)
0.sledgehammer goal.unfolding 33907ms Simplex.Simplex 4086:170703  some Preplay: (smt (cvc5, trigger_linear) gt_state_def) (> 1.0 s, timed out)
0.sledgehammer goal.unfolding 33907ms Simplex.Simplex 4086:170703  some Preplay: (smt (cvc5, pre_skolem_quant) gt_state_def) (> 1.0 s, timed out)
0.sledgehammer goal.unfolding 33907ms Simplex.Simplex 4086:170703  some Preplay: (smt (cvc5, inst_when_full) gt_state_def) (> 1.0 s, timed out)
0.sledgehammer goal.unfolding 33907ms Simplex.Simplex 4086:170703  some Preplay: (smt (cvc5, no_cbqi) gt_state_def) (> 1.0 s, timed out)
0.sledgehammer goal.unfolding 33907ms Simplex.Simplex 4086:170703  some Preplay: (smt (cvc5, quant_ind) gt_state_def) (failed)
0.sledgehammer goal.unfolding 34229ms Simplex.Simplex 4111:171719  some (SH 34229ms, ATP 1632ms): Try this: by (smt (cvc5) gt_state_def)
0.sledgehammer goal.unfolding 34229ms Simplex.Simplex 4111:171719  some Preplay: (smt (cvc5, best) gt_state_def) (> 1.0 s, timed out)
0.sledgehammer goal.unfolding 34229ms Simplex.Simplex 4111:171719  some Preplay: (smt (cvc5, no_ematching) gt_state_def) (> 1.0 s, timed out)
0.sledgehammer goal.unfolding 34229ms Simplex.Simplex 4111:171719  some Preplay: (smt (cvc5, no_ematching_enum_inst_sum) gt_state_def) (> 1.0 s, timed out)
0.sledgehammer goal.unfolding 34229ms Simplex.Simplex 4111:171719  some Preplay: (smt (cvc5, trigger_multi) gt_state_def) (> 1.0 s, timed out)
0.sledgehammer goal.unfolding 34229ms Simplex.Simplex 4111:171719  some Preplay: (smt (cvc5, trigger_multi_prio) gt_state_def) (> 1.0 s, timed out)
0.sledgehammer goal.unfolding 34229ms Simplex.Simplex 4111:171719  some Preplay: (smt (cvc5, trigger_cache) gt_state_def) (> 1.0 s, timed out)
0.sledgehammer goal.unfolding 34229ms Simplex.Simplex 4111:171719  some Preplay: (smt (cvc5, trigger_linear) gt_state_def) (> 1.0 s, timed out)
0.sledgehammer goal.unfolding 34229ms Simplex.Simplex 4111:171719  some Preplay: (smt (cvc5, pre_skolem_quant) gt_state_def) (> 1.0 s, timed out)
0.sledgehammer goal.unfolding 34229ms Simplex.Simplex 4111:171719  some Preplay: (smt (cvc5, inst_when_full) gt_state_def) (> 1.0 s, timed out)
0.sledgehammer goal.unfolding 34229ms Simplex.Simplex 4111:171719  some Preplay: (smt (cvc5, no_cbqi) gt_state_def) (> 1.0 s, timed out)
0.sledgehammer goal.unfolding 34229ms Simplex.Simplex 4111:171719  some Preplay: (smt (cvc5, quant_ind) gt_state_def) (failed)
0.sledgehammer goal.unfolding 35767ms Simplex.Simplex 4136:172742  some (SH 35767ms, ATP 1686ms): Try this: by (smt (cvc5) gt_state_def)
0.sledgehammer goal.unfolding 35767ms Simplex.Simplex 4136:172742  some Preplay: (smt (cvc5, best) gt_state_def) (> 1.0 s, timed out)
0.sledgehammer goal.unfolding 35767ms Simplex.Simplex 4136:172742  some Preplay: (smt (cvc5, no_ematching) gt_state_def) (> 1.0 s, timed out)
0.sledgehammer goal.unfolding 35767ms Simplex.Simplex 4136:172742  some Preplay: (smt (cvc5, no_ematching_enum_inst_sum) gt_state_def) (> 1.0 s, timed out)
0.sledgehammer goal.unfolding 35767ms Simplex.Simplex 4136:172742  some Preplay: (smt (cvc5, trigger_multi) gt_state_def) (> 1.0 s, timed out)
0.sledgehammer goal.unfolding 35767ms Simplex.Simplex 4136:172742  some Preplay: (smt (cvc5, trigger_multi_prio) gt_state_def) (> 1.0 s, timed out)
0.sledgehammer goal.unfolding 35767ms Simplex.Simplex 4136:172742  some Preplay: (smt (cvc5, trigger_cache) gt_state_def) (> 1.0 s, timed out)
0.sledgehammer goal.unfolding 35767ms Simplex.Simplex 4136:172742  some Preplay: (smt (cvc5, trigger_linear) gt_state_def) (> 1.0 s, timed out)
0.sledgehammer goal.unfolding 35767ms Simplex.Simplex 4136:172742  some Preplay: (smt (cvc5, pre_skolem_quant) gt_state_def) (> 1.0 s, timed out)
0.sledgehammer goal.unfolding 35767ms Simplex.Simplex 4136:172742  some Preplay: (smt (cvc5, inst_when_full) gt_state_def) (> 1.0 s, timed out)
0.sledgehammer goal.unfolding 35767ms Simplex.Simplex 4136:172742  some Preplay: (smt (cvc5, no_cbqi) gt_state_def) (> 1.0 s, timed out)
0.sledgehammer goal.unfolding 35767ms Simplex.Simplex 4136:172742  some Preplay: (smt (cvc5, quant_ind) gt_state_def) (failed)
0.sledgehammer goal.apply     14060ms Simplex.Simplex 4732:192458  some (SH 14060ms, ATP 187ms): Try this: by (smt (cvc5, best) \<open>(SOME t. t \<in> {t. lvars t = L \<and> rvars t = V - L \<and> \<triangle> t \<and> (\<forall>v. v \<Turnstile>\<^sub>t t = v \<Turnstile>\<^sub>t t0)}) \<in> {t. lvars t = L \<and> rvars t = V - L \<and> \<triangle> t \<and> (\<forall>v. v \<Turnstile>\<^sub>t t = v \<Turnstile>\<^sub>t t0)}\<close> \<open>x \<in> {t. lvars t = L \<and> rvars t = V - L \<and> \<triangle> t \<and> (\<forall>v. v \<Turnstile>\<^sub>t t = v \<Turnstile>\<^sub>t t0)}\<close> mem_Collect_eq tableau_perm) (993 ms)
0.sledgehammer goal.apply     14060ms Simplex.Simplex 4732:192458  some Preplay: (smt (cvc5, best) \<open>(SOME t. t \<in> {t. lvars t = L \<and> rvars t = V - L \<and> \<triangle> t \<and> (\<forall>v. v \<Turnstile>\<^sub>t t = v \<Turnstile>\<^sub>t t0)}) \<in> {t. lvars t = L \<and> rvars t = V - L \<and> \<triangle> t \<and> (\<forall>v. v \<Turnstile>\<^sub>t t = v \<Turnstile>\<^sub>t t0)}\<close> \<open>x \<in> {t. lvars t = L \<and> rvars t = V - L \<and> \<triangle> t \<and> (\<forall>v. v \<Turnstile>\<^sub>t t = v \<Turnstile>\<^sub>t t0)}\<close> mem_Collect_eq tableau_perm) (993 ms)
0.sledgehammer goal.apply     14060ms Simplex.Simplex 4732:192458  some Preplay: (smt (cvc5, no_ematching_enum_inst_sum) \<open>(SOME t. t \<in> {t. lvars t = L \<and> rvars t = V - L \<and> \<triangle> t \<and> (\<forall>v. v \<Turnstile>\<^sub>t t = v \<Turnstile>\<^sub>t t0)}) \<in> {t. lvars t = L \<and> rvars t = V - L \<and> \<triangle> t \<and> (\<forall>v. v \<Turnstile>\<^sub>t t = v \<Turnstile>\<^sub>t t0)}\<close> \<open>x \<in> {t. lvars t = L \<and> rvars t = V - L \<and> \<triangle> t \<and> (\<forall>v. v \<Turnstile>\<^sub>t t = v \<Turnstile>\<^sub>t t0)}\<close> mem_Collect_eq tableau_perm) (1.1 s)
0.sledgehammer goal.apply     14060ms Simplex.Simplex 4732:192458  some Preplay: (smt (cvc5, trigger_multi) \<open>(SOME t. t \<in> {t. lvars t = L \<and> rvars t = V - L \<and> \<triangle> t \<and> (\<forall>v. v \<Turnstile>\<^sub>t t = v \<Turnstile>\<^sub>t t0)}) \<in> {t. lvars t = L \<and> rvars t = V - L \<and> \<triangle> t \<and> (\<forall>v. v \<Turnstile>\<^sub>t t = v \<Turnstile>\<^sub>t t0)}\<close> \<open>x \<in> {t. lvars t = L \<and> rvars t = V - L \<and> \<triangle> t \<and> (\<forall>v. v \<Turnstile>\<^sub>t t = v \<Turnstile>\<^sub>t t0)}\<close> mem_Collect_eq tableau_perm) (1.5 s)
0.sledgehammer goal.apply     14060ms Simplex.Simplex 4732:192458  some Preplay: (smt (cvc5, no_ematching) \<open>(SOME t. t \<in> {t. lvars t = L \<and> rvars t = V - L \<and> \<triangle> t \<and> (\<forall>v. v \<Turnstile>\<^sub>t t = v \<Turnstile>\<^sub>t t0)}) \<in> {t. lvars t = L \<and> rvars t = V - L \<and> \<triangle> t \<and> (\<forall>v. v \<Turnstile>\<^sub>t t = v \<Turnstile>\<^sub>t t0)}\<close> \<open>x \<in> {t. lvars t = L \<and> rvars t = V - L \<and> \<triangle> t \<and> (\<forall>v. v \<Turnstile>\<^sub>t t = v \<Turnstile>\<^sub>t t0)}\<close> mem_Collect_eq tableau_perm) (1.6 s)
0.sledgehammer goal.apply     14060ms Simplex.Simplex 4732:192458  some Preplay: (smt (cvc5, trigger_multi_prio) \<open>(SOME t. t \<in> {t. lvars t = L \<and> rvars t = V - L \<and> \<triangle> t \<and> (\<forall>v. v \<Turnstile>\<^sub>t t = v \<Turnstile>\<^sub>t t0)}) \<in> {t. lvars t = L \<and> rvars t = V - L \<and> \<triangle> t \<and> (\<forall>v. v \<Turnstile>\<^sub>t t = v \<Turnstile>\<^sub>t t0)}\<close> \<open>x \<in> {t. lvars t = L \<and> rvars t = V - L \<and> \<triangle> t \<and> (\<forall>v. v \<Turnstile>\<^sub>t t = v \<Turnstile>\<^sub>t t0)}\<close> mem_Collect_eq tableau_perm) (1.8 s)
0.sledgehammer goal.apply     14060ms Simplex.Simplex 4732:192458  some Preplay: (smt (cvc5, trigger_linear) \<open>(SOME t. t \<in> {t. lvars t = L \<and> rvars t = V - L \<and> \<triangle> t \<and> (\<forall>v. v \<Turnstile>\<^sub>t t = v \<Turnstile>\<^sub>t t0)}) \<in> {t. lvars t = L \<and> rvars t = V - L \<and> \<triangle> t \<and> (\<forall>v. v \<Turnstile>\<^sub>t t = v \<Turnstile>\<^sub>t t0)}\<close> \<open>x \<in> {t. lvars t = L \<and> rvars t = V - L \<and> \<triangle> t \<and> (\<forall>v. v \<Turnstile>\<^sub>t t = v \<Turnstile>\<^sub>t t0)}\<close> mem_Collect_eq tableau_perm) (2.1 s)
0.sledgehammer goal.apply     14060ms Simplex.Simplex 4732:192458  some Preplay: (smt (cvc5, inst_when_full) \<open>(SOME t. t \<in> {t. lvars t = L \<and> rvars t = V - L \<and> \<triangle> t \<and> (\<forall>v. v \<Turnstile>\<^sub>t t = v \<Turnstile>\<^sub>t t0)}) \<in> {t. lvars t = L \<and> rvars t = V - L \<and> \<triangle> t \<and> (\<forall>v. v \<Turnstile>\<^sub>t t = v \<Turnstile>\<^sub>t t0)}\<close> \<open>x \<in> {t. lvars t = L \<and> rvars t = V - L \<and> \<triangle> t \<and> (\<forall>v. v \<Turnstile>\<^sub>t t = v \<Turnstile>\<^sub>t t0)}\<close> mem_Collect_eq tableau_perm) (2.2 s)
0.sledgehammer goal.apply     14060ms Simplex.Simplex 4732:192458  some Preplay: (smt (cvc5, no_cbqi) \<open>(SOME t. t \<in> {t. lvars t = L \<and> rvars t = V - L \<and> \<triangle> t \<and> (\<forall>v. v \<Turnstile>\<^sub>t t = v \<Turnstile>\<^sub>t t0)}) \<in> {t. lvars t = L \<and> rvars t = V - L \<and> \<triangle> t \<and> (\<forall>v. v \<Turnstile>\<^sub>t t = v \<Turnstile>\<^sub>t t0)}\<close> \<open>x \<in> {t. lvars t = L \<and> rvars t = V - L \<and> \<triangle> t \<and> (\<forall>v. v \<Turnstile>\<^sub>t t = v \<Turnstile>\<^sub>t t0)}\<close> mem_Collect_eq tableau_perm) (2.3 s)
0.sledgehammer goal.apply     14060ms Simplex.Simplex 4732:192458  some Preplay: (smt (cvc5, trigger_cache) \<open>(SOME t. t \<in> {t. lvars t = L \<and> rvars t = V - L \<and> \<triangle> t \<and> (\<forall>v. v \<Turnstile>\<^sub>t t = v \<Turnstile>\<^sub>t t0)}) \<in> {t. lvars t = L \<and> rvars t = V - L \<and> \<triangle> t \<and> (\<forall>v. v \<Turnstile>\<^sub>t t = v \<Turnstile>\<^sub>t t0)}\<close> \<open>x \<in> {t. lvars t = L \<and> rvars t = V - L \<and> \<triangle> t \<and> (\<forall>v. v \<Turnstile>\<^sub>t t = v \<Turnstile>\<^sub>t t0)}\<close> mem_Collect_eq tableau_perm) (2.9 s)
0.sledgehammer goal.apply     14060ms Simplex.Simplex 4732:192458  some Preplay: (smt (cvc5, pre_skolem_quant) \<open>(SOME t. t \<in> {t. lvars t = L \<and> rvars t = V - L \<and> \<triangle> t \<and> (\<forall>v. v \<Turnstile>\<^sub>t t = v \<Turnstile>\<^sub>t t0)}) \<in> {t. lvars t = L \<and> rvars t = V - L \<and> \<triangle> t \<and> (\<forall>v. v \<Turnstile>\<^sub>t t = v \<Turnstile>\<^sub>t t0)}\<close> \<open>x \<in> {t. lvars t = L \<and> rvars t = V - L \<and> \<triangle> t \<and> (\<forall>v. v \<Turnstile>\<^sub>t t = v \<Turnstile>\<^sub>t t0)}\<close> mem_Collect_eq tableau_perm) (failed)
0.sledgehammer goal.apply     14060ms Simplex.Simplex 4732:192458  some Preplay: (smt (cvc5, quant_ind) \<open>(SOME t. t \<in> {t. lvars t = L \<and> rvars t = V - L \<and> \<triangle> t \<and> (\<forall>v. v \<Turnstile>\<^sub>t t = v \<Turnstile>\<^sub>t t0)}) \<in> {t. lvars t = L \<and> rvars t = V - L \<and> \<triangle> t \<and> (\<forall>v. v \<Turnstile>\<^sub>t t = v \<Turnstile>\<^sub>t t0)}\<close> \<open>x \<in> {t. lvars t = L \<and> rvars t = V - L \<and> \<triangle> t \<and> (\<forall>v. v \<Turnstile>\<^sub>t t = v \<Turnstile>\<^sub>t t0)}\<close> mem_Collect_eq tableau_perm) (failed)
0.sledgehammer goal.by        75531ms Simplex.Simplex 5008:201242  some (SH 75530ms, ATP 1174ms): Try this: by (smt (cvc5, best) mem_Collect_eq old.prod.case tranclD2) (662 ms)
0.sledgehammer goal.by        75531ms Simplex.Simplex 5008:201242  some Preplay: (smt (cvc5, best) mem_Collect_eq old.prod.case tranclD2) (662 ms)
0.sledgehammer goal.by        75531ms Simplex.Simplex 5008:201242  some Preplay: (smt (cvc5, trigger_cache) mem_Collect_eq old.prod.case tranclD2) (1.8 s)
0.sledgehammer goal.by        75531ms Simplex.Simplex 5008:201242  some Preplay: (smt (cvc5, inst_when_full) mem_Collect_eq old.prod.case tranclD2) (2.1 s)
0.sledgehammer goal.by        75531ms Simplex.Simplex 5008:201242  some Preplay: (smt (cvc5, trigger_multi_prio) mem_Collect_eq old.prod.case tranclD2) (2.1 s)
0.sledgehammer goal.by        75531ms Simplex.Simplex 5008:201242  some Preplay: (smt (cvc5, no_ematching) mem_Collect_eq old.prod.case tranclD2) (> 662 ms, timed out)
0.sledgehammer goal.by        75531ms Simplex.Simplex 5008:201242  some Preplay: (smt (cvc5, no_ematching_enum_inst_sum) mem_Collect_eq old.prod.case tranclD2) (> 662 ms, timed out)
0.sledgehammer goal.by        75531ms Simplex.Simplex 5008:201242  some Preplay: (smt (cvc5, trigger_multi) mem_Collect_eq old.prod.case tranclD2) (> 662 ms, timed out)
0.sledgehammer goal.by        75531ms Simplex.Simplex 5008:201242  some Preplay: (smt (cvc5, trigger_linear) mem_Collect_eq old.prod.case tranclD2) (> 662 ms, timed out)
0.sledgehammer goal.by        75531ms Simplex.Simplex 5008:201242  some Preplay: (smt (cvc5, no_cbqi) mem_Collect_eq old.prod.case tranclD2) (> 662 ms, timed out)
0.sledgehammer goal.by        75531ms Simplex.Simplex 5008:201242  some Preplay: (smt (cvc5, quant_ind) mem_Collect_eq old.prod.case tranclD2) (> 662 ms, timed out)
0.sledgehammer goal.by        75531ms Simplex.Simplex 5008:201242  some Preplay: (smt (cvc5, pre_skolem_quant) mem_Collect_eq old.prod.case tranclD2) (failed)
0.sledgehammer goal.using     56522ms Simplex.Simplex 5084:203641  timeout (SH 56522ms):
0.sledgehammer goal.using     15264ms Simplex.Simplex 5424:213779  timeout (SH 15264ms): Timed out
0.sledgehammer goal.using     54348ms Simplex.Simplex 5662:223958  timeout (SH 54348ms):
0.sledgehammer goal.using     54462ms Simplex.Simplex 5663:224028  timeout (SH 54462ms):
0.sledgehammer goal.using     55139ms Simplex.Simplex 5664:224078  timeout (SH 55139ms):
0.sledgehammer goal.using     55331ms Simplex.Simplex 5665:224138  some (SH 55331ms, ATP 3881ms): Try this: by (smt (cvc5) PivotUpdateMinVars.succ_min_rvar PivotUpdateMinVars_axioms dir2)
0.sledgehammer goal.using     55331ms Simplex.Simplex 5665:224138  some Preplay: (smt (cvc5, best) PivotUpdateMinVars.succ_min_rvar PivotUpdateMinVars_axioms dir2) (> 1.0 s, timed out)
0.sledgehammer goal.using     55331ms Simplex.Simplex 5665:224138  some Preplay: (smt (cvc5, no_ematching) PivotUpdateMinVars.succ_min_rvar PivotUpdateMinVars_axioms dir2) (> 1.0 s, timed out)
0.sledgehammer goal.using     55331ms Simplex.Simplex 5665:224138  some Preplay: (smt (cvc5, no_ematching_enum_inst_sum) PivotUpdateMinVars.succ_min_rvar PivotUpdateMinVars_axioms dir2) (> 1.0 s, timed out)
0.sledgehammer goal.using     55331ms Simplex.Simplex 5665:224138  some Preplay: (smt (cvc5, trigger_multi) PivotUpdateMinVars.succ_min_rvar PivotUpdateMinVars_axioms dir2) (> 1.0 s, timed out)
0.sledgehammer goal.using     55331ms Simplex.Simplex 5665:224138  some Preplay: (smt (cvc5, trigger_multi_prio) PivotUpdateMinVars.succ_min_rvar PivotUpdateMinVars_axioms dir2) (> 1.0 s, timed out)
0.sledgehammer goal.using     55331ms Simplex.Simplex 5665:224138  some Preplay: (smt (cvc5, trigger_cache) PivotUpdateMinVars.succ_min_rvar PivotUpdateMinVars_axioms dir2) (> 1.0 s, timed out)
0.sledgehammer goal.using     55331ms Simplex.Simplex 5665:224138  some Preplay: (smt (cvc5, trigger_linear) PivotUpdateMinVars.succ_min_rvar PivotUpdateMinVars_axioms dir2) (> 1.0 s, timed out)
0.sledgehammer goal.using     55331ms Simplex.Simplex 5665:224138  some Preplay: (smt (cvc5, pre_skolem_quant) PivotUpdateMinVars.succ_min_rvar PivotUpdateMinVars_axioms dir2) (> 1.0 s, timed out)
0.sledgehammer goal.using     55331ms Simplex.Simplex 5665:224138  some Preplay: (smt (cvc5, inst_when_full) PivotUpdateMinVars.succ_min_rvar PivotUpdateMinVars_axioms dir2) (> 1.0 s, timed out)
0.sledgehammer goal.using     55331ms Simplex.Simplex 5665:224138  some Preplay: (smt (cvc5, no_cbqi) PivotUpdateMinVars.succ_min_rvar PivotUpdateMinVars_axioms dir2) (> 1.0 s, timed out)
0.sledgehammer goal.using     55331ms Simplex.Simplex 5665:224138  some Preplay: (smt (cvc5, quant_ind) PivotUpdateMinVars.succ_min_rvar PivotUpdateMinVars_axioms dir2) (> 1.0 s, timed out)
0.sledgehammer goal.apply     56998ms Simplex.Simplex 5908:233123  timeout (SH 56998ms):
0.sledgehammer goal.proof     56055ms Simplex.Simplex 5945:234516  timeout (SH 56055ms):
0.sledgehammer goal.using     53933ms Simplex.Simplex 5963:235444  timeout (SH 53933ms):
0.sledgehammer goal.using     53876ms Simplex.Simplex 5964:235536  timeout (SH 53876ms):
0.sledgehammer goal.proof     55760ms Simplex.Simplex 6014:237216  timeout (SH 55760ms):
0.sledgehammer goal.proof     39631ms Simplex.Simplex 6043:238444  some (SH 39630ms, ATP 562ms): Try this: by (smt (cvc5, quant_ind) fun_upd_other fun_upd_same valuate_update_x) (580 ms)
0.sledgehammer goal.proof     39631ms Simplex.Simplex 6043:238444  some Preplay: (smt (cvc5, quant_ind) fun_upd_other fun_upd_same valuate_update_x) (580 ms)
0.sledgehammer goal.proof     39631ms Simplex.Simplex 6043:238444  some Preplay: (smt (cvc5, no_cbqi) fun_upd_other fun_upd_same valuate_update_x) (685 ms)
0.sledgehammer goal.proof     39631ms Simplex.Simplex 6043:238444  some Preplay: (smt (cvc5, best) fun_upd_other fun_upd_same valuate_update_x) (827 ms)
0.sledgehammer goal.proof     39631ms Simplex.Simplex 6043:238444  some Preplay: (smt (cvc5, trigger_multi) fun_upd_other fun_upd_same valuate_update_x) (961 ms)
0.sledgehammer goal.proof     39631ms Simplex.Simplex 6043:238444  some Preplay: (smt (cvc5, inst_when_full) fun_upd_other fun_upd_same valuate_update_x) (963 ms)
0.sledgehammer goal.proof     39631ms Simplex.Simplex 6043:238444  some Preplay: (smt (cvc5, no_ematching) fun_upd_other fun_upd_same valuate_update_x) (972 ms)
0.sledgehammer goal.proof     39631ms Simplex.Simplex 6043:238444  some Preplay: (smt (cvc5, trigger_multi_prio) fun_upd_other fun_upd_same valuate_update_x) (998 ms)
0.sledgehammer goal.proof     39631ms Simplex.Simplex 6043:238444  some Preplay: (smt (cvc5, trigger_cache) fun_upd_other fun_upd_same valuate_update_x) (1.0 s)
0.sledgehammer goal.proof     39631ms Simplex.Simplex 6043:238444  some Preplay: (smt (cvc5, trigger_linear) fun_upd_other fun_upd_same valuate_update_x) (1.0 s)
0.sledgehammer goal.proof     39631ms Simplex.Simplex 6043:238444  some Preplay: (smt (cvc5, no_ematching_enum_inst_sum) fun_upd_other fun_upd_same valuate_update_x) (1.2 s)
0.sledgehammer goal.proof     39631ms Simplex.Simplex 6043:238444  some Preplay: (smt (cvc5, pre_skolem_quant) fun_upd_other fun_upd_same valuate_update_x) (failed)
0.sledgehammer goal.using     58008ms Simplex.Simplex 6766:272207  timeout (SH 58008ms):
0.sledgehammer goal.using     58978ms Simplex.Simplex 6767:272333  timeout (SH 58978ms):
0.sledgehammer goal.by        53089ms Simplex.Simplex 6768:272393  timeout (SH 53089ms):
0.sledgehammer goal.by        56181ms Simplex.Simplex 6871:276014  timeout (SH 56181ms):
0.sledgehammer goal.proof     57197ms Simplex.Simplex 6882:276439  timeout (SH 57197ms):
0.sledgehammer goal.using     55505ms Simplex.Simplex 6949:279061  timeout (SH 55505ms):
0.sledgehammer goal.using     83645ms Simplex.Simplex 7422:300441  some (SH 83644ms, ATP 194ms): Try this: by (smt (cvc5, inst_when_full) Sup_le_iff Un_iff fresh_var_monoinc in_mono linorder_not_less list.set_intros(2) list.simps(9) sup.strict_order_iff) (356 ms)
0.sledgehammer goal.using     83645ms Simplex.Simplex 7422:300441  some Preplay: (smt (cvc5, inst_when_full) Sup_le_iff Un_iff fresh_var_monoinc in_mono linorder_not_less list.set_intros(2) list.simps(9) sup.strict_order_iff) (356 ms)
0.sledgehammer goal.using     83645ms Simplex.Simplex 7422:300441  some Preplay: (smt (cvc5, pre_skolem_quant) Sup_le_iff Un_iff fresh_var_monoinc in_mono linorder_not_less list.set_intros(2) list.simps(9) sup.strict_order_iff) (405 ms)
0.sledgehammer goal.using     83645ms Simplex.Simplex 7422:300441  some Preplay: (smt (cvc5, best) Sup_le_iff Un_iff fresh_var_monoinc in_mono linorder_not_less list.set_intros(2) list.simps(9) sup.strict_order_iff) (441 ms)
0.sledgehammer goal.using     83645ms Simplex.Simplex 7422:300441  some Preplay: (smt (cvc5, trigger_cache) Sup_le_iff Un_iff fresh_var_monoinc in_mono linorder_not_less list.set_intros(2) list.simps(9) sup.strict_order_iff) (536 ms)
0.sledgehammer goal.using     83645ms Simplex.Simplex 7422:300441  some Preplay: (smt (cvc5, trigger_multi_prio) Sup_le_iff Un_iff fresh_var_monoinc in_mono linorder_not_less list.set_intros(2) list.simps(9) sup.strict_order_iff) (653 ms)
0.sledgehammer goal.using     83645ms Simplex.Simplex 7422:300441  some Preplay: (smt (cvc5, trigger_linear) Sup_le_iff Un_iff fresh_var_monoinc in_mono linorder_not_less list.set_intros(2) list.simps(9) sup.strict_order_iff) (663 ms)
0.sledgehammer goal.using     83645ms Simplex.Simplex 7422:300441  some Preplay: (smt (cvc5, trigger_multi) Sup_le_iff Un_iff fresh_var_monoinc in_mono linorder_not_less list.set_intros(2) list.simps(9) sup.strict_order_iff) (1.1 s)
0.sledgehammer goal.using     83645ms Simplex.Simplex 7422:300441  some Preplay: (smt (cvc5, no_cbqi) Sup_le_iff Un_iff fresh_var_monoinc in_mono linorder_not_less list.set_intros(2) list.simps(9) sup.strict_order_iff) (> 356 ms, timed out)
0.sledgehammer goal.using     83645ms Simplex.Simplex 7422:300441  some Preplay: (smt (cvc5, no_ematching) Sup_le_iff Un_iff fresh_var_monoinc in_mono linorder_not_less list.set_intros(2) list.simps(9) sup.strict_order_iff) (> 441 ms, timed out)
0.sledgehammer goal.using     83645ms Simplex.Simplex 7422:300441  some Preplay: (smt (cvc5, no_ematching_enum_inst_sum) Sup_le_iff Un_iff fresh_var_monoinc in_mono linorder_not_less list.set_intros(2) list.simps(9) sup.strict_order_iff) (> 441 ms, timed out)
0.sledgehammer goal.using     83645ms Simplex.Simplex 7422:300441  some Preplay: (smt (cvc5, quant_ind) Sup_le_iff Un_iff fresh_var_monoinc in_mono linorder_not_less list.set_intros(2) list.simps(9) sup.strict_order_iff) (failed)
0.sledgehammer goal.by        54052ms Simplex.Simplex 7423:300489  timeout (SH 54052ms):
0.sledgehammer goal.using     55339ms Simplex.Simplex 7483:302931  timeout (SH 55339ms):
0.sledgehammer goal.unfolding 44731ms Simplex.Simplex 7484:302976  some (SH 44731ms, ATP 793ms): Try this: by (smt (cvc5, best) disjoint_iff_not_equal linorder_not_less normalized_tableau_def rhs_no_zero_tableau_start subset_eq) (322 ms)
0.sledgehammer goal.unfolding 44731ms Simplex.Simplex 7484:302976  some Preplay: (smt (cvc5, best) disjoint_iff_not_equal linorder_not_less normalized_tableau_def rhs_no_zero_tableau_start subset_eq) (322 ms)
0.sledgehammer goal.unfolding 44731ms Simplex.Simplex 7484:302976  some Preplay: (smt (cvc5, no_ematching) disjoint_iff_not_equal linorder_not_less normalized_tableau_def rhs_no_zero_tableau_start subset_eq) (455 ms)
0.sledgehammer goal.unfolding 44731ms Simplex.Simplex 7484:302976  some Preplay: (smt (cvc5, trigger_multi) disjoint_iff_not_equal linorder_not_less normalized_tableau_def rhs_no_zero_tableau_start subset_eq) (550 ms)
0.sledgehammer goal.unfolding 44731ms Simplex.Simplex 7484:302976  some Preplay: (smt (cvc5, no_ematching_enum_inst_sum) disjoint_iff_not_equal linorder_not_less normalized_tableau_def rhs_no_zero_tableau_start subset_eq) (576 ms)
0.sledgehammer goal.unfolding 44731ms Simplex.Simplex 7484:302976  some Preplay: (smt (cvc5, trigger_multi_prio) disjoint_iff_not_equal linorder_not_less normalized_tableau_def rhs_no_zero_tableau_start subset_eq) (879 ms)
0.sledgehammer goal.unfolding 44731ms Simplex.Simplex 7484:302976  some Preplay: (smt (cvc5, pre_skolem_quant) disjoint_iff_not_equal linorder_not_less normalized_tableau_def rhs_no_zero_tableau_start subset_eq) (1.0 s)
0.sledgehammer goal.unfolding 44731ms Simplex.Simplex 7484:302976  some Preplay: (smt (cvc5, trigger_cache) disjoint_iff_not_equal linorder_not_less normalized_tableau_def rhs_no_zero_tableau_start subset_eq) (1.0 s)
0.sledgehammer goal.unfolding 44731ms Simplex.Simplex 7484:302976  some Preplay: (smt (cvc5, no_cbqi) disjoint_iff_not_equal linorder_not_less normalized_tableau_def rhs_no_zero_tableau_start subset_eq) (1.1 s)
0.sledgehammer goal.unfolding 44731ms Simplex.Simplex 7484:302976  some Preplay: (smt (cvc5, inst_when_full) disjoint_iff_not_equal linorder_not_less normalized_tableau_def rhs_no_zero_tableau_start subset_eq) (1.1 s)
0.sledgehammer goal.unfolding 44731ms Simplex.Simplex 7484:302976  some Preplay: (smt (cvc5, trigger_linear) disjoint_iff_not_equal linorder_not_less normalized_tableau_def rhs_no_zero_tableau_start subset_eq) (> 322 ms, timed out)
0.sledgehammer goal.unfolding 44731ms Simplex.Simplex 7484:302976  some Preplay: (smt (cvc5, quant_ind) disjoint_iff_not_equal linorder_not_less normalized_tableau_def rhs_no_zero_tableau_start subset_eq) (failed)
0.sledgehammer goal.by        28069ms Simplex.Simplex 7485:303021  some (SH 28069ms, ATP 732ms): Try this: by (smt (cvc5, best) disjoint_iff_not_equal in_mono linorder_not_less rhs_no_zero_tableau_start) (368 ms)
0.sledgehammer goal.by        28069ms Simplex.Simplex 7485:303021  some Preplay: (smt (cvc5, best) disjoint_iff_not_equal in_mono linorder_not_less rhs_no_zero_tableau_start) (368 ms)
0.sledgehammer goal.by        28069ms Simplex.Simplex 7485:303021  some Preplay: (smt (cvc5, trigger_multi) disjoint_iff_not_equal in_mono linorder_not_less rhs_no_zero_tableau_start) (759 ms)
0.sledgehammer goal.by        28069ms Simplex.Simplex 7485:303021  some Preplay: (smt (cvc5, no_ematching) disjoint_iff_not_equal in_mono linorder_not_less rhs_no_zero_tableau_start) (873 ms)
0.sledgehammer goal.by        28069ms Simplex.Simplex 7485:303021  some Preplay: (smt (cvc5, no_ematching_enum_inst_sum) disjoint_iff_not_equal in_mono linorder_not_less rhs_no_zero_tableau_start) (874 ms)
0.sledgehammer goal.by        28069ms Simplex.Simplex 7485:303021  some Preplay: (smt (cvc5, trigger_multi_prio) disjoint_iff_not_equal in_mono linorder_not_less rhs_no_zero_tableau_start) (879 ms)
0.sledgehammer goal.by        28069ms Simplex.Simplex 7485:303021  some Preplay: (smt (cvc5, trigger_cache) disjoint_iff_not_equal in_mono linorder_not_less rhs_no_zero_tableau_start) (1.0 s)
0.sledgehammer goal.by        28069ms Simplex.Simplex 7485:303021  some Preplay: (smt (cvc5, trigger_linear) disjoint_iff_not_equal in_mono linorder_not_less rhs_no_zero_tableau_start) (1.0 s)
0.sledgehammer goal.by        28069ms Simplex.Simplex 7485:303021  some Preplay: (smt (cvc5, pre_skolem_quant) disjoint_iff_not_equal in_mono linorder_not_less rhs_no_zero_tableau_start) (1.0 s)
0.sledgehammer goal.by        28069ms Simplex.Simplex 7485:303021  some Preplay: (smt (cvc5, inst_when_full) disjoint_iff_not_equal in_mono linorder_not_less rhs_no_zero_tableau_start) (1.0 s)
0.sledgehammer goal.by        28069ms Simplex.Simplex 7485:303021  some Preplay: (smt (cvc5, no_cbqi) disjoint_iff_not_equal in_mono linorder_not_less rhs_no_zero_tableau_start) (1.1 s)
0.sledgehammer goal.by        28069ms Simplex.Simplex 7485:303021  some Preplay: (smt (cvc5, quant_ind) disjoint_iff_not_equal in_mono linorder_not_less rhs_no_zero_tableau_start) (failed)
0.sledgehammer goal.unfolding 47062ms Simplex.Simplex 7514:304493  some (SH 47062ms, ATP 180ms): Try this: by (smt (cvc5) atom.exhaust atom_var.simps(1,2) fun_upd_apply satisfies_atom.simps(1,2) tv)
0.sledgehammer goal.unfolding 47062ms Simplex.Simplex 7514:304493  some Preplay: (smt (cvc5, best) atom.exhaust atom_var.simps(1,2) fun_upd_apply satisfies_atom.simps(1,2) tv) (> 1.0 s, timed out)
0.sledgehammer goal.unfolding 47062ms Simplex.Simplex 7514:304493  some Preplay: (smt (cvc5, no_ematching) atom.exhaust atom_var.simps(1,2) fun_upd_apply satisfies_atom.simps(1,2) tv) (> 1.0 s, timed out)
0.sledgehammer goal.unfolding 47062ms Simplex.Simplex 7514:304493  some Preplay: (smt (cvc5, no_ematching_enum_inst_sum) atom.exhaust atom_var.simps(1,2) fun_upd_apply satisfies_atom.simps(1,2) tv) (> 1.0 s, timed out)
0.sledgehammer goal.unfolding 47062ms Simplex.Simplex 7514:304493  some Preplay: (smt (cvc5, trigger_multi) atom.exhaust atom_var.simps(1,2) fun_upd_apply satisfies_atom.simps(1,2) tv) (> 1.0 s, timed out)
0.sledgehammer goal.unfolding 47062ms Simplex.Simplex 7514:304493  some Preplay: (smt (cvc5, trigger_multi_prio) atom.exhaust atom_var.simps(1,2) fun_upd_apply satisfies_atom.simps(1,2) tv) (> 1.0 s, timed out)
0.sledgehammer goal.unfolding 47062ms Simplex.Simplex 7514:304493  some Preplay: (smt (cvc5, trigger_cache) atom.exhaust atom_var.simps(1,2) fun_upd_apply satisfies_atom.simps(1,2) tv) (> 1.0 s, timed out)
0.sledgehammer goal.unfolding 47062ms Simplex.Simplex 7514:304493  some Preplay: (smt (cvc5, trigger_linear) atom.exhaust atom_var.simps(1,2) fun_upd_apply satisfies_atom.simps(1,2) tv) (> 1.0 s, timed out)
0.sledgehammer goal.unfolding 47062ms Simplex.Simplex 7514:304493  some Preplay: (smt (cvc5, inst_when_full) atom.exhaust atom_var.simps(1,2) fun_upd_apply satisfies_atom.simps(1,2) tv) (> 1.0 s, timed out)
0.sledgehammer goal.unfolding 47062ms Simplex.Simplex 7514:304493  some Preplay: (smt (cvc5, no_cbqi) atom.exhaust atom_var.simps(1,2) fun_upd_apply satisfies_atom.simps(1,2) tv) (> 1.0 s, timed out)
0.sledgehammer goal.unfolding 47062ms Simplex.Simplex 7514:304493  some Preplay: (smt (cvc5, pre_skolem_quant) atom.exhaust atom_var.simps(1,2) fun_upd_apply satisfies_atom.simps(1,2) tv) (failed)
0.sledgehammer goal.unfolding 47062ms Simplex.Simplex 7514:304493  some Preplay: (smt (cvc5, quant_ind) atom.exhaust atom_var.simps(1,2) fun_upd_apply satisfies_atom.simps(1,2) tv) (failed)
0.sledgehammer goal.unfolding 61963ms Simplex.Simplex 7629:309798  timeout (SH 61963ms):
0.sledgehammer goal.by        37862ms Simplex.Simplex 8033:328407  some (SH 37862ms, ATP 625ms): Try this: by (smt (cvc5) fst_conv fst_conv image_Collect_subsetI image_iff)
0.sledgehammer goal.by        37862ms Simplex.Simplex 8033:328407  some Preplay: (smt (cvc5, best) fst_conv image_Collect_subsetI image_iff) (> 1.0 s, timed out)
0.sledgehammer goal.by        37862ms Simplex.Simplex 8033:328407  some Preplay: (smt (cvc5, no_ematching) fst_conv image_Collect_subsetI image_iff) (> 1.0 s, timed out)
0.sledgehammer goal.by        37862ms Simplex.Simplex 8033:328407  some Preplay: (smt (cvc5, no_ematching_enum_inst_sum) fst_conv image_Collect_subsetI image_iff) (> 1.0 s, timed out)
0.sledgehammer goal.by        37862ms Simplex.Simplex 8033:328407  some Preplay: (smt (cvc5, trigger_multi) fst_conv image_Collect_subsetI image_iff) (> 1.0 s, timed out)
0.sledgehammer goal.by        37862ms Simplex.Simplex 8033:328407  some Preplay: (smt (cvc5, trigger_multi_prio) fst_conv image_Collect_subsetI image_iff) (> 1.0 s, timed out)
0.sledgehammer goal.by        37862ms Simplex.Simplex 8033:328407  some Preplay: (smt (cvc5, trigger_cache) fst_conv image_Collect_subsetI image_iff) (> 1.0 s, timed out)
0.sledgehammer goal.by        37862ms Simplex.Simplex 8033:328407  some Preplay: (smt (cvc5, trigger_linear) fst_conv image_Collect_subsetI image_iff) (> 1.0 s, timed out)
0.sledgehammer goal.by        37862ms Simplex.Simplex 8033:328407  some Preplay: (smt (cvc5, inst_when_full) fst_conv image_Collect_subsetI image_iff) (> 1.0 s, timed out)
0.sledgehammer goal.by        37862ms Simplex.Simplex 8033:328407  some Preplay: (smt (cvc5, no_cbqi) fst_conv image_Collect_subsetI image_iff) (> 1.0 s, timed out)
0.sledgehammer goal.by        37862ms Simplex.Simplex 8033:328407  some Preplay: (smt (cvc5, pre_skolem_quant) fst_conv image_Collect_subsetI image_iff) (failed)
0.sledgehammer goal.by        37862ms Simplex.Simplex 8033:328407  some Preplay: (smt (cvc5, quant_ind) fst_conv image_Collect_subsetI image_iff) (failed)
0.sledgehammer goal.by        56616ms Simplex.Simplex_Incremental 55:2410  timeout (SH 56615ms):
0.sledgehammer goal.proof     76898ms Simplex.Simplex_Incremental 338:13900  some (SH 76897ms, ATP 1101ms): Try this: by (smt (cvc5) Compl_iff in_bounds.elims(3) satisfies_bounds_iff v)
0.sledgehammer goal.proof     76898ms Simplex.Simplex_Incremental 338:13900  some Preplay: (smt (cvc5, best) Compl_iff in_bounds.elims(3) satisfies_bounds_iff v) (> 1.0 s, timed out)
0.sledgehammer goal.proof     76898ms Simplex.Simplex_Incremental 338:13900  some Preplay: (smt (cvc5, no_ematching) Compl_iff in_bounds.elims(3) satisfies_bounds_iff v) (> 1.0 s, timed out)
0.sledgehammer goal.proof     76898ms Simplex.Simplex_Incremental 338:13900  some Preplay: (smt (cvc5, no_ematching_enum_inst_sum) Compl_iff in_bounds.elims(3) satisfies_bounds_iff v) (> 1.0 s, timed out)
0.sledgehammer goal.proof     76898ms Simplex.Simplex_Incremental 338:13900  some Preplay: (smt (cvc5, trigger_multi) Compl_iff in_bounds.elims(3) satisfies_bounds_iff v) (> 1.0 s, timed out)
0.sledgehammer goal.proof     76898ms Simplex.Simplex_Incremental 338:13900  some Preplay: (smt (cvc5, trigger_multi_prio) Compl_iff in_bounds.elims(3) satisfies_bounds_iff v) (> 1.0 s, timed out)
0.sledgehammer goal.proof     76898ms Simplex.Simplex_Incremental 338:13900  some Preplay: (smt (cvc5, trigger_cache) Compl_iff in_bounds.elims(3) satisfies_bounds_iff v) (> 1.0 s, timed out)
0.sledgehammer goal.proof     76898ms Simplex.Simplex_Incremental 338:13900  some Preplay: (smt (cvc5, trigger_linear) Compl_iff in_bounds.elims(3) satisfies_bounds_iff v) (> 1.0 s, timed out)
0.sledgehammer goal.proof     76898ms Simplex.Simplex_Incremental 338:13900  some Preplay: (smt (cvc5, inst_when_full) Compl_iff in_bounds.elims(3) satisfies_bounds_iff v) (> 1.0 s, timed out)
0.sledgehammer goal.proof     76898ms Simplex.Simplex_Incremental 338:13900  some Preplay: (smt (cvc5, no_cbqi) Compl_iff in_bounds.elims(3) satisfies_bounds_iff v) (> 1.0 s, timed out)
0.sledgehammer goal.proof     76898ms Simplex.Simplex_Incremental 338:13900  some Preplay: (smt (cvc5, pre_skolem_quant) Compl_iff in_bounds.elims(3) satisfies_bounds_iff v) (failed)
0.sledgehammer goal.proof     76898ms Simplex.Simplex_Incremental 338:13900  some Preplay: (smt (cvc5, quant_ind) Compl_iff in_bounds.elims(3) satisfies_bounds_iff v) (failed)
0.sledgehammer goal.by        54753ms Simplex.Simplex_Incremental 665:29292  timeout (SH 54753ms):
0.sledgehammer goal.by        40971ms Simplex.Simplex_Incremental 853:38343  some (SH 40970ms, ATP 1827ms): Try this: by (smt (cvc5) Incremental_Atom_Ops_For_NS_Constraint_Ops_Default.backtrack_nsc.simps Incremental_Simplex.backtrack_cs.elims backtrack_simplex.simps prod.inject prod_cases3)
0.sledgehammer goal.by        40971ms Simplex.Simplex_Incremental 853:38343  some Preplay: (smt (cvc5, best) Incremental_Atom_Ops_For_NS_Constraint_Ops_Default.backtrack_nsc.simps Incremental_Simplex.backtrack_cs.elims backtrack_simplex.simps prod.inject prod_cases3) (> 1.0 s, timed out)
0.sledgehammer goal.by        40971ms Simplex.Simplex_Incremental 853:38343  some Preplay: (smt (cvc5, no_ematching) Incremental_Atom_Ops_For_NS_Constraint_Ops_Default.backtrack_nsc.simps Incremental_Simplex.backtrack_cs.elims backtrack_simplex.simps prod.inject prod_cases3) (> 1.0 s, timed out)
0.sledgehammer goal.by        40971ms Simplex.Simplex_Incremental 853:38343  some Preplay: (smt (cvc5, no_ematching_enum_inst_sum) Incremental_Atom_Ops_For_NS_Constraint_Ops_Default.backtrack_nsc.simps Incremental_Simplex.backtrack_cs.elims backtrack_simplex.simps prod.inject prod_cases3) (> 1.0 s, timed out)
0.sledgehammer goal.by        40971ms Simplex.Simplex_Incremental 853:38343  some Preplay: (smt (cvc5, trigger_multi) Incremental_Atom_Ops_For_NS_Constraint_Ops_Default.backtrack_nsc.simps Incremental_Simplex.backtrack_cs.elims backtrack_simplex.simps prod.inject prod_cases3) (> 1.0 s, timed out)
0.sledgehammer goal.by        40971ms Simplex.Simplex_Incremental 853:38343  some Preplay: (smt (cvc5, trigger_multi_prio) Incremental_Atom_Ops_For_NS_Constraint_Ops_Default.backtrack_nsc.simps Incremental_Simplex.backtrack_cs.elims backtrack_simplex.simps prod.inject prod_cases3) (> 1.0 s, timed out)
0.sledgehammer goal.by        40971ms Simplex.Simplex_Incremental 853:38343  some Preplay: (smt (cvc5, trigger_cache) Incremental_Atom_Ops_For_NS_Constraint_Ops_Default.backtrack_nsc.simps Incremental_Simplex.backtrack_cs.elims backtrack_simplex.simps prod.inject prod_cases3) (> 1.0 s, timed out)
0.sledgehammer goal.by        40971ms Simplex.Simplex_Incremental 853:38343  some Preplay: (smt (cvc5, trigger_linear) Incremental_Atom_Ops_For_NS_Constraint_Ops_Default.backtrack_nsc.simps Incremental_Simplex.backtrack_cs.elims backtrack_simplex.simps prod.inject prod_cases3) (> 1.0 s, timed out)
0.sledgehammer goal.by        40971ms Simplex.Simplex_Incremental 853:38343  some Preplay: (smt (cvc5, inst_when_full) Incremental_Atom_Ops_For_NS_Constraint_Ops_Default.backtrack_nsc.simps Incremental_Simplex.backtrack_cs.elims backtrack_simplex.simps prod.inject prod_cases3) (> 1.0 s, timed out)
0.sledgehammer goal.by        40971ms Simplex.Simplex_Incremental 853:38343  some Preplay: (smt (cvc5, no_cbqi) Incremental_Atom_Ops_For_NS_Constraint_Ops_Default.backtrack_nsc.simps Incremental_Simplex.backtrack_cs.elims backtrack_simplex.simps prod.inject prod_cases3) (> 1.0 s, timed out)
0.sledgehammer goal.by        40971ms Simplex.Simplex_Incremental 853:38343  some Preplay: (smt (cvc5, pre_skolem_quant) Incremental_Atom_Ops_For_NS_Constraint_Ops_Default.backtrack_nsc.simps Incremental_Simplex.backtrack_cs.elims backtrack_simplex.simps prod.inject prod_cases3) (failed)
0.sledgehammer goal.by        40971ms Simplex.Simplex_Incremental 853:38343  some Preplay: (smt (cvc5, quant_ind) Incremental_Atom_Ops_For_NS_Constraint_Ops_Default.backtrack_nsc.simps Incremental_Simplex.backtrack_cs.elims backtrack_simplex.simps prod.inject prod_cases3) (failed)
0.sledgehammer goal.using     15740ms Simplex.Simplex_Incremental 917:40895  timeout (SH 15740ms): Timed out
0.sledgehammer goal.by        55497ms Simplex.Simplex_Incremental 976:43283  timeout (SH 55497ms):
0.sledgehammer finalize   Total number of sledgehammer calls: 70
0.sledgehammer finalize   Number of successful sledgehammer calls: 37
0.sledgehammer finalize   Number of sledgehammer lemmas: 203
0.sledgehammer finalize   Max number of sledgehammer lemmas: 14
0.sledgehammer finalize   Success rate: 52.9%
0.sledgehammer finalize   Total number of nontrivial sledgehammer calls: 70
0.sledgehammer finalize   Number of successful nontrivial sledgehammer calls: 37
0.sledgehammer finalize   Total time for sledgehammer calls (Isabelle): 3196.927
0.sledgehammer finalize   Total time for successful sledgehammer calls (ATP): 40.513
0.sledgehammer finalize   Average time for sledgehammer calls (Isabelle): 45.670
0.sledgehammer finalize   Average time for successful sledgehammer calls (ATP): 1.095
