Abstract_Linear_Poly/mirabelle.log:0.sledgehammer goal.by        19657ms Simplex.Abstract_Linear_Poly 265:9052  some (SH 19657ms, ATP 825ms): Try this: by (smt (verit, best) Collect_cong) (249 ms)
Linear_Poly_Maps/mirabelle.log:0.sledgehammer goal.by        45120ms Simplex.Linear_Poly_Maps 33:1280  some (SH 45120ms, ATP 1129ms): Try this: by (smt (z3) bi_uniqueDl linear_poly.bi_unique rel_funI rel_fun_eq) (607 ms)
Linear_Poly_Maps/mirabelle.log:0.sledgehammer goal.by        18967ms Simplex.Linear_Poly_Maps 39:1686  some (SH 18967ms, ATP 283ms): Try this: by (smt (z3) Abstract_Linear_Poly.inv_def Collect_cong domI dom_def mem_Collect_eq) (331 ms)
Linear_Poly_Maps/mirabelle.log:0.sledgehammer goal.by        96690ms Simplex.Linear_Poly_Maps 115:5052  some (SH 96690ms, ATP 1425ms): Try this: by (smt (z3) add.commute add_cancel_left_left option.case_eq_if) (166 ms)
Linear_Poly_Maps/mirabelle.log:0.sledgehammer goal.by        74403ms Simplex.Linear_Poly_Maps 120:5273  some (SH 74403ms, ATP 911ms): Try this: by (smt (z3) add.commute add_cancel_left_left option.case_eq_if) (194 ms)
Rel_Chain/mirabelle.log:0.sledgehammer goal.proof     46930ms Simplex.Rel_Chain 164:4587  some (SH 46930ms, ATP 582ms): Try this: by (smt (z3) List.last_tl \<open>tl l \<noteq> []\<close> add_diff_cancel_right' add_gr_0 assms(1,2,4) hd_conv_nth last_append last_take_conv_nth less_imp_le_nat take_eq_Nil tl_take zero_less_one) (102 ms)
Rel_Chain/mirabelle.log:0.sledgehammer goal.proof     86804ms Simplex.Rel_Chain 178:5030  some (SH 86804ms, ATP 1482ms): Try this: by (smt (z3) append_take_drop_id assms(1,2,4,5) diff_diff_cancel diff_is_0_eq' hd_conv_nth hd_take hd_tl last_drop le_add2 le_numeral_extra(4) le_trans less_add_same_cancel2 linordered_semidom_class.add_diff_inverse list.size(3) nat_less_le rel_chain_append rel_chain_appendD(2) rel_chain_def rel_chain_take rel_chain_tl tl_take) (399 ms)
Simplex_Incremental/mirabelle.log:0.sledgehammer goal.by        44837ms Simplex.Simplex_Incremental 55:2410  some (SH 44836ms, ATP 3993ms): Try this: by (smt (z3) assert_all_s.simps(2) case_sum_inject obj_sumE surjective_sum) (171 ms)
Simplex_Incremental/mirabelle.log:0.sledgehammer goal.proof     51953ms Simplex.Simplex_Incremental 338:13900  some (SH 51953ms, ATP 1303ms): Try this: by (smt (verit, best) Compl_iff in_bounds.elims(3) satisfies_bounds_iff v) (712 ms)
Simplex_Incremental/mirabelle.log:0.sledgehammer goal.by        76460ms Simplex.Simplex_Incremental 665:29292  some (SH 76460ms, ATP 325ms): Try this: by (smt (z3) Inr_not_Inl old.sum.simps(5,6) sum.inject(2) sumE) (276 ms)
Simplex_Incremental/mirabelle.log:0.sledgehammer goal.by        97112ms Simplex.Simplex_Incremental 853:38343  some (SH 97112ms, ATP 667ms): Try this: by (smt (verit) Incremental_Atom_Ops_For_NS_Constraint_Ops_Default.backtrack_nsc.simps Incremental_Simplex.backtrack_cs.elims backtrack_simplex.simps prod.inject prod_cases3) (1.6 s)
Simplex_Incremental/mirabelle.log:0.sledgehammer goal.using     91970ms Simplex.Simplex_Incremental 917:40895  some (SH 91970ms, ATP 626ms): Try this: by (smt (z3) Incremental_Simplex.check_cs_unsat apfst_convE apfst_convE apfst_def apfst_id apsnd_id checkpoint_simplex.elims id_apply id_apply prod.inject prod.map_id0 simplex_state.exhaust simplex_state.inject weak_invariant_simplex.elims(1)) (301 ms)
Simplex_Incremental/mirabelle.log:0.sledgehammer goal.by        120237ms Simplex.Simplex_Incremental 976:43283  some (SH 120237ms, ATP 130ms): Try this: by (smt (z3) assert_all_simplex.simps(2) obj_sumE old.sum.simps(5,6)) (98 ms)
Simplex/mirabelle.log:0.sledgehammer goal.by        116583ms Simplex.Simplex 143:5893  some (SH 116583ms, ATP 1671ms): Try this: by (smt (verit, best) Solve.intro simplex_sat0 simplex_unsat0 solve_def sum.case_eq_if sum.collapse(1) sum.discI(1,2) sum.sel(1,2) sum.split_sel) (852 ms)
Simplex/mirabelle.log:0.sledgehammer goal.using     78931ms Simplex.Simplex 434:17586  some (SH 78931ms, ATP 583ms): Try this: by (smt (z3) inf_sup_aci(6) le_iff_sup vars_minus) (63 ms)
Simplex/mirabelle.log:0.sledgehammer goal.unfolding 39433ms Simplex.Simplex 514:20339  some (SH 39433ms, ATP 1600ms): Try this: by (smt (z3) boolean_algebra.conj_zero_right disjoint_iff_not_equal image_iff inf_Int_eq inf_apply inf_right_idem mem_Sigma_iff satisfies_atom_set_def set_ConsD snd_conv) (809 ms)
Simplex/mirabelle.log:0.sledgehammer goal.unfolding 50214ms Simplex.Simplex 1018:42004  some (SH 50214ms, ATP 679ms): Try this: by (smt (verit, best) assms(1,2) atom_const.simps(1,2) atom_var.simps(1,2) distinct_indices_atoms_def distinct_indices_state_def index_valid_def) (517 ms)
Simplex/mirabelle.log:0.sledgehammer goal.by        28937ms Simplex.Simplex 1536:62807  some (SH 28937ms, ATP 707ms): Try this: by (smt (z3) Orderings.order_eq_iff option.case_eq_if order_less_imp_le order_less_trans) (372 ms)
Simplex/mirabelle.log:0.sledgehammer goal.by        27316ms Simplex.Simplex 1698:70115  some (SH 27316ms, ATP 2143ms): Try this: by (smt (z3) prod.inject) (1.7 s)
Simplex/mirabelle.log:0.sledgehammer goal.using     34760ms Simplex.Simplex 2146:87725  some (SH 34760ms, ATP 1020ms): Try this: by (smt (z3) assert_bound'_def assms(1,2,5)) (168 ms)
Simplex/mirabelle.log:0.sledgehammer goal.by        24205ms Simplex.Simplex 2763:114076  some (SH 24205ms, ATP 721ms): Try this: by (smt (cvc5))
Simplex/mirabelle.log:0.sledgehammer goal.unfolding 17871ms Simplex.Simplex 2770:114656  some (SH 17871ms, ATP 1497ms): Try this: by (smt (cvc5) Orderings.order_eq_iff order_le_imp_less_or_eq order_less_imp_le)
Simplex/mirabelle.log:0.sledgehammer goal.unfolding 30442ms Simplex.Simplex 2774:115054  some (SH 30442ms, ATP 682ms): Try this: by (smt (cvc5))
Simplex/mirabelle.log:0.sledgehammer goal.unfolding 49023ms Simplex.Simplex 3201:136708  some (SH 49023ms, ATP 1298ms): Try this: by (smt (z3) Direction.sel(1,10,2,3,4,5,6,7,8,9) Negative_def Positive_def \<B>\<I>_set_unsat equiv(1,2)) (939 ms)
Simplex/mirabelle.log:0.sledgehammer goal.unfolding 97306ms Simplex.Simplex 3254:139161  some (SH 97306ms, ATP 989ms): Try this: by (smt (z3) Direction.sel(1,10,2,3,4,5,6,7,8,9) Negative_def Positive_def atoms_imply_bounds_index_mono ats ats_sub x xx) (391 ms)
Simplex/mirabelle.log:0.sledgehammer goal.unfolding 65715ms Simplex.Simplex 3421:145375  some (SH 65715ms, ATP 788ms): Try this: by (smt (z3) map_reindex pivot_tableau'_def pivot_tableau_def) (227 ms)
Simplex/mirabelle.log:0.sledgehammer goal.unfolding 43448ms Simplex.Simplex 3422:145426  some (SH 43448ms, ATP 689ms): Try this: by (smt (z3) map_reindex) (195 ms)
Simplex/mirabelle.log:0.sledgehammer goal.by        91888ms Simplex.Simplex 3561:150384  some (SH 91887ms, ATP 1088ms): Try this: by (smt (verit) Un_mono Un_upper2 \<open>rvars_eq (pivot_eq (\<T> s ! eq_idx_for_lvar (\<T> s) x\<^sub>i) x\<^sub>j) \<subseteq> {x\<^sub>i} \<union> (rvars (\<T> s) - {x\<^sub>j})\<close> psubsetE psubsetI rvars_def subset_Un_eq) (624 ms)
Simplex/mirabelle.log:0.sledgehammer goal.using     92645ms Simplex.Simplex 3920:164552  some (SH 92645ms, ATP 936ms): Try this: by (smt (z3) assms(1,2) check'_def isl_def old.sum.simps(5) sum.case_eq_if sum.split_sel) (745 ms)
Simplex/mirabelle.log:0.sledgehammer goal.unfolding 52182ms Simplex.Simplex 3921:164566  some (SH 52182ms, ATP 233ms): Try this: by (smt (z3) check'_def old.sum.simps(5,6) sumE) (786 ms)
Simplex/mirabelle.log:0.sledgehammer goal.by        54737ms Simplex.Simplex 3922:164589  some (SH 54736ms, ATP 858ms): Try this: by (smt (z3) isl_def old.sum.simps(5) sum.case_eq_if sum.split_sel_asm) (395 ms)
Simplex/mirabelle.log:0.sledgehammer goal.unfolding 30970ms Simplex.Simplex 4037:169170  some (SH 30970ms, ATP 2591ms): Try this: by (smt (z3) gt_state_def) (1.4 s)
Simplex/mirabelle.log:0.sledgehammer goal.by        73513ms Simplex.Simplex 4073:170283  some (SH 73513ms, ATP 1508ms): Try this: by (smt (verit, ccfv_threshold) Un_insert_left Un_insert_right insert_Diff succ_vars sup_bot_right) (1.3 s)
Simplex/mirabelle.log:0.sledgehammer goal.unfolding 19994ms Simplex.Simplex 4086:170703  some (SH 19993ms, ATP 1240ms): Try this: by (smt (z3) gt_state_def) (1.2 s)
Simplex/mirabelle.log:0.sledgehammer goal.unfolding 18837ms Simplex.Simplex 4111:171719  some (SH 18837ms, ATP 1166ms): Try this: by (smt (z3) gt_state_def) (1.1 s)
Simplex/mirabelle.log:0.sledgehammer goal.unfolding 19980ms Simplex.Simplex 4136:172742  some (SH 19980ms, ATP 1164ms): Try this: by (smt (verit) gt_state_def) (1.5 s)
Simplex/mirabelle.log:0.sledgehammer goal.apply     27018ms Simplex.Simplex 4732:192458  some (SH 27018ms, ATP 291ms): Try this: by (smt (verit) \<open>(SOME t. t \<in> {t. lvars t = L \<and> rvars t = V - L \<and> \<triangle> t \<and> (\<forall>v. v \<Turnstile>\<^sub>t t = v \<Turnstile>\<^sub>t t0)}) \<in> {t. lvars t = L \<and> rvars t = V - L \<and> \<triangle> t \<and> (\<forall>v. v \<Turnstile>\<^sub>t t = v \<Turnstile>\<^sub>t t0)}\<close> \<open>x \<in> {t. lvars t = L \<and> rvars t = V - L \<and> \<triangle> t \<and> (\<forall>v. v \<Turnstile>\<^sub>t t = v \<Turnstile>\<^sub>t t0)}\<close> mem_Collect_eq tableau_perm) (1.0 s)
Simplex/mirabelle.log:0.sledgehammer goal.by        56215ms Simplex.Simplex 5008:201242  some (SH 56215ms, ATP 643ms): Try this: by (smt (z3) case_prodE mem_Collect_eq prod.inject tranclD2) (562 ms)
Simplex/mirabelle.log:0.sledgehammer goal.using     52351ms Simplex.Simplex 5084:203641  some (SH 52351ms, ATP 727ms): Try this: by (smt (cvc5) accessible_bounds accessible_unsat_core image_iff image_iff image_iff image_iff image_iff insertCI insert_iff mem_Collect_eq mem_Sigma_iff mem_Sigma_iff mem_Sigma_iff mem_Sigma_iff subsetI)
Simplex/mirabelle.log:0.sledgehammer goal.using     95903ms Simplex.Simplex 5424:213779  some (SH 95902ms, ATP 3679ms): Try this: by (smt (verit, best) Un_iff add_lessD1 canonically_ordered_monoid_add_class.lessE succ_chain_vars_id) (169 ms)
Simplex/mirabelle.log:0.sledgehammer goal.using     19727ms Simplex.Simplex 5662:223958  some (SH 19727ms, ATP 1549ms): Try this: by (smt (z3) \<open>\<not> \<unrhd>\<^sub>l\<^sub>b (lt dir2) (\<langle>\<V> (l' ! sp)\<rangle> xs) (LB dir2 (l' ! sp) xs)\<close> \<open>\<triangle> (\<T> (l' ! sp)) \<and> \<diamond> (l' ! sp) \<and> \<Turnstile>\<^sub>n\<^sub>o\<^sub>l\<^sub>h\<^sub>s (l' ! sp) \<and> \<nabla> (l' ! sp) \<and> l' ! sp \<succ>\<^sub>x (l' ! (sp + 1)) \<and> \<B>\<^sub>i (l' ! (sp + 1)) = \<B>\<^sub>i (l' ! sp) \<and> \<U>\<^sub>c (l' ! (sp + 1)) = \<U>\<^sub>c (l' ! sp)\<close> \<open>sp + 1 < length l' \<and> xr \<in> rvars (\<T> (l' ! sp)) \<and> xr \<in> lvars (\<T> (l' ! (sp + 1)))\<close> \<open>sp + 1 < length l' \<and> xs \<in> lvars (\<T> (l' ! sp)) \<and> xs \<in> rvars (\<T> (l' ! (sp + 1)))\<close> dir2 succ_min_rvar) (489 ms)
Simplex/mirabelle.log:0.sledgehammer goal.using     19567ms Simplex.Simplex 5663:224028  some (SH 19567ms, ATP 1642ms): Try this: by (smt (z3) \<open>\<triangle> (\<T> (l' ! sp)) \<and> \<diamond> (l' ! sp) \<and> \<Turnstile>\<^sub>n\<^sub>o\<^sub>l\<^sub>h\<^sub>s (l' ! sp) \<and> \<nabla> (l' ! sp) \<and> l' ! sp \<succ>\<^sub>x (l' ! (sp + 1)) \<and> \<B>\<^sub>i (l' ! (sp + 1)) = \<B>\<^sub>i (l' ! sp) \<and> \<U>\<^sub>c (l' ! (sp + 1)) = \<U>\<^sub>c (l' ! sp)\<close> \<open>sp + 1 < length l' \<and> xr \<in> rvars (\<T> (l' ! sp)) \<and> xr \<in> lvars (\<T> (l' ! (sp + 1)))\<close> \<open>sp + 1 < length l' \<and> xs \<in> lvars (\<T> (l' ! sp)) \<and> xs \<in> rvars (\<T> (l' ! (sp + 1)))\<close> dir2 succ_min_rvar) (509 ms)
Simplex/mirabelle.log:0.sledgehammer goal.using     22659ms Simplex.Simplex 5664:224078  some (SH 22659ms, ATP 1770ms): Try this: by (smt (z3) \<open>sp + 1 < length l' \<and> xr \<in> rvars (\<T> (l' ! sp)) \<and> xr \<in> lvars (\<T> (l' ! (sp + 1)))\<close> \<open>sp + 1 < length l' \<and> xs \<in> lvars (\<T> (l' ! sp)) \<and> xs \<in> rvars (\<T> (l' ! (sp + 1)))\<close> dir2 succ_min_rvar) (499 ms)
Simplex/mirabelle.log:0.sledgehammer goal.using     22069ms Simplex.Simplex 5665:224138  some (SH 22069ms, ATP 1756ms): Try this: by (smt (z3) dir2 succ_min_rvar) (487 ms)
Simplex/mirabelle.log:0.sledgehammer goal.apply     58912ms Simplex.Simplex 5908:233123  some (SH 58911ms, ATP 1781ms): Try this: by (smt (cvc5) False Some \<open>\<lhd>\<^sub>l\<^sub>b (lt (if \<langle>\<V> s\<rangle> x\<^sub>i <\<^sub>l\<^sub>b \<B>\<^sub>l s x\<^sub>i then Positive else Negative)) (\<langle>\<V> s\<rangle> x\<^sub>i) (LB (if \<langle>\<V> s\<rangle> x\<^sub>i <\<^sub>l\<^sub>b \<B>\<^sub>l s x\<^sub>i then Positive else Negative) s x\<^sub>i)\<close> assms(3,4) check'_cases check.simps set_unsat_simps(5))
Simplex/mirabelle.log:0.sledgehammer goal.proof     71167ms Simplex.Simplex 5945:234516  some (SH 71167ms, ATP 6536ms): Try this: by (smt (cvc5) assms(5,6,7) check_cases min_lvar_not_in_bounds_lvars min_rvar_incdec_eq_Some_rvars pivotandupdate_check_precond step' step.hyps(2,4) step.prems(1,2,3,4) trans')
Simplex/mirabelle.log:0.sledgehammer goal.using     121098ms Simplex.Simplex 5963:235444  some (SH 121098ms, ATP 747ms): Try this: by (smt (z3) MinLVarNotInBounds.min_lvar_not_in_bounds_lvars MinLVarNotInBounds_axioms \<open>min_lvar_not_in_bounds s' = Some x\<^sub>i\<close> \<open>min_rvar_incdec dir s' x\<^sub>i = Inr x\<^sub>j\<close> min_rvar_incdec_eq_Some_rvars step' trans') (292 ms)
Simplex/mirabelle.log:0.sledgehammer goal.using     84967ms Simplex.Simplex 5964:235536  some (SH 84967ms, ATP 803ms): Try this: by (smt (z3) MinLVarNotInBounds.min_lvar_not_in_bounds_lvars MinLVarNotInBounds_axioms min_rvar_incdec_eq_Some_rvars step' trans') (232 ms)
Simplex/mirabelle.log:0.sledgehammer goal.proof     66387ms Simplex.Simplex 6014:237216  some (SH 66387ms, ATP 3814ms): Try this: by (smt (cvc5) assms(6,7) check_cases min_lvar_not_in_bounds_lvars min_rvar_incdec_eq_Some_rvars pivotandupdate_check_precond pivotandupdate_unsat_id step.hyps(2,4) step.prems(1,2,3,4,5))
Simplex/mirabelle.log:0.sledgehammer goal.proof     60592ms Simplex.Simplex 6043:238444  some (SH 60592ms, ATP 962ms): Try this: by (smt (verit, best) fun_upd_other fun_upd_same valuate_update_x) (147 ms)
Simplex/mirabelle.log:0.sledgehammer goal.using     60863ms Simplex.Simplex 6766:272207  some (SH 60863ms, ATP 3834ms): Try this: by (smt (verit) add_eq_0_iff alethe_minus_simplify(3) coeff_Var2 coeff_plus coeff_zero diff_add_cancel minus_add_distrib minus_divide_left pivot_eq_def rhs.simps vars_scaleRat zero_eq_1_divide_iff) (391 ms)
Simplex/mirabelle.log:0.sledgehammer goal.using     203375ms Simplex.Simplex 6767:272333  some (SH 203375ms, ATP 2496ms): Try this: by (smt (z3) Un_iff coeff_Var2 coeff_zero divide_eq_0_iff in_mono lrv_class.zero_neq_one pivot_eq_def rhs.simps vars_minus vars_scaleRat zero_neq_neg_one) (128 ms)
Simplex/mirabelle.log:0.sledgehammer goal.by        216808ms Simplex.Simplex 6768:272393  some (SH 216808ms, ATP 2588ms): Try this: by (smt (z3) Un_iff coeff_Var2 coeff_zero divide_eq_0_iff in_mono lrv_class.zero_neq_one pivot_eq_def rhs.simps vars_scaleRat zero_neq_neg_one) (93 ms)
Simplex/mirabelle.log:0.sledgehammer goal.by        102654ms Simplex.Simplex 6871:276014  some (SH 102654ms, ATP 1007ms): Try this: by (smt (z3) add_diff_cancel coeff_Var2 coeff_minus coeff_scaleRat rational_vector.scale_eq_0_iff) (62 ms)
Simplex/mirabelle.log:0.sledgehammer goal.proof     46237ms Simplex.Simplex 6882:276439  some (SH 46237ms, ATP 2523ms): Try this: by (smt (z3) Diff_iff add_diff_cancel coeff_minus coeff_zero insertE insert_Diff rational_vector.scale_cancel_left vars_Var vars_scaleRat) (230 ms)
Simplex/mirabelle.log:0.sledgehammer goal.using     71635ms Simplex.Simplex 6949:279061  some (SH 71635ms, ATP 698ms): Try this: by (smt (verit, ccfv_threshold) fun_upd_other fun_upd_same satisfies_eq_def valuate_update_x) (166 ms)
Simplex/mirabelle.log:0.sledgehammer goal.using     141350ms Simplex.Simplex 7422:300441  some (SH 141350ms, ATP 3465ms): Try this: by (smt (z3) Sup_subset_mono Un_iff fresh_var_monoinc linorder_not_less list.simps(9) set_subset_Cons sup.order_iff sup.strict_order_iff) (205 ms)
Simplex/mirabelle.log:0.sledgehammer goal.by        142809ms Simplex.Simplex 7423:300489  some (SH 142809ms, ATP 3311ms): Try this: by (smt (z3) Sup_le_iff Un_iff in_mono linorder_not_less list.set_intros(2) list.simps(9) order_less_imp_not_eq2) (371 ms)
Simplex/mirabelle.log:0.sledgehammer goal.using     86500ms Simplex.Simplex 7483:302931  some (SH 86500ms, ATP 4694ms): Try this: by (smt (verit, best) disjoint_iff_not_equal linorder_not_less normalized_tableau_def rhs_no_zero_tableau_start start_fresh_variable_fresh subset_iff) (455 ms)
Simplex/mirabelle.log:0.sledgehammer goal.unfolding 64744ms Simplex.Simplex 7484:302976  some (SH 64744ms, ATP 3571ms): Try this: by (smt (verit, best) disjoint_iff_not_equal linorder_not_le normalized_tableau_def rhs_no_zero_tableau_start subset_iff) (509 ms)
Simplex/mirabelle.log:0.sledgehammer goal.by        54262ms Simplex.Simplex 7485:303021  some (SH 54262ms, ATP 924ms): Try this: by (smt (verit, ccfv_threshold) disjoint_iff_not_equal in_mono nat_less_le nle_le rhs_no_zero_tableau_start) (263 ms)
Simplex/mirabelle.log:0.sledgehammer goal.unfolding 86476ms Simplex.Simplex 7514:304493  some (SH 86476ms, ATP 333ms): Try this: by (smt (z3) atom.exhaust atom_var.simps(1,2) fun_upd_apply satisfies_atom.simps(1,2) tv) (667 ms)
Simplex/mirabelle.log:0.sledgehammer goal.unfolding 59568ms Simplex.Simplex 7629:309798  some (SH 59568ms, ATP 752ms): Try this: by (smt (z3) Pair_inject pivot_tableau_eq_def rev_map) (121 ms)
Simplex/mirabelle.log:0.sledgehammer goal.by        57701ms Simplex.Simplex 8033:328407  some (SH 57701ms, ATP 968ms): Try this: by (smt (verit, best) fst_conv image_Collect_subsetI image_iff) (309 ms)
Simplex_Auxiliary/mirabelle.log:0.sledgehammer goal.proof     309437ms Simplex.Simplex_Auxiliary 58:1518  some (SH 309436ms, ATP 3114ms): Try this: by (smt (z3) Cons_eq_appendI Nat.add_0_right add.left_commute append_self_conv2 assms canonically_ordered_monoid_add_class.lessE le_add2 plus_1_eq_Suc upt_add_eq_append upt_rec) (195 ms)
Simplex_Auxiliary/mirabelle.log:0.sledgehammer goal.proof     119836ms Simplex.Simplex_Auxiliary 196:5105  some (SH 119836ms, ATP 4201ms): Try this: by (smt (verit, ccfv_threshold) SUP_le_iff insert_iff mem_Collect_eq subset_eq) (718 ms)
Simplex_Auxiliary/mirabelle.log:0.sledgehammer goal.using     51028ms Simplex.Simplex_Auxiliary 202:5274  some (SH 51028ms, ATP 1677ms): Try this: by (smt (z3) insert_iff mem_Collect_eq) (704 ms)
Simplex_Auxiliary/mirabelle.log:0.sledgehammer goal.by        52073ms Simplex.Simplex_Auxiliary 203:5297  some (SH 52073ms, ATP 784ms): Try this: by (smt (z3) insert_iff mem_Collect_eq) (796 ms)
Simplex_Algebra/mirabelle.log:0.sledgehammer goal.using     120953ms Simplex.Simplex_Algebra 139:3514  some (SH 120953ms, ATP 1412ms): Try this: by (smt (verit, best) dbl_inc_simps(2) less_numeral_extra(3) local.dual_order.asym local.neq_iff local.scaleRat_less1 local.scaleRat_one local.scaleRat_scaleRat mult.commute nonzero_eq_divide_eq) (114 ms)
Simplex_Algebra/mirabelle.log:0.sledgehammer goal.using     151282ms Simplex.Simplex_Algebra 144:3677  some (SH 151282ms, ATP 1333ms): Try this: by (smt (z3) less_numeral_extra(3) local.not_less_iff_gr_or_eq local.scaleRat_less1 local.scaleRat_one local.scaleRat_scaleRat mult.commute nonzero_eq_divide_eq) (56 ms)
