0.sledgehammer initialize Params for sledgehammer: {abduce = SOME 0, cache_dir = NONE, compress = NONE, debug = false, expect =
0.sledgehammer initialize  "", fact_filter = NONE, fact_thresholds = (0.45, 0.85), falsify =
0.sledgehammer initialize  SOME false, induction_rules = NONE, instantiate = NONE, isar_proofs = NONE,
0.sledgehammer initialize  lam_trans = NONE, learn = true, max_facts = NONE, max_mono_iters = NONE,
0.sledgehammer initialize  max_new_mono_instances = NONE, max_proofs = 4, minimize = true, overlord =
0.sledgehammer initialize  false, preplay_provers = ["cvc5"], preplay_timeout = 1.000, provers =
0.sledgehammer initialize  ["cvc5_proof"], slices = 96, smt_proofs = true, spy = false, strict =
0.sledgehammer initialize  false, timeout = 10.000, try0 = false, type_enc = NONE, uncurried_aliases =
0.sledgehammer initialize  NONE, verbose = false}
0.sledgehammer goal.unfolding 53919ms Ordered_Resolution_Prover.Clausal_Logic 124:3381  timeout (SH 53919ms):
0.sledgehammer goal.unfolding 53743ms Ordered_Resolution_Prover.Clausal_Logic 133:3703  timeout (SH 53743ms):
0.sledgehammer goal.by        53045ms Ordered_Resolution_Prover.Clausal_Logic 155:4284  some (SH 53045ms, ATP 270ms): Try this: by (smt (cvc5) Pos_atm_of_iff ih less_eq_literal_def linorder_not_le linorder_not_le linorder_not_le literal.disc(2) literal.exhaust_sel not_less_iff_gr_or_eq not_less_iff_gr_or_eq not_less_iff_gr_or_eq pos_less_neg_iff)
0.sledgehammer goal.by        53045ms Ordered_Resolution_Prover.Clausal_Logic 155:4284  some Preplay: (smt (cvc5, best) Pos_atm_of_iff ih less_eq_literal_def linorder_not_le literal.disc(2) literal.exhaust_sel not_less_iff_gr_or_eq pos_less_neg_iff) (> 1.0 s, timed out)
0.sledgehammer goal.by        53045ms Ordered_Resolution_Prover.Clausal_Logic 155:4284  some Preplay: (smt (cvc5, trigger_last) Pos_atm_of_iff ih less_eq_literal_def linorder_not_le literal.disc(2) literal.exhaust_sel not_less_iff_gr_or_eq pos_less_neg_iff) (> 1.0 s, timed out)
0.sledgehammer goal.by        53045ms Ordered_Resolution_Prover.Clausal_Logic 155:4284  some Preplay: (smt (cvc5, quant_saturate) Pos_atm_of_iff ih less_eq_literal_def linorder_not_le literal.disc(2) literal.exhaust_sel not_less_iff_gr_or_eq pos_less_neg_iff) (> 1.0 s, timed out)
0.sledgehammer goal.by        53045ms Ordered_Resolution_Prover.Clausal_Logic 155:4284  some Preplay: (smt (cvc5, trigger_max) Pos_atm_of_iff ih less_eq_literal_def linorder_not_le literal.disc(2) literal.exhaust_sel not_less_iff_gr_or_eq pos_less_neg_iff) (> 1.0 s, timed out)
0.sledgehammer goal.by        53045ms Ordered_Resolution_Prover.Clausal_Logic 155:4284  some Preplay: (smt (cvc5, trigger_relev) Pos_atm_of_iff ih less_eq_literal_def linorder_not_le literal.disc(2) literal.exhaust_sel not_less_iff_gr_or_eq pos_less_neg_iff) (> 1.0 s, timed out)
0.sledgehammer goal.by        53045ms Ordered_Resolution_Prover.Clausal_Logic 155:4284  some Preplay: (smt (cvc5, term_relev) Pos_atm_of_iff ih less_eq_literal_def linorder_not_le literal.disc(2) literal.exhaust_sel not_less_iff_gr_or_eq pos_less_neg_iff) (> 1.0 s, timed out)
0.sledgehammer goal.by        53045ms Ordered_Resolution_Prover.Clausal_Logic 155:4284  some Preplay: (smt (cvc5, noematch) Pos_atm_of_iff ih less_eq_literal_def linorder_not_le literal.disc(2) literal.exhaust_sel not_less_iff_gr_or_eq pos_less_neg_iff) (> 1.0 s, timed out)
0.sledgehammer goal.by        53045ms Ordered_Resolution_Prover.Clausal_Logic 155:4284  some Preplay: (smt (cvc5, fmf) Pos_atm_of_iff ih less_eq_literal_def linorder_not_le literal.disc(2) literal.exhaust_sel not_less_iff_gr_or_eq pos_less_neg_iff) (> 1.0 s, timed out)
0.sledgehammer goal.by        53045ms Ordered_Resolution_Prover.Clausal_Logic 155:4284  some Preplay: (smt (cvc5, no_simp) Pos_atm_of_iff ih less_eq_literal_def linorder_not_le literal.disc(2) literal.exhaust_sel not_less_iff_gr_or_eq pos_less_neg_iff) (> 1.0 s, timed out)
0.sledgehammer goal.by        61817ms Ordered_Resolution_Prover.Clausal_Logic 187:5205  some (SH 61817ms, ATP 2306ms): Try this: by (smt (cvc5, quant_saturate) Max_eqI Max_ge Max_in finite_imageI image_iff leq_imp_less_eq_atm_of multiset.set_finite set_mset_eq_empty_iff) (577 ms)
0.sledgehammer goal.by        61817ms Ordered_Resolution_Prover.Clausal_Logic 187:5205  some Preplay: (smt (cvc5, quant_saturate) Max_eqI Max_ge Max_in finite_imageI image_iff leq_imp_less_eq_atm_of multiset.set_finite set_mset_eq_empty_iff) (577 ms)
0.sledgehammer goal.by        61817ms Ordered_Resolution_Prover.Clausal_Logic 187:5205  some Preplay: (smt (cvc5, trigger_last) Max_eqI Max_ge Max_in finite_imageI image_iff leq_imp_less_eq_atm_of multiset.set_finite set_mset_eq_empty_iff) (1.3 s)
0.sledgehammer goal.by        61817ms Ordered_Resolution_Prover.Clausal_Logic 187:5205  some Preplay: (smt (cvc5, best) Max_eqI Max_ge Max_in finite_imageI image_iff leq_imp_less_eq_atm_of multiset.set_finite set_mset_eq_empty_iff) (1.6 s)
0.sledgehammer goal.by        61817ms Ordered_Resolution_Prover.Clausal_Logic 187:5205  some Preplay: (smt (cvc5, trigger_max) Max_eqI Max_ge Max_in finite_imageI image_iff leq_imp_less_eq_atm_of multiset.set_finite set_mset_eq_empty_iff) (> 577 ms, timed out)
0.sledgehammer goal.by        61817ms Ordered_Resolution_Prover.Clausal_Logic 187:5205  some Preplay: (smt (cvc5, trigger_relev) Max_eqI Max_ge Max_in finite_imageI image_iff leq_imp_less_eq_atm_of multiset.set_finite set_mset_eq_empty_iff) (> 577 ms, timed out)
0.sledgehammer goal.by        61817ms Ordered_Resolution_Prover.Clausal_Logic 187:5205  some Preplay: (smt (cvc5, term_relev) Max_eqI Max_ge Max_in finite_imageI image_iff leq_imp_less_eq_atm_of multiset.set_finite set_mset_eq_empty_iff) (> 577 ms, timed out)
0.sledgehammer goal.by        61817ms Ordered_Resolution_Prover.Clausal_Logic 187:5205  some Preplay: (smt (cvc5, noematch) Max_eqI Max_ge Max_in finite_imageI image_iff leq_imp_less_eq_atm_of multiset.set_finite set_mset_eq_empty_iff) (> 577 ms, timed out)
0.sledgehammer goal.by        61817ms Ordered_Resolution_Prover.Clausal_Logic 187:5205  some Preplay: (smt (cvc5, fmf) Max_eqI Max_ge Max_in finite_imageI image_iff leq_imp_less_eq_atm_of multiset.set_finite set_mset_eq_empty_iff) (> 577 ms, timed out)
0.sledgehammer goal.by        61817ms Ordered_Resolution_Prover.Clausal_Logic 187:5205  some Preplay: (smt (cvc5, no_simp) Max_eqI Max_ge Max_in finite_imageI image_iff leq_imp_less_eq_atm_of multiset.set_finite set_mset_eq_empty_iff) (> 577 ms, timed out)
0.sledgehammer goal.unfolding 55177ms Ordered_Resolution_Prover.Clausal_Logic 251:7330  timeout (SH 55177ms):
0.sledgehammer goal.by        25524ms Ordered_Resolution_Prover.Clausal_Logic 257:7648  some (SH 25524ms, ATP 454ms): Try this: by (smt (cvc5, quant_saturate) Neg_atm_of_iff Pos_atm_of_iff atm_of_uminus uminus_literal_def) (1.3 s)
0.sledgehammer goal.by        25524ms Ordered_Resolution_Prover.Clausal_Logic 257:7648  some Preplay: (smt (cvc5, quant_saturate) Neg_atm_of_iff Pos_atm_of_iff atm_of_uminus uminus_literal_def) (1.3 s)
0.sledgehammer goal.by        25524ms Ordered_Resolution_Prover.Clausal_Logic 257:7648  some Preplay: (smt (cvc5, best) Neg_atm_of_iff Pos_atm_of_iff atm_of_uminus uminus_literal_def) (1.3 s)
0.sledgehammer goal.by        25524ms Ordered_Resolution_Prover.Clausal_Logic 257:7648  some Preplay: (smt (cvc5, no_simp) Neg_atm_of_iff Pos_atm_of_iff atm_of_uminus uminus_literal_def) (1.4 s)
0.sledgehammer goal.by        25524ms Ordered_Resolution_Prover.Clausal_Logic 257:7648  some Preplay: (smt (cvc5, noematch) Neg_atm_of_iff Pos_atm_of_iff atm_of_uminus uminus_literal_def) (1.5 s)
0.sledgehammer goal.by        25524ms Ordered_Resolution_Prover.Clausal_Logic 257:7648  some Preplay: (smt (cvc5, trigger_relev) Neg_atm_of_iff Pos_atm_of_iff atm_of_uminus uminus_literal_def) (1.6 s)
0.sledgehammer goal.by        25524ms Ordered_Resolution_Prover.Clausal_Logic 257:7648  some Preplay: (smt (cvc5, fmf) Neg_atm_of_iff Pos_atm_of_iff atm_of_uminus uminus_literal_def) (1.7 s)
0.sledgehammer goal.by        25524ms Ordered_Resolution_Prover.Clausal_Logic 257:7648  some Preplay: (smt (cvc5, trigger_last) Neg_atm_of_iff Pos_atm_of_iff atm_of_uminus uminus_literal_def) (1.8 s)
0.sledgehammer goal.by        25524ms Ordered_Resolution_Prover.Clausal_Logic 257:7648  some Preplay: (smt (cvc5, term_relev) Neg_atm_of_iff Pos_atm_of_iff atm_of_uminus uminus_literal_def) (1.8 s)
0.sledgehammer goal.by        25524ms Ordered_Resolution_Prover.Clausal_Logic 257:7648  some Preplay: (smt (cvc5, trigger_max) Neg_atm_of_iff Pos_atm_of_iff atm_of_uminus uminus_literal_def) (2.1 s)
0.sledgehammer goal.by        47864ms Ordered_Resolution_Prover.Clausal_Logic 260:7778  some (SH 47864ms, ATP 559ms): Try this: by (smt (cvc5, term_relev) atm_of_eq_atm_of f_inv_into_f image_eqI inv_into_into) (806 ms)
0.sledgehammer goal.by        47864ms Ordered_Resolution_Prover.Clausal_Logic 260:7778  some Preplay: (smt (cvc5, term_relev) atm_of_eq_atm_of f_inv_into_f image_eqI inv_into_into) (806 ms)
0.sledgehammer goal.by        47864ms Ordered_Resolution_Prover.Clausal_Logic 260:7778  some Preplay: (smt (cvc5, trigger_max) atm_of_eq_atm_of f_inv_into_f image_eqI inv_into_into) (830 ms)
0.sledgehammer goal.by        47864ms Ordered_Resolution_Prover.Clausal_Logic 260:7778  some Preplay: (smt (cvc5, trigger_relev) atm_of_eq_atm_of f_inv_into_f image_eqI inv_into_into) (832 ms)
0.sledgehammer goal.by        47864ms Ordered_Resolution_Prover.Clausal_Logic 260:7778  some Preplay: (smt (cvc5, noematch) atm_of_eq_atm_of f_inv_into_f image_eqI inv_into_into) (850 ms)
0.sledgehammer goal.by        47864ms Ordered_Resolution_Prover.Clausal_Logic 260:7778  some Preplay: (smt (cvc5, best) atm_of_eq_atm_of f_inv_into_f image_eqI inv_into_into) (858 ms)
0.sledgehammer goal.by        47864ms Ordered_Resolution_Prover.Clausal_Logic 260:7778  some Preplay: (smt (cvc5, quant_saturate) atm_of_eq_atm_of f_inv_into_f image_eqI inv_into_into) (900 ms)
0.sledgehammer goal.by        47864ms Ordered_Resolution_Prover.Clausal_Logic 260:7778  some Preplay: (smt (cvc5, no_simp) atm_of_eq_atm_of f_inv_into_f image_eqI inv_into_into) (907 ms)
0.sledgehammer goal.by        47864ms Ordered_Resolution_Prover.Clausal_Logic 260:7778  some Preplay: (smt (cvc5, trigger_last) atm_of_eq_atm_of f_inv_into_f image_eqI inv_into_into) (1.1 s)
0.sledgehammer goal.by        47864ms Ordered_Resolution_Prover.Clausal_Logic 260:7778  some Preplay: (smt (cvc5, fmf) atm_of_eq_atm_of f_inv_into_f image_eqI inv_into_into) (1.1 s)
0.sledgehammer goal.unfolding 44436ms Ordered_Resolution_Prover.Ground_Resolution_Model 105:3855  some (SH 44436ms, ATP 1251ms): Try this: by (smt (cvc5, term_relev) UN_E UN_I interp_def mem_Collect_eq order.strict_trans2 subsetI) (290 ms)
0.sledgehammer goal.unfolding 44436ms Ordered_Resolution_Prover.Ground_Resolution_Model 105:3855  some Preplay: (smt (cvc5, term_relev) UN_E UN_I interp_def mem_Collect_eq order.strict_trans2 subsetI) (290 ms)
0.sledgehammer goal.unfolding 44436ms Ordered_Resolution_Prover.Ground_Resolution_Model 105:3855  some Preplay: (smt (cvc5, trigger_relev) UN_E UN_I interp_def mem_Collect_eq order.strict_trans2 subsetI) (307 ms)
0.sledgehammer goal.unfolding 44436ms Ordered_Resolution_Prover.Ground_Resolution_Model 105:3855  some Preplay: (smt (cvc5, quant_saturate) UN_E UN_I interp_def mem_Collect_eq order.strict_trans2 subsetI) (461 ms)
0.sledgehammer goal.unfolding 44436ms Ordered_Resolution_Prover.Ground_Resolution_Model 105:3855  some Preplay: (smt (cvc5, trigger_last) UN_E UN_I interp_def mem_Collect_eq order.strict_trans2 subsetI) (593 ms)
0.sledgehammer goal.unfolding 44436ms Ordered_Resolution_Prover.Ground_Resolution_Model 105:3855  some Preplay: (smt (cvc5, best) UN_E UN_I interp_def mem_Collect_eq order.strict_trans2 subsetI) (611 ms)
0.sledgehammer goal.unfolding 44436ms Ordered_Resolution_Prover.Ground_Resolution_Model 105:3855  some Preplay: (smt (cvc5, noematch) UN_E UN_I interp_def mem_Collect_eq order.strict_trans2 subsetI) (> 290 ms, timed out)
0.sledgehammer goal.unfolding 44436ms Ordered_Resolution_Prover.Ground_Resolution_Model 105:3855  some Preplay: (smt (cvc5, fmf) UN_E UN_I interp_def mem_Collect_eq order.strict_trans2 subsetI) (> 290 ms, timed out)
0.sledgehammer goal.unfolding 44436ms Ordered_Resolution_Prover.Ground_Resolution_Model 105:3855  some Preplay: (smt (cvc5, no_simp) UN_E UN_I interp_def mem_Collect_eq order.strict_trans2 subsetI) (> 290 ms, timed out)
0.sledgehammer goal.unfolding 44436ms Ordered_Resolution_Prover.Ground_Resolution_Model 105:3855  some Preplay: (smt (cvc5, trigger_max) UN_E UN_I interp_def mem_Collect_eq order.strict_trans2 subsetI) (> 461 ms, timed out)
0.sledgehammer goal.proof     13494ms Ordered_Resolution_Prover.Ground_Resolution_Model 176:6735  timeout (SH 13493ms): Timed out
0.sledgehammer goal.unfolding 95847ms Ordered_Resolution_Prover.Ground_Resolution_Model 275:10048  some (SH 95847ms, ATP 859ms): Try this: by (smt (cvc5, noematch) empty_iff ground_resolution_with_selection.production.elims ground_resolution_with_selection_axioms interp_def mem_Collect_eq) (2.5 s)
0.sledgehammer goal.unfolding 95847ms Ordered_Resolution_Prover.Ground_Resolution_Model 275:10048  some Preplay: (smt (cvc5, noematch) empty_iff ground_resolution_with_selection.production.elims ground_resolution_with_selection_axioms interp_def mem_Collect_eq) (2.5 s)
0.sledgehammer goal.unfolding 95847ms Ordered_Resolution_Prover.Ground_Resolution_Model 275:10048  some Preplay: (smt (cvc5, best) empty_iff ground_resolution_with_selection.production.elims ground_resolution_with_selection_axioms interp_def mem_Collect_eq) (2.6 s)
0.sledgehammer goal.unfolding 95847ms Ordered_Resolution_Prover.Ground_Resolution_Model 275:10048  some Preplay: (smt (cvc5, fmf) empty_iff ground_resolution_with_selection.production.elims ground_resolution_with_selection_axioms interp_def mem_Collect_eq) (2.7 s)
0.sledgehammer goal.unfolding 95847ms Ordered_Resolution_Prover.Ground_Resolution_Model 275:10048  some Preplay: (smt (cvc5, trigger_last) empty_iff ground_resolution_with_selection.production.elims ground_resolution_with_selection_axioms interp_def mem_Collect_eq) (> 1.0 s, timed out)
0.sledgehammer goal.unfolding 95847ms Ordered_Resolution_Prover.Ground_Resolution_Model 275:10048  some Preplay: (smt (cvc5, quant_saturate) empty_iff ground_resolution_with_selection.production.elims ground_resolution_with_selection_axioms interp_def mem_Collect_eq) (> 1.0 s, timed out)
0.sledgehammer goal.unfolding 95847ms Ordered_Resolution_Prover.Ground_Resolution_Model 275:10048  some Preplay: (smt (cvc5, trigger_max) empty_iff ground_resolution_with_selection.production.elims ground_resolution_with_selection_axioms interp_def mem_Collect_eq) (> 1.0 s, timed out)
0.sledgehammer goal.unfolding 95847ms Ordered_Resolution_Prover.Ground_Resolution_Model 275:10048  some Preplay: (smt (cvc5, trigger_relev) empty_iff ground_resolution_with_selection.production.elims ground_resolution_with_selection_axioms interp_def mem_Collect_eq) (> 1.0 s, timed out)
0.sledgehammer goal.unfolding 95847ms Ordered_Resolution_Prover.Ground_Resolution_Model 275:10048  some Preplay: (smt (cvc5, term_relev) empty_iff ground_resolution_with_selection.production.elims ground_resolution_with_selection_axioms interp_def mem_Collect_eq) (> 1.0 s, timed out)
0.sledgehammer goal.unfolding 95847ms Ordered_Resolution_Prover.Ground_Resolution_Model 275:10048  some Preplay: (smt (cvc5, no_simp) empty_iff ground_resolution_with_selection.production.elims ground_resolution_with_selection_axioms interp_def mem_Collect_eq) (> 1.0 s, timed out)
0.sledgehammer goal.using     53827ms Ordered_Resolution_Prover.Ground_Resolution_Model 359:12816  timeout (SH 53827ms):
0.sledgehammer goal.proof     295347ms Ordered_Resolution_Prover.Inference_System 62:1996  some (SH 295347ms, ATP 434ms): Try this: by (smt (cvc5, trigger_last) add.right_neutral cc_subs_n d_in_n image_subset_iff inf infer_from_def inference.sel(1,2,3) inferences_from_def insert_subset mem_Collect_eq satur saturated_def set_mset_add_mset_insert union_mset_add_mset_right) (195 ms)
0.sledgehammer goal.proof     295347ms Ordered_Resolution_Prover.Inference_System 62:1996  some Preplay: (smt (cvc5, trigger_last) add.right_neutral cc_subs_n d_in_n image_subset_iff inf infer_from_def inference.sel(1,2,3) inferences_from_def insert_subset mem_Collect_eq satur saturated_def set_mset_add_mset_insert union_mset_add_mset_right) (195 ms)
0.sledgehammer goal.proof     295347ms Ordered_Resolution_Prover.Inference_System 62:1996  some Preplay: (smt (cvc5, best) add.right_neutral cc_subs_n d_in_n image_subset_iff inf infer_from_def inference.sel(1,2,3) inferences_from_def insert_subset mem_Collect_eq satur saturated_def set_mset_add_mset_insert union_mset_add_mset_right) (277 ms)
0.sledgehammer goal.proof     295347ms Ordered_Resolution_Prover.Inference_System 62:1996  some Preplay: (smt (cvc5, quant_saturate) add.right_neutral cc_subs_n d_in_n image_subset_iff inf infer_from_def inference.sel(1,2,3) inferences_from_def insert_subset mem_Collect_eq satur saturated_def set_mset_add_mset_insert union_mset_add_mset_right) (> 195 ms, timed out)
0.sledgehammer goal.proof     295347ms Ordered_Resolution_Prover.Inference_System 62:1996  some Preplay: (smt (cvc5, trigger_max) add.right_neutral cc_subs_n d_in_n image_subset_iff inf infer_from_def inference.sel(1,2,3) inferences_from_def insert_subset mem_Collect_eq satur saturated_def set_mset_add_mset_insert union_mset_add_mset_right) (> 195 ms, timed out)
0.sledgehammer goal.proof     295347ms Ordered_Resolution_Prover.Inference_System 62:1996  some Preplay: (smt (cvc5, trigger_relev) add.right_neutral cc_subs_n d_in_n image_subset_iff inf infer_from_def inference.sel(1,2,3) inferences_from_def insert_subset mem_Collect_eq satur saturated_def set_mset_add_mset_insert union_mset_add_mset_right) (> 195 ms, timed out)
0.sledgehammer goal.proof     295347ms Ordered_Resolution_Prover.Inference_System 62:1996  some Preplay: (smt (cvc5, term_relev) add.right_neutral cc_subs_n d_in_n image_subset_iff inf infer_from_def inference.sel(1,2,3) inferences_from_def insert_subset mem_Collect_eq satur saturated_def set_mset_add_mset_insert union_mset_add_mset_right) (> 195 ms, timed out)
0.sledgehammer goal.proof     295347ms Ordered_Resolution_Prover.Inference_System 62:1996  some Preplay: (smt (cvc5, noematch) add.right_neutral cc_subs_n d_in_n image_subset_iff inf infer_from_def inference.sel(1,2,3) inferences_from_def insert_subset mem_Collect_eq satur saturated_def set_mset_add_mset_insert union_mset_add_mset_right) (> 195 ms, timed out)
0.sledgehammer goal.proof     295347ms Ordered_Resolution_Prover.Inference_System 62:1996  some Preplay: (smt (cvc5, fmf) add.right_neutral cc_subs_n d_in_n image_subset_iff inf infer_from_def inference.sel(1,2,3) inferences_from_def insert_subset mem_Collect_eq satur saturated_def set_mset_add_mset_insert union_mset_add_mset_right) (> 195 ms, timed out)
0.sledgehammer goal.proof     295347ms Ordered_Resolution_Prover.Inference_System 62:1996  some Preplay: (smt (cvc5, no_simp) add.right_neutral cc_subs_n d_in_n image_subset_iff inf infer_from_def inference.sel(1,2,3) inferences_from_def insert_subset mem_Collect_eq satur saturated_def set_mset_add_mset_insert union_mset_add_mset_right) (> 195 ms, timed out)
0.sledgehammer goal.unfolding 150930ms Ordered_Resolution_Prover.Inference_System 64:2050  some (SH 150929ms, ATP 562ms): Try this: by (smt (cvc5, trigger_last) add.right_neutral cc_subs_n d_in_n inf infer_from_def inference.sel(1,2) inference_system.inferences_from_def insert_subset mem_Collect_eq set_mset_add_mset_insert union_mset_add_mset_right) (122 ms)
0.sledgehammer goal.unfolding 150930ms Ordered_Resolution_Prover.Inference_System 64:2050  some Preplay: (smt (cvc5, trigger_last) add.right_neutral cc_subs_n d_in_n inf infer_from_def inference.sel(1,2) inference_system.inferences_from_def insert_subset mem_Collect_eq set_mset_add_mset_insert union_mset_add_mset_right) (122 ms)
0.sledgehammer goal.unfolding 150930ms Ordered_Resolution_Prover.Inference_System 64:2050  some Preplay: (smt (cvc5, best) add.right_neutral cc_subs_n d_in_n inf infer_from_def inference.sel(1,2) inference_system.inferences_from_def insert_subset mem_Collect_eq set_mset_add_mset_insert union_mset_add_mset_right) (153 ms)
0.sledgehammer goal.unfolding 150930ms Ordered_Resolution_Prover.Inference_System 64:2050  some Preplay: (smt (cvc5, quant_saturate) add.right_neutral cc_subs_n d_in_n inf infer_from_def inference.sel(1,2) inference_system.inferences_from_def insert_subset mem_Collect_eq set_mset_add_mset_insert union_mset_add_mset_right) (> 122 ms, timed out)
0.sledgehammer goal.unfolding 150930ms Ordered_Resolution_Prover.Inference_System 64:2050  some Preplay: (smt (cvc5, trigger_max) add.right_neutral cc_subs_n d_in_n inf infer_from_def inference.sel(1,2) inference_system.inferences_from_def insert_subset mem_Collect_eq set_mset_add_mset_insert union_mset_add_mset_right) (> 122 ms, timed out)
0.sledgehammer goal.unfolding 150930ms Ordered_Resolution_Prover.Inference_System 64:2050  some Preplay: (smt (cvc5, trigger_relev) add.right_neutral cc_subs_n d_in_n inf infer_from_def inference.sel(1,2) inference_system.inferences_from_def insert_subset mem_Collect_eq set_mset_add_mset_insert union_mset_add_mset_right) (> 122 ms, timed out)
0.sledgehammer goal.unfolding 150930ms Ordered_Resolution_Prover.Inference_System 64:2050  some Preplay: (smt (cvc5, term_relev) add.right_neutral cc_subs_n d_in_n inf infer_from_def inference.sel(1,2) inference_system.inferences_from_def insert_subset mem_Collect_eq set_mset_add_mset_insert union_mset_add_mset_right) (> 122 ms, timed out)
0.sledgehammer goal.unfolding 150930ms Ordered_Resolution_Prover.Inference_System 64:2050  some Preplay: (smt (cvc5, noematch) add.right_neutral cc_subs_n d_in_n inf infer_from_def inference.sel(1,2) inference_system.inferences_from_def insert_subset mem_Collect_eq set_mset_add_mset_insert union_mset_add_mset_right) (> 122 ms, timed out)
0.sledgehammer goal.unfolding 150930ms Ordered_Resolution_Prover.Inference_System 64:2050  some Preplay: (smt (cvc5, fmf) add.right_neutral cc_subs_n d_in_n inf infer_from_def inference.sel(1,2) inference_system.inferences_from_def insert_subset mem_Collect_eq set_mset_add_mset_insert union_mset_add_mset_right) (> 122 ms, timed out)
0.sledgehammer goal.unfolding 150930ms Ordered_Resolution_Prover.Inference_System 64:2050  some Preplay: (smt (cvc5, no_simp) add.right_neutral cc_subs_n d_in_n inf infer_from_def inference.sel(1,2) inference_system.inferences_from_def insert_subset mem_Collect_eq set_mset_add_mset_insert union_mset_add_mset_right) (> 122 ms, timed out)
0.sledgehammer goal.proof     54049ms Ordered_Resolution_Prover.Inference_System 147:4805  timeout (SH 54049ms):
0.sledgehammer goal.by        13108ms Ordered_Resolution_Prover.Inference_System 201:6366  timeout (SH 13108ms): Timed out
0.sledgehammer goal.using     73271ms Ordered_Resolution_Prover.Inference_System 230:7454  some (SH 73270ms, ATP 848ms): Try this: by (smt (cvc5, no_simp) in_sat_d in_sat_ee inference_system.saturate.step saturate_mono step.hyps(1) subsetD sup.cobounded2 sup_ge1) (395 ms)
0.sledgehammer goal.using     73271ms Ordered_Resolution_Prover.Inference_System 230:7454  some Preplay: (smt (cvc5, no_simp) in_sat_d in_sat_ee inference_system.saturate.step saturate_mono step.hyps(1) subsetD sup.cobounded2 sup_ge1) (395 ms)
0.sledgehammer goal.using     73271ms Ordered_Resolution_Prover.Inference_System 230:7454  some Preplay: (smt (cvc5, trigger_last) in_sat_d in_sat_ee inference_system.saturate.step saturate_mono step.hyps(1) subsetD sup.cobounded2 sup_ge1) (505 ms)
0.sledgehammer goal.using     73271ms Ordered_Resolution_Prover.Inference_System 230:7454  some Preplay: (smt (cvc5, trigger_relev) in_sat_d in_sat_ee inference_system.saturate.step saturate_mono step.hyps(1) subsetD sup.cobounded2 sup_ge1) (517 ms)
0.sledgehammer goal.using     73271ms Ordered_Resolution_Prover.Inference_System 230:7454  some Preplay: (smt (cvc5, best) in_sat_d in_sat_ee inference_system.saturate.step saturate_mono step.hyps(1) subsetD sup.cobounded2 sup_ge1) (519 ms)
0.sledgehammer goal.using     73271ms Ordered_Resolution_Prover.Inference_System 230:7454  some Preplay: (smt (cvc5, trigger_max) in_sat_d in_sat_ee inference_system.saturate.step saturate_mono step.hyps(1) subsetD sup.cobounded2 sup_ge1) (563 ms)
0.sledgehammer goal.using     73271ms Ordered_Resolution_Prover.Inference_System 230:7454  some Preplay: (smt (cvc5, fmf) in_sat_d in_sat_ee inference_system.saturate.step saturate_mono step.hyps(1) subsetD sup.cobounded2 sup_ge1) (623 ms)
0.sledgehammer goal.using     73271ms Ordered_Resolution_Prover.Inference_System 230:7454  some Preplay: (smt (cvc5, quant_saturate) in_sat_d in_sat_ee inference_system.saturate.step saturate_mono step.hyps(1) subsetD sup.cobounded2 sup_ge1) (661 ms)
0.sledgehammer goal.using     73271ms Ordered_Resolution_Prover.Inference_System 230:7454  some Preplay: (smt (cvc5, term_relev) in_sat_d in_sat_ee inference_system.saturate.step saturate_mono step.hyps(1) subsetD sup.cobounded2 sup_ge1) (753 ms)
0.sledgehammer goal.using     73271ms Ordered_Resolution_Prover.Inference_System 230:7454  some Preplay: (smt (cvc5, noematch) in_sat_d in_sat_ee inference_system.saturate.step saturate_mono step.hyps(1) subsetD sup.cobounded2 sup_ge1) (> 505 ms, timed out)
0.sledgehammer goal.using     51538ms Ordered_Resolution_Prover.Unordered_Ground_Resolution 92:3034  some (SH 51538ms, ATP 1525ms): Try this: by (smt (cvc5, best) atm_imp_pos_or_neg_lit d' mem_Collect_eq neg_a_ni_d' set_mset_filter) (128 ms)
0.sledgehammer goal.using     51538ms Ordered_Resolution_Prover.Unordered_Ground_Resolution 92:3034  some Preplay: (smt (cvc5, best) atm_imp_pos_or_neg_lit d' mem_Collect_eq neg_a_ni_d' set_mset_filter) (128 ms)
0.sledgehammer goal.using     51538ms Ordered_Resolution_Prover.Unordered_Ground_Resolution 92:3034  some Preplay: (smt (cvc5, trigger_last) atm_imp_pos_or_neg_lit d' mem_Collect_eq neg_a_ni_d' set_mset_filter) (> 128 ms, timed out)
0.sledgehammer goal.using     51538ms Ordered_Resolution_Prover.Unordered_Ground_Resolution 92:3034  some Preplay: (smt (cvc5, quant_saturate) atm_imp_pos_or_neg_lit d' mem_Collect_eq neg_a_ni_d' set_mset_filter) (> 128 ms, timed out)
0.sledgehammer goal.using     51538ms Ordered_Resolution_Prover.Unordered_Ground_Resolution 92:3034  some Preplay: (smt (cvc5, trigger_max) atm_imp_pos_or_neg_lit d' mem_Collect_eq neg_a_ni_d' set_mset_filter) (> 128 ms, timed out)
0.sledgehammer goal.using     51538ms Ordered_Resolution_Prover.Unordered_Ground_Resolution 92:3034  some Preplay: (smt (cvc5, trigger_relev) atm_imp_pos_or_neg_lit d' mem_Collect_eq neg_a_ni_d' set_mset_filter) (> 128 ms, timed out)
0.sledgehammer goal.using     51538ms Ordered_Resolution_Prover.Unordered_Ground_Resolution 92:3034  some Preplay: (smt (cvc5, term_relev) atm_imp_pos_or_neg_lit d' mem_Collect_eq neg_a_ni_d' set_mset_filter) (> 128 ms, timed out)
0.sledgehammer goal.using     51538ms Ordered_Resolution_Prover.Unordered_Ground_Resolution 92:3034  some Preplay: (smt (cvc5, noematch) atm_imp_pos_or_neg_lit d' mem_Collect_eq neg_a_ni_d' set_mset_filter) (> 128 ms, timed out)
0.sledgehammer goal.using     51538ms Ordered_Resolution_Prover.Unordered_Ground_Resolution 92:3034  some Preplay: (smt (cvc5, fmf) atm_imp_pos_or_neg_lit d' mem_Collect_eq neg_a_ni_d' set_mset_filter) (> 128 ms, timed out)
0.sledgehammer goal.using     51538ms Ordered_Resolution_Prover.Unordered_Ground_Resolution 92:3034  some Preplay: (smt (cvc5, no_simp) atm_imp_pos_or_neg_lit d' mem_Collect_eq neg_a_ni_d' set_mset_filter) (> 128 ms, timed out)
0.sledgehammer goal.unfolding 12884ms Ordered_Resolution_Prover.Unordered_Ground_Resolution 113:3979  timeout (SH 12884ms): Timed out
0.sledgehammer goal.by        54670ms Ordered_Resolution_Prover.Unordered_Ground_Resolution 165:5957  timeout (SH 54670ms):
0.sledgehammer goal.unfolding 12575ms Ordered_Resolution_Prover.Lazy_List_Liminf 104:3824  timeout (SH 12575ms): Timed out
0.sledgehammer goal.unfolding 54460ms Ordered_Resolution_Prover.Lazy_List_Liminf 286:10641  timeout (SH 54460ms):
0.sledgehammer goal.by        54837ms Ordered_Resolution_Prover.Lazy_List_Liminf 289:10818  timeout (SH 54837ms):
0.sledgehammer goal.unfolding 46417ms Ordered_Resolution_Prover.Lazy_List_Liminf 342:12690  some (SH 46416ms, ATP 1702ms): Try this: by (smt (cvc5) Liminf_upto_llist_eq_Liminf_llist_ltake Suc_ile_eq Sup_empty add.left_neutral antisym_conv eSuc_enat enat_defs(1) iless_Suc_eq lfinite_Liminf_llist lfinite_conv_llength_enat llast_conv_lnth llength_eq_0 llength_ltake lnth_ltake min_less_iff_conj not_less order_refl plus_enat_simps(1) zero_ne_eSuc)
0.sledgehammer goal.unfolding 46417ms Ordered_Resolution_Prover.Lazy_List_Liminf 342:12690  some Preplay: (smt (cvc5, best) Liminf_upto_llist_eq_Liminf_llist_ltake Suc_ile_eq Sup_empty add.left_neutral antisym_conv eSuc_enat enat_defs(1) iless_Suc_eq lfinite_Liminf_llist lfinite_conv_llength_enat llast_conv_lnth llength_eq_0 llength_ltake lnth_ltake min_less_iff_conj not_less order_refl plus_enat_simps(1) zero_ne_eSuc) (> 1.0 s, timed out)
0.sledgehammer goal.unfolding 46417ms Ordered_Resolution_Prover.Lazy_List_Liminf 342:12690  some Preplay: (smt (cvc5, trigger_last) Liminf_upto_llist_eq_Liminf_llist_ltake Suc_ile_eq Sup_empty add.left_neutral antisym_conv eSuc_enat enat_defs(1) iless_Suc_eq lfinite_Liminf_llist lfinite_conv_llength_enat llast_conv_lnth llength_eq_0 llength_ltake lnth_ltake min_less_iff_conj not_less order_refl plus_enat_simps(1) zero_ne_eSuc) (> 1.0 s, timed out)
0.sledgehammer goal.unfolding 46417ms Ordered_Resolution_Prover.Lazy_List_Liminf 342:12690  some Preplay: (smt (cvc5, quant_saturate) Liminf_upto_llist_eq_Liminf_llist_ltake Suc_ile_eq Sup_empty add.left_neutral antisym_conv eSuc_enat enat_defs(1) iless_Suc_eq lfinite_Liminf_llist lfinite_conv_llength_enat llast_conv_lnth llength_eq_0 llength_ltake lnth_ltake min_less_iff_conj not_less order_refl plus_enat_simps(1) zero_ne_eSuc) (> 1.0 s, timed out)
0.sledgehammer goal.unfolding 46417ms Ordered_Resolution_Prover.Lazy_List_Liminf 342:12690  some Preplay: (smt (cvc5, trigger_max) Liminf_upto_llist_eq_Liminf_llist_ltake Suc_ile_eq Sup_empty add.left_neutral antisym_conv eSuc_enat enat_defs(1) iless_Suc_eq lfinite_Liminf_llist lfinite_conv_llength_enat llast_conv_lnth llength_eq_0 llength_ltake lnth_ltake min_less_iff_conj not_less order_refl plus_enat_simps(1) zero_ne_eSuc) (> 1.0 s, timed out)
0.sledgehammer goal.unfolding 46417ms Ordered_Resolution_Prover.Lazy_List_Liminf 342:12690  some Preplay: (smt (cvc5, trigger_relev) Liminf_upto_llist_eq_Liminf_llist_ltake Suc_ile_eq Sup_empty add.left_neutral antisym_conv eSuc_enat enat_defs(1) iless_Suc_eq lfinite_Liminf_llist lfinite_conv_llength_enat llast_conv_lnth llength_eq_0 llength_ltake lnth_ltake min_less_iff_conj not_less order_refl plus_enat_simps(1) zero_ne_eSuc) (> 1.0 s, timed out)
0.sledgehammer goal.unfolding 46417ms Ordered_Resolution_Prover.Lazy_List_Liminf 342:12690  some Preplay: (smt (cvc5, term_relev) Liminf_upto_llist_eq_Liminf_llist_ltake Suc_ile_eq Sup_empty add.left_neutral antisym_conv eSuc_enat enat_defs(1) iless_Suc_eq lfinite_Liminf_llist lfinite_conv_llength_enat llast_conv_lnth llength_eq_0 llength_ltake lnth_ltake min_less_iff_conj not_less order_refl plus_enat_simps(1) zero_ne_eSuc) (> 1.0 s, timed out)
0.sledgehammer goal.unfolding 46417ms Ordered_Resolution_Prover.Lazy_List_Liminf 342:12690  some Preplay: (smt (cvc5, noematch) Liminf_upto_llist_eq_Liminf_llist_ltake Suc_ile_eq Sup_empty add.left_neutral antisym_conv eSuc_enat enat_defs(1) iless_Suc_eq lfinite_Liminf_llist lfinite_conv_llength_enat llast_conv_lnth llength_eq_0 llength_ltake lnth_ltake min_less_iff_conj not_less order_refl plus_enat_simps(1) zero_ne_eSuc) (> 1.0 s, timed out)
0.sledgehammer goal.unfolding 46417ms Ordered_Resolution_Prover.Lazy_List_Liminf 342:12690  some Preplay: (smt (cvc5, fmf) Liminf_upto_llist_eq_Liminf_llist_ltake Suc_ile_eq Sup_empty add.left_neutral antisym_conv eSuc_enat enat_defs(1) iless_Suc_eq lfinite_Liminf_llist lfinite_conv_llength_enat llast_conv_lnth llength_eq_0 llength_ltake lnth_ltake min_less_iff_conj not_less order_refl plus_enat_simps(1) zero_ne_eSuc) (> 1.0 s, timed out)
0.sledgehammer goal.unfolding 46417ms Ordered_Resolution_Prover.Lazy_List_Liminf 342:12690  some Preplay: (smt (cvc5, no_simp) Liminf_upto_llist_eq_Liminf_llist_ltake Suc_ile_eq Sup_empty add.left_neutral antisym_conv eSuc_enat enat_defs(1) iless_Suc_eq lfinite_Liminf_llist lfinite_conv_llength_enat llast_conv_lnth llength_eq_0 llength_ltake lnth_ltake min_less_iff_conj not_less order_refl plus_enat_simps(1) zero_ne_eSuc) (> 1.0 s, timed out)
0.sledgehammer goal.proof     54871ms Ordered_Resolution_Prover.Lazy_List_Chain 49:1512  timeout (SH 54871ms):
0.sledgehammer goal.proof     56871ms Ordered_Resolution_Prover.Lazy_List_Chain 89:2913  timeout (SH 56871ms):
0.sledgehammer goal.using     12927ms Ordered_Resolution_Prover.Lazy_List_Chain 182:6180  timeout (SH 12927ms): Timed out
0.sledgehammer goal.using     60813ms Ordered_Resolution_Prover.Lazy_List_Chain 194:6469  timeout (SH 60813ms):
0.sledgehammer goal.by        58710ms Ordered_Resolution_Prover.Lazy_List_Chain 389:13429  some (SH 58710ms, ATP 1882ms): Try this: by (smt (cvc5) assms emb_prepend_coinduct_aux prepend_cong1_base prepend_cong1_prepend prepend_cong_distrib)
0.sledgehammer goal.by        58710ms Ordered_Resolution_Prover.Lazy_List_Chain 389:13429  some Preplay: (smt (cvc5, best) assms emb_prepend_coinduct_aux prepend_cong1_base prepend_cong1_prepend prepend_cong_distrib) (> 1.0 s, timed out)
0.sledgehammer goal.by        58710ms Ordered_Resolution_Prover.Lazy_List_Chain 389:13429  some Preplay: (smt (cvc5, trigger_last) assms emb_prepend_coinduct_aux prepend_cong1_base prepend_cong1_prepend prepend_cong_distrib) (> 1.0 s, timed out)
0.sledgehammer goal.by        58710ms Ordered_Resolution_Prover.Lazy_List_Chain 389:13429  some Preplay: (smt (cvc5, quant_saturate) assms emb_prepend_coinduct_aux prepend_cong1_base prepend_cong1_prepend prepend_cong_distrib) (> 1.0 s, timed out)
0.sledgehammer goal.by        58710ms Ordered_Resolution_Prover.Lazy_List_Chain 389:13429  some Preplay: (smt (cvc5, trigger_max) assms emb_prepend_coinduct_aux prepend_cong1_base prepend_cong1_prepend prepend_cong_distrib) (> 1.0 s, timed out)
0.sledgehammer goal.by        58710ms Ordered_Resolution_Prover.Lazy_List_Chain 389:13429  some Preplay: (smt (cvc5, trigger_relev) assms emb_prepend_coinduct_aux prepend_cong1_base prepend_cong1_prepend prepend_cong_distrib) (> 1.0 s, timed out)
0.sledgehammer goal.by        58710ms Ordered_Resolution_Prover.Lazy_List_Chain 389:13429  some Preplay: (smt (cvc5, term_relev) assms emb_prepend_coinduct_aux prepend_cong1_base prepend_cong1_prepend prepend_cong_distrib) (> 1.0 s, timed out)
0.sledgehammer goal.by        58710ms Ordered_Resolution_Prover.Lazy_List_Chain 389:13429  some Preplay: (smt (cvc5, noematch) assms emb_prepend_coinduct_aux prepend_cong1_base prepend_cong1_prepend prepend_cong_distrib) (> 1.0 s, timed out)
0.sledgehammer goal.by        58710ms Ordered_Resolution_Prover.Lazy_List_Chain 389:13429  some Preplay: (smt (cvc5, fmf) assms emb_prepend_coinduct_aux prepend_cong1_base prepend_cong1_prepend prepend_cong_distrib) (> 1.0 s, timed out)
0.sledgehammer goal.by        58710ms Ordered_Resolution_Prover.Lazy_List_Chain 389:13429  some Preplay: (smt (cvc5, no_simp) assms emb_prepend_coinduct_aux prepend_cong1_base prepend_cong1_prepend prepend_cong_distrib) (> 1.0 s, timed out)
0.sledgehammer goal.by        39721ms Ordered_Resolution_Prover.Lazy_List_Chain 433:14797  some (SH 39721ms, ATP 803ms): Try this: by (smt (cvc5, trigger_max) chain'.coinduct chain_chain') (3.2 s)
0.sledgehammer goal.by        39721ms Ordered_Resolution_Prover.Lazy_List_Chain 433:14797  some Preplay: (smt (cvc5, trigger_max) chain'.coinduct chain_chain') (3.2 s)
0.sledgehammer goal.by        39721ms Ordered_Resolution_Prover.Lazy_List_Chain 433:14797  some Preplay: (smt (cvc5, noematch) chain'.coinduct chain_chain') (3.3 s)
0.sledgehammer goal.by        39721ms Ordered_Resolution_Prover.Lazy_List_Chain 433:14797  some Preplay: (smt (cvc5, fmf) chain'.coinduct chain_chain') (3.4 s)
0.sledgehammer goal.by        39721ms Ordered_Resolution_Prover.Lazy_List_Chain 433:14797  some Preplay: (smt (cvc5, term_relev) chain'.coinduct chain_chain') (3.4 s)
0.sledgehammer goal.by        39721ms Ordered_Resolution_Prover.Lazy_List_Chain 433:14797  some Preplay: (smt (cvc5, trigger_relev) chain'.coinduct chain_chain') (3.5 s)
0.sledgehammer goal.by        39721ms Ordered_Resolution_Prover.Lazy_List_Chain 433:14797  some Preplay: (smt (cvc5, best) chain'.coinduct chain_chain') (3.8 s)
0.sledgehammer goal.by        39721ms Ordered_Resolution_Prover.Lazy_List_Chain 433:14797  some Preplay: (smt (cvc5, trigger_last) chain'.coinduct chain_chain') (4.6 s)
0.sledgehammer goal.by        39721ms Ordered_Resolution_Prover.Lazy_List_Chain 433:14797  some Preplay: (smt (cvc5, quant_saturate) chain'.coinduct chain_chain') (> 1.0 s, timed out)
0.sledgehammer goal.by        39721ms Ordered_Resolution_Prover.Lazy_List_Chain 433:14797  some Preplay: (smt (cvc5, no_simp) chain'.coinduct chain_chain') (> 1.0 s, timed out)
0.sledgehammer goal.proof     13728ms Ordered_Resolution_Prover.Lazy_List_Chain 478:16329  timeout (SH 13728ms): Timed out
0.sledgehammer goal.by        13783ms Ordered_Resolution_Prover.Lazy_List_Chain 501:17036  timeout (SH 13783ms): Timed out
0.sledgehammer goal.proof     53942ms Ordered_Resolution_Prover.Lazy_List_Chain 568:19582  timeout (SH 53942ms):
0.sledgehammer goal.using     35301ms Ordered_Resolution_Prover.Lazy_List_Chain 642:22036  some (SH 35300ms, ATP 1015ms): Try this: by (smt (cvc5) chain.coinduct full full_chain.cases)
0.sledgehammer goal.using     35301ms Ordered_Resolution_Prover.Lazy_List_Chain 642:22036  some Preplay: (smt (cvc5, best) chain.coinduct full full_chain.cases) (> 1.0 s, timed out)
0.sledgehammer goal.using     35301ms Ordered_Resolution_Prover.Lazy_List_Chain 642:22036  some Preplay: (smt (cvc5, trigger_last) chain.coinduct full full_chain.cases) (> 1.0 s, timed out)
0.sledgehammer goal.using     35301ms Ordered_Resolution_Prover.Lazy_List_Chain 642:22036  some Preplay: (smt (cvc5, quant_saturate) chain.coinduct full full_chain.cases) (> 1.0 s, timed out)
0.sledgehammer goal.using     35301ms Ordered_Resolution_Prover.Lazy_List_Chain 642:22036  some Preplay: (smt (cvc5, trigger_max) chain.coinduct full full_chain.cases) (> 1.0 s, timed out)
0.sledgehammer goal.using     35301ms Ordered_Resolution_Prover.Lazy_List_Chain 642:22036  some Preplay: (smt (cvc5, trigger_relev) chain.coinduct full full_chain.cases) (> 1.0 s, timed out)
0.sledgehammer goal.using     35301ms Ordered_Resolution_Prover.Lazy_List_Chain 642:22036  some Preplay: (smt (cvc5, term_relev) chain.coinduct full full_chain.cases) (> 1.0 s, timed out)
0.sledgehammer goal.using     35301ms Ordered_Resolution_Prover.Lazy_List_Chain 642:22036  some Preplay: (smt (cvc5, noematch) chain.coinduct full full_chain.cases) (> 1.0 s, timed out)
0.sledgehammer goal.using     35301ms Ordered_Resolution_Prover.Lazy_List_Chain 642:22036  some Preplay: (smt (cvc5, fmf) chain.coinduct full full_chain.cases) (> 1.0 s, timed out)
0.sledgehammer goal.using     35301ms Ordered_Resolution_Prover.Lazy_List_Chain 642:22036  some Preplay: (smt (cvc5, no_simp) chain.coinduct full full_chain.cases) (> 1.0 s, timed out)
0.sledgehammer goal.by        35380ms Ordered_Resolution_Prover.Lazy_List_Chain 642:22047  some (SH 35380ms, ATP 929ms): Try this: by (smt (cvc5) chain.coinduct full_chain.cases)
0.sledgehammer goal.by        35380ms Ordered_Resolution_Prover.Lazy_List_Chain 642:22047  some Preplay: (smt (cvc5, best) chain.coinduct full_chain.cases) (> 1.0 s, timed out)
0.sledgehammer goal.by        35380ms Ordered_Resolution_Prover.Lazy_List_Chain 642:22047  some Preplay: (smt (cvc5, trigger_last) chain.coinduct full_chain.cases) (> 1.0 s, timed out)
0.sledgehammer goal.by        35380ms Ordered_Resolution_Prover.Lazy_List_Chain 642:22047  some Preplay: (smt (cvc5, quant_saturate) chain.coinduct full_chain.cases) (> 1.0 s, timed out)
0.sledgehammer goal.by        35380ms Ordered_Resolution_Prover.Lazy_List_Chain 642:22047  some Preplay: (smt (cvc5, trigger_max) chain.coinduct full_chain.cases) (> 1.0 s, timed out)
0.sledgehammer goal.by        35380ms Ordered_Resolution_Prover.Lazy_List_Chain 642:22047  some Preplay: (smt (cvc5, trigger_relev) chain.coinduct full_chain.cases) (> 1.0 s, timed out)
0.sledgehammer goal.by        35380ms Ordered_Resolution_Prover.Lazy_List_Chain 642:22047  some Preplay: (smt (cvc5, term_relev) chain.coinduct full_chain.cases) (> 1.0 s, timed out)
0.sledgehammer goal.by        35380ms Ordered_Resolution_Prover.Lazy_List_Chain 642:22047  some Preplay: (smt (cvc5, noematch) chain.coinduct full_chain.cases) (> 1.0 s, timed out)
0.sledgehammer goal.by        35380ms Ordered_Resolution_Prover.Lazy_List_Chain 642:22047  some Preplay: (smt (cvc5, fmf) chain.coinduct full_chain.cases) (> 1.0 s, timed out)
0.sledgehammer goal.by        35380ms Ordered_Resolution_Prover.Lazy_List_Chain 642:22047  some Preplay: (smt (cvc5, no_simp) chain.coinduct full_chain.cases) (> 1.0 s, timed out)
0.sledgehammer goal.by        13539ms Ordered_Resolution_Prover.Map2 33:1166  timeout (SH 13538ms): Timed out
0.sledgehammer goal.proof     52664ms Ordered_Resolution_Prover.Map2 38:1370  some (SH 52664ms, ATP 706ms): Try this: by (smt (cvc5) Collect_cong assms case_prod_conv length_map length_zip min_less_iff_conj nth_map nth_zip set_conv_nth)
0.sledgehammer goal.proof     52664ms Ordered_Resolution_Prover.Map2 38:1370  some Preplay: (smt (cvc5, best) Collect_cong assms case_prod_conv length_map length_zip min_less_iff_conj nth_map nth_zip set_conv_nth) (> 1.0 s, timed out)
0.sledgehammer goal.proof     52664ms Ordered_Resolution_Prover.Map2 38:1370  some Preplay: (smt (cvc5, trigger_last) Collect_cong assms case_prod_conv length_map length_zip min_less_iff_conj nth_map nth_zip set_conv_nth) (> 1.0 s, timed out)
0.sledgehammer goal.proof     52664ms Ordered_Resolution_Prover.Map2 38:1370  some Preplay: (smt (cvc5, quant_saturate) Collect_cong assms case_prod_conv length_map length_zip min_less_iff_conj nth_map nth_zip set_conv_nth) (> 1.0 s, timed out)
0.sledgehammer goal.proof     52664ms Ordered_Resolution_Prover.Map2 38:1370  some Preplay: (smt (cvc5, trigger_max) Collect_cong assms case_prod_conv length_map length_zip min_less_iff_conj nth_map nth_zip set_conv_nth) (> 1.0 s, timed out)
0.sledgehammer goal.proof     52664ms Ordered_Resolution_Prover.Map2 38:1370  some Preplay: (smt (cvc5, trigger_relev) Collect_cong assms case_prod_conv length_map length_zip min_less_iff_conj nth_map nth_zip set_conv_nth) (> 1.0 s, timed out)
0.sledgehammer goal.proof     52664ms Ordered_Resolution_Prover.Map2 38:1370  some Preplay: (smt (cvc5, term_relev) Collect_cong assms case_prod_conv length_map length_zip min_less_iff_conj nth_map nth_zip set_conv_nth) (> 1.0 s, timed out)
0.sledgehammer goal.proof     52664ms Ordered_Resolution_Prover.Map2 38:1370  some Preplay: (smt (cvc5, noematch) Collect_cong assms case_prod_conv length_map length_zip min_less_iff_conj nth_map nth_zip set_conv_nth) (> 1.0 s, timed out)
0.sledgehammer goal.proof     52664ms Ordered_Resolution_Prover.Map2 38:1370  some Preplay: (smt (cvc5, fmf) Collect_cong assms case_prod_conv length_map length_zip min_less_iff_conj nth_map nth_zip set_conv_nth) (> 1.0 s, timed out)
0.sledgehammer goal.proof     52664ms Ordered_Resolution_Prover.Map2 38:1370  some Preplay: (smt (cvc5, no_simp) Collect_cong assms case_prod_conv length_map length_zip min_less_iff_conj nth_map nth_zip set_conv_nth) (> 1.0 s, timed out)
0.sledgehammer goal.using     58804ms Ordered_Resolution_Prover.Abstract_Substitution 250:8488  timeout (SH 58804ms):
0.sledgehammer goal.by        13198ms Ordered_Resolution_Prover.Abstract_Substitution 250:8510  timeout (SH 13198ms): Timed out
0.sledgehammer goal.by        54491ms Ordered_Resolution_Prover.Abstract_Substitution 271:9292  some (SH 54491ms, ATP 1894ms): Try this: by (smt (cvc5) fst_def image_iff length_replicate list.set_map list.set_map map_eq_conv map_fst_zip map_replicate_const map_replicate_const set_zip_rightD split_cong subst_atm_mset_id_subst)
0.sledgehammer goal.by        54491ms Ordered_Resolution_Prover.Abstract_Substitution 271:9292  some Preplay: (smt (cvc5, best) fst_def image_iff length_replicate list.set_map map_eq_conv map_fst_zip map_replicate_const set_zip_rightD split_cong subst_atm_mset_id_subst) (> 1.0 s, timed out)
0.sledgehammer goal.by        54491ms Ordered_Resolution_Prover.Abstract_Substitution 271:9292  some Preplay: (smt (cvc5, trigger_last) fst_def image_iff length_replicate list.set_map map_eq_conv map_fst_zip map_replicate_const set_zip_rightD split_cong subst_atm_mset_id_subst) (> 1.0 s, timed out)
0.sledgehammer goal.by        54491ms Ordered_Resolution_Prover.Abstract_Substitution 271:9292  some Preplay: (smt (cvc5, quant_saturate) fst_def image_iff length_replicate list.set_map map_eq_conv map_fst_zip map_replicate_const set_zip_rightD split_cong subst_atm_mset_id_subst) (> 1.0 s, timed out)
0.sledgehammer goal.by        54491ms Ordered_Resolution_Prover.Abstract_Substitution 271:9292  some Preplay: (smt (cvc5, trigger_relev) fst_def image_iff length_replicate list.set_map map_eq_conv map_fst_zip map_replicate_const set_zip_rightD split_cong subst_atm_mset_id_subst) (> 1.0 s, timed out)
0.sledgehammer goal.by        54491ms Ordered_Resolution_Prover.Abstract_Substitution 271:9292  some Preplay: (smt (cvc5, term_relev) fst_def image_iff length_replicate list.set_map map_eq_conv map_fst_zip map_replicate_const set_zip_rightD split_cong subst_atm_mset_id_subst) (> 1.0 s, timed out)
0.sledgehammer goal.by        54491ms Ordered_Resolution_Prover.Abstract_Substitution 271:9292  some Preplay: (smt (cvc5, noematch) fst_def image_iff length_replicate list.set_map map_eq_conv map_fst_zip map_replicate_const set_zip_rightD split_cong subst_atm_mset_id_subst) (> 1.0 s, timed out)
0.sledgehammer goal.by        54491ms Ordered_Resolution_Prover.Abstract_Substitution 271:9292  some Preplay: (smt (cvc5, fmf) fst_def image_iff length_replicate list.set_map map_eq_conv map_fst_zip map_replicate_const set_zip_rightD split_cong subst_atm_mset_id_subst) (> 1.0 s, timed out)
0.sledgehammer goal.by        54491ms Ordered_Resolution_Prover.Abstract_Substitution 271:9292  some Preplay: (smt (cvc5, no_simp) fst_def image_iff length_replicate list.set_map map_eq_conv map_fst_zip map_replicate_const set_zip_rightD split_cong subst_atm_mset_id_subst) (> 1.0 s, timed out)
0.sledgehammer goal.by        54491ms Ordered_Resolution_Prover.Abstract_Substitution 271:9292  some Preplay: (smt (cvc5, trigger_max) fst_def image_iff length_replicate list.set_map map_eq_conv map_fst_zip map_replicate_const set_zip_rightD split_cong subst_atm_mset_id_subst) (failed)
0.sledgehammer goal.unfolding 12231ms Ordered_Resolution_Prover.Abstract_Substitution 304:10318  timeout (SH 12231ms): Timed out
0.sledgehammer goal.unfolding 13173ms Ordered_Resolution_Prover.Abstract_Substitution 326:11216  timeout (SH 13173ms): Timed out
0.sledgehammer goal.unfolding 58025ms Ordered_Resolution_Prover.Abstract_Substitution 380:13120  timeout (SH 58025ms):
0.sledgehammer goal.proof     14478ms Ordered_Resolution_Prover.Abstract_Substitution 849:30783  timeout (SH 14478ms): Timed out
0.sledgehammer goal.unfolding 41235ms Ordered_Resolution_Prover.Abstract_Substitution 963:35436  some (SH 41234ms, ATP 1247ms): Try this: by (smt (cvc5, trigger_relev) Collect_cong ex_ground_subst is_ground_subst_cls singleton_conv substitution_ops.grounding_of_cls_def) (1.7 s)
0.sledgehammer goal.unfolding 41235ms Ordered_Resolution_Prover.Abstract_Substitution 963:35436  some Preplay: (smt (cvc5, trigger_relev) Collect_cong ex_ground_subst is_ground_subst_cls singleton_conv substitution_ops.grounding_of_cls_def) (1.7 s)
0.sledgehammer goal.unfolding 41235ms Ordered_Resolution_Prover.Abstract_Substitution 963:35436  some Preplay: (smt (cvc5, best) Collect_cong ex_ground_subst is_ground_subst_cls singleton_conv substitution_ops.grounding_of_cls_def) (1.8 s)
0.sledgehammer goal.unfolding 41235ms Ordered_Resolution_Prover.Abstract_Substitution 963:35436  some Preplay: (smt (cvc5, no_simp) Collect_cong ex_ground_subst is_ground_subst_cls singleton_conv substitution_ops.grounding_of_cls_def) (1.9 s)
0.sledgehammer goal.unfolding 41235ms Ordered_Resolution_Prover.Abstract_Substitution 963:35436  some Preplay: (smt (cvc5, term_relev) Collect_cong ex_ground_subst is_ground_subst_cls singleton_conv substitution_ops.grounding_of_cls_def) (2.1 s)
0.sledgehammer goal.unfolding 41235ms Ordered_Resolution_Prover.Abstract_Substitution 963:35436  some Preplay: (smt (cvc5, trigger_last) Collect_cong ex_ground_subst is_ground_subst_cls singleton_conv substitution_ops.grounding_of_cls_def) (2.1 s)
0.sledgehammer goal.unfolding 41235ms Ordered_Resolution_Prover.Abstract_Substitution 963:35436  some Preplay: (smt (cvc5, quant_saturate) Collect_cong ex_ground_subst is_ground_subst_cls singleton_conv substitution_ops.grounding_of_cls_def) (2.3 s)
0.sledgehammer goal.unfolding 41235ms Ordered_Resolution_Prover.Abstract_Substitution 963:35436  some Preplay: (smt (cvc5, noematch) Collect_cong ex_ground_subst is_ground_subst_cls singleton_conv substitution_ops.grounding_of_cls_def) (2.5 s)
0.sledgehammer goal.unfolding 41235ms Ordered_Resolution_Prover.Abstract_Substitution 963:35436  some Preplay: (smt (cvc5, trigger_max) Collect_cong ex_ground_subst is_ground_subst_cls singleton_conv substitution_ops.grounding_of_cls_def) (3.6 s)
0.sledgehammer goal.unfolding 41235ms Ordered_Resolution_Prover.Abstract_Substitution 963:35436  some Preplay: (smt (cvc5, fmf) Collect_cong ex_ground_subst is_ground_subst_cls singleton_conv substitution_ops.grounding_of_cls_def) (> 1.0 s, timed out)
0.sledgehammer goal.by        27388ms Ordered_Resolution_Prover.Abstract_Substitution 978:36080  some (SH 27388ms, ATP 641ms): Try this: by (smt (cvc5, no_simp) Set.set_insert grounding_of_cls_ground is_ground_cls_if_in_grounding_of_cls singleton_insert_inj_eq') (748 ms)
0.sledgehammer goal.by        27388ms Ordered_Resolution_Prover.Abstract_Substitution 978:36080  some Preplay: (smt (cvc5, no_simp) Set.set_insert grounding_of_cls_ground is_ground_cls_if_in_grounding_of_cls singleton_insert_inj_eq') (748 ms)
0.sledgehammer goal.by        27388ms Ordered_Resolution_Prover.Abstract_Substitution 978:36080  some Preplay: (smt (cvc5, trigger_last) Set.set_insert grounding_of_cls_ground is_ground_cls_if_in_grounding_of_cls singleton_insert_inj_eq') (773 ms)
0.sledgehammer goal.by        27388ms Ordered_Resolution_Prover.Abstract_Substitution 978:36080  some Preplay: (smt (cvc5, term_relev) Set.set_insert grounding_of_cls_ground is_ground_cls_if_in_grounding_of_cls singleton_insert_inj_eq') (774 ms)
0.sledgehammer goal.by        27388ms Ordered_Resolution_Prover.Abstract_Substitution 978:36080  some Preplay: (smt (cvc5, best) Set.set_insert grounding_of_cls_ground is_ground_cls_if_in_grounding_of_cls singleton_insert_inj_eq') (777 ms)
0.sledgehammer goal.by        27388ms Ordered_Resolution_Prover.Abstract_Substitution 978:36080  some Preplay: (smt (cvc5, noematch) Set.set_insert grounding_of_cls_ground is_ground_cls_if_in_grounding_of_cls singleton_insert_inj_eq') (838 ms)
0.sledgehammer goal.by        27388ms Ordered_Resolution_Prover.Abstract_Substitution 978:36080  some Preplay: (smt (cvc5, fmf) Set.set_insert grounding_of_cls_ground is_ground_cls_if_in_grounding_of_cls singleton_insert_inj_eq') (1.0 s)
0.sledgehammer goal.by        27388ms Ordered_Resolution_Prover.Abstract_Substitution 978:36080  some Preplay: (smt (cvc5, quant_saturate) Set.set_insert grounding_of_cls_ground is_ground_cls_if_in_grounding_of_cls singleton_insert_inj_eq') (1.0 s)
0.sledgehammer goal.by        27388ms Ordered_Resolution_Prover.Abstract_Substitution 978:36080  some Preplay: (smt (cvc5, trigger_max) Set.set_insert grounding_of_cls_ground is_ground_cls_if_in_grounding_of_cls singleton_insert_inj_eq') (1.0 s)
0.sledgehammer goal.by        27388ms Ordered_Resolution_Prover.Abstract_Substitution 978:36080  some Preplay: (smt (cvc5, trigger_relev) Set.set_insert grounding_of_cls_ground is_ground_cls_if_in_grounding_of_cls singleton_insert_inj_eq') (2.3 s)
0.sledgehammer goal.by        14489ms Ordered_Resolution_Prover.FO_Ordered_Resolution 98:4032  timeout (SH 14489ms): Timed out
0.sledgehammer goal.using     13740ms Ordered_Resolution_Prover.FO_Ordered_Resolution 245:9300  timeout (SH 13739ms): Timed out
0.sledgehammer goal.by        13529ms Ordered_Resolution_Prover.FO_Ordered_Resolution 246:9347  timeout (SH 13529ms): Timed out
0.sledgehammer goal.proof     12997ms Ordered_Resolution_Prover.FO_Ordered_Resolution 355:13050  timeout (SH 12997ms): Timed out
0.sledgehammer goal.by        51139ms Ordered_Resolution_Prover.FO_Ordered_Resolution 420:15635  some (SH 51138ms, ATP 1095ms): Try this: by (smt (cvc5) Collect_mono_iff infer_from_def inference.sel(1,2) set_mset_add_mset_insert set_mset_empty set_mset_mset set_mset_union)
0.sledgehammer goal.by        51139ms Ordered_Resolution_Prover.FO_Ordered_Resolution 420:15635  some Preplay: (smt (cvc5, best) Collect_mono_iff infer_from_def inference.sel(1,2) set_mset_add_mset_insert set_mset_empty set_mset_mset set_mset_union) (> 1.0 s, timed out)
0.sledgehammer goal.by        51139ms Ordered_Resolution_Prover.FO_Ordered_Resolution 420:15635  some Preplay: (smt (cvc5, trigger_last) Collect_mono_iff infer_from_def inference.sel(1,2) set_mset_add_mset_insert set_mset_empty set_mset_mset set_mset_union) (> 1.0 s, timed out)
0.sledgehammer goal.by        51139ms Ordered_Resolution_Prover.FO_Ordered_Resolution 420:15635  some Preplay: (smt (cvc5, quant_saturate) Collect_mono_iff infer_from_def inference.sel(1,2) set_mset_add_mset_insert set_mset_empty set_mset_mset set_mset_union) (> 1.0 s, timed out)
0.sledgehammer goal.by        51139ms Ordered_Resolution_Prover.FO_Ordered_Resolution 420:15635  some Preplay: (smt (cvc5, trigger_max) Collect_mono_iff infer_from_def inference.sel(1,2) set_mset_add_mset_insert set_mset_empty set_mset_mset set_mset_union) (> 1.0 s, timed out)
0.sledgehammer goal.by        51139ms Ordered_Resolution_Prover.FO_Ordered_Resolution 420:15635  some Preplay: (smt (cvc5, trigger_relev) Collect_mono_iff infer_from_def inference.sel(1,2) set_mset_add_mset_insert set_mset_empty set_mset_mset set_mset_union) (> 1.0 s, timed out)
0.sledgehammer goal.by        51139ms Ordered_Resolution_Prover.FO_Ordered_Resolution 420:15635  some Preplay: (smt (cvc5, term_relev) Collect_mono_iff infer_from_def inference.sel(1,2) set_mset_add_mset_insert set_mset_empty set_mset_mset set_mset_union) (> 1.0 s, timed out)
0.sledgehammer goal.by        51139ms Ordered_Resolution_Prover.FO_Ordered_Resolution 420:15635  some Preplay: (smt (cvc5, noematch) Collect_mono_iff infer_from_def inference.sel(1,2) set_mset_add_mset_insert set_mset_empty set_mset_mset set_mset_union) (> 1.0 s, timed out)
0.sledgehammer goal.by        51139ms Ordered_Resolution_Prover.FO_Ordered_Resolution 420:15635  some Preplay: (smt (cvc5, fmf) Collect_mono_iff infer_from_def inference.sel(1,2) set_mset_add_mset_insert set_mset_empty set_mset_mset set_mset_union) (> 1.0 s, timed out)
0.sledgehammer goal.by        51139ms Ordered_Resolution_Prover.FO_Ordered_Resolution 420:15635  some Preplay: (smt (cvc5, no_simp) Collect_mono_iff infer_from_def inference.sel(1,2) set_mset_add_mset_insert set_mset_empty set_mset_mset set_mset_union) (> 1.0 s, timed out)
0.sledgehammer goal.using     37972ms Ordered_Resolution_Prover.FO_Ordered_Resolution 434:16060  some (SH 37972ms, ATP 137ms): Try this: by (smt (cvc5, best) ord_resolve_rename_unique res_e the_equality) (356 ms)
0.sledgehammer goal.using     37972ms Ordered_Resolution_Prover.FO_Ordered_Resolution 434:16060  some Preplay: (smt (cvc5, best) ord_resolve_rename_unique res_e the_equality) (356 ms)
0.sledgehammer goal.using     37972ms Ordered_Resolution_Prover.FO_Ordered_Resolution 434:16060  some Preplay: (smt (cvc5, no_simp) ord_resolve_rename_unique res_e the_equality) (859 ms)
0.sledgehammer goal.using     37972ms Ordered_Resolution_Prover.FO_Ordered_Resolution 434:16060  some Preplay: (smt (cvc5, trigger_relev) ord_resolve_rename_unique res_e the_equality) (871 ms)
0.sledgehammer goal.using     37972ms Ordered_Resolution_Prover.FO_Ordered_Resolution 434:16060  some Preplay: (smt (cvc5, term_relev) ord_resolve_rename_unique res_e the_equality) (893 ms)
0.sledgehammer goal.using     37972ms Ordered_Resolution_Prover.FO_Ordered_Resolution 434:16060  some Preplay: (smt (cvc5, trigger_last) ord_resolve_rename_unique res_e the_equality) (1.0 s)
0.sledgehammer goal.using     37972ms Ordered_Resolution_Prover.FO_Ordered_Resolution 434:16060  some Preplay: (smt (cvc5, fmf) ord_resolve_rename_unique res_e the_equality) (1.1 s)
0.sledgehammer goal.using     37972ms Ordered_Resolution_Prover.FO_Ordered_Resolution 434:16060  some Preplay: (smt (cvc5, noematch) ord_resolve_rename_unique res_e the_equality) (1.1 s)
0.sledgehammer goal.using     37972ms Ordered_Resolution_Prover.FO_Ordered_Resolution 434:16060  some Preplay: (smt (cvc5, quant_saturate) ord_resolve_rename_unique res_e the_equality) (2.2 s)
0.sledgehammer goal.using     37972ms Ordered_Resolution_Prover.FO_Ordered_Resolution 434:16060  some Preplay: (smt (cvc5, trigger_max) ord_resolve_rename_unique res_e the_equality) (> 356 ms, timed out)
0.sledgehammer goal.by        13428ms Ordered_Resolution_Prover.FO_Ordered_Resolution 434:16098  some (SH 13428ms, ATP 117ms): Try this: by (smt (cvc5, best) the_equality) (544 ms)
0.sledgehammer goal.by        13428ms Ordered_Resolution_Prover.FO_Ordered_Resolution 434:16098  some Preplay: (smt (cvc5, best) the_equality) (544 ms)
0.sledgehammer goal.by        13428ms Ordered_Resolution_Prover.FO_Ordered_Resolution 434:16098  some Preplay: (smt (cvc5, trigger_relev) the_equality) (848 ms)
0.sledgehammer goal.by        13428ms Ordered_Resolution_Prover.FO_Ordered_Resolution 434:16098  some Preplay: (smt (cvc5, trigger_max) the_equality) (852 ms)
0.sledgehammer goal.by        13428ms Ordered_Resolution_Prover.FO_Ordered_Resolution 434:16098  some Preplay: (smt (cvc5, quant_saturate) the_equality) (871 ms)
0.sledgehammer goal.by        13428ms Ordered_Resolution_Prover.FO_Ordered_Resolution 434:16098  some Preplay: (smt (cvc5, term_relev) the_equality) (889 ms)
0.sledgehammer goal.by        13428ms Ordered_Resolution_Prover.FO_Ordered_Resolution 434:16098  some Preplay: (smt (cvc5, no_simp) the_equality) (904 ms)
0.sledgehammer goal.by        13428ms Ordered_Resolution_Prover.FO_Ordered_Resolution 434:16098  some Preplay: (smt (cvc5, noematch) the_equality) (924 ms)
0.sledgehammer goal.by        13428ms Ordered_Resolution_Prover.FO_Ordered_Resolution 434:16098  some Preplay: (smt (cvc5, trigger_last) the_equality) (1.0 s)
0.sledgehammer goal.by        13428ms Ordered_Resolution_Prover.FO_Ordered_Resolution 434:16098  some Preplay: (smt (cvc5, fmf) the_equality) (1.0 s)
0.sledgehammer goal.using     15478ms Ordered_Resolution_Prover.FO_Ordered_Resolution 437:16209  timeout (SH 15477ms): Timed out
0.sledgehammer goal.by        187228ms Ordered_Resolution_Prover.FO_Ordered_Resolution 439:16302  some (SH 187228ms, ATP 235ms): Try this: by (smt (cvc5, term_relev) Max_ge_iff empty_iff finite.emptyI finite_Un finite_imageI finite_insert image_eqI in_listsI mem_Collect_eq subset_eq) (534 ms)
0.sledgehammer goal.by        187228ms Ordered_Resolution_Prover.FO_Ordered_Resolution 439:16302  some Preplay: (smt (cvc5, term_relev) Max_ge_iff empty_iff finite.emptyI finite_Un finite_imageI finite_insert image_eqI in_listsI mem_Collect_eq subset_eq) (534 ms)
0.sledgehammer goal.by        187228ms Ordered_Resolution_Prover.FO_Ordered_Resolution 439:16302  some Preplay: (smt (cvc5, trigger_relev) Max_ge_iff empty_iff finite.emptyI finite_Un finite_imageI finite_insert image_eqI in_listsI mem_Collect_eq subset_eq) (875 ms)
0.sledgehammer goal.by        187228ms Ordered_Resolution_Prover.FO_Ordered_Resolution 439:16302  some Preplay: (smt (cvc5, best) Max_ge_iff empty_iff finite.emptyI finite_Un finite_imageI finite_insert image_eqI in_listsI mem_Collect_eq subset_eq) (1.0 s)
0.sledgehammer goal.by        187228ms Ordered_Resolution_Prover.FO_Ordered_Resolution 439:16302  some Preplay: (smt (cvc5, quant_saturate) Max_ge_iff empty_iff finite.emptyI finite_Un finite_imageI finite_insert image_eqI in_listsI mem_Collect_eq subset_eq) (1.0 s)
0.sledgehammer goal.by        187228ms Ordered_Resolution_Prover.FO_Ordered_Resolution 439:16302  some Preplay: (smt (cvc5, trigger_last) Max_ge_iff empty_iff finite.emptyI finite_Un finite_imageI finite_insert image_eqI in_listsI mem_Collect_eq subset_eq) (1.1 s)
0.sledgehammer goal.by        187228ms Ordered_Resolution_Prover.FO_Ordered_Resolution 439:16302  some Preplay: (smt (cvc5, trigger_max) Max_ge_iff empty_iff finite.emptyI finite_Un finite_imageI finite_insert image_eqI in_listsI mem_Collect_eq subset_eq) (2.7 s)
0.sledgehammer goal.by        187228ms Ordered_Resolution_Prover.FO_Ordered_Resolution 439:16302  some Preplay: (smt (cvc5, noematch) Max_ge_iff empty_iff finite.emptyI finite_Un finite_imageI finite_insert image_eqI in_listsI mem_Collect_eq subset_eq) (> 534 ms, timed out)
0.sledgehammer goal.by        187228ms Ordered_Resolution_Prover.FO_Ordered_Resolution 439:16302  some Preplay: (smt (cvc5, fmf) Max_ge_iff empty_iff finite.emptyI finite_Un finite_imageI finite_insert image_eqI in_listsI mem_Collect_eq subset_eq) (> 534 ms, timed out)
0.sledgehammer goal.by        187228ms Ordered_Resolution_Prover.FO_Ordered_Resolution 439:16302  some Preplay: (smt (cvc5, no_simp) Max_ge_iff empty_iff finite.emptyI finite_Un finite_imageI finite_insert image_eqI in_listsI mem_Collect_eq subset_eq) (> 534 ms, timed out)
0.sledgehammer goal.using     13211ms Ordered_Resolution_Prover.FO_Ordered_Resolution 509:18871  timeout (SH 13211ms): Timed out
0.sledgehammer goal.by        42255ms Ordered_Resolution_Prover.FO_Ordered_Resolution 510:18932  some (SH 42255ms, ATP 2084ms): Try this: by (smt (cvc5) in_set_conv_nth length_map list.set_map mset_subset_eqD multiset.set_map neg_lit_in_atms_of nth_map nth_mem_mset set_mset_mset set_mset_mset subsetI subst_atm_list_length)
0.sledgehammer goal.by        42255ms Ordered_Resolution_Prover.FO_Ordered_Resolution 510:18932  some Preplay: (smt (cvc5, best) in_set_conv_nth length_map list.set_map mset_subset_eqD multiset.set_map neg_lit_in_atms_of nth_map nth_mem_mset set_mset_mset set_mset_mset subsetI subst_atm_list_length) (> 1.0 s, timed out)
0.sledgehammer goal.by        42255ms Ordered_Resolution_Prover.FO_Ordered_Resolution 510:18932  some Preplay: (smt (cvc5, trigger_last) in_set_conv_nth length_map list.set_map mset_subset_eqD multiset.set_map neg_lit_in_atms_of nth_map nth_mem_mset set_mset_mset set_mset_mset subsetI subst_atm_list_length) (> 1.0 s, timed out)
0.sledgehammer goal.by        42255ms Ordered_Resolution_Prover.FO_Ordered_Resolution 510:18932  some Preplay: (smt (cvc5, quant_saturate) in_set_conv_nth length_map list.set_map mset_subset_eqD multiset.set_map neg_lit_in_atms_of nth_map nth_mem_mset set_mset_mset set_mset_mset subsetI subst_atm_list_length) (> 1.0 s, timed out)
0.sledgehammer goal.by        42255ms Ordered_Resolution_Prover.FO_Ordered_Resolution 510:18932  some Preplay: (smt (cvc5, trigger_max) in_set_conv_nth length_map list.set_map mset_subset_eqD multiset.set_map neg_lit_in_atms_of nth_map nth_mem_mset set_mset_mset set_mset_mset subsetI subst_atm_list_length) (> 1.0 s, timed out)
0.sledgehammer goal.by        42255ms Ordered_Resolution_Prover.FO_Ordered_Resolution 510:18932  some Preplay: (smt (cvc5, trigger_relev) in_set_conv_nth length_map list.set_map mset_subset_eqD multiset.set_map neg_lit_in_atms_of nth_map nth_mem_mset set_mset_mset set_mset_mset subsetI subst_atm_list_length) (> 1.0 s, timed out)
0.sledgehammer goal.by        42255ms Ordered_Resolution_Prover.FO_Ordered_Resolution 510:18932  some Preplay: (smt (cvc5, term_relev) in_set_conv_nth length_map list.set_map mset_subset_eqD multiset.set_map neg_lit_in_atms_of nth_map nth_mem_mset set_mset_mset set_mset_mset subsetI subst_atm_list_length) (> 1.0 s, timed out)
0.sledgehammer goal.by        42255ms Ordered_Resolution_Prover.FO_Ordered_Resolution 510:18932  some Preplay: (smt (cvc5, noematch) in_set_conv_nth length_map list.set_map mset_subset_eqD multiset.set_map neg_lit_in_atms_of nth_map nth_mem_mset set_mset_mset set_mset_mset subsetI subst_atm_list_length) (> 1.0 s, timed out)
0.sledgehammer goal.by        42255ms Ordered_Resolution_Prover.FO_Ordered_Resolution 510:18932  some Preplay: (smt (cvc5, fmf) in_set_conv_nth length_map list.set_map mset_subset_eqD multiset.set_map neg_lit_in_atms_of nth_map nth_mem_mset set_mset_mset set_mset_mset subsetI subst_atm_list_length) (> 1.0 s, timed out)
0.sledgehammer goal.by        42255ms Ordered_Resolution_Prover.FO_Ordered_Resolution 510:18932  some Preplay: (smt (cvc5, no_simp) in_set_conv_nth length_map list.set_map mset_subset_eqD multiset.set_map neg_lit_in_atms_of nth_map nth_mem_mset set_mset_mset set_mset_mset subsetI subst_atm_list_length) (> 1.0 s, timed out)
0.sledgehammer goal.by        40900ms Ordered_Resolution_Prover.FO_Ordered_Resolution 527:19582  some (SH 40900ms, ATP 1499ms): Try this: by (smt (cvc5) Collect_mono_iff insert_subset sup.bounded_iff)
0.sledgehammer goal.by        40900ms Ordered_Resolution_Prover.FO_Ordered_Resolution 527:19582  some Preplay: (smt (cvc5, best) Collect_mono_iff insert_subset sup.bounded_iff) (> 1.0 s, timed out)
0.sledgehammer goal.by        40900ms Ordered_Resolution_Prover.FO_Ordered_Resolution 527:19582  some Preplay: (smt (cvc5, trigger_last) Collect_mono_iff insert_subset sup.bounded_iff) (> 1.0 s, timed out)
0.sledgehammer goal.by        40900ms Ordered_Resolution_Prover.FO_Ordered_Resolution 527:19582  some Preplay: (smt (cvc5, quant_saturate) Collect_mono_iff insert_subset sup.bounded_iff) (> 1.0 s, timed out)
0.sledgehammer goal.by        40900ms Ordered_Resolution_Prover.FO_Ordered_Resolution 527:19582  some Preplay: (smt (cvc5, trigger_max) Collect_mono_iff insert_subset sup.bounded_iff) (> 1.0 s, timed out)
0.sledgehammer goal.by        40900ms Ordered_Resolution_Prover.FO_Ordered_Resolution 527:19582  some Preplay: (smt (cvc5, trigger_relev) Collect_mono_iff insert_subset sup.bounded_iff) (> 1.0 s, timed out)
0.sledgehammer goal.by        40900ms Ordered_Resolution_Prover.FO_Ordered_Resolution 527:19582  some Preplay: (smt (cvc5, term_relev) Collect_mono_iff insert_subset sup.bounded_iff) (> 1.0 s, timed out)
0.sledgehammer goal.by        40900ms Ordered_Resolution_Prover.FO_Ordered_Resolution 527:19582  some Preplay: (smt (cvc5, noematch) Collect_mono_iff insert_subset sup.bounded_iff) (> 1.0 s, timed out)
0.sledgehammer goal.by        40900ms Ordered_Resolution_Prover.FO_Ordered_Resolution 527:19582  some Preplay: (smt (cvc5, fmf) Collect_mono_iff insert_subset sup.bounded_iff) (> 1.0 s, timed out)
0.sledgehammer goal.by        40900ms Ordered_Resolution_Prover.FO_Ordered_Resolution 527:19582  some Preplay: (smt (cvc5, no_simp) Collect_mono_iff insert_subset sup.bounded_iff) (> 1.0 s, timed out)
0.sledgehammer goal.proof     13628ms Ordered_Resolution_Prover.FO_Ordered_Resolution 598:21688  timeout (SH 13628ms): Timed out
0.sledgehammer goal.using     13676ms Ordered_Resolution_Prover.FO_Ordered_Resolution 693:25409  timeout (SH 13676ms): Timed out
0.sledgehammer goal.by        15846ms Ordered_Resolution_Prover.FO_Ordered_Resolution 693:25423  timeout (SH 15846ms): Timed out
0.sledgehammer goal.using     14890ms Ordered_Resolution_Prover.FO_Ordered_Resolution 1064:39871  timeout (SH 14889ms): Timed out
0.sledgehammer goal.by        41498ms Ordered_Resolution_Prover.FO_Ordered_Resolution 1155:43309  some (SH 41497ms, ATP 1522ms): Try this: by (smt (cvc5) image_cong image_image image_image list.set_map multiset.set_map)
0.sledgehammer goal.by        41498ms Ordered_Resolution_Prover.FO_Ordered_Resolution 1155:43309  some Preplay: (smt (cvc5, best) image_cong image_image list.set_map multiset.set_map) (> 1.0 s, timed out)
0.sledgehammer goal.by        41498ms Ordered_Resolution_Prover.FO_Ordered_Resolution 1155:43309  some Preplay: (smt (cvc5, trigger_last) image_cong image_image list.set_map multiset.set_map) (> 1.0 s, timed out)
0.sledgehammer goal.by        41498ms Ordered_Resolution_Prover.FO_Ordered_Resolution 1155:43309  some Preplay: (smt (cvc5, quant_saturate) image_cong image_image list.set_map multiset.set_map) (> 1.0 s, timed out)
0.sledgehammer goal.by        41498ms Ordered_Resolution_Prover.FO_Ordered_Resolution 1155:43309  some Preplay: (smt (cvc5, trigger_max) image_cong image_image list.set_map multiset.set_map) (> 1.0 s, timed out)
0.sledgehammer goal.by        41498ms Ordered_Resolution_Prover.FO_Ordered_Resolution 1155:43309  some Preplay: (smt (cvc5, trigger_relev) image_cong image_image list.set_map multiset.set_map) (> 1.0 s, timed out)
0.sledgehammer goal.by        41498ms Ordered_Resolution_Prover.FO_Ordered_Resolution 1155:43309  some Preplay: (smt (cvc5, term_relev) image_cong image_image list.set_map multiset.set_map) (> 1.0 s, timed out)
0.sledgehammer goal.by        41498ms Ordered_Resolution_Prover.FO_Ordered_Resolution 1155:43309  some Preplay: (smt (cvc5, noematch) image_cong image_image list.set_map multiset.set_map) (> 1.0 s, timed out)
0.sledgehammer goal.by        41498ms Ordered_Resolution_Prover.FO_Ordered_Resolution 1155:43309  some Preplay: (smt (cvc5, fmf) image_cong image_image list.set_map multiset.set_map) (> 1.0 s, timed out)
0.sledgehammer goal.by        41498ms Ordered_Resolution_Prover.FO_Ordered_Resolution 1155:43309  some Preplay: (smt (cvc5, no_simp) image_cong image_image list.set_map multiset.set_map) (> 1.0 s, timed out)
0.sledgehammer goal.using     90421ms Ordered_Resolution_Prover.FO_Ordered_Resolution 1163:43677  some (SH 90421ms, ATP 325ms): Try this: by (smt (cvc5, no_simp) image_iff list.set_finite list.set_map mgu_complete multiset.set_finite) (378 ms)
0.sledgehammer goal.using     90421ms Ordered_Resolution_Prover.FO_Ordered_Resolution 1163:43677  some Preplay: (smt (cvc5, no_simp) image_iff list.set_finite list.set_map mgu_complete multiset.set_finite) (378 ms)
0.sledgehammer goal.using     90421ms Ordered_Resolution_Prover.FO_Ordered_Resolution 1163:43677  some Preplay: (smt (cvc5, term_relev) image_iff list.set_finite list.set_map mgu_complete multiset.set_finite) (875 ms)
0.sledgehammer goal.using     90421ms Ordered_Resolution_Prover.FO_Ordered_Resolution 1163:43677  some Preplay: (smt (cvc5, trigger_max) image_iff list.set_finite list.set_map mgu_complete multiset.set_finite) (1.0 s)
0.sledgehammer goal.using     90421ms Ordered_Resolution_Prover.FO_Ordered_Resolution 1163:43677  some Preplay: (smt (cvc5, quant_saturate) image_iff list.set_finite list.set_map mgu_complete multiset.set_finite) (1.0 s)
0.sledgehammer goal.using     90421ms Ordered_Resolution_Prover.FO_Ordered_Resolution 1163:43677  some Preplay: (smt (cvc5, trigger_relev) image_iff list.set_finite list.set_map mgu_complete multiset.set_finite) (1.2 s)
0.sledgehammer goal.using     90421ms Ordered_Resolution_Prover.FO_Ordered_Resolution 1163:43677  some Preplay: (smt (cvc5, best) image_iff list.set_finite list.set_map mgu_complete multiset.set_finite) (1.2 s)
0.sledgehammer goal.using     90421ms Ordered_Resolution_Prover.FO_Ordered_Resolution 1163:43677  some Preplay: (smt (cvc5, trigger_last) image_iff list.set_finite list.set_map mgu_complete multiset.set_finite) (1.7 s)
0.sledgehammer goal.using     90421ms Ordered_Resolution_Prover.FO_Ordered_Resolution 1163:43677  some Preplay: (smt (cvc5, noematch) image_iff list.set_finite list.set_map mgu_complete multiset.set_finite) (> 875 ms, timed out)
0.sledgehammer goal.using     90421ms Ordered_Resolution_Prover.FO_Ordered_Resolution 1163:43677  some Preplay: (smt (cvc5, fmf) image_iff list.set_finite list.set_map mgu_complete multiset.set_finite) (> 875 ms, timed out)
0.sledgehammer goal.by        58059ms Ordered_Resolution_Prover.FO_Ordered_Resolution 1164:43702  timeout (SH 58059ms):
0.sledgehammer goal.by        14396ms Ordered_Resolution_Prover.FO_Ordered_Resolution 1166:43857  timeout (SH 14395ms): Timed out
0.sledgehammer goal.proof     13460ms Ordered_Resolution_Prover.FO_Ordered_Resolution 1265:48072  timeout (SH 13460ms): Timed out
0.sledgehammer goal.using     55699ms Ordered_Resolution_Prover.FO_Ordered_Resolution 1269:48251  timeout (SH 55699ms):
0.sledgehammer goal.unfolding 13575ms Ordered_Resolution_Prover.FO_Ordered_Resolution 1346:51540  timeout (SH 13575ms): Timed out
0.sledgehammer goal.unfolding 13808ms Ordered_Resolution_Prover.FO_Ordered_Resolution_Prover 176:6358  timeout (SH 13808ms): Timed out
0.sledgehammer goal.using     15224ms Ordered_Resolution_Prover.FO_Ordered_Resolution_Prover 191:7065  timeout (SH 15224ms): Timed out
0.sledgehammer goal.using     17910ms Ordered_Resolution_Prover.FO_Ordered_Resolution_Prover 211:7836  some (SH 17910ms, ATP 1813ms): Try this: by (smt (cvc5, trigger_last) mem_Collect_eq standard_redundancy_criterion.Rf_def) (565 ms)
0.sledgehammer goal.using     17910ms Ordered_Resolution_Prover.FO_Ordered_Resolution_Prover 211:7836  some Preplay: (smt (cvc5, trigger_last) mem_Collect_eq standard_redundancy_criterion.Rf_def) (565 ms)
0.sledgehammer goal.using     17910ms Ordered_Resolution_Prover.FO_Ordered_Resolution_Prover 211:7836  some Preplay: (smt (cvc5, trigger_relev) mem_Collect_eq standard_redundancy_criterion.Rf_def) (664 ms)
0.sledgehammer goal.using     17910ms Ordered_Resolution_Prover.FO_Ordered_Resolution_Prover 211:7836  some Preplay: (smt (cvc5, best) mem_Collect_eq standard_redundancy_criterion.Rf_def) (691 ms)
0.sledgehammer goal.using     17910ms Ordered_Resolution_Prover.FO_Ordered_Resolution_Prover 211:7836  some Preplay: (smt (cvc5, no_simp) mem_Collect_eq standard_redundancy_criterion.Rf_def) (703 ms)
0.sledgehammer goal.using     17910ms Ordered_Resolution_Prover.FO_Ordered_Resolution_Prover 211:7836  some Preplay: (smt (cvc5, trigger_max) mem_Collect_eq standard_redundancy_criterion.Rf_def) (762 ms)
0.sledgehammer goal.using     17910ms Ordered_Resolution_Prover.FO_Ordered_Resolution_Prover 211:7836  some Preplay: (smt (cvc5, quant_saturate) mem_Collect_eq standard_redundancy_criterion.Rf_def) (795 ms)
0.sledgehammer goal.using     17910ms Ordered_Resolution_Prover.FO_Ordered_Resolution_Prover 211:7836  some Preplay: (smt (cvc5, term_relev) mem_Collect_eq standard_redundancy_criterion.Rf_def) (824 ms)
0.sledgehammer goal.using     17910ms Ordered_Resolution_Prover.FO_Ordered_Resolution_Prover 211:7836  some Preplay: (smt (cvc5, noematch) mem_Collect_eq standard_redundancy_criterion.Rf_def) (899 ms)
0.sledgehammer goal.using     17910ms Ordered_Resolution_Prover.FO_Ordered_Resolution_Prover 211:7836  some Preplay: (smt (cvc5, fmf) mem_Collect_eq standard_redundancy_criterion.Rf_def) (1.4 s)
0.sledgehammer goal.using     55797ms Ordered_Resolution_Prover.FO_Ordered_Resolution_Prover 264:9520  timeout (SH 55797ms):
0.sledgehammer goal.unfolding 53162ms Ordered_Resolution_Prover.FO_Ordered_Resolution_Prover 264:9532  timeout (SH 53162ms):
0.sledgehammer goal.by        13429ms Ordered_Resolution_Prover.FO_Ordered_Resolution_Prover 272:9876  timeout (SH 13429ms): Timed out
0.sledgehammer goal.unfolding 169213ms Ordered_Resolution_Prover.FO_Ordered_Resolution_Prover 293:10438  some (SH 169213ms, ATP 1466ms): Try this: by (smt (cvc5, no_simp) Set.set_insert UnCI \<mu>_p assms(2) ground_subst_ground_cls grounding_of_cls_ground grounding_of_clss_insert grounding_of_clss_union grounding_of_subst_cls_subset insert_subset) (367 ms)
0.sledgehammer goal.unfolding 169213ms Ordered_Resolution_Prover.FO_Ordered_Resolution_Prover 293:10438  some Preplay: (smt (cvc5, no_simp) Set.set_insert UnCI \<mu>_p assms(2) ground_subst_ground_cls grounding_of_cls_ground grounding_of_clss_insert grounding_of_clss_union grounding_of_subst_cls_subset insert_subset) (367 ms)
0.sledgehammer goal.unfolding 169213ms Ordered_Resolution_Prover.FO_Ordered_Resolution_Prover 293:10438  some Preplay: (smt (cvc5, trigger_max) Set.set_insert UnCI \<mu>_p assms(2) ground_subst_ground_cls grounding_of_cls_ground grounding_of_clss_insert grounding_of_subst_cls_subset insert_subset) (373 ms)
0.sledgehammer goal.unfolding 169213ms Ordered_Resolution_Prover.FO_Ordered_Resolution_Prover 293:10438  some Preplay: (smt (cvc5, best) Set.set_insert UnCI \<mu>_p assms(2) ground_subst_ground_cls grounding_of_cls_ground grounding_of_clss_insert grounding_of_clss_union grounding_of_subst_cls_subset insert_subset) (782 ms)
0.sledgehammer goal.unfolding 169213ms Ordered_Resolution_Prover.FO_Ordered_Resolution_Prover 293:10438  some Preplay: (smt (cvc5, trigger_last) Set.set_insert UnCI \<mu>_p assms(2) ground_subst_ground_cls grounding_of_cls_ground grounding_of_clss_insert grounding_of_clss_union grounding_of_subst_cls_subset insert_subset) (989 ms)
0.sledgehammer goal.unfolding 169213ms Ordered_Resolution_Prover.FO_Ordered_Resolution_Prover 293:10438  some Preplay: (smt (cvc5, trigger_relev) Set.set_insert UnCI \<mu>_p assms(2) ground_subst_ground_cls grounding_of_cls_ground grounding_of_clss_insert grounding_of_clss_union grounding_of_subst_cls_subset insert_subset) (1.0 s)
0.sledgehammer goal.unfolding 169213ms Ordered_Resolution_Prover.FO_Ordered_Resolution_Prover 293:10438  some Preplay: (smt (cvc5, quant_saturate) Set.set_insert UnCI \<mu>_p assms(2) ground_subst_ground_cls grounding_of_cls_ground grounding_of_clss_insert grounding_of_clss_union grounding_of_subst_cls_subset insert_subset) (1.1 s)
0.sledgehammer goal.unfolding 169213ms Ordered_Resolution_Prover.FO_Ordered_Resolution_Prover 293:10438  some Preplay: (smt (cvc5, term_relev) Set.set_insert UnCI \<mu>_p assms(2) ground_subst_ground_cls grounding_of_cls_ground grounding_of_clss_insert grounding_of_clss_union grounding_of_subst_cls_subset insert_subset) (1.1 s)
0.sledgehammer goal.unfolding 169213ms Ordered_Resolution_Prover.FO_Ordered_Resolution_Prover 293:10438  some Preplay: (smt (cvc5, noematch) Set.set_insert UnCI \<mu>_p assms(2) ground_subst_ground_cls grounding_of_cls_ground grounding_of_clss_insert grounding_of_clss_union grounding_of_subst_cls_subset insert_subset) (> 782 ms, timed out)
0.sledgehammer goal.unfolding 169213ms Ordered_Resolution_Prover.FO_Ordered_Resolution_Prover 293:10438  some Preplay: (smt (cvc5, fmf) Set.set_insert UnCI \<mu>_p assms(2) ground_subst_ground_cls grounding_of_cls_ground grounding_of_clss_insert grounding_of_clss_union grounding_of_subst_cls_subset insert_subset) (> 782 ms, timed out)
0.sledgehammer goal.by        14101ms Ordered_Resolution_Prover.FO_Ordered_Resolution_Prover 294:10495  timeout (SH 14101ms): Timed out
0.sledgehammer goal.using     58722ms Ordered_Resolution_Prover.FO_Ordered_Resolution_Prover 325:12230  timeout (SH 58722ms):
0.sledgehammer goal.unfolding 54976ms Ordered_Resolution_Prover.FO_Ordered_Resolution_Prover 325:12259  timeout (SH 54975ms):
0.sledgehammer goal.using     62166ms Ordered_Resolution_Prover.FO_Ordered_Resolution_Prover 371:14068  timeout (SH 62166ms):
0.sledgehammer goal.using     54830ms Ordered_Resolution_Prover.FO_Ordered_Resolution_Prover 376:14269  timeout (SH 54830ms):
0.sledgehammer goal.unfolding 56461ms Ordered_Resolution_Prover.FO_Ordered_Resolution_Prover 377:14347  timeout (SH 56461ms):
0.sledgehammer goal.using     56939ms Ordered_Resolution_Prover.FO_Ordered_Resolution_Prover 381:14492  timeout (SH 56939ms):
0.sledgehammer goal.using     93263ms Ordered_Resolution_Prover.FO_Ordered_Resolution_Prover 390:14846  some (SH 93263ms, ATP 1294ms): Try this: by (smt (cvc5, best) N_of_state.simps P_of_state.simps Q_of_state.simps Un_assoc Un_commute Un_iff Un_left_commute reduction_derivable) (340 ms)
0.sledgehammer goal.using     93263ms Ordered_Resolution_Prover.FO_Ordered_Resolution_Prover 390:14846  some Preplay: (smt (cvc5, best) N_of_state.simps P_of_state.simps Q_of_state.simps Un_assoc Un_commute Un_iff Un_left_commute reduction_derivable) (340 ms)
0.sledgehammer goal.using     93263ms Ordered_Resolution_Prover.FO_Ordered_Resolution_Prover 390:14846  some Preplay: (smt (cvc5, quant_saturate) N_of_state.simps P_of_state.simps Q_of_state.simps Un_assoc Un_commute Un_iff Un_left_commute reduction_derivable) (361 ms)
0.sledgehammer goal.using     93263ms Ordered_Resolution_Prover.FO_Ordered_Resolution_Prover 390:14846  some Preplay: (smt (cvc5, trigger_last) N_of_state.simps P_of_state.simps Q_of_state.simps Un_assoc Un_commute Un_iff Un_left_commute reduction_derivable) (379 ms)
0.sledgehammer goal.using     93263ms Ordered_Resolution_Prover.FO_Ordered_Resolution_Prover 390:14846  some Preplay: (smt (cvc5, trigger_max) N_of_state.simps P_of_state.simps Q_of_state.simps Un_absorb Un_assoc Un_commute Un_iff Un_left_commute reduction_derivable) (396 ms)
0.sledgehammer goal.using     93263ms Ordered_Resolution_Prover.FO_Ordered_Resolution_Prover 390:14846  some Preplay: (smt (cvc5, trigger_relev) N_of_state.simps P_of_state.simps Q_of_state.simps Un_absorb Un_assoc Un_commute Un_iff Un_left_commute reduction_derivable) (> 396 ms, timed out)
0.sledgehammer goal.using     93263ms Ordered_Resolution_Prover.FO_Ordered_Resolution_Prover 390:14846  some Preplay: (smt (cvc5, term_relev) N_of_state.simps P_of_state.simps Q_of_state.simps Un_absorb Un_assoc Un_commute Un_iff Un_left_commute reduction_derivable) (> 396 ms, timed out)
0.sledgehammer goal.using     93263ms Ordered_Resolution_Prover.FO_Ordered_Resolution_Prover 390:14846  some Preplay: (smt (cvc5, noematch) N_of_state.simps P_of_state.simps Q_of_state.simps Un_absorb Un_assoc Un_commute Un_iff Un_left_commute reduction_derivable) (> 396 ms, timed out)
0.sledgehammer goal.using     93263ms Ordered_Resolution_Prover.FO_Ordered_Resolution_Prover 390:14846  some Preplay: (smt (cvc5, fmf) N_of_state.simps P_of_state.simps Q_of_state.simps Un_absorb Un_assoc Un_commute Un_iff Un_left_commute reduction_derivable) (> 396 ms, timed out)
0.sledgehammer goal.using     93263ms Ordered_Resolution_Prover.FO_Ordered_Resolution_Prover 390:14846  some Preplay: (smt (cvc5, no_simp) N_of_state.simps P_of_state.simps Q_of_state.simps Un_absorb Un_assoc Un_commute Un_iff Un_left_commute reduction_derivable) (> 396 ms, timed out)
0.sledgehammer goal.using     13917ms Ordered_Resolution_Prover.FO_Ordered_Resolution_Prover 394:14975  timeout (SH 13917ms): Timed out
0.sledgehammer goal.unfolding 53378ms Ordered_Resolution_Prover.FO_Ordered_Resolution_Prover 414:15805  some (SH 53377ms, ATP 1664ms): Try this: by (smt (cvc5, fmf) inference.sel(3) mem_Collect_eq ord_FO_\<Gamma>_def) (672 ms)
0.sledgehammer goal.unfolding 53378ms Ordered_Resolution_Prover.FO_Ordered_Resolution_Prover 414:15805  some Preplay: (smt (cvc5, fmf) inference.sel(3) mem_Collect_eq ord_FO_\<Gamma>_def) (672 ms)
0.sledgehammer goal.unfolding 53378ms Ordered_Resolution_Prover.FO_Ordered_Resolution_Prover 414:15805  some Preplay: (smt (cvc5, noematch) inference.sel(3) mem_Collect_eq ord_FO_\<Gamma>_def) (694 ms)
0.sledgehammer goal.unfolding 53378ms Ordered_Resolution_Prover.FO_Ordered_Resolution_Prover 414:15805  some Preplay: (smt (cvc5, no_simp) inference.sel(3) mem_Collect_eq ord_FO_\<Gamma>_def) (760 ms)
0.sledgehammer goal.unfolding 53378ms Ordered_Resolution_Prover.FO_Ordered_Resolution_Prover 414:15805  some Preplay: (smt (cvc5, trigger_last) inference.sel(3) mem_Collect_eq ord_FO_\<Gamma>_def) (1.1 s)
0.sledgehammer goal.unfolding 53378ms Ordered_Resolution_Prover.FO_Ordered_Resolution_Prover 414:15805  some Preplay: (smt (cvc5, trigger_relev) inference.sel(3) mem_Collect_eq ord_FO_\<Gamma>_def) (1.1 s)
0.sledgehammer goal.unfolding 53378ms Ordered_Resolution_Prover.FO_Ordered_Resolution_Prover 414:15805  some Preplay: (smt (cvc5, best) inference.sel(3) mem_Collect_eq ord_FO_\<Gamma>_def) (1.1 s)
0.sledgehammer goal.unfolding 53378ms Ordered_Resolution_Prover.FO_Ordered_Resolution_Prover 414:15805  some Preplay: (smt (cvc5, trigger_max) inference.sel(3) mem_Collect_eq ord_FO_\<Gamma>_def) (1.3 s)
0.sledgehammer goal.unfolding 53378ms Ordered_Resolution_Prover.FO_Ordered_Resolution_Prover 414:15805  some Preplay: (smt (cvc5, quant_saturate) inference.sel(3) mem_Collect_eq ord_FO_\<Gamma>_def) (1.4 s)
0.sledgehammer goal.unfolding 53378ms Ordered_Resolution_Prover.FO_Ordered_Resolution_Prover 414:15805  some Preplay: (smt (cvc5, term_relev) inference.sel(3) mem_Collect_eq ord_FO_\<Gamma>_def) (2.0 s)
0.sledgehammer goal.using     63792ms Ordered_Resolution_Prover.FO_Ordered_Resolution_Prover 432:16763  timeout (SH 63792ms):
0.sledgehammer goal.unfolding 57836ms Ordered_Resolution_Prover.FO_Ordered_Resolution_Prover 433:16783  timeout (SH 57836ms):
0.sledgehammer goal.using     13341ms Ordered_Resolution_Prover.FO_Ordered_Resolution_Prover 448:17542  timeout (SH 13341ms): Timed out
0.sledgehammer goal.unfolding 14305ms Ordered_Resolution_Prover.FO_Ordered_Resolution_Prover 448:17557  timeout (SH 14305ms): Timed out
0.sledgehammer goal.apply     14192ms Ordered_Resolution_Prover.FO_Ordered_Resolution_Prover 460:18192  timeout (SH 14192ms): Timed out
0.sledgehammer goal.apply     14988ms Ordered_Resolution_Prover.FO_Ordered_Resolution_Prover 461:18224  timeout (SH 14988ms): Timed out
0.sledgehammer goal.apply     15355ms Ordered_Resolution_Prover.FO_Ordered_Resolution_Prover 467:18473  timeout (SH 15355ms): Timed out
0.sledgehammer goal.apply     15218ms Ordered_Resolution_Prover.FO_Ordered_Resolution_Prover 470:18575  timeout (SH 15218ms): Timed out
0.sledgehammer goal.unfolding 59030ms Ordered_Resolution_Prover.FO_Ordered_Resolution_Prover 487:19505  timeout (SH 59030ms):
0.sledgehammer goal.by        14117ms Ordered_Resolution_Prover.FO_Ordered_Resolution_Prover 487:19550  timeout (SH 14117ms): Timed out
0.sledgehammer goal.using     13794ms Ordered_Resolution_Prover.FO_Ordered_Resolution_Prover 493:19803  timeout (SH 13794ms): Timed out
0.sledgehammer goal.by        45855ms Ordered_Resolution_Prover.FO_Ordered_Resolution_Prover 493:19822  some (SH 45855ms, ATP 2124ms): Try this: by (smt (cvc5, best) inference.sel(3) mem_Collect_eq setcompr_eq_image) (877 ms)
0.sledgehammer goal.by        45855ms Ordered_Resolution_Prover.FO_Ordered_Resolution_Prover 493:19822  some Preplay: (smt (cvc5, best) inference.sel(3) mem_Collect_eq setcompr_eq_image) (877 ms)
0.sledgehammer goal.by        45855ms Ordered_Resolution_Prover.FO_Ordered_Resolution_Prover 493:19822  some Preplay: (smt (cvc5, term_relev) inference.sel(3) mem_Collect_eq setcompr_eq_image) (902 ms)
0.sledgehammer goal.by        45855ms Ordered_Resolution_Prover.FO_Ordered_Resolution_Prover 493:19822  some Preplay: (smt (cvc5, trigger_relev) inference.sel(3) mem_Collect_eq setcompr_eq_image) (917 ms)
0.sledgehammer goal.by        45855ms Ordered_Resolution_Prover.FO_Ordered_Resolution_Prover 493:19822  some Preplay: (smt (cvc5, quant_saturate) inference.sel(3) mem_Collect_eq setcompr_eq_image) (920 ms)
0.sledgehammer goal.by        45855ms Ordered_Resolution_Prover.FO_Ordered_Resolution_Prover 493:19822  some Preplay: (smt (cvc5, no_simp) inference.sel(3) mem_Collect_eq setcompr_eq_image) (933 ms)
0.sledgehammer goal.by        45855ms Ordered_Resolution_Prover.FO_Ordered_Resolution_Prover 493:19822  some Preplay: (smt (cvc5, trigger_max) inference.sel(3) mem_Collect_eq setcompr_eq_image) (1.3 s)
0.sledgehammer goal.by        45855ms Ordered_Resolution_Prover.FO_Ordered_Resolution_Prover 493:19822  some Preplay: (smt (cvc5, trigger_last) inference.sel(3) mem_Collect_eq setcompr_eq_image) (1.7 s)
0.sledgehammer goal.by        45855ms Ordered_Resolution_Prover.FO_Ordered_Resolution_Prover 493:19822  some Preplay: (smt (cvc5, fmf) inference.sel(3) mem_Collect_eq setcompr_eq_image) (2.2 s)
0.sledgehammer goal.by        45855ms Ordered_Resolution_Prover.FO_Ordered_Resolution_Prover 493:19822  some Preplay: (smt (cvc5, noematch) inference.sel(3) mem_Collect_eq setcompr_eq_image) (> 877 ms, timed out)
0.sledgehammer goal.unfolding 55860ms Ordered_Resolution_Prover.FO_Ordered_Resolution_Prover 499:20190  timeout (SH 55860ms):
0.sledgehammer goal.using     14160ms Ordered_Resolution_Prover.FO_Ordered_Resolution_Prover 1275:49758  timeout (SH 14160ms): Timed out
0.sledgehammer goal.using     14211ms Ordered_Resolution_Prover.FO_Ordered_Resolution_Prover 1302:51275  timeout (SH 14211ms): Timed out
0.sledgehammer goal.by        14304ms Ordered_Resolution_Prover.FO_Ordered_Resolution_Prover 1302:51293  timeout (SH 14304ms): Timed out
0.sledgehammer finalize   Total number of sledgehammer calls: 101
0.sledgehammer finalize   Number of successful sledgehammer calls: 32
0.sledgehammer finalize   Number of sledgehammer lemmas: 238
0.sledgehammer finalize   Max number of sledgehammer lemmas: 20
0.sledgehammer finalize   Success rate: 31.7%
0.sledgehammer finalize   Total number of nontrivial sledgehammer calls: 101
0.sledgehammer finalize   Number of successful nontrivial sledgehammer calls: 32
0.sledgehammer finalize   Total time for sledgehammer calls (Isabelle): 4327.205
0.sledgehammer finalize   Total time for successful sledgehammer calls (ATP): 35.262
0.sledgehammer finalize   Average time for sledgehammer calls (Isabelle): 42.844
0.sledgehammer finalize   Average time for successful sledgehammer calls (ATP): 1.102
