0.sledgehammer initialize Params for sledgehammer: {abduce = SOME 0, cache_dir = NONE, compress = NONE, debug = false, expect =
0.sledgehammer initialize  "", fact_filter = NONE, fact_thresholds = (0.45, 0.85), falsify =
0.sledgehammer initialize  SOME false, induction_rules = NONE, instantiate = NONE, isar_proofs = NONE,
0.sledgehammer initialize  lam_trans = NONE, learn = true, max_facts = NONE, max_mono_iters = NONE,
0.sledgehammer initialize  max_new_mono_instances = NONE, max_proofs = 4, minimize = true, overlord =
0.sledgehammer initialize  false, preplay_provers = ["cvc5"], preplay_timeout = 1.000, provers =
0.sledgehammer initialize  ["cvc5_proof"], slices = 96, smt_proofs = true, spy = false, strict =
0.sledgehammer initialize  false, timeout = 10.000, try0 = false, type_enc = NONE, uncurried_aliases =
0.sledgehammer initialize  NONE, verbose = false}
0.sledgehammer goal.unfolding 54364ms Ordered_Resolution_Prover.Clausal_Logic 124:3381  timeout (SH 54364ms):
0.sledgehammer goal.unfolding 53929ms Ordered_Resolution_Prover.Clausal_Logic 133:3703  timeout (SH 53929ms):
0.sledgehammer goal.by        13593ms Ordered_Resolution_Prover.Clausal_Logic 155:4284  timeout (SH 13593ms): Timed out
0.sledgehammer goal.by        54671ms Ordered_Resolution_Prover.Clausal_Logic 187:5205  timeout (SH 54671ms):
0.sledgehammer goal.unfolding 58267ms Ordered_Resolution_Prover.Clausal_Logic 251:7330  some (SH 58267ms, ATP 548ms): Try this: by (smt (cvc5, prereg_lazy) atms_of_def image_iff literal.exhaust_sel) (428 ms)
0.sledgehammer goal.unfolding 58267ms Ordered_Resolution_Prover.Clausal_Logic 251:7330  some Preplay: (smt (cvc5, prereg_lazy) atms_of_def image_iff literal.exhaust_sel) (428 ms)
0.sledgehammer goal.unfolding 58267ms Ordered_Resolution_Prover.Clausal_Logic 251:7330  some Preplay: (smt (cvc5, term_db_relevant) atms_of_def image_iff literal.exhaust_sel) (476 ms)
0.sledgehammer goal.unfolding 58267ms Ordered_Resolution_Prover.Clausal_Logic 251:7330  some Preplay: (smt (cvc5, dec_internal_enum_inst_sum) atms_of_def image_iff literal.exhaust_sel) (511 ms)
0.sledgehammer goal.unfolding 58267ms Ordered_Resolution_Prover.Clausal_Logic 251:7330  some Preplay: (smt (cvc5, best) atms_of_def image_iff literal.exhaust_sel) (598 ms)
0.sledgehammer goal.unfolding 58267ms Ordered_Resolution_Prover.Clausal_Logic 251:7330  some Preplay: (smt (cvc5, dec_internal_no_simp) atms_of_def image_iff literal.exhaust_sel) (1.6 s)
0.sledgehammer goal.unfolding 58267ms Ordered_Resolution_Prover.Clausal_Logic 251:7330  some Preplay: (smt (cvc5, finite_mode_find) atms_of_def image_iff literal.exhaust_sel) (> 428 ms, timed out)
0.sledgehammer goal.unfolding 58267ms Ordered_Resolution_Prover.Clausal_Logic 251:7330  some Preplay: (smt (cvc5, no_fmf_mbqi) atms_of_def image_iff literal.exhaust_sel) (> 428 ms, timed out)
0.sledgehammer goal.unfolding 58267ms Ordered_Resolution_Prover.Clausal_Logic 251:7330  some Preplay: (smt (cvc5, finite_mode_find_dec_internal) atms_of_def image_iff literal.exhaust_sel) (> 428 ms, timed out)
0.sledgehammer goal.unfolding 58267ms Ordered_Resolution_Prover.Clausal_Logic 251:7330  some Preplay: (smt (cvc5, finite_mode_find_e_matching) atms_of_def image_iff literal.exhaust_sel) (> 428 ms, timed out)
0.sledgehammer goal.unfolding 58267ms Ordered_Resolution_Prover.Clausal_Logic 251:7330  some Preplay: (smt (cvc5, mbqi) atms_of_def image_iff literal.exhaust_sel) (> 428 ms, timed out)
0.sledgehammer goal.unfolding 58267ms Ordered_Resolution_Prover.Clausal_Logic 251:7330  some Preplay: (smt (cvc5, interleave) atms_of_def image_iff literal.exhaust_sel) (> 476 ms, timed out)
0.sledgehammer goal.unfolding 58267ms Ordered_Resolution_Prover.Clausal_Logic 251:7330  some Preplay: (smt (cvc5, finite_mode_find_macro_quant) atms_of_def image_iff literal.exhaust_sel) (failed)
0.sledgehammer goal.by        34630ms Ordered_Resolution_Prover.Clausal_Logic 257:7648  some (SH 34629ms, ATP 528ms): Try this: by (smt (cvc5, finite_mode_find_e_matching) Pos_atm_of_iff atm_of_uminus literal.exhaust_sel uminus_literal_def) (1.7 s)
0.sledgehammer goal.by        34630ms Ordered_Resolution_Prover.Clausal_Logic 257:7648  some Preplay: (smt (cvc5, finite_mode_find_e_matching) Pos_atm_of_iff atm_of_uminus literal.exhaust_sel uminus_literal_def) (1.7 s)
0.sledgehammer goal.by        34630ms Ordered_Resolution_Prover.Clausal_Logic 257:7648  some Preplay: (smt (cvc5, finite_mode_find_dec_internal) Pos_atm_of_iff atm_of_uminus literal.exhaust_sel uminus_literal_def) (1.7 s)
0.sledgehammer goal.by        34630ms Ordered_Resolution_Prover.Clausal_Logic 257:7648  some Preplay: (smt (cvc5, dec_internal_enum_inst_sum) Pos_atm_of_iff atm_of_uminus literal.exhaust_sel uminus_literal_def) (1.8 s)
0.sledgehammer goal.by        34630ms Ordered_Resolution_Prover.Clausal_Logic 257:7648  some Preplay: (smt (cvc5, best) Pos_atm_of_iff atm_of_uminus literal.exhaust_sel uminus_literal_def) (1.9 s)
0.sledgehammer goal.by        34630ms Ordered_Resolution_Prover.Clausal_Logic 257:7648  some Preplay: (smt (cvc5, finite_mode_find) Pos_atm_of_iff atm_of_uminus literal.exhaust_sel uminus_literal_def) (2.1 s)
0.sledgehammer goal.by        34630ms Ordered_Resolution_Prover.Clausal_Logic 257:7648  some Preplay: (smt (cvc5, mbqi) Pos_atm_of_iff atm_of_uminus literal.exhaust_sel uminus_literal_def) (2.1 s)
0.sledgehammer goal.by        34630ms Ordered_Resolution_Prover.Clausal_Logic 257:7648  some Preplay: (smt (cvc5, term_db_relevant) Pos_atm_of_iff atm_of_uminus literal.exhaust_sel uminus_literal_def) (2.1 s)
0.sledgehammer goal.by        34630ms Ordered_Resolution_Prover.Clausal_Logic 257:7648  some Preplay: (smt (cvc5, prereg_lazy) Pos_atm_of_iff atm_of_uminus literal.exhaust_sel uminus_literal_def) (2.8 s)
0.sledgehammer goal.by        34630ms Ordered_Resolution_Prover.Clausal_Logic 257:7648  some Preplay: (smt (cvc5, interleave) Pos_atm_of_iff atm_of_uminus literal.exhaust_sel uminus_literal_def) (2.8 s)
0.sledgehammer goal.by        34630ms Ordered_Resolution_Prover.Clausal_Logic 257:7648  some Preplay: (smt (cvc5, dec_internal_no_simp) Pos_atm_of_iff atm_of_uminus literal.exhaust_sel uminus_literal_def) (2.8 s)
0.sledgehammer goal.by        34630ms Ordered_Resolution_Prover.Clausal_Logic 257:7648  some Preplay: (smt (cvc5, no_fmf_mbqi) Pos_atm_of_iff atm_of_uminus literal.exhaust_sel uminus_literal_def) (2.9 s)
0.sledgehammer goal.by        34630ms Ordered_Resolution_Prover.Clausal_Logic 257:7648  some Preplay: (smt (cvc5, finite_mode_find_macro_quant) Pos_atm_of_iff atm_of_uminus literal.exhaust_sel uminus_literal_def) (failed)
0.sledgehammer goal.by        37812ms Ordered_Resolution_Prover.Clausal_Logic 260:7778  some (SH 37812ms, ATP 500ms): Try this: by (smt (cvc5, best) atm_of_eq_atm_of image_iff) (1.4 s)
0.sledgehammer goal.by        37812ms Ordered_Resolution_Prover.Clausal_Logic 260:7778  some Preplay: (smt (cvc5, best) atm_of_eq_atm_of image_iff) (1.4 s)
0.sledgehammer goal.by        37812ms Ordered_Resolution_Prover.Clausal_Logic 260:7778  some Preplay: (smt (cvc5, mbqi) atm_of_eq_atm_of image_iff) (1.5 s)
0.sledgehammer goal.by        37812ms Ordered_Resolution_Prover.Clausal_Logic 260:7778  some Preplay: (smt (cvc5, prereg_lazy) atm_of_eq_atm_of image_iff) (1.5 s)
0.sledgehammer goal.by        37812ms Ordered_Resolution_Prover.Clausal_Logic 260:7778  some Preplay: (smt (cvc5, finite_mode_find_e_matching) atm_of_eq_atm_of image_iff) (1.5 s)
0.sledgehammer goal.by        37812ms Ordered_Resolution_Prover.Clausal_Logic 260:7778  some Preplay: (smt (cvc5, finite_mode_find) atm_of_eq_atm_of image_iff) (1.9 s)
0.sledgehammer goal.by        37812ms Ordered_Resolution_Prover.Clausal_Logic 260:7778  some Preplay: (smt (cvc5, interleave) atm_of_eq_atm_of image_iff) (2.1 s)
0.sledgehammer goal.by        37812ms Ordered_Resolution_Prover.Clausal_Logic 260:7778  some Preplay: (smt (cvc5, finite_mode_find_macro_quant) atm_of_eq_atm_of image_iff) (2.2 s)
0.sledgehammer goal.by        37812ms Ordered_Resolution_Prover.Clausal_Logic 260:7778  some Preplay: (smt (cvc5, term_db_relevant) atm_of_eq_atm_of image_iff) (2.3 s)
0.sledgehammer goal.by        37812ms Ordered_Resolution_Prover.Clausal_Logic 260:7778  some Preplay: (smt (cvc5, finite_mode_find_dec_internal) atm_of_eq_atm_of image_iff) (2.5 s)
0.sledgehammer goal.by        37812ms Ordered_Resolution_Prover.Clausal_Logic 260:7778  some Preplay: (smt (cvc5, no_fmf_mbqi) atm_of_eq_atm_of image_iff) (2.6 s)
0.sledgehammer goal.by        37812ms Ordered_Resolution_Prover.Clausal_Logic 260:7778  some Preplay: (smt (cvc5, dec_internal_enum_inst_sum) atm_of_eq_atm_of image_iff) (2.9 s)
0.sledgehammer goal.by        37812ms Ordered_Resolution_Prover.Clausal_Logic 260:7778  some Preplay: (smt (cvc5, dec_internal_no_simp) atm_of_eq_atm_of image_iff) (8.3 s)
0.sledgehammer goal.unfolding 12846ms Ordered_Resolution_Prover.Ground_Resolution_Model 105:3855  timeout (SH 12846ms): Timed out
0.sledgehammer goal.proof     13328ms Ordered_Resolution_Prover.Ground_Resolution_Model 176:6735  timeout (SH 13328ms): Timed out
0.sledgehammer goal.unfolding 55224ms Ordered_Resolution_Prover.Ground_Resolution_Model 275:10048  timeout (SH 55224ms):
0.sledgehammer goal.using     55313ms Ordered_Resolution_Prover.Ground_Resolution_Model 359:12816  some (SH 55312ms, ATP 678ms): Try this: by (smt (cvc5, best) INTERP_def interp_imp_INTERP interp_subseteq_INTERP less_eq_multiset_def not_Interp_imp_general order.strict_trans1) (463 ms)
0.sledgehammer goal.using     55313ms Ordered_Resolution_Prover.Ground_Resolution_Model 359:12816  some Preplay: (smt (cvc5, best) INTERP_def interp_imp_INTERP interp_subseteq_INTERP less_eq_multiset_def not_Interp_imp_general order.strict_trans1) (463 ms)
0.sledgehammer goal.using     55313ms Ordered_Resolution_Prover.Ground_Resolution_Model 359:12816  some Preplay: (smt (cvc5, dec_internal_enum_inst_sum) INTERP_def interp_imp_INTERP interp_subseteq_INTERP less_eq_multiset_def not_Interp_imp_general order.strict_trans1) (1.0 s)
0.sledgehammer goal.using     55313ms Ordered_Resolution_Prover.Ground_Resolution_Model 359:12816  some Preplay: (smt (cvc5, term_db_relevant) INTERP_def interp_imp_INTERP interp_subseteq_INTERP less_eq_multiset_def not_Interp_imp_general order.strict_trans1) (1.0 s)
0.sledgehammer goal.using     55313ms Ordered_Resolution_Prover.Ground_Resolution_Model 359:12816  some Preplay: (smt (cvc5, dec_internal_no_simp) INTERP_def interp_imp_INTERP interp_subseteq_INTERP less_eq_multiset_def not_Interp_imp_general order.strict_trans1) (1.1 s)
0.sledgehammer goal.using     55313ms Ordered_Resolution_Prover.Ground_Resolution_Model 359:12816  some Preplay: (smt (cvc5, interleave) INTERP_def interp_imp_INTERP interp_subseteq_INTERP less_eq_multiset_def not_Interp_imp_general order.strict_trans1) (1.2 s)
0.sledgehammer goal.using     55313ms Ordered_Resolution_Prover.Ground_Resolution_Model 359:12816  some Preplay: (smt (cvc5, mbqi) INTERP_def interp_imp_INTERP interp_subseteq_INTERP less_eq_multiset_def not_Interp_imp_general order.strict_trans1) (1.3 s)
0.sledgehammer goal.using     55313ms Ordered_Resolution_Prover.Ground_Resolution_Model 359:12816  some Preplay: (smt (cvc5, finite_mode_find_e_matching) INTERP_def interp_imp_INTERP interp_subseteq_INTERP less_eq_multiset_def not_Interp_imp_general order.strict_trans1) (1.4 s)
0.sledgehammer goal.using     55313ms Ordered_Resolution_Prover.Ground_Resolution_Model 359:12816  some Preplay: (smt (cvc5, prereg_lazy) INTERP_def interp_imp_INTERP interp_subseteq_INTERP less_eq_multiset_def not_Interp_imp_general order.strict_trans1) (> 463 ms, timed out)
0.sledgehammer goal.using     55313ms Ordered_Resolution_Prover.Ground_Resolution_Model 359:12816  some Preplay: (smt (cvc5, finite_mode_find) INTERP_def interp_imp_INTERP interp_subseteq_INTERP less_eq_multiset_def not_Interp_imp_general order.strict_trans1) (> 463 ms, timed out)
0.sledgehammer goal.using     55313ms Ordered_Resolution_Prover.Ground_Resolution_Model 359:12816  some Preplay: (smt (cvc5, no_fmf_mbqi) INTERP_def interp_imp_INTERP interp_subseteq_INTERP less_eq_multiset_def not_Interp_imp_general order.strict_trans1) (> 463 ms, timed out)
0.sledgehammer goal.using     55313ms Ordered_Resolution_Prover.Ground_Resolution_Model 359:12816  some Preplay: (smt (cvc5, finite_mode_find_dec_internal) INTERP_def interp_imp_INTERP interp_subseteq_INTERP less_eq_multiset_def not_Interp_imp_general order.strict_trans1) (> 463 ms, timed out)
0.sledgehammer goal.using     55313ms Ordered_Resolution_Prover.Ground_Resolution_Model 359:12816  some Preplay: (smt (cvc5, finite_mode_find_macro_quant) INTERP_def interp_imp_INTERP interp_subseteq_INTERP less_eq_multiset_def not_Interp_imp_general order.strict_trans1) (failed)
0.sledgehammer goal.proof     12770ms Ordered_Resolution_Prover.Inference_System 62:1996  timeout (SH 12770ms): Timed out
0.sledgehammer goal.unfolding 206069ms Ordered_Resolution_Prover.Inference_System 64:2050  some (SH 206069ms, ATP 270ms): Try this: by (smt (cvc5, finite_mode_find_e_matching) Set.set_insert Un_insert_left Un_insert_right add.right_neutral cc_subs_n d_in_n inf infer_from_def inference.sel(1,2) inference_system.inferences_from_def mem_Collect_eq set_mset_add_mset_insert subset_Un_eq sup_ge1 union_mset_add_mset_right) (364 ms)
0.sledgehammer goal.unfolding 206069ms Ordered_Resolution_Prover.Inference_System 64:2050  some Preplay: (smt (cvc5, finite_mode_find_e_matching) Set.set_insert Un_insert_left Un_insert_right add.right_neutral cc_subs_n d_in_n inf infer_from_def inference.sel(1,2) inference_system.inferences_from_def mem_Collect_eq set_mset_add_mset_insert subset_Un_eq sup_ge1 union_mset_add_mset_right) (364 ms)
0.sledgehammer goal.unfolding 206069ms Ordered_Resolution_Prover.Inference_System 64:2050  some Preplay: (smt (cvc5, interleave) Set.set_insert Un_insert_left Un_insert_right add.right_neutral cc_subs_n d_in_n inf infer_from_def inference.sel(1,2) inference_system.inferences_from_def mem_Collect_eq set_mset_add_mset_insert subset_Un_eq sup_ge1 union_mset_add_mset_right) (575 ms)
0.sledgehammer goal.unfolding 206069ms Ordered_Resolution_Prover.Inference_System 64:2050  some Preplay: (smt (cvc5, no_fmf_mbqi) Set.set_insert Un_insert_left Un_insert_right add.right_neutral cc_subs_n d_in_n inf infer_from_def inference.sel(1,2) inference_system.inferences_from_def mem_Collect_eq set_mset_add_mset_insert subset_Un_eq sup_ge1 union_mset_add_mset_right) (1.0 s)
0.sledgehammer goal.unfolding 206069ms Ordered_Resolution_Prover.Inference_System 64:2050  some Preplay: (smt (cvc5, dec_internal_enum_inst_sum) Set.set_insert Un_insert_left Un_insert_right add.right_neutral cc_subs_n d_in_n inf infer_from_def inference.sel(1,2) inference_system.inferences_from_def mem_Collect_eq set_mset_add_mset_insert subset_Un_eq sup_ge1 union_mset_add_mset_right) (1.0 s)
0.sledgehammer goal.unfolding 206069ms Ordered_Resolution_Prover.Inference_System 64:2050  some Preplay: (smt (cvc5, term_db_relevant) Set.set_insert Un_insert_left Un_insert_right add.right_neutral cc_subs_n d_in_n inf infer_from_def inference.sel(1,2) inference_system.inferences_from_def mem_Collect_eq set_mset_add_mset_insert subset_Un_eq sup_ge1 union_mset_add_mset_right) (1.0 s)
0.sledgehammer goal.unfolding 206069ms Ordered_Resolution_Prover.Inference_System 64:2050  some Preplay: (smt (cvc5, dec_internal_no_simp) Set.set_insert Un_insert_left Un_insert_right add.right_neutral cc_subs_n d_in_n inf infer_from_def inference.sel(1,2) inference_system.inferences_from_def mem_Collect_eq set_mset_add_mset_insert subset_Un_eq sup_ge1 union_mset_add_mset_right) (1.1 s)
0.sledgehammer goal.unfolding 206069ms Ordered_Resolution_Prover.Inference_System 64:2050  some Preplay: (smt (cvc5, best) Set.set_insert Un_insert_left Un_insert_right add.right_neutral cc_subs_n d_in_n inf infer_from_def inference.sel(1,2) inference_system.inferences_from_def mem_Collect_eq set_mset_add_mset_insert subset_Un_eq sup_ge1 union_mset_add_mset_right) (1.4 s)
0.sledgehammer goal.unfolding 206069ms Ordered_Resolution_Prover.Inference_System 64:2050  some Preplay: (smt (cvc5, mbqi) Set.set_insert Un_insert_left Un_insert_right add.right_neutral cc_subs_n d_in_n inf infer_from_def inference.sel(1,2) inference_system.inferences_from_def mem_Collect_eq set_mset_add_mset_insert subset_Un_eq sup_ge1 union_mset_add_mset_right) (> 364 ms, timed out)
0.sledgehammer goal.unfolding 206069ms Ordered_Resolution_Prover.Inference_System 64:2050  some Preplay: (smt (cvc5, prereg_lazy) Set.set_insert Un_insert_left Un_insert_right add.right_neutral cc_subs_n d_in_n inf infer_from_def inference.sel(1,2) inference_system.inferences_from_def mem_Collect_eq set_mset_add_mset_insert subset_Un_eq sup_ge1 union_mset_add_mset_right) (> 575 ms, timed out)
0.sledgehammer goal.unfolding 206069ms Ordered_Resolution_Prover.Inference_System 64:2050  some Preplay: (smt (cvc5, finite_mode_find) Set.set_insert Un_insert_left Un_insert_right add.right_neutral cc_subs_n d_in_n inf infer_from_def inference.sel(1,2) inference_system.inferences_from_def mem_Collect_eq set_mset_add_mset_insert subset_Un_eq sup_ge1 union_mset_add_mset_right) (> 575 ms, timed out)
0.sledgehammer goal.unfolding 206069ms Ordered_Resolution_Prover.Inference_System 64:2050  some Preplay: (smt (cvc5, finite_mode_find_dec_internal) Set.set_insert Un_insert_left Un_insert_right add.right_neutral cc_subs_n d_in_n inf infer_from_def inference.sel(1,2) inference_system.inferences_from_def mem_Collect_eq set_mset_add_mset_insert subset_Un_eq sup_ge1 union_mset_add_mset_right) (> 575 ms, timed out)
0.sledgehammer goal.unfolding 206069ms Ordered_Resolution_Prover.Inference_System 64:2050  some Preplay: (smt (cvc5, finite_mode_find_macro_quant) Set.set_insert Un_insert_left Un_insert_right add.right_neutral cc_subs_n d_in_n inf infer_from_def inference.sel(1,2) inference_system.inferences_from_def mem_Collect_eq set_mset_add_mset_insert subset_Un_eq sup_ge1 union_mset_add_mset_right) (> 575 ms, timed out)
0.sledgehammer goal.proof     54908ms Ordered_Resolution_Prover.Inference_System 147:4805  timeout (SH 54907ms):
0.sledgehammer goal.by        12546ms Ordered_Resolution_Prover.Inference_System 201:6366  timeout (SH 12546ms): Timed out
0.sledgehammer goal.using     56400ms Ordered_Resolution_Prover.Inference_System 230:7454  timeout (SH 56400ms):
0.sledgehammer goal.using     51192ms Ordered_Resolution_Prover.Unordered_Ground_Resolution 92:3034  some (SH 51192ms, ATP 1361ms): Try this: by (smt (cvc5, mbqi) atm_imp_pos_or_neg_lit d' mem_Collect_eq neg_a_ni_d' set_mset_filter) (257 ms)
0.sledgehammer goal.using     51192ms Ordered_Resolution_Prover.Unordered_Ground_Resolution 92:3034  some Preplay: (smt (cvc5, mbqi) atm_imp_pos_or_neg_lit d' mem_Collect_eq neg_a_ni_d' set_mset_filter) (257 ms)
0.sledgehammer goal.using     51192ms Ordered_Resolution_Prover.Unordered_Ground_Resolution 92:3034  some Preplay: (smt (cvc5, no_fmf_mbqi) atm_imp_pos_or_neg_lit d' mem_Collect_eq neg_a_ni_d' set_mset_filter) (262 ms)
0.sledgehammer goal.using     51192ms Ordered_Resolution_Prover.Unordered_Ground_Resolution 92:3034  some Preplay: (smt (cvc5, dec_internal_no_simp) atm_imp_pos_or_neg_lit d' mem_Collect_eq neg_a_ni_d' set_mset_filter) (264 ms)
0.sledgehammer goal.using     51192ms Ordered_Resolution_Prover.Unordered_Ground_Resolution 92:3034  some Preplay: (smt (cvc5, finite_mode_find_e_matching) atm_imp_pos_or_neg_lit d' mem_Collect_eq neg_a_ni_d' set_mset_filter) (266 ms)
0.sledgehammer goal.using     51192ms Ordered_Resolution_Prover.Unordered_Ground_Resolution 92:3034  some Preplay: (smt (cvc5, finite_mode_find) atm_imp_pos_or_neg_lit d' mem_Collect_eq neg_a_ni_d' set_mset_filter) (268 ms)
0.sledgehammer goal.using     51192ms Ordered_Resolution_Prover.Unordered_Ground_Resolution 92:3034  some Preplay: (smt (cvc5, term_db_relevant) atm_imp_pos_or_neg_lit d' mem_Collect_eq neg_a_ni_d' set_mset_filter) (268 ms)
0.sledgehammer goal.using     51192ms Ordered_Resolution_Prover.Unordered_Ground_Resolution 92:3034  some Preplay: (smt (cvc5, best) atm_imp_pos_or_neg_lit d' mem_Collect_eq neg_a_ni_d' set_mset_filter) (310 ms)
0.sledgehammer goal.using     51192ms Ordered_Resolution_Prover.Unordered_Ground_Resolution 92:3034  some Preplay: (smt (cvc5, dec_internal_enum_inst_sum) atm_imp_pos_or_neg_lit d' mem_Collect_eq neg_a_ni_d' set_mset_filter) (330 ms)
0.sledgehammer goal.using     51192ms Ordered_Resolution_Prover.Unordered_Ground_Resolution 92:3034  some Preplay: (smt (cvc5, prereg_lazy) atm_imp_pos_or_neg_lit d' mem_Collect_eq neg_a_ni_d' set_mset_filter) (373 ms)
0.sledgehammer goal.using     51192ms Ordered_Resolution_Prover.Unordered_Ground_Resolution 92:3034  some Preplay: (smt (cvc5, interleave) atm_imp_pos_or_neg_lit d' mem_Collect_eq neg_a_ni_d' set_mset_filter) (381 ms)
0.sledgehammer goal.using     51192ms Ordered_Resolution_Prover.Unordered_Ground_Resolution 92:3034  some Preplay: (smt (cvc5, finite_mode_find_dec_internal) atm_imp_pos_or_neg_lit d' mem_Collect_eq neg_a_ni_d' set_mset_filter) (405 ms)
0.sledgehammer goal.using     51192ms Ordered_Resolution_Prover.Unordered_Ground_Resolution 92:3034  some Preplay: (smt (cvc5, finite_mode_find_macro_quant) atm_imp_pos_or_neg_lit d' mem_Collect_eq neg_a_ni_d' set_mset_filter) (failed)
0.sledgehammer goal.unfolding 13642ms Ordered_Resolution_Prover.Unordered_Ground_Resolution 113:3979  timeout (SH 13642ms): Timed out
0.sledgehammer goal.by        12809ms Ordered_Resolution_Prover.Unordered_Ground_Resolution 165:5957  timeout (SH 12809ms): Timed out
0.sledgehammer goal.unfolding 13489ms Ordered_Resolution_Prover.Lazy_List_Liminf 104:3824  timeout (SH 13489ms): Timed out
0.sledgehammer goal.unfolding 54539ms Ordered_Resolution_Prover.Lazy_List_Liminf 286:10641  timeout (SH 54539ms):
0.sledgehammer goal.by        13652ms Ordered_Resolution_Prover.Lazy_List_Liminf 289:10818  timeout (SH 13652ms): Timed out
0.sledgehammer goal.unfolding 12841ms Ordered_Resolution_Prover.Lazy_List_Liminf 342:12690  timeout (SH 12841ms): Timed out
0.sledgehammer goal.proof     55028ms Ordered_Resolution_Prover.Lazy_List_Chain 49:1512  timeout (SH 55028ms):
0.sledgehammer goal.proof     12837ms Ordered_Resolution_Prover.Lazy_List_Chain 89:2913  timeout (SH 12837ms): Timed out
0.sledgehammer goal.using     61108ms Ordered_Resolution_Prover.Lazy_List_Chain 182:6180  timeout (SH 61108ms):
0.sledgehammer goal.using     12834ms Ordered_Resolution_Prover.Lazy_List_Chain 194:6469  timeout (SH 12834ms): Timed out
0.sledgehammer goal.by        52542ms Ordered_Resolution_Prover.Lazy_List_Chain 389:13429  some (SH 52541ms, ATP 1826ms): Try this: by (smt (cvc5) assms emb_prepend_coinduct_aux prepend_cong1_base prepend_cong1_prepend prepend_cong_distrib)
0.sledgehammer goal.by        52542ms Ordered_Resolution_Prover.Lazy_List_Chain 389:13429  some Preplay: (smt (cvc5, best) assms emb_prepend_coinduct_aux prepend_cong1_base prepend_cong1_prepend prepend_cong_distrib) (> 1.0 s, timed out)
0.sledgehammer goal.by        52542ms Ordered_Resolution_Prover.Lazy_List_Chain 389:13429  some Preplay: (smt (cvc5, dec_internal_no_simp) assms emb_prepend_coinduct_aux prepend_cong1_base prepend_cong1_prepend prepend_cong_distrib) (> 1.0 s, timed out)
0.sledgehammer goal.by        52542ms Ordered_Resolution_Prover.Lazy_List_Chain 389:13429  some Preplay: (smt (cvc5, dec_internal_enum_inst_sum) assms emb_prepend_coinduct_aux prepend_cong1_base prepend_cong1_prepend prepend_cong_distrib) (> 1.0 s, timed out)
0.sledgehammer goal.by        52542ms Ordered_Resolution_Prover.Lazy_List_Chain 389:13429  some Preplay: (smt (cvc5, term_db_relevant) assms emb_prepend_coinduct_aux prepend_cong1_base prepend_cong1_prepend prepend_cong_distrib) (> 1.0 s, timed out)
0.sledgehammer goal.by        52542ms Ordered_Resolution_Prover.Lazy_List_Chain 389:13429  some Preplay: (smt (cvc5, interleave) assms emb_prepend_coinduct_aux prepend_cong1_base prepend_cong1_prepend prepend_cong_distrib) (> 1.0 s, timed out)
0.sledgehammer goal.by        52542ms Ordered_Resolution_Prover.Lazy_List_Chain 389:13429  some Preplay: (smt (cvc5, prereg_lazy) assms emb_prepend_coinduct_aux prepend_cong1_base prepend_cong1_prepend prepend_cong_distrib) (> 1.0 s, timed out)
0.sledgehammer goal.by        52542ms Ordered_Resolution_Prover.Lazy_List_Chain 389:13429  some Preplay: (smt (cvc5, finite_mode_find) assms emb_prepend_coinduct_aux prepend_cong1_base prepend_cong1_prepend prepend_cong_distrib) (> 1.0 s, timed out)
0.sledgehammer goal.by        52542ms Ordered_Resolution_Prover.Lazy_List_Chain 389:13429  some Preplay: (smt (cvc5, no_fmf_mbqi) assms emb_prepend_coinduct_aux prepend_cong1_base prepend_cong1_prepend prepend_cong_distrib) (> 1.0 s, timed out)
0.sledgehammer goal.by        52542ms Ordered_Resolution_Prover.Lazy_List_Chain 389:13429  some Preplay: (smt (cvc5, finite_mode_find_dec_internal) assms emb_prepend_coinduct_aux prepend_cong1_base prepend_cong1_prepend prepend_cong_distrib) (> 1.0 s, timed out)
0.sledgehammer goal.by        52542ms Ordered_Resolution_Prover.Lazy_List_Chain 389:13429  some Preplay: (smt (cvc5, finite_mode_find_macro_quant) assms emb_prepend_coinduct_aux prepend_cong1_base prepend_cong1_prepend prepend_cong_distrib) (> 1.0 s, timed out)
0.sledgehammer goal.by        52542ms Ordered_Resolution_Prover.Lazy_List_Chain 389:13429  some Preplay: (smt (cvc5, finite_mode_find_e_matching) assms emb_prepend_coinduct_aux prepend_cong1_base prepend_cong1_prepend prepend_cong_distrib) (> 1.0 s, timed out)
0.sledgehammer goal.by        52542ms Ordered_Resolution_Prover.Lazy_List_Chain 389:13429  some Preplay: (smt (cvc5, mbqi) assms emb_prepend_coinduct_aux prepend_cong1_base prepend_cong1_prepend prepend_cong_distrib) (> 1.0 s, timed out)
0.sledgehammer goal.by        52142ms Ordered_Resolution_Prover.Lazy_List_Chain 433:14797  some (SH 52142ms, ATP 1052ms): Try this: by (smt (cvc5, mbqi) chain'.coinduct chain_chain') (2.7 s)
0.sledgehammer goal.by        52142ms Ordered_Resolution_Prover.Lazy_List_Chain 433:14797  some Preplay: (smt (cvc5, mbqi) chain'.coinduct chain_chain') (2.7 s)
0.sledgehammer goal.by        52142ms Ordered_Resolution_Prover.Lazy_List_Chain 433:14797  some Preplay: (smt (cvc5, finite_mode_find_macro_quant) chain'.coinduct chain_chain') (3.5 s)
0.sledgehammer goal.by        52142ms Ordered_Resolution_Prover.Lazy_List_Chain 433:14797  some Preplay: (smt (cvc5, finite_mode_find_e_matching) chain'.coinduct chain_chain') (3.7 s)
0.sledgehammer goal.by        52142ms Ordered_Resolution_Prover.Lazy_List_Chain 433:14797  some Preplay: (smt (cvc5, finite_mode_find) chain'.coinduct chain_chain') (4.1 s)
0.sledgehammer goal.by        52142ms Ordered_Resolution_Prover.Lazy_List_Chain 433:14797  some Preplay: (smt (cvc5, best) chain'.coinduct chain_chain') (4.2 s)
0.sledgehammer goal.by        52142ms Ordered_Resolution_Prover.Lazy_List_Chain 433:14797  some Preplay: (smt (cvc5, dec_internal_enum_inst_sum) chain'.coinduct chain_chain') (4.2 s)
0.sledgehammer goal.by        52142ms Ordered_Resolution_Prover.Lazy_List_Chain 433:14797  some Preplay: (smt (cvc5, no_fmf_mbqi) chain'.coinduct chain_chain') (4.6 s)
0.sledgehammer goal.by        52142ms Ordered_Resolution_Prover.Lazy_List_Chain 433:14797  some Preplay: (smt (cvc5, prereg_lazy) chain'.coinduct chain_chain') (4.6 s)
0.sledgehammer goal.by        52142ms Ordered_Resolution_Prover.Lazy_List_Chain 433:14797  some Preplay: (smt (cvc5, term_db_relevant) chain'.coinduct chain_chain') (4.6 s)
0.sledgehammer goal.by        52142ms Ordered_Resolution_Prover.Lazy_List_Chain 433:14797  some Preplay: (smt (cvc5, finite_mode_find_dec_internal) chain'.coinduct chain_chain') (4.7 s)
0.sledgehammer goal.by        52142ms Ordered_Resolution_Prover.Lazy_List_Chain 433:14797  some Preplay: (smt (cvc5, interleave) chain'.coinduct chain_chain') (4.7 s)
0.sledgehammer goal.by        52142ms Ordered_Resolution_Prover.Lazy_List_Chain 433:14797  some Preplay: (smt (cvc5, dec_internal_no_simp) chain'.coinduct chain_chain') (> 1.0 s, timed out)
0.sledgehammer goal.proof     13629ms Ordered_Resolution_Prover.Lazy_List_Chain 478:16329  timeout (SH 13629ms): Timed out
0.sledgehammer goal.by        13950ms Ordered_Resolution_Prover.Lazy_List_Chain 501:17036  timeout (SH 13950ms): Timed out
0.sledgehammer goal.proof     70757ms Ordered_Resolution_Prover.Lazy_List_Chain 568:19582  some (SH 70756ms, ATP 1185ms): Try this: by (smt (cvc5, dec_internal_enum_inst_sum) emb emb.cases lfinite_lmap llist.simps(13) lmap_eq_LNil lmap_prepend) (4.6 s)
0.sledgehammer goal.proof     70757ms Ordered_Resolution_Prover.Lazy_List_Chain 568:19582  some Preplay: (smt (cvc5, dec_internal_enum_inst_sum) emb emb.cases lfinite_lmap llist.simps(13) lmap_eq_LNil lmap_prepend) (4.6 s)
0.sledgehammer goal.proof     70757ms Ordered_Resolution_Prover.Lazy_List_Chain 568:19582  some Preplay: (smt (cvc5, best) emb emb.cases lfinite_lmap llist.simps(13) lmap_eq_LNil lmap_prepend) (> 1.0 s, timed out)
0.sledgehammer goal.proof     70757ms Ordered_Resolution_Prover.Lazy_List_Chain 568:19582  some Preplay: (smt (cvc5, dec_internal_no_simp) emb emb.cases lfinite_lmap llist.simps(13) lmap_eq_LNil lmap_prepend) (> 1.0 s, timed out)
0.sledgehammer goal.proof     70757ms Ordered_Resolution_Prover.Lazy_List_Chain 568:19582  some Preplay: (smt (cvc5, term_db_relevant) emb emb.cases lfinite_lmap llist.simps(13) lmap_eq_LNil lmap_prepend) (> 1.0 s, timed out)
0.sledgehammer goal.proof     70757ms Ordered_Resolution_Prover.Lazy_List_Chain 568:19582  some Preplay: (smt (cvc5, interleave) emb emb.cases lfinite_lmap llist.simps(13) lmap_eq_LNil lmap_prepend) (> 1.0 s, timed out)
0.sledgehammer goal.proof     70757ms Ordered_Resolution_Prover.Lazy_List_Chain 568:19582  some Preplay: (smt (cvc5, prereg_lazy) emb emb.cases lfinite_lmap llist.simps(13) lmap_eq_LNil lmap_prepend) (> 1.0 s, timed out)
0.sledgehammer goal.proof     70757ms Ordered_Resolution_Prover.Lazy_List_Chain 568:19582  some Preplay: (smt (cvc5, finite_mode_find) emb emb.cases lfinite_lmap llist.simps(13) lmap_eq_LNil lmap_prepend) (> 1.0 s, timed out)
0.sledgehammer goal.proof     70757ms Ordered_Resolution_Prover.Lazy_List_Chain 568:19582  some Preplay: (smt (cvc5, no_fmf_mbqi) emb emb.cases lfinite_lmap llist.simps(13) lmap_eq_LNil lmap_prepend) (> 1.0 s, timed out)
0.sledgehammer goal.proof     70757ms Ordered_Resolution_Prover.Lazy_List_Chain 568:19582  some Preplay: (smt (cvc5, finite_mode_find_dec_internal) emb emb.cases lfinite_lmap llist.simps(13) lmap_eq_LNil lmap_prepend) (> 1.0 s, timed out)
0.sledgehammer goal.proof     70757ms Ordered_Resolution_Prover.Lazy_List_Chain 568:19582  some Preplay: (smt (cvc5, finite_mode_find_macro_quant) emb emb.cases lfinite_lmap llist.simps(13) lmap_eq_LNil lmap_prepend) (> 1.0 s, timed out)
0.sledgehammer goal.proof     70757ms Ordered_Resolution_Prover.Lazy_List_Chain 568:19582  some Preplay: (smt (cvc5, finite_mode_find_e_matching) emb emb.cases lfinite_lmap llist.simps(13) lmap_eq_LNil lmap_prepend) (> 1.0 s, timed out)
0.sledgehammer goal.proof     70757ms Ordered_Resolution_Prover.Lazy_List_Chain 568:19582  some Preplay: (smt (cvc5, mbqi) emb emb.cases lfinite_lmap llist.simps(13) lmap_eq_LNil lmap_prepend) (> 1.0 s, timed out)
0.sledgehammer goal.using     35652ms Ordered_Resolution_Prover.Lazy_List_Chain 642:22036  some (SH 35652ms, ATP 903ms): Try this: by (smt (cvc5, dec_internal_no_simp) chain.coinduct full full_chain.cases) (5.1 s)
0.sledgehammer goal.using     35652ms Ordered_Resolution_Prover.Lazy_List_Chain 642:22036  some Preplay: (smt (cvc5, dec_internal_no_simp) chain.coinduct full full_chain.cases) (5.1 s)
0.sledgehammer goal.using     35652ms Ordered_Resolution_Prover.Lazy_List_Chain 642:22036  some Preplay: (smt (cvc5, best) chain.coinduct full full_chain.cases) (> 1.0 s, timed out)
0.sledgehammer goal.using     35652ms Ordered_Resolution_Prover.Lazy_List_Chain 642:22036  some Preplay: (smt (cvc5, dec_internal_enum_inst_sum) chain.coinduct full full_chain.cases) (> 1.0 s, timed out)
0.sledgehammer goal.using     35652ms Ordered_Resolution_Prover.Lazy_List_Chain 642:22036  some Preplay: (smt (cvc5, term_db_relevant) chain.coinduct full full_chain.cases) (> 1.0 s, timed out)
0.sledgehammer goal.using     35652ms Ordered_Resolution_Prover.Lazy_List_Chain 642:22036  some Preplay: (smt (cvc5, interleave) chain.coinduct full full_chain.cases) (> 1.0 s, timed out)
0.sledgehammer goal.using     35652ms Ordered_Resolution_Prover.Lazy_List_Chain 642:22036  some Preplay: (smt (cvc5, prereg_lazy) chain.coinduct full full_chain.cases) (> 1.0 s, timed out)
0.sledgehammer goal.using     35652ms Ordered_Resolution_Prover.Lazy_List_Chain 642:22036  some Preplay: (smt (cvc5, finite_mode_find) chain.coinduct full full_chain.cases) (> 1.0 s, timed out)
0.sledgehammer goal.using     35652ms Ordered_Resolution_Prover.Lazy_List_Chain 642:22036  some Preplay: (smt (cvc5, no_fmf_mbqi) chain.coinduct full full_chain.cases) (> 1.0 s, timed out)
0.sledgehammer goal.using     35652ms Ordered_Resolution_Prover.Lazy_List_Chain 642:22036  some Preplay: (smt (cvc5, finite_mode_find_dec_internal) chain.coinduct full full_chain.cases) (> 1.0 s, timed out)
0.sledgehammer goal.using     35652ms Ordered_Resolution_Prover.Lazy_List_Chain 642:22036  some Preplay: (smt (cvc5, finite_mode_find_macro_quant) chain.coinduct full full_chain.cases) (> 1.0 s, timed out)
0.sledgehammer goal.using     35652ms Ordered_Resolution_Prover.Lazy_List_Chain 642:22036  some Preplay: (smt (cvc5, finite_mode_find_e_matching) chain.coinduct full full_chain.cases) (> 1.0 s, timed out)
0.sledgehammer goal.using     35652ms Ordered_Resolution_Prover.Lazy_List_Chain 642:22036  some Preplay: (smt (cvc5, mbqi) chain.coinduct full full_chain.cases) (> 1.0 s, timed out)
0.sledgehammer goal.by        29804ms Ordered_Resolution_Prover.Lazy_List_Chain 642:22047  some (SH 29803ms, ATP 927ms): Try this: by (smt (cvc5, dec_internal_no_simp) chain.coinduct full_chain.cases) (5.3 s)
0.sledgehammer goal.by        29804ms Ordered_Resolution_Prover.Lazy_List_Chain 642:22047  some Preplay: (smt (cvc5, dec_internal_no_simp) chain.coinduct full_chain.cases) (5.3 s)
0.sledgehammer goal.by        29804ms Ordered_Resolution_Prover.Lazy_List_Chain 642:22047  some Preplay: (smt (cvc5, best) chain.coinduct full_chain.cases) (> 1.0 s, timed out)
0.sledgehammer goal.by        29804ms Ordered_Resolution_Prover.Lazy_List_Chain 642:22047  some Preplay: (smt (cvc5, dec_internal_enum_inst_sum) chain.coinduct full_chain.cases) (> 1.0 s, timed out)
0.sledgehammer goal.by        29804ms Ordered_Resolution_Prover.Lazy_List_Chain 642:22047  some Preplay: (smt (cvc5, term_db_relevant) chain.coinduct full_chain.cases) (> 1.0 s, timed out)
0.sledgehammer goal.by        29804ms Ordered_Resolution_Prover.Lazy_List_Chain 642:22047  some Preplay: (smt (cvc5, interleave) chain.coinduct full_chain.cases) (> 1.0 s, timed out)
0.sledgehammer goal.by        29804ms Ordered_Resolution_Prover.Lazy_List_Chain 642:22047  some Preplay: (smt (cvc5, prereg_lazy) chain.coinduct full_chain.cases) (> 1.0 s, timed out)
0.sledgehammer goal.by        29804ms Ordered_Resolution_Prover.Lazy_List_Chain 642:22047  some Preplay: (smt (cvc5, finite_mode_find) chain.coinduct full_chain.cases) (> 1.0 s, timed out)
0.sledgehammer goal.by        29804ms Ordered_Resolution_Prover.Lazy_List_Chain 642:22047  some Preplay: (smt (cvc5, no_fmf_mbqi) chain.coinduct full_chain.cases) (> 1.0 s, timed out)
0.sledgehammer goal.by        29804ms Ordered_Resolution_Prover.Lazy_List_Chain 642:22047  some Preplay: (smt (cvc5, finite_mode_find_dec_internal) chain.coinduct full_chain.cases) (> 1.0 s, timed out)
0.sledgehammer goal.by        29804ms Ordered_Resolution_Prover.Lazy_List_Chain 642:22047  some Preplay: (smt (cvc5, finite_mode_find_macro_quant) chain.coinduct full_chain.cases) (> 1.0 s, timed out)
0.sledgehammer goal.by        29804ms Ordered_Resolution_Prover.Lazy_List_Chain 642:22047  some Preplay: (smt (cvc5, finite_mode_find_e_matching) chain.coinduct full_chain.cases) (> 1.0 s, timed out)
0.sledgehammer goal.by        29804ms Ordered_Resolution_Prover.Lazy_List_Chain 642:22047  some Preplay: (smt (cvc5, mbqi) chain.coinduct full_chain.cases) (> 1.0 s, timed out)
0.sledgehammer goal.by        13447ms Ordered_Resolution_Prover.Map2 33:1166  timeout (SH 13447ms): Timed out
0.sledgehammer goal.proof     54640ms Ordered_Resolution_Prover.Map2 38:1370  some (SH 54639ms, ATP 846ms): Try this: by (smt (cvc5) Collect_cong assms case_prod_conv length_map length_zip min_less_iff_conj nth_map nth_zip set_conv_nth)
0.sledgehammer goal.proof     54640ms Ordered_Resolution_Prover.Map2 38:1370  some Preplay: (smt (cvc5, best) Collect_cong assms case_prod_conv length_map length_zip min_less_iff_conj nth_map nth_zip set_conv_nth) (> 1.0 s, timed out)
0.sledgehammer goal.proof     54640ms Ordered_Resolution_Prover.Map2 38:1370  some Preplay: (smt (cvc5, dec_internal_no_simp) Collect_cong assms case_prod_conv length_map length_zip min_less_iff_conj nth_map nth_zip set_conv_nth) (> 1.0 s, timed out)
0.sledgehammer goal.proof     54640ms Ordered_Resolution_Prover.Map2 38:1370  some Preplay: (smt (cvc5, dec_internal_enum_inst_sum) Collect_cong assms case_prod_conv length_map length_zip min_less_iff_conj nth_map nth_zip set_conv_nth) (> 1.0 s, timed out)
0.sledgehammer goal.proof     54640ms Ordered_Resolution_Prover.Map2 38:1370  some Preplay: (smt (cvc5, term_db_relevant) Collect_cong assms case_prod_conv length_map length_zip min_less_iff_conj nth_map nth_zip set_conv_nth) (> 1.0 s, timed out)
0.sledgehammer goal.proof     54640ms Ordered_Resolution_Prover.Map2 38:1370  some Preplay: (smt (cvc5, interleave) Collect_cong assms case_prod_conv length_map length_zip min_less_iff_conj nth_map nth_zip set_conv_nth) (> 1.0 s, timed out)
0.sledgehammer goal.proof     54640ms Ordered_Resolution_Prover.Map2 38:1370  some Preplay: (smt (cvc5, prereg_lazy) Collect_cong assms case_prod_conv length_map length_zip min_less_iff_conj nth_map nth_zip set_conv_nth) (> 1.0 s, timed out)
0.sledgehammer goal.proof     54640ms Ordered_Resolution_Prover.Map2 38:1370  some Preplay: (smt (cvc5, finite_mode_find) Collect_cong assms case_prod_conv length_map length_zip min_less_iff_conj nth_map nth_zip set_conv_nth) (> 1.0 s, timed out)
0.sledgehammer goal.proof     54640ms Ordered_Resolution_Prover.Map2 38:1370  some Preplay: (smt (cvc5, no_fmf_mbqi) Collect_cong assms case_prod_conv length_map length_zip min_less_iff_conj nth_map nth_zip set_conv_nth) (> 1.0 s, timed out)
0.sledgehammer goal.proof     54640ms Ordered_Resolution_Prover.Map2 38:1370  some Preplay: (smt (cvc5, finite_mode_find_dec_internal) Collect_cong assms case_prod_conv length_map length_zip min_less_iff_conj nth_map nth_zip set_conv_nth) (> 1.0 s, timed out)
0.sledgehammer goal.proof     54640ms Ordered_Resolution_Prover.Map2 38:1370  some Preplay: (smt (cvc5, finite_mode_find_macro_quant) Collect_cong assms case_prod_conv length_map length_zip min_less_iff_conj nth_map nth_zip set_conv_nth) (> 1.0 s, timed out)
0.sledgehammer goal.proof     54640ms Ordered_Resolution_Prover.Map2 38:1370  some Preplay: (smt (cvc5, finite_mode_find_e_matching) Collect_cong assms case_prod_conv length_map length_zip min_less_iff_conj nth_map nth_zip set_conv_nth) (> 1.0 s, timed out)
0.sledgehammer goal.proof     54640ms Ordered_Resolution_Prover.Map2 38:1370  some Preplay: (smt (cvc5, mbqi) Collect_cong assms case_prod_conv length_map length_zip min_less_iff_conj nth_map nth_zip set_conv_nth) (> 1.0 s, timed out)
0.sledgehammer goal.using     56707ms Ordered_Resolution_Prover.Abstract_Substitution 250:8488  timeout (SH 56707ms):
0.sledgehammer goal.by        12810ms Ordered_Resolution_Prover.Abstract_Substitution 250:8510  timeout (SH 12810ms): Timed out
0.sledgehammer goal.by        55819ms Ordered_Resolution_Prover.Abstract_Substitution 271:9292  some (SH 55818ms, ATP 1838ms): Try this: by (smt (cvc5) fst_def image_iff length_replicate list.set_map list.set_map map_eq_conv map_fst_zip map_replicate_const map_replicate_const set_zip_rightD split_cong subst_atm_mset_id_subst)
0.sledgehammer goal.by        55819ms Ordered_Resolution_Prover.Abstract_Substitution 271:9292  some Preplay: (smt (cvc5, best) fst_def image_iff length_replicate list.set_map map_eq_conv map_fst_zip map_replicate_const set_zip_rightD split_cong subst_atm_mset_id_subst) (> 1.0 s, timed out)
0.sledgehammer goal.by        55819ms Ordered_Resolution_Prover.Abstract_Substitution 271:9292  some Preplay: (smt (cvc5, dec_internal_no_simp) fst_def image_iff length_replicate list.set_map map_eq_conv map_fst_zip map_replicate_const set_zip_rightD split_cong subst_atm_mset_id_subst) (> 1.0 s, timed out)
0.sledgehammer goal.by        55819ms Ordered_Resolution_Prover.Abstract_Substitution 271:9292  some Preplay: (smt (cvc5, dec_internal_enum_inst_sum) fst_def image_iff length_replicate list.set_map map_eq_conv map_fst_zip map_replicate_const set_zip_rightD split_cong subst_atm_mset_id_subst) (> 1.0 s, timed out)
0.sledgehammer goal.by        55819ms Ordered_Resolution_Prover.Abstract_Substitution 271:9292  some Preplay: (smt (cvc5, term_db_relevant) fst_def image_iff length_replicate list.set_map map_eq_conv map_fst_zip map_replicate_const set_zip_rightD split_cong subst_atm_mset_id_subst) (> 1.0 s, timed out)
0.sledgehammer goal.by        55819ms Ordered_Resolution_Prover.Abstract_Substitution 271:9292  some Preplay: (smt (cvc5, interleave) fst_def image_iff length_replicate list.set_map map_eq_conv map_fst_zip map_replicate_const set_zip_rightD split_cong subst_atm_mset_id_subst) (> 1.0 s, timed out)
0.sledgehammer goal.by        55819ms Ordered_Resolution_Prover.Abstract_Substitution 271:9292  some Preplay: (smt (cvc5, prereg_lazy) fst_def image_iff length_replicate list.set_map map_eq_conv map_fst_zip map_replicate_const set_zip_rightD split_cong subst_atm_mset_id_subst) (> 1.0 s, timed out)
0.sledgehammer goal.by        55819ms Ordered_Resolution_Prover.Abstract_Substitution 271:9292  some Preplay: (smt (cvc5, finite_mode_find) fst_def image_iff length_replicate list.set_map map_eq_conv map_fst_zip map_replicate_const set_zip_rightD split_cong subst_atm_mset_id_subst) (> 1.0 s, timed out)
0.sledgehammer goal.by        55819ms Ordered_Resolution_Prover.Abstract_Substitution 271:9292  some Preplay: (smt (cvc5, no_fmf_mbqi) fst_def image_iff length_replicate list.set_map map_eq_conv map_fst_zip map_replicate_const set_zip_rightD split_cong subst_atm_mset_id_subst) (> 1.0 s, timed out)
0.sledgehammer goal.by        55819ms Ordered_Resolution_Prover.Abstract_Substitution 271:9292  some Preplay: (smt (cvc5, finite_mode_find_dec_internal) fst_def image_iff length_replicate list.set_map map_eq_conv map_fst_zip map_replicate_const set_zip_rightD split_cong subst_atm_mset_id_subst) (> 1.0 s, timed out)
0.sledgehammer goal.by        55819ms Ordered_Resolution_Prover.Abstract_Substitution 271:9292  some Preplay: (smt (cvc5, finite_mode_find_macro_quant) fst_def image_iff length_replicate list.set_map map_eq_conv map_fst_zip map_replicate_const set_zip_rightD split_cong subst_atm_mset_id_subst) (> 1.0 s, timed out)
0.sledgehammer goal.by        55819ms Ordered_Resolution_Prover.Abstract_Substitution 271:9292  some Preplay: (smt (cvc5, finite_mode_find_e_matching) fst_def image_iff length_replicate list.set_map map_eq_conv map_fst_zip map_replicate_const set_zip_rightD split_cong subst_atm_mset_id_subst) (> 1.0 s, timed out)
0.sledgehammer goal.by        55819ms Ordered_Resolution_Prover.Abstract_Substitution 271:9292  some Preplay: (smt (cvc5, mbqi) fst_def image_iff length_replicate list.set_map map_eq_conv map_fst_zip map_replicate_const set_zip_rightD split_cong subst_atm_mset_id_subst) (> 1.0 s, timed out)
0.sledgehammer goal.unfolding 12575ms Ordered_Resolution_Prover.Abstract_Substitution 304:10318  timeout (SH 12575ms): Timed out
0.sledgehammer goal.unfolding 13315ms Ordered_Resolution_Prover.Abstract_Substitution 326:11216  timeout (SH 13315ms): Timed out
0.sledgehammer goal.unfolding 54161ms Ordered_Resolution_Prover.Abstract_Substitution 380:13120  timeout (SH 54161ms):
0.sledgehammer goal.proof     12804ms Ordered_Resolution_Prover.Abstract_Substitution 849:30783  timeout (SH 12804ms): Timed out
0.sledgehammer goal.unfolding 55033ms Ordered_Resolution_Prover.Abstract_Substitution 963:35436  timeout (SH 55033ms):
0.sledgehammer goal.by        60229ms Ordered_Resolution_Prover.Abstract_Substitution 978:36080  some (SH 60229ms, ATP 806ms): Try this: by (smt (cvc5, dec_internal_no_simp) is_ground_cls_if_in_grounding_of_cls is_ground_subst_cls mem_Collect_eq) (507 ms)
0.sledgehammer goal.by        60229ms Ordered_Resolution_Prover.Abstract_Substitution 978:36080  some Preplay: (smt (cvc5, dec_internal_no_simp) is_ground_cls_if_in_grounding_of_cls is_ground_subst_cls mem_Collect_eq) (507 ms)
0.sledgehammer goal.by        60229ms Ordered_Resolution_Prover.Abstract_Substitution 978:36080  some Preplay: (smt (cvc5, best) is_ground_cls_if_in_grounding_of_cls is_ground_subst_cls mem_Collect_eq) (539 ms)
0.sledgehammer goal.by        60229ms Ordered_Resolution_Prover.Abstract_Substitution 978:36080  some Preplay: (smt (cvc5, mbqi) is_ground_cls_if_in_grounding_of_cls is_ground_subst_cls mem_Collect_eq) (596 ms)
0.sledgehammer goal.by        60229ms Ordered_Resolution_Prover.Abstract_Substitution 978:36080  some Preplay: (smt (cvc5, interleave) is_ground_cls_if_in_grounding_of_cls is_ground_subst_cls mem_Collect_eq) (875 ms)
0.sledgehammer goal.by        60229ms Ordered_Resolution_Prover.Abstract_Substitution 978:36080  some Preplay: (smt (cvc5, no_fmf_mbqi) is_ground_cls_if_in_grounding_of_cls is_ground_subst_cls mem_Collect_eq) (939 ms)
0.sledgehammer goal.by        60229ms Ordered_Resolution_Prover.Abstract_Substitution 978:36080  some Preplay: (smt (cvc5, term_db_relevant) is_ground_cls_if_in_grounding_of_cls is_ground_subst_cls mem_Collect_eq) (956 ms)
0.sledgehammer goal.by        60229ms Ordered_Resolution_Prover.Abstract_Substitution 978:36080  some Preplay: (smt (cvc5, finite_mode_find_e_matching) is_ground_cls_if_in_grounding_of_cls is_ground_subst_cls mem_Collect_eq) (1.7 s)
0.sledgehammer goal.by        60229ms Ordered_Resolution_Prover.Abstract_Substitution 978:36080  some Preplay: (smt (cvc5, dec_internal_enum_inst_sum) is_ground_cls_if_in_grounding_of_cls is_ground_subst_cls mem_Collect_eq) (8.2 s)
0.sledgehammer goal.by        60229ms Ordered_Resolution_Prover.Abstract_Substitution 978:36080  some Preplay: (smt (cvc5, prereg_lazy) is_ground_cls_if_in_grounding_of_cls is_ground_subst_cls mem_Collect_eq) (> 507 ms, timed out)
0.sledgehammer goal.by        60229ms Ordered_Resolution_Prover.Abstract_Substitution 978:36080  some Preplay: (smt (cvc5, finite_mode_find) is_ground_cls_if_in_grounding_of_cls is_ground_subst_cls mem_Collect_eq) (> 507 ms, timed out)
0.sledgehammer goal.by        60229ms Ordered_Resolution_Prover.Abstract_Substitution 978:36080  some Preplay: (smt (cvc5, finite_mode_find_dec_internal) is_ground_cls_if_in_grounding_of_cls is_ground_subst_cls mem_Collect_eq) (> 507 ms, timed out)
0.sledgehammer goal.by        60229ms Ordered_Resolution_Prover.Abstract_Substitution 978:36080  some Preplay: (smt (cvc5, finite_mode_find_macro_quant) is_ground_cls_if_in_grounding_of_cls is_ground_subst_cls mem_Collect_eq) (failed)
0.sledgehammer goal.by        16010ms Ordered_Resolution_Prover.FO_Ordered_Resolution 98:4032  timeout (SH 16010ms): Timed out
0.sledgehammer goal.using     13627ms Ordered_Resolution_Prover.FO_Ordered_Resolution 245:9300  timeout (SH 13627ms): Timed out
0.sledgehammer goal.by        13501ms Ordered_Resolution_Prover.FO_Ordered_Resolution 246:9347  timeout (SH 13500ms): Timed out
0.sledgehammer goal.proof     13057ms Ordered_Resolution_Prover.FO_Ordered_Resolution 355:13050  timeout (SH 13057ms): Timed out
0.sledgehammer goal.by        58250ms Ordered_Resolution_Prover.FO_Ordered_Resolution 420:15635  some (SH 58250ms, ATP 1123ms): Try this: by (smt (cvc5) Collect_mono_iff infer_from_def inference.sel(1,2) set_mset_add_mset_insert set_mset_empty set_mset_mset set_mset_union)
0.sledgehammer goal.by        58250ms Ordered_Resolution_Prover.FO_Ordered_Resolution 420:15635  some Preplay: (smt (cvc5, best) Collect_mono_iff infer_from_def inference.sel(1,2) set_mset_add_mset_insert set_mset_empty set_mset_mset set_mset_union) (> 1.0 s, timed out)
0.sledgehammer goal.by        58250ms Ordered_Resolution_Prover.FO_Ordered_Resolution 420:15635  some Preplay: (smt (cvc5, dec_internal_no_simp) Collect_mono_iff infer_from_def inference.sel(1,2) set_mset_add_mset_insert set_mset_empty set_mset_mset set_mset_union) (> 1.0 s, timed out)
0.sledgehammer goal.by        58250ms Ordered_Resolution_Prover.FO_Ordered_Resolution 420:15635  some Preplay: (smt (cvc5, dec_internal_enum_inst_sum) Collect_mono_iff infer_from_def inference.sel(1,2) set_mset_add_mset_insert set_mset_empty set_mset_mset set_mset_union) (> 1.0 s, timed out)
0.sledgehammer goal.by        58250ms Ordered_Resolution_Prover.FO_Ordered_Resolution 420:15635  some Preplay: (smt (cvc5, term_db_relevant) Collect_mono_iff infer_from_def inference.sel(1,2) set_mset_add_mset_insert set_mset_empty set_mset_mset set_mset_union) (> 1.0 s, timed out)
0.sledgehammer goal.by        58250ms Ordered_Resolution_Prover.FO_Ordered_Resolution 420:15635  some Preplay: (smt (cvc5, interleave) Collect_mono_iff infer_from_def inference.sel(1,2) set_mset_add_mset_insert set_mset_empty set_mset_mset set_mset_union) (> 1.0 s, timed out)
0.sledgehammer goal.by        58250ms Ordered_Resolution_Prover.FO_Ordered_Resolution 420:15635  some Preplay: (smt (cvc5, prereg_lazy) Collect_mono_iff infer_from_def inference.sel(1,2) set_mset_add_mset_insert set_mset_empty set_mset_mset set_mset_union) (> 1.0 s, timed out)
0.sledgehammer goal.by        58250ms Ordered_Resolution_Prover.FO_Ordered_Resolution 420:15635  some Preplay: (smt (cvc5, finite_mode_find) Collect_mono_iff infer_from_def inference.sel(1,2) set_mset_add_mset_insert set_mset_empty set_mset_mset set_mset_union) (> 1.0 s, timed out)
0.sledgehammer goal.by        58250ms Ordered_Resolution_Prover.FO_Ordered_Resolution 420:15635  some Preplay: (smt (cvc5, no_fmf_mbqi) Collect_mono_iff infer_from_def inference.sel(1,2) set_mset_add_mset_insert set_mset_empty set_mset_mset set_mset_union) (> 1.0 s, timed out)
0.sledgehammer goal.by        58250ms Ordered_Resolution_Prover.FO_Ordered_Resolution 420:15635  some Preplay: (smt (cvc5, finite_mode_find_dec_internal) Collect_mono_iff infer_from_def inference.sel(1,2) set_mset_add_mset_insert set_mset_empty set_mset_mset set_mset_union) (> 1.0 s, timed out)
0.sledgehammer goal.by        58250ms Ordered_Resolution_Prover.FO_Ordered_Resolution 420:15635  some Preplay: (smt (cvc5, finite_mode_find_e_matching) Collect_mono_iff infer_from_def inference.sel(1,2) set_mset_add_mset_insert set_mset_empty set_mset_mset set_mset_union) (> 1.0 s, timed out)
0.sledgehammer goal.by        58250ms Ordered_Resolution_Prover.FO_Ordered_Resolution 420:15635  some Preplay: (smt (cvc5, mbqi) Collect_mono_iff infer_from_def inference.sel(1,2) set_mset_add_mset_insert set_mset_empty set_mset_mset set_mset_union) (> 1.0 s, timed out)
0.sledgehammer goal.by        58250ms Ordered_Resolution_Prover.FO_Ordered_Resolution 420:15635  some Preplay: (smt (cvc5, finite_mode_find_macro_quant) Collect_mono_iff infer_from_def inference.sel(1,2) set_mset_add_mset_insert set_mset_empty set_mset_mset set_mset_union) (failed)
0.sledgehammer goal.using     41787ms Ordered_Resolution_Prover.FO_Ordered_Resolution 434:16060  some (SH 41786ms, ATP 115ms): Try this: by (smt (cvc5, best) ord_resolve_rename_unique res_e the_equality) (313 ms)
0.sledgehammer goal.using     41787ms Ordered_Resolution_Prover.FO_Ordered_Resolution 434:16060  some Preplay: (smt (cvc5, best) ord_resolve_rename_unique res_e the_equality) (313 ms)
0.sledgehammer goal.using     41787ms Ordered_Resolution_Prover.FO_Ordered_Resolution 434:16060  some Preplay: (smt (cvc5, dec_internal_no_simp) ord_resolve_rename_unique res_e the_equality) (> 313 ms, timed out)
0.sledgehammer goal.using     41787ms Ordered_Resolution_Prover.FO_Ordered_Resolution 434:16060  some Preplay: (smt (cvc5, dec_internal_enum_inst_sum) ord_resolve_rename_unique res_e the_equality) (> 313 ms, timed out)
0.sledgehammer goal.using     41787ms Ordered_Resolution_Prover.FO_Ordered_Resolution 434:16060  some Preplay: (smt (cvc5, term_db_relevant) ord_resolve_rename_unique res_e the_equality) (> 313 ms, timed out)
0.sledgehammer goal.using     41787ms Ordered_Resolution_Prover.FO_Ordered_Resolution 434:16060  some Preplay: (smt (cvc5, interleave) ord_resolve_rename_unique res_e the_equality) (> 313 ms, timed out)
0.sledgehammer goal.using     41787ms Ordered_Resolution_Prover.FO_Ordered_Resolution 434:16060  some Preplay: (smt (cvc5, prereg_lazy) ord_resolve_rename_unique res_e the_equality) (> 313 ms, timed out)
0.sledgehammer goal.using     41787ms Ordered_Resolution_Prover.FO_Ordered_Resolution 434:16060  some Preplay: (smt (cvc5, finite_mode_find) ord_resolve_rename_unique res_e the_equality) (> 313 ms, timed out)
0.sledgehammer goal.using     41787ms Ordered_Resolution_Prover.FO_Ordered_Resolution 434:16060  some Preplay: (smt (cvc5, no_fmf_mbqi) ord_resolve_rename_unique res_e the_equality) (> 313 ms, timed out)
0.sledgehammer goal.using     41787ms Ordered_Resolution_Prover.FO_Ordered_Resolution 434:16060  some Preplay: (smt (cvc5, finite_mode_find_dec_internal) ord_resolve_rename_unique res_e the_equality) (> 313 ms, timed out)
0.sledgehammer goal.using     41787ms Ordered_Resolution_Prover.FO_Ordered_Resolution 434:16060  some Preplay: (smt (cvc5, finite_mode_find_macro_quant) ord_resolve_rename_unique res_e the_equality) (> 313 ms, timed out)
0.sledgehammer goal.using     41787ms Ordered_Resolution_Prover.FO_Ordered_Resolution 434:16060  some Preplay: (smt (cvc5, finite_mode_find_e_matching) ord_resolve_rename_unique res_e the_equality) (> 313 ms, timed out)
0.sledgehammer goal.using     41787ms Ordered_Resolution_Prover.FO_Ordered_Resolution 434:16060  some Preplay: (smt (cvc5, mbqi) ord_resolve_rename_unique res_e the_equality) (> 313 ms, timed out)
0.sledgehammer goal.by        16665ms Ordered_Resolution_Prover.FO_Ordered_Resolution 434:16098  some (SH 16665ms, ATP 124ms): Try this: by (smt (cvc5, finite_mode_find_dec_internal) the_equality) (624 ms)
0.sledgehammer goal.by        16665ms Ordered_Resolution_Prover.FO_Ordered_Resolution 434:16098  some Preplay: (smt (cvc5, finite_mode_find_dec_internal) the_equality) (624 ms)
0.sledgehammer goal.by        16665ms Ordered_Resolution_Prover.FO_Ordered_Resolution 434:16098  some Preplay: (smt (cvc5, no_fmf_mbqi) the_equality) (670 ms)
0.sledgehammer goal.by        16665ms Ordered_Resolution_Prover.FO_Ordered_Resolution 434:16098  some Preplay: (smt (cvc5, best) the_equality) (838 ms)
0.sledgehammer goal.by        16665ms Ordered_Resolution_Prover.FO_Ordered_Resolution 434:16098  some Preplay: (smt (cvc5, finite_mode_find_e_matching) the_equality) (882 ms)
0.sledgehammer goal.by        16665ms Ordered_Resolution_Prover.FO_Ordered_Resolution 434:16098  some Preplay: (smt (cvc5, dec_internal_enum_inst_sum) the_equality) (966 ms)
0.sledgehammer goal.by        16665ms Ordered_Resolution_Prover.FO_Ordered_Resolution 434:16098  some Preplay: (smt (cvc5, prereg_lazy) the_equality) (977 ms)
0.sledgehammer goal.by        16665ms Ordered_Resolution_Prover.FO_Ordered_Resolution 434:16098  some Preplay: (smt (cvc5, finite_mode_find) the_equality) (995 ms)
0.sledgehammer goal.by        16665ms Ordered_Resolution_Prover.FO_Ordered_Resolution 434:16098  some Preplay: (smt (cvc5, finite_mode_find_macro_quant) the_equality) (1.0 s)
0.sledgehammer goal.by        16665ms Ordered_Resolution_Prover.FO_Ordered_Resolution 434:16098  some Preplay: (smt (cvc5, term_db_relevant) the_equality) (1.1 s)
0.sledgehammer goal.by        16665ms Ordered_Resolution_Prover.FO_Ordered_Resolution 434:16098  some Preplay: (smt (cvc5, interleave) the_equality) (2.0 s)
0.sledgehammer goal.by        16665ms Ordered_Resolution_Prover.FO_Ordered_Resolution 434:16098  some Preplay: (smt (cvc5, mbqi) the_equality) (> 624 ms, timed out)
0.sledgehammer goal.by        16665ms Ordered_Resolution_Prover.FO_Ordered_Resolution 434:16098  some Preplay: (smt (cvc5, dec_internal_no_simp) the_equality) (> 838 ms, timed out)
0.sledgehammer goal.using     14675ms Ordered_Resolution_Prover.FO_Ordered_Resolution 437:16209  timeout (SH 14675ms): Timed out
0.sledgehammer goal.by        56359ms Ordered_Resolution_Prover.FO_Ordered_Resolution 439:16302  timeout (SH 56359ms):
0.sledgehammer goal.using     15011ms Ordered_Resolution_Prover.FO_Ordered_Resolution 509:18871  timeout (SH 15011ms): Timed out
0.sledgehammer goal.by        27094ms Ordered_Resolution_Prover.FO_Ordered_Resolution 510:18932  some (SH 27091ms, ATP 3354ms): Try this: by (smt (cvc5) image_eqI mset_subset_eqD multiset.set_map neg_lit_in_atms_of set_mset_mset subsetI)
0.sledgehammer goal.by        27094ms Ordered_Resolution_Prover.FO_Ordered_Resolution 510:18932  some Preplay: (smt (cvc5, best) image_eqI[of "Neg _" Neg _ "set_mset (mset As)"] mset_subset_eqD[of "negs (mset As)" DA "Neg _"] multiset.set_map[of Neg "mset As"] neg_lit_in_atms_of[of _ DA] set_mset_mset[of As] subsetI[of "set_mset (mset As)" "atms_of DA"]) (> 1.0 s, timed out)
0.sledgehammer goal.by        27094ms Ordered_Resolution_Prover.FO_Ordered_Resolution 510:18932  some Preplay: (smt (cvc5, dec_internal_no_simp) image_eqI[of "Neg _" Neg _ "set_mset (mset As)"] mset_subset_eqD[of "negs (mset As)" DA "Neg _"] multiset.set_map[of Neg "mset As"] neg_lit_in_atms_of[of _ DA] set_mset_mset[of As] subsetI[of "set_mset (mset As)" "atms_of DA"]) (> 1.0 s, timed out)
0.sledgehammer goal.by        27094ms Ordered_Resolution_Prover.FO_Ordered_Resolution 510:18932  some Preplay: (smt (cvc5, dec_internal_enum_inst_sum) image_eqI[of "Neg _" Neg _ "set_mset (mset As)"] mset_subset_eqD[of "negs (mset As)" DA "Neg _"] multiset.set_map[of Neg "mset As"] neg_lit_in_atms_of[of _ DA] set_mset_mset[of As] subsetI[of "set_mset (mset As)" "atms_of DA"]) (> 1.0 s, timed out)
0.sledgehammer goal.by        27094ms Ordered_Resolution_Prover.FO_Ordered_Resolution 510:18932  some Preplay: (smt (cvc5, term_db_relevant) image_eqI[of "Neg _" Neg _ "set_mset (mset As)"] mset_subset_eqD[of "negs (mset As)" DA "Neg _"] multiset.set_map[of Neg "mset As"] neg_lit_in_atms_of[of _ DA] set_mset_mset[of As] subsetI[of "set_mset (mset As)" "atms_of DA"]) (> 1.0 s, timed out)
0.sledgehammer goal.by        27094ms Ordered_Resolution_Prover.FO_Ordered_Resolution 510:18932  some Preplay: (smt (cvc5, interleave) image_eqI[of "Neg _" Neg _ "set_mset (mset As)"] mset_subset_eqD[of "negs (mset As)" DA "Neg _"] multiset.set_map[of Neg "mset As"] neg_lit_in_atms_of[of _ DA] set_mset_mset[of As] subsetI[of "set_mset (mset As)" "atms_of DA"]) (> 1.0 s, timed out)
0.sledgehammer goal.by        27094ms Ordered_Resolution_Prover.FO_Ordered_Resolution 510:18932  some Preplay: (smt (cvc5, prereg_lazy) image_eqI[of "Neg _" Neg _ "set_mset (mset As)"] mset_subset_eqD[of "negs (mset As)" DA "Neg _"] multiset.set_map[of Neg "mset As"] neg_lit_in_atms_of[of _ DA] set_mset_mset[of As] subsetI[of "set_mset (mset As)" "atms_of DA"]) (> 1.0 s, timed out)
0.sledgehammer goal.by        27094ms Ordered_Resolution_Prover.FO_Ordered_Resolution 510:18932  some Preplay: (smt (cvc5, finite_mode_find) image_eqI[of "Neg _" Neg _ "set_mset (mset As)"] mset_subset_eqD[of "negs (mset As)" DA "Neg _"] multiset.set_map[of Neg "mset As"] neg_lit_in_atms_of[of _ DA] set_mset_mset[of As] subsetI[of "set_mset (mset As)" "atms_of DA"]) (> 1.0 s, timed out)
0.sledgehammer goal.by        27094ms Ordered_Resolution_Prover.FO_Ordered_Resolution 510:18932  some Preplay: (smt (cvc5, no_fmf_mbqi) image_eqI[of "Neg _" Neg _ "set_mset (mset As)"] mset_subset_eqD[of "negs (mset As)" DA "Neg _"] multiset.set_map[of Neg "mset As"] neg_lit_in_atms_of[of _ DA] set_mset_mset[of As] subsetI[of "set_mset (mset As)" "atms_of DA"]) (> 1.0 s, timed out)
0.sledgehammer goal.by        27094ms Ordered_Resolution_Prover.FO_Ordered_Resolution 510:18932  some Preplay: (smt (cvc5, finite_mode_find_dec_internal) image_eqI[of "Neg _" Neg _ "set_mset (mset As)"] mset_subset_eqD[of "negs (mset As)" DA "Neg _"] multiset.set_map[of Neg "mset As"] neg_lit_in_atms_of[of _ DA] set_mset_mset[of As] subsetI[of "set_mset (mset As)" "atms_of DA"]) (> 1.0 s, timed out)
0.sledgehammer goal.by        27094ms Ordered_Resolution_Prover.FO_Ordered_Resolution 510:18932  some Preplay: (smt (cvc5, finite_mode_find_macro_quant) image_eqI[of "Neg _" Neg _ "set_mset (mset As)"] mset_subset_eqD[of "negs (mset As)" DA "Neg _"] multiset.set_map[of Neg "mset As"] neg_lit_in_atms_of[of _ DA] set_mset_mset[of As] subsetI[of "set_mset (mset As)" "atms_of DA"]) (> 1.0 s, timed out)
0.sledgehammer goal.by        27094ms Ordered_Resolution_Prover.FO_Ordered_Resolution 510:18932  some Preplay: (smt (cvc5, finite_mode_find_e_matching) image_eqI[of "Neg _" Neg _ "set_mset (mset As)"] mset_subset_eqD[of "negs (mset As)" DA "Neg _"] multiset.set_map[of Neg "mset As"] neg_lit_in_atms_of[of _ DA] set_mset_mset[of As] subsetI[of "set_mset (mset As)" "atms_of DA"]) (> 1.0 s, timed out)
0.sledgehammer goal.by        27094ms Ordered_Resolution_Prover.FO_Ordered_Resolution 510:18932  some Preplay: (smt (cvc5, mbqi) image_eqI[of "Neg _" Neg _ "set_mset (mset As)"] mset_subset_eqD[of "negs (mset As)" DA "Neg _"] multiset.set_map[of Neg "mset As"] neg_lit_in_atms_of[of _ DA] set_mset_mset[of As] subsetI[of "set_mset (mset As)" "atms_of DA"]) (> 1.0 s, timed out)
0.sledgehammer goal.by        42719ms Ordered_Resolution_Prover.FO_Ordered_Resolution 527:19582  some (SH 42719ms, ATP 1654ms): Try this: by (smt (cvc5) Collect_mono_iff insert_subset sup.bounded_iff)
0.sledgehammer goal.by        42719ms Ordered_Resolution_Prover.FO_Ordered_Resolution 527:19582  some Preplay: (smt (cvc5, best) Collect_mono_iff insert_subset sup.bounded_iff) (> 1.0 s, timed out)
0.sledgehammer goal.by        42719ms Ordered_Resolution_Prover.FO_Ordered_Resolution 527:19582  some Preplay: (smt (cvc5, dec_internal_no_simp) Collect_mono_iff insert_subset sup.bounded_iff) (> 1.0 s, timed out)
0.sledgehammer goal.by        42719ms Ordered_Resolution_Prover.FO_Ordered_Resolution 527:19582  some Preplay: (smt (cvc5, dec_internal_enum_inst_sum) Collect_mono_iff insert_subset sup.bounded_iff) (> 1.0 s, timed out)
0.sledgehammer goal.by        42719ms Ordered_Resolution_Prover.FO_Ordered_Resolution 527:19582  some Preplay: (smt (cvc5, term_db_relevant) Collect_mono_iff insert_subset sup.bounded_iff) (> 1.0 s, timed out)
0.sledgehammer goal.by        42719ms Ordered_Resolution_Prover.FO_Ordered_Resolution 527:19582  some Preplay: (smt (cvc5, interleave) Collect_mono_iff insert_subset sup.bounded_iff) (> 1.0 s, timed out)
0.sledgehammer goal.by        42719ms Ordered_Resolution_Prover.FO_Ordered_Resolution 527:19582  some Preplay: (smt (cvc5, prereg_lazy) Collect_mono_iff insert_subset sup.bounded_iff) (> 1.0 s, timed out)
0.sledgehammer goal.by        42719ms Ordered_Resolution_Prover.FO_Ordered_Resolution 527:19582  some Preplay: (smt (cvc5, finite_mode_find) Collect_mono_iff insert_subset sup.bounded_iff) (> 1.0 s, timed out)
0.sledgehammer goal.by        42719ms Ordered_Resolution_Prover.FO_Ordered_Resolution 527:19582  some Preplay: (smt (cvc5, no_fmf_mbqi) Collect_mono_iff insert_subset sup.bounded_iff) (> 1.0 s, timed out)
0.sledgehammer goal.by        42719ms Ordered_Resolution_Prover.FO_Ordered_Resolution 527:19582  some Preplay: (smt (cvc5, finite_mode_find_dec_internal) Collect_mono_iff insert_subset sup.bounded_iff) (> 1.0 s, timed out)
0.sledgehammer goal.by        42719ms Ordered_Resolution_Prover.FO_Ordered_Resolution 527:19582  some Preplay: (smt (cvc5, finite_mode_find_macro_quant) Collect_mono_iff insert_subset sup.bounded_iff) (> 1.0 s, timed out)
0.sledgehammer goal.by        42719ms Ordered_Resolution_Prover.FO_Ordered_Resolution 527:19582  some Preplay: (smt (cvc5, finite_mode_find_e_matching) Collect_mono_iff insert_subset sup.bounded_iff) (> 1.0 s, timed out)
0.sledgehammer goal.by        42719ms Ordered_Resolution_Prover.FO_Ordered_Resolution 527:19582  some Preplay: (smt (cvc5, mbqi) Collect_mono_iff insert_subset sup.bounded_iff) (> 1.0 s, timed out)
0.sledgehammer goal.proof     14275ms Ordered_Resolution_Prover.FO_Ordered_Resolution 598:21688  timeout (SH 14275ms): Timed out
0.sledgehammer goal.using     14191ms Ordered_Resolution_Prover.FO_Ordered_Resolution 693:25409  timeout (SH 14190ms): Timed out
0.sledgehammer goal.by        16328ms Ordered_Resolution_Prover.FO_Ordered_Resolution 693:25423  timeout (SH 16328ms): Timed out
0.sledgehammer goal.using     13866ms Ordered_Resolution_Prover.FO_Ordered_Resolution 1064:39871  timeout (SH 13866ms): Timed out
0.sledgehammer goal.by        43309ms Ordered_Resolution_Prover.FO_Ordered_Resolution 1155:43309  some (SH 43309ms, ATP 1771ms): Try this: by (smt (cvc5) image_cong image_image image_image list.set_map multiset.set_map)
0.sledgehammer goal.by        43309ms Ordered_Resolution_Prover.FO_Ordered_Resolution 1155:43309  some Preplay: (smt (cvc5, best) image_cong image_image list.set_map multiset.set_map) (> 1.0 s, timed out)
0.sledgehammer goal.by        43309ms Ordered_Resolution_Prover.FO_Ordered_Resolution 1155:43309  some Preplay: (smt (cvc5, dec_internal_no_simp) image_cong image_image list.set_map multiset.set_map) (> 1.0 s, timed out)
0.sledgehammer goal.by        43309ms Ordered_Resolution_Prover.FO_Ordered_Resolution 1155:43309  some Preplay: (smt (cvc5, dec_internal_enum_inst_sum) image_cong image_image list.set_map multiset.set_map) (> 1.0 s, timed out)
0.sledgehammer goal.by        43309ms Ordered_Resolution_Prover.FO_Ordered_Resolution 1155:43309  some Preplay: (smt (cvc5, term_db_relevant) image_cong image_image list.set_map multiset.set_map) (> 1.0 s, timed out)
0.sledgehammer goal.by        43309ms Ordered_Resolution_Prover.FO_Ordered_Resolution 1155:43309  some Preplay: (smt (cvc5, interleave) image_cong image_image list.set_map multiset.set_map) (> 1.0 s, timed out)
0.sledgehammer goal.by        43309ms Ordered_Resolution_Prover.FO_Ordered_Resolution 1155:43309  some Preplay: (smt (cvc5, prereg_lazy) image_cong image_image list.set_map multiset.set_map) (> 1.0 s, timed out)
0.sledgehammer goal.by        43309ms Ordered_Resolution_Prover.FO_Ordered_Resolution 1155:43309  some Preplay: (smt (cvc5, finite_mode_find) image_cong image_image list.set_map multiset.set_map) (> 1.0 s, timed out)
0.sledgehammer goal.by        43309ms Ordered_Resolution_Prover.FO_Ordered_Resolution 1155:43309  some Preplay: (smt (cvc5, no_fmf_mbqi) image_cong image_image list.set_map multiset.set_map) (> 1.0 s, timed out)
0.sledgehammer goal.by        43309ms Ordered_Resolution_Prover.FO_Ordered_Resolution 1155:43309  some Preplay: (smt (cvc5, finite_mode_find_dec_internal) image_cong image_image list.set_map multiset.set_map) (> 1.0 s, timed out)
0.sledgehammer goal.by        43309ms Ordered_Resolution_Prover.FO_Ordered_Resolution 1155:43309  some Preplay: (smt (cvc5, finite_mode_find_macro_quant) image_cong image_image list.set_map multiset.set_map) (> 1.0 s, timed out)
0.sledgehammer goal.by        43309ms Ordered_Resolution_Prover.FO_Ordered_Resolution 1155:43309  some Preplay: (smt (cvc5, finite_mode_find_e_matching) image_cong image_image list.set_map multiset.set_map) (> 1.0 s, timed out)
0.sledgehammer goal.by        43309ms Ordered_Resolution_Prover.FO_Ordered_Resolution 1155:43309  some Preplay: (smt (cvc5, mbqi) image_cong image_image list.set_map multiset.set_map) (> 1.0 s, timed out)
0.sledgehammer goal.using     57101ms Ordered_Resolution_Prover.FO_Ordered_Resolution 1163:43677  timeout (SH 57101ms):
0.sledgehammer goal.by        53645ms Ordered_Resolution_Prover.FO_Ordered_Resolution 1164:43702  timeout (SH 53645ms):
0.sledgehammer goal.by        14113ms Ordered_Resolution_Prover.FO_Ordered_Resolution 1166:43857  timeout (SH 14113ms): Timed out
0.sledgehammer goal.proof     13610ms Ordered_Resolution_Prover.FO_Ordered_Resolution 1265:48072  timeout (SH 13610ms): Timed out
0.sledgehammer goal.using     54812ms Ordered_Resolution_Prover.FO_Ordered_Resolution 1269:48251  timeout (SH 54812ms):
0.sledgehammer goal.unfolding 13951ms Ordered_Resolution_Prover.FO_Ordered_Resolution 1346:51540  timeout (SH 13951ms): Timed out
0.sledgehammer goal.unfolding 13801ms Ordered_Resolution_Prover.FO_Ordered_Resolution_Prover 176:6358  timeout (SH 13801ms): Timed out
0.sledgehammer goal.using     15321ms Ordered_Resolution_Prover.FO_Ordered_Resolution_Prover 191:7065  timeout (SH 15320ms): Timed out
0.sledgehammer goal.using     23968ms Ordered_Resolution_Prover.FO_Ordered_Resolution_Prover 211:7836  some (SH 23968ms, ATP 143ms): Try this: by (smt (cvc5, dec_internal_enum_inst_sum) mem_Collect_eq standard_redundancy_criterion.Rf_def) (460 ms)
0.sledgehammer goal.using     23968ms Ordered_Resolution_Prover.FO_Ordered_Resolution_Prover 211:7836  some Preplay: (smt (cvc5, dec_internal_enum_inst_sum) mem_Collect_eq standard_redundancy_criterion.Rf_def) (460 ms)
0.sledgehammer goal.using     23968ms Ordered_Resolution_Prover.FO_Ordered_Resolution_Prover 211:7836  some Preplay: (smt (cvc5, best) mem_Collect_eq standard_redundancy_criterion.Rf_def) (487 ms)
0.sledgehammer goal.using     23968ms Ordered_Resolution_Prover.FO_Ordered_Resolution_Prover 211:7836  some Preplay: (smt (cvc5, term_db_relevant) mem_Collect_eq standard_redundancy_criterion.Rf_def) (508 ms)
0.sledgehammer goal.using     23968ms Ordered_Resolution_Prover.FO_Ordered_Resolution_Prover 211:7836  some Preplay: (smt (cvc5, dec_internal_no_simp) mem_Collect_eq standard_redundancy_criterion.Rf_def) (526 ms)
0.sledgehammer goal.using     23968ms Ordered_Resolution_Prover.FO_Ordered_Resolution_Prover 211:7836  some Preplay: (smt (cvc5, finite_mode_find) mem_Collect_eq standard_redundancy_criterion.Rf_def) (643 ms)
0.sledgehammer goal.using     23968ms Ordered_Resolution_Prover.FO_Ordered_Resolution_Prover 211:7836  some Preplay: (smt (cvc5, no_fmf_mbqi) mem_Collect_eq standard_redundancy_criterion.Rf_def) (648 ms)
0.sledgehammer goal.using     23968ms Ordered_Resolution_Prover.FO_Ordered_Resolution_Prover 211:7836  some Preplay: (smt (cvc5, prereg_lazy) mem_Collect_eq standard_redundancy_criterion.Rf_def) (881 ms)
0.sledgehammer goal.using     23968ms Ordered_Resolution_Prover.FO_Ordered_Resolution_Prover 211:7836  some Preplay: (smt (cvc5, finite_mode_find_e_matching) mem_Collect_eq standard_redundancy_criterion.Rf_def) (882 ms)
0.sledgehammer goal.using     23968ms Ordered_Resolution_Prover.FO_Ordered_Resolution_Prover 211:7836  some Preplay: (smt (cvc5, interleave) mem_Collect_eq standard_redundancy_criterion.Rf_def) (1.1 s)
0.sledgehammer goal.using     23968ms Ordered_Resolution_Prover.FO_Ordered_Resolution_Prover 211:7836  some Preplay: (smt (cvc5, mbqi) mem_Collect_eq standard_redundancy_criterion.Rf_def) (1.2 s)
0.sledgehammer goal.using     23968ms Ordered_Resolution_Prover.FO_Ordered_Resolution_Prover 211:7836  some Preplay: (smt (cvc5, finite_mode_find_dec_internal) mem_Collect_eq standard_redundancy_criterion.Rf_def) (1.6 s)
0.sledgehammer goal.using     23968ms Ordered_Resolution_Prover.FO_Ordered_Resolution_Prover 211:7836  some Preplay: (smt (cvc5, finite_mode_find_macro_quant) mem_Collect_eq standard_redundancy_criterion.Rf_def) (failed)
0.sledgehammer goal.using     54571ms Ordered_Resolution_Prover.FO_Ordered_Resolution_Prover 264:9520  timeout (SH 54571ms):
0.sledgehammer goal.unfolding 58548ms Ordered_Resolution_Prover.FO_Ordered_Resolution_Prover 264:9532  timeout (SH 58548ms):
0.sledgehammer goal.by        14652ms Ordered_Resolution_Prover.FO_Ordered_Resolution_Prover 272:9876  timeout (SH 14652ms): Timed out
0.sledgehammer goal.unfolding 154783ms Ordered_Resolution_Prover.FO_Ordered_Resolution_Prover 293:10438  some (SH 154782ms, ATP 1726ms): Try this: by (smt (cvc5, dec_internal_no_simp) Set.set_insert UnCI \<mu>_p assms(2) ground_subst_ground_cls grounding_of_cls_ground grounding_of_clss_insert grounding_of_subst_cls_subset insert_subset) (350 ms)
0.sledgehammer goal.unfolding 154783ms Ordered_Resolution_Prover.FO_Ordered_Resolution_Prover 293:10438  some Preplay: (smt (cvc5, dec_internal_no_simp) Set.set_insert UnCI \<mu>_p assms(2) ground_subst_ground_cls grounding_of_cls_ground grounding_of_clss_insert grounding_of_subst_cls_subset insert_subset) (350 ms)
0.sledgehammer goal.unfolding 154783ms Ordered_Resolution_Prover.FO_Ordered_Resolution_Prover 293:10438  some Preplay: (smt (cvc5, interleave) Set.set_insert UnCI \<mu>_p assms(2) ground_subst_ground_cls grounding_of_cls_ground grounding_of_clss_insert grounding_of_subst_cls_subset insert_subset) (390 ms)
0.sledgehammer goal.unfolding 154783ms Ordered_Resolution_Prover.FO_Ordered_Resolution_Prover 293:10438  some Preplay: (smt (cvc5, no_fmf_mbqi) Set.set_insert UnCI \<mu>_p assms(2) ground_subst_ground_cls grounding_of_cls_ground grounding_of_clss_insert grounding_of_clss_union grounding_of_subst_cls_subset insert_subset) (1.1 s)
0.sledgehammer goal.unfolding 154783ms Ordered_Resolution_Prover.FO_Ordered_Resolution_Prover 293:10438  some Preplay: (smt (cvc5, best) Set.set_insert UnCI \<mu>_p assms(2) ground_subst_ground_cls grounding_of_cls_ground grounding_of_clss_insert grounding_of_clss_union grounding_of_subst_cls_subset insert_subset) (1.2 s)
0.sledgehammer goal.unfolding 154783ms Ordered_Resolution_Prover.FO_Ordered_Resolution_Prover 293:10438  some Preplay: (smt (cvc5, term_db_relevant) Set.set_insert UnCI \<mu>_p assms(2) ground_subst_ground_cls grounding_of_cls_ground grounding_of_clss_insert grounding_of_clss_union grounding_of_subst_cls_subset insert_subset) (1.3 s)
0.sledgehammer goal.unfolding 154783ms Ordered_Resolution_Prover.FO_Ordered_Resolution_Prover 293:10438  some Preplay: (smt (cvc5, dec_internal_enum_inst_sum) Set.set_insert UnCI \<mu>_p assms(2) ground_subst_ground_cls grounding_of_cls_ground grounding_of_clss_insert grounding_of_clss_union grounding_of_subst_cls_subset insert_subset) (1.3 s)
0.sledgehammer goal.unfolding 154783ms Ordered_Resolution_Prover.FO_Ordered_Resolution_Prover 293:10438  some Preplay: (smt (cvc5, mbqi) Set.set_insert UnCI \<mu>_p assms(2) ground_subst_ground_cls grounding_of_cls_ground grounding_of_clss_insert grounding_of_clss_union grounding_of_subst_cls_subset insert_subset) (1.7 s)
0.sledgehammer goal.unfolding 154783ms Ordered_Resolution_Prover.FO_Ordered_Resolution_Prover 293:10438  some Preplay: (smt (cvc5, prereg_lazy) Set.set_insert UnCI \<mu>_p assms(2) ground_subst_ground_cls grounding_of_cls_ground grounding_of_clss_insert grounding_of_clss_union grounding_of_subst_cls_subset insert_subset) (> 1.0 s, timed out)
0.sledgehammer goal.unfolding 154783ms Ordered_Resolution_Prover.FO_Ordered_Resolution_Prover 293:10438  some Preplay: (smt (cvc5, finite_mode_find) Set.set_insert UnCI \<mu>_p assms(2) ground_subst_ground_cls grounding_of_cls_ground grounding_of_clss_insert grounding_of_clss_union grounding_of_subst_cls_subset insert_subset) (> 1.0 s, timed out)
0.sledgehammer goal.unfolding 154783ms Ordered_Resolution_Prover.FO_Ordered_Resolution_Prover 293:10438  some Preplay: (smt (cvc5, finite_mode_find_dec_internal) Set.set_insert UnCI \<mu>_p assms(2) ground_subst_ground_cls grounding_of_cls_ground grounding_of_clss_insert grounding_of_clss_union grounding_of_subst_cls_subset insert_subset) (> 1.0 s, timed out)
0.sledgehammer goal.unfolding 154783ms Ordered_Resolution_Prover.FO_Ordered_Resolution_Prover 293:10438  some Preplay: (smt (cvc5, finite_mode_find_macro_quant) Set.set_insert UnCI \<mu>_p assms(2) ground_subst_ground_cls grounding_of_cls_ground grounding_of_clss_insert grounding_of_clss_union grounding_of_subst_cls_subset insert_subset) (> 1.0 s, timed out)
0.sledgehammer goal.unfolding 154783ms Ordered_Resolution_Prover.FO_Ordered_Resolution_Prover 293:10438  some Preplay: (smt (cvc5, finite_mode_find_e_matching) Set.set_insert UnCI \<mu>_p assms(2) ground_subst_ground_cls grounding_of_cls_ground grounding_of_clss_insert grounding_of_clss_union grounding_of_subst_cls_subset insert_subset) (> 1.0 s, timed out)
0.sledgehammer goal.by        13993ms Ordered_Resolution_Prover.FO_Ordered_Resolution_Prover 294:10495  timeout (SH 13993ms): Timed out
0.sledgehammer goal.using     57409ms Ordered_Resolution_Prover.FO_Ordered_Resolution_Prover 325:12230  timeout (SH 57409ms):
0.sledgehammer goal.unfolding 56587ms Ordered_Resolution_Prover.FO_Ordered_Resolution_Prover 325:12259  timeout (SH 56587ms):
0.sledgehammer goal.using     62820ms Ordered_Resolution_Prover.FO_Ordered_Resolution_Prover 371:14068  timeout (SH 62820ms):
0.sledgehammer goal.using     55114ms Ordered_Resolution_Prover.FO_Ordered_Resolution_Prover 376:14269  timeout (SH 55114ms):
0.sledgehammer goal.unfolding 109764ms Ordered_Resolution_Prover.FO_Ordered_Resolution_Prover 377:14347  some (SH 109764ms, ATP 788ms): Try this: by (smt (cvc5, mbqi) N_of_state.simps P_of_state.simps Q_of_state.simps Un_iff grounding_of_clss_singleton grounding_of_clss_union sup_assoc sup_commute) (712 ms)
0.sledgehammer goal.unfolding 109764ms Ordered_Resolution_Prover.FO_Ordered_Resolution_Prover 377:14347  some Preplay: (smt (cvc5, mbqi) N_of_state.simps P_of_state.simps Q_of_state.simps Un_iff grounding_of_clss_singleton grounding_of_clss_union sup_assoc sup_commute) (712 ms)
0.sledgehammer goal.unfolding 109764ms Ordered_Resolution_Prover.FO_Ordered_Resolution_Prover 377:14347  some Preplay: (smt (cvc5, no_fmf_mbqi) N_of_state.simps P_of_state.simps Q_of_state.simps Un_iff grounding_of_clss_singleton grounding_of_clss_union sup_assoc sup_commute) (743 ms)
0.sledgehammer goal.unfolding 109764ms Ordered_Resolution_Prover.FO_Ordered_Resolution_Prover 377:14347  some Preplay: (smt (cvc5, best) N_of_state.simps P_of_state.simps Q_of_state.simps Un_iff grounding_of_clss_singleton grounding_of_clss_union sup_assoc sup_commute) (794 ms)
0.sledgehammer goal.unfolding 109764ms Ordered_Resolution_Prover.FO_Ordered_Resolution_Prover 377:14347  some Preplay: (smt (cvc5, finite_mode_find_dec_internal) N_of_state.simps P_of_state.simps Q_of_state.simps Un_iff grounding_of_clss_singleton grounding_of_clss_union sup_assoc sup_commute) (811 ms)
0.sledgehammer goal.unfolding 109764ms Ordered_Resolution_Prover.FO_Ordered_Resolution_Prover 377:14347  some Preplay: (smt (cvc5, interleave) N_of_state.simps P_of_state.simps Q_of_state.simps Un_iff grounding_of_clss_singleton grounding_of_clss_union sup_assoc sup_commute) (953 ms)
0.sledgehammer goal.unfolding 109764ms Ordered_Resolution_Prover.FO_Ordered_Resolution_Prover 377:14347  some Preplay: (smt (cvc5, dec_internal_enum_inst_sum) N_of_state.simps P_of_state.simps Q_of_state.simps Un_iff grounding_of_clss_singleton grounding_of_clss_union sup_assoc sup_commute) (991 ms)
0.sledgehammer goal.unfolding 109764ms Ordered_Resolution_Prover.FO_Ordered_Resolution_Prover 377:14347  some Preplay: (smt (cvc5, dec_internal_no_simp) N_of_state.simps P_of_state.simps Q_of_state.simps Un_iff grounding_of_clss_singleton grounding_of_clss_union sup_assoc sup_commute) (1.0 s)
0.sledgehammer goal.unfolding 109764ms Ordered_Resolution_Prover.FO_Ordered_Resolution_Prover 377:14347  some Preplay: (smt (cvc5, term_db_relevant) N_of_state.simps P_of_state.simps Q_of_state.simps Un_iff grounding_of_clss_singleton grounding_of_clss_union sup_assoc sup_commute) (1.2 s)
0.sledgehammer goal.unfolding 109764ms Ordered_Resolution_Prover.FO_Ordered_Resolution_Prover 377:14347  some Preplay: (smt (cvc5, finite_mode_find_macro_quant) N_of_state.simps P_of_state.simps Q_of_state.simps Un_iff grounding_of_clss_singleton grounding_of_clss_union sup_assoc sup_commute) (> 743 ms, timed out)
0.sledgehammer goal.unfolding 109764ms Ordered_Resolution_Prover.FO_Ordered_Resolution_Prover 377:14347  some Preplay: (smt (cvc5, finite_mode_find_e_matching) N_of_state.simps P_of_state.simps Q_of_state.simps Un_iff grounding_of_clss_singleton grounding_of_clss_union sup_assoc sup_commute) (> 743 ms, timed out)
0.sledgehammer goal.unfolding 109764ms Ordered_Resolution_Prover.FO_Ordered_Resolution_Prover 377:14347  some Preplay: (smt (cvc5, prereg_lazy) N_of_state.simps P_of_state.simps Q_of_state.simps Un_iff grounding_of_clss_singleton grounding_of_clss_union sup_assoc sup_commute) (> 794 ms, timed out)
0.sledgehammer goal.unfolding 109764ms Ordered_Resolution_Prover.FO_Ordered_Resolution_Prover 377:14347  some Preplay: (smt (cvc5, finite_mode_find) N_of_state.simps P_of_state.simps Q_of_state.simps Un_iff grounding_of_clss_singleton grounding_of_clss_union sup_assoc sup_commute) (> 794 ms, timed out)
0.sledgehammer goal.using     166994ms Ordered_Resolution_Prover.FO_Ordered_Resolution_Prover 381:14492  some (SH 166994ms, ATP 900ms): Try this: by (smt (cvc5, finite_mode_find_e_matching) N_of_state.simps P_of_state.simps Q_of_state.simps Un_iff derive_if_remove_subsumed grounding_of_clss_singleton grounding_of_clss_union strictly_subsumes_def sup_assoc) (706 ms)
0.sledgehammer goal.using     166994ms Ordered_Resolution_Prover.FO_Ordered_Resolution_Prover 381:14492  some Preplay: (smt (cvc5, finite_mode_find_e_matching) N_of_state.simps P_of_state.simps Q_of_state.simps Un_iff derive_if_remove_subsumed grounding_of_clss_singleton grounding_of_clss_union strictly_subsumes_def sup_assoc) (706 ms)
0.sledgehammer goal.using     166994ms Ordered_Resolution_Prover.FO_Ordered_Resolution_Prover 381:14492  some Preplay: (smt (cvc5, best) N_of_state.simps P_of_state.simps Q_of_state.simps Un_iff derive_if_remove_subsumed grounding_of_clss_singleton grounding_of_clss_union strictly_subsumes_def sup_assoc) (937 ms)
0.sledgehammer goal.using     166994ms Ordered_Resolution_Prover.FO_Ordered_Resolution_Prover 381:14492  some Preplay: (smt (cvc5, no_fmf_mbqi) N_of_state.simps P_of_state.simps Q_of_state.simps Un_iff derive_if_remove_subsumed grounding_of_clss_singleton grounding_of_clss_union strictly_subsumes_def sup_assoc) (1.0 s)
0.sledgehammer goal.using     166994ms Ordered_Resolution_Prover.FO_Ordered_Resolution_Prover 381:14492  some Preplay: (smt (cvc5, dec_internal_no_simp) N_of_state.simps P_of_state.simps Q_of_state.simps Un_iff derive_if_remove_subsumed grounding_of_clss_singleton grounding_of_clss_union strictly_subsumes_def sup_assoc) (1.0 s)
0.sledgehammer goal.using     166994ms Ordered_Resolution_Prover.FO_Ordered_Resolution_Prover 381:14492  some Preplay: (smt (cvc5, finite_mode_find_dec_internal) N_of_state.simps P_of_state.simps Q_of_state.simps Un_iff derive_if_remove_subsumed grounding_of_clss_singleton grounding_of_clss_union strictly_subsumes_def sup_assoc) (1.0 s)
0.sledgehammer goal.using     166994ms Ordered_Resolution_Prover.FO_Ordered_Resolution_Prover 381:14492  some Preplay: (smt (cvc5, dec_internal_enum_inst_sum) N_of_state.simps P_of_state.simps Q_of_state.simps Un_iff derive_if_remove_subsumed grounding_of_clss_singleton grounding_of_clss_union strictly_subsumes_def sup_assoc) (1.1 s)
0.sledgehammer goal.using     166994ms Ordered_Resolution_Prover.FO_Ordered_Resolution_Prover 381:14492  some Preplay: (smt (cvc5, term_db_relevant) N_of_state.simps P_of_state.simps Q_of_state.simps Un_iff derive_if_remove_subsumed grounding_of_clss_singleton grounding_of_clss_union strictly_subsumes_def sup_assoc) (1.2 s)
0.sledgehammer goal.using     166994ms Ordered_Resolution_Prover.FO_Ordered_Resolution_Prover 381:14492  some Preplay: (smt (cvc5, finite_mode_find) N_of_state.simps P_of_state.simps Q_of_state.simps Un_iff derive_if_remove_subsumed grounding_of_clss_singleton grounding_of_clss_union strictly_subsumes_def sup_assoc) (1.4 s)
0.sledgehammer goal.using     166994ms Ordered_Resolution_Prover.FO_Ordered_Resolution_Prover 381:14492  some Preplay: (smt (cvc5, finite_mode_find_macro_quant) N_of_state.simps P_of_state.simps Q_of_state.simps Un_iff derive_if_remove_subsumed grounding_of_clss_singleton grounding_of_clss_union strictly_subsumes_def sup_assoc) (1.7 s)
0.sledgehammer goal.using     166994ms Ordered_Resolution_Prover.FO_Ordered_Resolution_Prover 381:14492  some Preplay: (smt (cvc5, interleave) N_of_state.simps P_of_state.simps Q_of_state.simps Un_iff derive_if_remove_subsumed grounding_of_clss_singleton grounding_of_clss_union strictly_subsumes_def sup_assoc) (1.8 s)
0.sledgehammer goal.using     166994ms Ordered_Resolution_Prover.FO_Ordered_Resolution_Prover 381:14492  some Preplay: (smt (cvc5, mbqi) N_of_state.simps P_of_state.simps Q_of_state.simps Un_iff derive_if_remove_subsumed grounding_of_clss_singleton grounding_of_clss_union strictly_subsumes_def sup_assoc) (> 706 ms, timed out)
0.sledgehammer goal.using     166994ms Ordered_Resolution_Prover.FO_Ordered_Resolution_Prover 381:14492  some Preplay: (smt (cvc5, prereg_lazy) N_of_state.simps P_of_state.simps Q_of_state.simps Un_iff derive_if_remove_subsumed grounding_of_clss_singleton grounding_of_clss_union strictly_subsumes_def sup_assoc) (> 937 ms, timed out)
0.sledgehammer goal.using     75574ms Ordered_Resolution_Prover.FO_Ordered_Resolution_Prover 390:14846  some (SH 75574ms, ATP 1266ms): Try this: by (smt (cvc5, dec_internal_enum_inst_sum) N_of_state.simps P_of_state.simps Q_of_state.simps Un_assoc Un_commute Un_iff Un_left_commute reduction_derivable) (366 ms)
0.sledgehammer goal.using     75574ms Ordered_Resolution_Prover.FO_Ordered_Resolution_Prover 390:14846  some Preplay: (smt (cvc5, dec_internal_enum_inst_sum) N_of_state.simps P_of_state.simps Q_of_state.simps Un_assoc Un_commute Un_iff Un_left_commute reduction_derivable) (366 ms)
0.sledgehammer goal.using     75574ms Ordered_Resolution_Prover.FO_Ordered_Resolution_Prover 390:14846  some Preplay: (smt (cvc5, term_db_relevant) N_of_state.simps P_of_state.simps Q_of_state.simps Un_assoc Un_commute Un_iff Un_left_commute reduction_derivable) (394 ms)
0.sledgehammer goal.using     75574ms Ordered_Resolution_Prover.FO_Ordered_Resolution_Prover 390:14846  some Preplay: (smt (cvc5, dec_internal_no_simp) N_of_state.simps P_of_state.simps Q_of_state.simps Un_commute Un_iff Un_left_commute reduction_derivable) (567 ms)
0.sledgehammer goal.using     75574ms Ordered_Resolution_Prover.FO_Ordered_Resolution_Prover 390:14846  some Preplay: (smt (cvc5, best) N_of_state.simps P_of_state.simps Q_of_state.simps Un_commute Un_iff Un_left_commute reduction_derivable) (630 ms)
0.sledgehammer goal.using     75574ms Ordered_Resolution_Prover.FO_Ordered_Resolution_Prover 390:14846  some Preplay: (smt (cvc5, interleave) N_of_state.simps P_of_state.simps Q_of_state.simps Un_absorb Un_assoc Un_commute Un_iff Un_left_commute reduction_derivable) (> 632 ms, timed out)
0.sledgehammer goal.using     75574ms Ordered_Resolution_Prover.FO_Ordered_Resolution_Prover 390:14846  some Preplay: (smt (cvc5, prereg_lazy) N_of_state.simps P_of_state.simps Q_of_state.simps Un_absorb Un_assoc Un_commute Un_iff Un_left_commute reduction_derivable) (> 632 ms, timed out)
0.sledgehammer goal.using     75574ms Ordered_Resolution_Prover.FO_Ordered_Resolution_Prover 390:14846  some Preplay: (smt (cvc5, finite_mode_find) N_of_state.simps P_of_state.simps Q_of_state.simps Un_absorb Un_assoc Un_commute Un_iff Un_left_commute reduction_derivable) (> 632 ms, timed out)
0.sledgehammer goal.using     75574ms Ordered_Resolution_Prover.FO_Ordered_Resolution_Prover 390:14846  some Preplay: (smt (cvc5, no_fmf_mbqi) N_of_state.simps P_of_state.simps Q_of_state.simps Un_absorb Un_assoc Un_commute Un_iff Un_left_commute reduction_derivable) (> 632 ms, timed out)
0.sledgehammer goal.using     75574ms Ordered_Resolution_Prover.FO_Ordered_Resolution_Prover 390:14846  some Preplay: (smt (cvc5, finite_mode_find_dec_internal) N_of_state.simps P_of_state.simps Q_of_state.simps Un_absorb Un_assoc Un_commute Un_iff Un_left_commute reduction_derivable) (> 632 ms, timed out)
0.sledgehammer goal.using     75574ms Ordered_Resolution_Prover.FO_Ordered_Resolution_Prover 390:14846  some Preplay: (smt (cvc5, finite_mode_find_macro_quant) N_of_state.simps P_of_state.simps Q_of_state.simps Un_absorb Un_assoc Un_commute Un_iff Un_left_commute reduction_derivable) (> 632 ms, timed out)
0.sledgehammer goal.using     75574ms Ordered_Resolution_Prover.FO_Ordered_Resolution_Prover 390:14846  some Preplay: (smt (cvc5, finite_mode_find_e_matching) N_of_state.simps P_of_state.simps Q_of_state.simps Un_absorb Un_assoc Un_commute Un_iff Un_left_commute reduction_derivable) (> 632 ms, timed out)
0.sledgehammer goal.using     75574ms Ordered_Resolution_Prover.FO_Ordered_Resolution_Prover 390:14846  some Preplay: (smt (cvc5, mbqi) N_of_state.simps P_of_state.simps Q_of_state.simps Un_absorb Un_assoc Un_commute Un_iff Un_left_commute reduction_derivable) (> 632 ms, timed out)
0.sledgehammer goal.using     14141ms Ordered_Resolution_Prover.FO_Ordered_Resolution_Prover 394:14975  timeout (SH 14141ms): Timed out
0.sledgehammer goal.unfolding 58734ms Ordered_Resolution_Prover.FO_Ordered_Resolution_Prover 414:15805  some (SH 58734ms, ATP 1655ms): Try this: by (smt (cvc5, mbqi) inference.sel(3) mem_Collect_eq ord_FO_\<Gamma>_def) (400 ms)
0.sledgehammer goal.unfolding 58734ms Ordered_Resolution_Prover.FO_Ordered_Resolution_Prover 414:15805  some Preplay: (smt (cvc5, mbqi) inference.sel(3) mem_Collect_eq ord_FO_\<Gamma>_def) (400 ms)
0.sledgehammer goal.unfolding 58734ms Ordered_Resolution_Prover.FO_Ordered_Resolution_Prover 414:15805  some Preplay: (smt (cvc5, finite_mode_find) inference.sel(3) mem_Collect_eq ord_FO_\<Gamma>_def) (446 ms)
0.sledgehammer goal.unfolding 58734ms Ordered_Resolution_Prover.FO_Ordered_Resolution_Prover 414:15805  some Preplay: (smt (cvc5, term_db_relevant) inference.sel(3) mem_Collect_eq ord_FO_\<Gamma>_def) (889 ms)
0.sledgehammer goal.unfolding 58734ms Ordered_Resolution_Prover.FO_Ordered_Resolution_Prover 414:15805  some Preplay: (smt (cvc5, dec_internal_enum_inst_sum) inference.sel(3) mem_Collect_eq ord_FO_\<Gamma>_def) (896 ms)
0.sledgehammer goal.unfolding 58734ms Ordered_Resolution_Prover.FO_Ordered_Resolution_Prover 414:15805  some Preplay: (smt (cvc5, best) inference.sel(3) mem_Collect_eq ord_FO_\<Gamma>_def) (1.1 s)
0.sledgehammer goal.unfolding 58734ms Ordered_Resolution_Prover.FO_Ordered_Resolution_Prover 414:15805  some Preplay: (smt (cvc5, prereg_lazy) inference.sel(3) mem_Collect_eq ord_FO_\<Gamma>_def) (1.3 s)
0.sledgehammer goal.unfolding 58734ms Ordered_Resolution_Prover.FO_Ordered_Resolution_Prover 414:15805  some Preplay: (smt (cvc5, dec_internal_no_simp) inference.sel(3) mem_Collect_eq ord_FO_\<Gamma>_def) (1.7 s)
0.sledgehammer goal.unfolding 58734ms Ordered_Resolution_Prover.FO_Ordered_Resolution_Prover 414:15805  some Preplay: (smt (cvc5, interleave) inference.sel(3) mem_Collect_eq ord_FO_\<Gamma>_def) (1.7 s)
0.sledgehammer goal.unfolding 58734ms Ordered_Resolution_Prover.FO_Ordered_Resolution_Prover 414:15805  some Preplay: (smt (cvc5, no_fmf_mbqi) inference.sel(3) mem_Collect_eq ord_FO_\<Gamma>_def) (> 446 ms, timed out)
0.sledgehammer goal.unfolding 58734ms Ordered_Resolution_Prover.FO_Ordered_Resolution_Prover 414:15805  some Preplay: (smt (cvc5, finite_mode_find_dec_internal) inference.sel(3) mem_Collect_eq ord_FO_\<Gamma>_def) (> 446 ms, timed out)
0.sledgehammer goal.unfolding 58734ms Ordered_Resolution_Prover.FO_Ordered_Resolution_Prover 414:15805  some Preplay: (smt (cvc5, finite_mode_find_e_matching) inference.sel(3) mem_Collect_eq ord_FO_\<Gamma>_def) (> 446 ms, timed out)
0.sledgehammer goal.unfolding 58734ms Ordered_Resolution_Prover.FO_Ordered_Resolution_Prover 414:15805  some Preplay: (smt (cvc5, finite_mode_find_macro_quant) inference.sel(3) mem_Collect_eq ord_FO_\<Gamma>_def) (failed)
0.sledgehammer goal.using     57656ms Ordered_Resolution_Prover.FO_Ordered_Resolution_Prover 432:16763  timeout (SH 57656ms):
0.sledgehammer goal.unfolding 54090ms Ordered_Resolution_Prover.FO_Ordered_Resolution_Prover 433:16783  timeout (SH 54090ms):
0.sledgehammer goal.using     13344ms Ordered_Resolution_Prover.FO_Ordered_Resolution_Prover 448:17542  timeout (SH 13344ms): Timed out
0.sledgehammer goal.unfolding 14331ms Ordered_Resolution_Prover.FO_Ordered_Resolution_Prover 448:17557  timeout (SH 14331ms): Timed out
0.sledgehammer goal.apply     14424ms Ordered_Resolution_Prover.FO_Ordered_Resolution_Prover 460:18192  timeout (SH 14424ms): Timed out
0.sledgehammer goal.apply     15353ms Ordered_Resolution_Prover.FO_Ordered_Resolution_Prover 461:18224  timeout (SH 15353ms): Timed out
0.sledgehammer goal.apply     15193ms Ordered_Resolution_Prover.FO_Ordered_Resolution_Prover 467:18473  timeout (SH 15192ms): Timed out
0.sledgehammer goal.apply     15344ms Ordered_Resolution_Prover.FO_Ordered_Resolution_Prover 470:18575  timeout (SH 15343ms): Timed out
0.sledgehammer goal.unfolding 55433ms Ordered_Resolution_Prover.FO_Ordered_Resolution_Prover 487:19505  timeout (SH 55433ms):
0.sledgehammer goal.by        14130ms Ordered_Resolution_Prover.FO_Ordered_Resolution_Prover 487:19550  timeout (SH 14129ms): Timed out
0.sledgehammer goal.using     14104ms Ordered_Resolution_Prover.FO_Ordered_Resolution_Prover 493:19803  timeout (SH 14104ms): Timed out
0.sledgehammer goal.by        60233ms Ordered_Resolution_Prover.FO_Ordered_Resolution_Prover 493:19822  some (SH 60233ms, ATP 1843ms): Try this: by (smt (cvc5, mbqi) inference.sel(3) mem_Collect_eq setcompr_eq_image) (709 ms)
0.sledgehammer goal.by        60233ms Ordered_Resolution_Prover.FO_Ordered_Resolution_Prover 493:19822  some Preplay: (smt (cvc5, mbqi) inference.sel(3) mem_Collect_eq setcompr_eq_image) (709 ms)
0.sledgehammer goal.by        60233ms Ordered_Resolution_Prover.FO_Ordered_Resolution_Prover 493:19822  some Preplay: (smt (cvc5, no_fmf_mbqi) inference.sel(3) mem_Collect_eq setcompr_eq_image) (836 ms)
0.sledgehammer goal.by        60233ms Ordered_Resolution_Prover.FO_Ordered_Resolution_Prover 493:19822  some Preplay: (smt (cvc5, dec_internal_no_simp) inference.sel(3) mem_Collect_eq setcompr_eq_image) (842 ms)
0.sledgehammer goal.by        60233ms Ordered_Resolution_Prover.FO_Ordered_Resolution_Prover 493:19822  some Preplay: (smt (cvc5, best) inference.sel(3) mem_Collect_eq setcompr_eq_image) (904 ms)
0.sledgehammer goal.by        60233ms Ordered_Resolution_Prover.FO_Ordered_Resolution_Prover 493:19822  some Preplay: (smt (cvc5, finite_mode_find_dec_internal) inference.sel(3) mem_Collect_eq setcompr_eq_image) (1.5 s)
0.sledgehammer goal.by        60233ms Ordered_Resolution_Prover.FO_Ordered_Resolution_Prover 493:19822  some Preplay: (smt (cvc5, dec_internal_enum_inst_sum) inference.sel(3) mem_Collect_eq setcompr_eq_image) (1.6 s)
0.sledgehammer goal.by        60233ms Ordered_Resolution_Prover.FO_Ordered_Resolution_Prover 493:19822  some Preplay: (smt (cvc5, finite_mode_find_e_matching) inference.sel(3) mem_Collect_eq setcompr_eq_image) (1.6 s)
0.sledgehammer goal.by        60233ms Ordered_Resolution_Prover.FO_Ordered_Resolution_Prover 493:19822  some Preplay: (smt (cvc5, term_db_relevant) inference.sel(3) mem_Collect_eq setcompr_eq_image) (1.6 s)
0.sledgehammer goal.by        60233ms Ordered_Resolution_Prover.FO_Ordered_Resolution_Prover 493:19822  some Preplay: (smt (cvc5, finite_mode_find) inference.sel(3) mem_Collect_eq setcompr_eq_image) (2.0 s)
0.sledgehammer goal.by        60233ms Ordered_Resolution_Prover.FO_Ordered_Resolution_Prover 493:19822  some Preplay: (smt (cvc5, prereg_lazy) inference.sel(3) mem_Collect_eq setcompr_eq_image) (2.5 s)
0.sledgehammer goal.by        60233ms Ordered_Resolution_Prover.FO_Ordered_Resolution_Prover 493:19822  some Preplay: (smt (cvc5, interleave) inference.sel(3) mem_Collect_eq setcompr_eq_image) (> 842 ms, timed out)
0.sledgehammer goal.by        60233ms Ordered_Resolution_Prover.FO_Ordered_Resolution_Prover 493:19822  some Preplay: (smt (cvc5, finite_mode_find_macro_quant) inference.sel(3) mem_Collect_eq setcompr_eq_image) (failed)
0.sledgehammer goal.unfolding 55342ms Ordered_Resolution_Prover.FO_Ordered_Resolution_Prover 499:20190  timeout (SH 55342ms):
0.sledgehammer goal.using     14902ms Ordered_Resolution_Prover.FO_Ordered_Resolution_Prover 1275:49758  timeout (SH 14902ms): Timed out
0.sledgehammer goal.using     16253ms Ordered_Resolution_Prover.FO_Ordered_Resolution_Prover 1302:51275  timeout (SH 16253ms): Timed out
0.sledgehammer goal.by        15550ms Ordered_Resolution_Prover.FO_Ordered_Resolution_Prover 1302:51293  timeout (SH 15550ms): Timed out
0.sledgehammer finalize   Total number of sledgehammer calls: 101
0.sledgehammer finalize   Number of successful sledgehammer calls: 27
0.sledgehammer finalize   Number of sledgehammer lemmas: 170
0.sledgehammer finalize   Max number of sledgehammer lemmas: 16
0.sledgehammer finalize   Success rate: 26.7%
0.sledgehammer finalize   Total number of nontrivial sledgehammer calls: 101
0.sledgehammer finalize   Number of successful nontrivial sledgehammer calls: 27
0.sledgehammer finalize   Total time for sledgehammer calls (Isabelle): 3861.050
0.sledgehammer finalize   Total time for successful sledgehammer calls (ATP): 29.730
0.sledgehammer finalize   Average time for sledgehammer calls (Isabelle): 38.228
0.sledgehammer finalize   Average time for successful sledgehammer calls (ATP): 1.101
