0.sledgehammer initialize Params for sledgehammer: {abduce = SOME 0, cache_dir = NONE, compress = NONE, debug = false, expect =
0.sledgehammer initialize  "", fact_filter = NONE, fact_thresholds = (0.45, 0.85), falsify =
0.sledgehammer initialize  SOME false, induction_rules = NONE, instantiate = NONE, isar_proofs = NONE,
0.sledgehammer initialize  lam_trans = NONE, learn = true, max_facts = NONE, max_mono_iters = NONE,
0.sledgehammer initialize  max_new_mono_instances = NONE, max_proofs = 4, minimize = true, overlord =
0.sledgehammer initialize  false, preplay_provers = ["cvc5"], preplay_timeout = 1.000, provers =
0.sledgehammer initialize  ["cvc5_proof"], slices = 96, smt_proofs = true, spy = false, strict =
0.sledgehammer initialize  false, timeout = 10.000, try0 = false, type_enc = NONE, uncurried_aliases =
0.sledgehammer initialize  NONE, verbose = false}
0.sledgehammer goal.unfolding 95984ms Ordered_Resolution_Prover.Clausal_Logic 124:3381  some (SH 95984ms, ATP 485ms): Try this: by (smt (cvc5, trigger_multi_prio) less_eq_literal_def literal.disc(1) literal.sel(1) order.strict_implies_order order_refl) (963 ms)
0.sledgehammer goal.unfolding 95984ms Ordered_Resolution_Prover.Clausal_Logic 124:3381  some Preplay: (smt (cvc5, trigger_multi_prio) less_eq_literal_def literal.disc(1) literal.sel(1) order.strict_implies_order order_refl) (963 ms)
0.sledgehammer goal.unfolding 95984ms Ordered_Resolution_Prover.Clausal_Logic 124:3381  some Preplay: (smt (cvc5, no_ematching_enum_inst_sum) less_eq_literal_def literal.disc(1) literal.sel(1) order.strict_implies_order order_refl) (1.0 s)
0.sledgehammer goal.unfolding 95984ms Ordered_Resolution_Prover.Clausal_Logic 124:3381  some Preplay: (smt (cvc5, trigger_multi) less_eq_literal_def literal.disc(1) literal.sel(1) order.strict_implies_order order_refl) (1.0 s)
0.sledgehammer goal.unfolding 95984ms Ordered_Resolution_Prover.Clausal_Logic 124:3381  some Preplay: (smt (cvc5, no_ematching) less_eq_literal_def literal.disc(1) literal.sel(1) order.strict_implies_order order_refl) (1.0 s)
0.sledgehammer goal.unfolding 95984ms Ordered_Resolution_Prover.Clausal_Logic 124:3381  some Preplay: (smt (cvc5, trigger_linear) less_eq_literal_def literal.disc(1) literal.sel(1) order.strict_implies_order order_refl) (1.1 s)
0.sledgehammer goal.unfolding 95984ms Ordered_Resolution_Prover.Clausal_Logic 124:3381  some Preplay: (smt (cvc5, best) less_eq_literal_def literal.disc(1) literal.sel(1) order.strict_implies_order order_refl) (1.1 s)
0.sledgehammer goal.unfolding 95984ms Ordered_Resolution_Prover.Clausal_Logic 124:3381  some Preplay: (smt (cvc5, trigger_cache) less_eq_literal_def literal.disc(1) literal.sel(1) order.strict_implies_order order_refl) (1.2 s)
0.sledgehammer goal.unfolding 95984ms Ordered_Resolution_Prover.Clausal_Logic 124:3381  some Preplay: (smt (cvc5, no_cbqi) less_eq_literal_def literal.disc(1) literal.sel(1) order.strict_implies_order order_refl) (1.2 s)
0.sledgehammer goal.unfolding 95984ms Ordered_Resolution_Prover.Clausal_Logic 124:3381  some Preplay: (smt (cvc5, inst_when_full) less_eq_literal_def literal.disc(1) literal.sel(1) order.strict_implies_order order_refl) (1.3 s)
0.sledgehammer goal.unfolding 95984ms Ordered_Resolution_Prover.Clausal_Logic 124:3381  some Preplay: (smt (cvc5, pre_skolem_quant) less_eq_literal_def literal.disc(1) literal.sel(1) order.strict_implies_order order_refl) (1.3 s)
0.sledgehammer goal.unfolding 95984ms Ordered_Resolution_Prover.Clausal_Logic 124:3381  some Preplay: (smt (cvc5, quant_ind) less_eq_literal_def literal.disc(1) literal.sel(1) order.strict_implies_order order_refl) (1.3 s)
0.sledgehammer goal.unfolding 53979ms Ordered_Resolution_Prover.Clausal_Logic 133:3703  timeout (SH 53979ms):
0.sledgehammer goal.by        51518ms Ordered_Resolution_Prover.Clausal_Logic 155:4284  some (SH 51518ms, ATP 221ms): Try this: by (smt (cvc5) ih less_eq_literal_def linorder_not_le literal.exhaust_sel literal.sel(1,2) not_less_iff_gr_or_eq not_less_iff_gr_or_eq)
0.sledgehammer goal.by        51518ms Ordered_Resolution_Prover.Clausal_Logic 155:4284  some Preplay: (smt (cvc5, best) ih less_eq_literal_def linorder_not_le literal.exhaust_sel literal.sel(1,2) not_less_iff_gr_or_eq) (> 1.0 s, timed out)
0.sledgehammer goal.by        51518ms Ordered_Resolution_Prover.Clausal_Logic 155:4284  some Preplay: (smt (cvc5, no_ematching) ih less_eq_literal_def linorder_not_le literal.exhaust_sel literal.sel(1,2) not_less_iff_gr_or_eq) (> 1.0 s, timed out)
0.sledgehammer goal.by        51518ms Ordered_Resolution_Prover.Clausal_Logic 155:4284  some Preplay: (smt (cvc5, no_ematching_enum_inst_sum) ih less_eq_literal_def linorder_not_le literal.exhaust_sel literal.sel(1,2) not_less_iff_gr_or_eq) (> 1.0 s, timed out)
0.sledgehammer goal.by        51518ms Ordered_Resolution_Prover.Clausal_Logic 155:4284  some Preplay: (smt (cvc5, trigger_multi) ih less_eq_literal_def linorder_not_le literal.exhaust_sel literal.sel(1,2) not_less_iff_gr_or_eq) (> 1.0 s, timed out)
0.sledgehammer goal.by        51518ms Ordered_Resolution_Prover.Clausal_Logic 155:4284  some Preplay: (smt (cvc5, trigger_multi_prio) ih less_eq_literal_def linorder_not_le literal.exhaust_sel literal.sel(1,2) not_less_iff_gr_or_eq) (> 1.0 s, timed out)
0.sledgehammer goal.by        51518ms Ordered_Resolution_Prover.Clausal_Logic 155:4284  some Preplay: (smt (cvc5, trigger_cache) ih less_eq_literal_def linorder_not_le literal.exhaust_sel literal.sel(1,2) not_less_iff_gr_or_eq) (> 1.0 s, timed out)
0.sledgehammer goal.by        51518ms Ordered_Resolution_Prover.Clausal_Logic 155:4284  some Preplay: (smt (cvc5, trigger_linear) ih less_eq_literal_def linorder_not_le literal.exhaust_sel literal.sel(1,2) not_less_iff_gr_or_eq) (> 1.0 s, timed out)
0.sledgehammer goal.by        51518ms Ordered_Resolution_Prover.Clausal_Logic 155:4284  some Preplay: (smt (cvc5, inst_when_full) ih less_eq_literal_def linorder_not_le literal.exhaust_sel literal.sel(1,2) not_less_iff_gr_or_eq) (> 1.0 s, timed out)
0.sledgehammer goal.by        51518ms Ordered_Resolution_Prover.Clausal_Logic 155:4284  some Preplay: (smt (cvc5, no_cbqi) ih less_eq_literal_def linorder_not_le literal.exhaust_sel literal.sel(1,2) not_less_iff_gr_or_eq) (> 1.0 s, timed out)
0.sledgehammer goal.by        51518ms Ordered_Resolution_Prover.Clausal_Logic 155:4284  some Preplay: (smt (cvc5, pre_skolem_quant) ih less_eq_literal_def linorder_not_le literal.exhaust_sel literal.sel(1,2) not_less_iff_gr_or_eq) (failed)
0.sledgehammer goal.by        51518ms Ordered_Resolution_Prover.Clausal_Logic 155:4284  some Preplay: (smt (cvc5, quant_ind) ih less_eq_literal_def linorder_not_le literal.exhaust_sel literal.sel(1,2) not_less_iff_gr_or_eq) (failed)
0.sledgehammer goal.by        53653ms Ordered_Resolution_Prover.Clausal_Logic 187:5205  timeout (SH 53653ms):
0.sledgehammer goal.unfolding 53746ms Ordered_Resolution_Prover.Clausal_Logic 251:7330  timeout (SH 53746ms):
0.sledgehammer goal.by        31580ms Ordered_Resolution_Prover.Clausal_Logic 257:7648  some (SH 31580ms, ATP 481ms): Try this: by (smt (cvc5, no_ematching_enum_inst_sum) Neg_atm_of_iff atm_of_uminus literal.exhaust_sel uminus_literal_def) (1.4 s)
0.sledgehammer goal.by        31580ms Ordered_Resolution_Prover.Clausal_Logic 257:7648  some Preplay: (smt (cvc5, no_ematching_enum_inst_sum) Neg_atm_of_iff atm_of_uminus literal.exhaust_sel uminus_literal_def) (1.4 s)
0.sledgehammer goal.by        31580ms Ordered_Resolution_Prover.Clausal_Logic 257:7648  some Preplay: (smt (cvc5, best) Neg_atm_of_iff atm_of_uminus literal.exhaust_sel uminus_literal_def) (1.5 s)
0.sledgehammer goal.by        31580ms Ordered_Resolution_Prover.Clausal_Logic 257:7648  some Preplay: (smt (cvc5, no_cbqi) Neg_atm_of_iff atm_of_uminus literal.exhaust_sel uminus_literal_def) (1.5 s)
0.sledgehammer goal.by        31580ms Ordered_Resolution_Prover.Clausal_Logic 257:7648  some Preplay: (smt (cvc5, quant_ind) Neg_atm_of_iff atm_of_uminus literal.exhaust_sel uminus_literal_def) (1.5 s)
0.sledgehammer goal.by        31580ms Ordered_Resolution_Prover.Clausal_Logic 257:7648  some Preplay: (smt (cvc5, no_ematching) Neg_atm_of_iff atm_of_uminus literal.exhaust_sel uminus_literal_def) (1.6 s)
0.sledgehammer goal.by        31580ms Ordered_Resolution_Prover.Clausal_Logic 257:7648  some Preplay: (smt (cvc5, pre_skolem_quant) Neg_atm_of_iff atm_of_uminus literal.exhaust_sel uminus_literal_def) (1.7 s)
0.sledgehammer goal.by        31580ms Ordered_Resolution_Prover.Clausal_Logic 257:7648  some Preplay: (smt (cvc5, trigger_multi) Neg_atm_of_iff atm_of_uminus literal.exhaust_sel uminus_literal_def) (1.7 s)
0.sledgehammer goal.by        31580ms Ordered_Resolution_Prover.Clausal_Logic 257:7648  some Preplay: (smt (cvc5, trigger_cache) Neg_atm_of_iff atm_of_uminus literal.exhaust_sel uminus_literal_def) (1.7 s)
0.sledgehammer goal.by        31580ms Ordered_Resolution_Prover.Clausal_Logic 257:7648  some Preplay: (smt (cvc5, trigger_multi_prio) Neg_atm_of_iff atm_of_uminus literal.exhaust_sel uminus_literal_def) (1.8 s)
0.sledgehammer goal.by        31580ms Ordered_Resolution_Prover.Clausal_Logic 257:7648  some Preplay: (smt (cvc5, inst_when_full) Neg_atm_of_iff atm_of_uminus literal.exhaust_sel uminus_literal_def) (1.8 s)
0.sledgehammer goal.by        31580ms Ordered_Resolution_Prover.Clausal_Logic 257:7648  some Preplay: (smt (cvc5, trigger_linear) Neg_atm_of_iff atm_of_uminus literal.exhaust_sel uminus_literal_def) (1.8 s)
0.sledgehammer goal.by        53904ms Ordered_Resolution_Prover.Clausal_Logic 260:7778  timeout (SH 53904ms):
0.sledgehammer goal.unfolding 57850ms Ordered_Resolution_Prover.Ground_Resolution_Model 105:3855  timeout (SH 57850ms):
0.sledgehammer goal.proof     13331ms Ordered_Resolution_Prover.Ground_Resolution_Model 176:6735  timeout (SH 13331ms): Timed out
0.sledgehammer goal.unfolding 53939ms Ordered_Resolution_Prover.Ground_Resolution_Model 275:10048  timeout (SH 53939ms):
0.sledgehammer goal.using     53549ms Ordered_Resolution_Prover.Ground_Resolution_Model 359:12816  timeout (SH 53549ms):
0.sledgehammer goal.proof     60084ms Ordered_Resolution_Prover.Inference_System 62:1996  timeout (SH 60084ms):
0.sledgehammer goal.unfolding 140156ms Ordered_Resolution_Prover.Inference_System 64:2050  some (SH 140155ms, ATP 255ms): Try this: by (smt (cvc5, trigger_cache) Set.set_insert Un_insert_left Un_insert_right add.right_neutral cc_subs_n d_in_n inf infer_from_def inference.sel(1,2) inference_system.inferences_from_def mem_Collect_eq set_mset_add_mset_insert subset_Un_eq sup_ge1 union_mset_add_mset_right) (516 ms)
0.sledgehammer goal.unfolding 140156ms Ordered_Resolution_Prover.Inference_System 64:2050  some Preplay: (smt (cvc5, trigger_cache) Set.set_insert Un_insert_left Un_insert_right add.right_neutral cc_subs_n d_in_n inf infer_from_def inference.sel(1,2) inference_system.inferences_from_def mem_Collect_eq set_mset_add_mset_insert subset_Un_eq sup_ge1 union_mset_add_mset_right) (516 ms)
0.sledgehammer goal.unfolding 140156ms Ordered_Resolution_Prover.Inference_System 64:2050  some Preplay: (smt (cvc5, trigger_multi_prio) Set.set_insert Un_insert_left Un_insert_right add.right_neutral cc_subs_n d_in_n inf infer_from_def inference.sel(1,2) inference_system.inferences_from_def mem_Collect_eq set_mset_add_mset_insert subset_Un_eq sup_ge1 union_mset_add_mset_right) (545 ms)
0.sledgehammer goal.unfolding 140156ms Ordered_Resolution_Prover.Inference_System 64:2050  some Preplay: (smt (cvc5, best) Set.set_insert Un_insert_left Un_insert_right add.right_neutral cc_subs_n d_in_n inf infer_from_def inference.sel(1,2) inference_system.inferences_from_def mem_Collect_eq set_mset_add_mset_insert subset_Un_eq sup_ge1 union_mset_add_mset_right) (560 ms)
0.sledgehammer goal.unfolding 140156ms Ordered_Resolution_Prover.Inference_System 64:2050  some Preplay: (smt (cvc5, trigger_linear) Set.set_insert Un_insert_left Un_insert_right add.right_neutral cc_subs_n d_in_n inf infer_from_def inference.sel(1,2) inference_system.inferences_from_def mem_Collect_eq set_mset_add_mset_insert subset_Un_eq sup_ge1 union_mset_add_mset_right) (> 516 ms, timed out)
0.sledgehammer goal.unfolding 140156ms Ordered_Resolution_Prover.Inference_System 64:2050  some Preplay: (smt (cvc5, pre_skolem_quant) Set.set_insert Un_insert_left Un_insert_right add.right_neutral cc_subs_n d_in_n inf infer_from_def inference.sel(1,2) inference_system.inferences_from_def mem_Collect_eq set_mset_add_mset_insert subset_Un_eq sup_ge1 union_mset_add_mset_right) (> 516 ms, timed out)
0.sledgehammer goal.unfolding 140156ms Ordered_Resolution_Prover.Inference_System 64:2050  some Preplay: (smt (cvc5, inst_when_full) Set.set_insert Un_insert_left Un_insert_right add.right_neutral cc_subs_n d_in_n inf infer_from_def inference.sel(1,2) inference_system.inferences_from_def mem_Collect_eq set_mset_add_mset_insert subset_Un_eq sup_ge1 union_mset_add_mset_right) (> 516 ms, timed out)
0.sledgehammer goal.unfolding 140156ms Ordered_Resolution_Prover.Inference_System 64:2050  some Preplay: (smt (cvc5, no_cbqi) Set.set_insert Un_insert_left Un_insert_right add.right_neutral cc_subs_n d_in_n inf infer_from_def inference.sel(1,2) inference_system.inferences_from_def mem_Collect_eq set_mset_add_mset_insert subset_Un_eq sup_ge1 union_mset_add_mset_right) (> 516 ms, timed out)
0.sledgehammer goal.unfolding 140156ms Ordered_Resolution_Prover.Inference_System 64:2050  some Preplay: (smt (cvc5, no_ematching) Set.set_insert Un_insert_left Un_insert_right add.right_neutral cc_subs_n d_in_n inf infer_from_def inference.sel(1,2) inference_system.inferences_from_def mem_Collect_eq set_mset_add_mset_insert subset_Un_eq sup_ge1 union_mset_add_mset_right) (> 560 ms, timed out)
0.sledgehammer goal.unfolding 140156ms Ordered_Resolution_Prover.Inference_System 64:2050  some Preplay: (smt (cvc5, no_ematching_enum_inst_sum) Set.set_insert Un_insert_left Un_insert_right add.right_neutral cc_subs_n d_in_n inf infer_from_def inference.sel(1,2) inference_system.inferences_from_def mem_Collect_eq set_mset_add_mset_insert subset_Un_eq sup_ge1 union_mset_add_mset_right) (> 560 ms, timed out)
0.sledgehammer goal.unfolding 140156ms Ordered_Resolution_Prover.Inference_System 64:2050  some Preplay: (smt (cvc5, trigger_multi) Set.set_insert Un_insert_left Un_insert_right add.right_neutral cc_subs_n d_in_n inf infer_from_def inference.sel(1,2) inference_system.inferences_from_def mem_Collect_eq set_mset_add_mset_insert subset_Un_eq sup_ge1 union_mset_add_mset_right) (> 560 ms, timed out)
0.sledgehammer goal.unfolding 140156ms Ordered_Resolution_Prover.Inference_System 64:2050  some Preplay: (smt (cvc5, quant_ind) Set.set_insert Un_insert_left Un_insert_right add.right_neutral cc_subs_n d_in_n inf infer_from_def inference.sel(1,2) inference_system.inferences_from_def mem_Collect_eq set_mset_add_mset_insert subset_Un_eq sup_ge1 union_mset_add_mset_right) (failed)
0.sledgehammer goal.proof     45201ms Ordered_Resolution_Prover.Inference_System 147:4805  some (SH 45200ms, ATP 737ms): Try this: by (smt (cvc5, best) \<Gamma>_counterex_reducing ec_ni_n ex_min_counterex inference_system.saturatedD linorder_not_le satur) (818 ms)
0.sledgehammer goal.proof     45201ms Ordered_Resolution_Prover.Inference_System 147:4805  some Preplay: (smt (cvc5, best) \<Gamma>_counterex_reducing ec_ni_n ex_min_counterex inference_system.saturatedD linorder_not_le satur) (818 ms)
0.sledgehammer goal.proof     45201ms Ordered_Resolution_Prover.Inference_System 147:4805  some Preplay: (smt (cvc5, no_ematching) \<Gamma>_counterex_reducing ec_ni_n ex_min_counterex inference_system.saturatedD linorder_not_le satur) (1.1 s)
0.sledgehammer goal.proof     45201ms Ordered_Resolution_Prover.Inference_System 147:4805  some Preplay: (smt (cvc5, inst_when_full) \<Gamma>_counterex_reducing ec_ni_n ex_min_counterex inference_system.saturatedD linorder_not_le satur) (2.3 s)
0.sledgehammer goal.proof     45201ms Ordered_Resolution_Prover.Inference_System 147:4805  some Preplay: (smt (cvc5, trigger_multi) \<Gamma>_counterex_reducing ec_ni_n ex_min_counterex inference_system.saturatedD linorder_not_le satur) (2.6 s)
0.sledgehammer goal.proof     45201ms Ordered_Resolution_Prover.Inference_System 147:4805  some Preplay: (smt (cvc5, trigger_linear) \<Gamma>_counterex_reducing ec_ni_n ex_min_counterex inference_system.saturatedD linorder_not_le satur) (2.7 s)
0.sledgehammer goal.proof     45201ms Ordered_Resolution_Prover.Inference_System 147:4805  some Preplay: (smt (cvc5, trigger_cache) \<Gamma>_counterex_reducing ec_ni_n ex_min_counterex inference_system.saturatedD linorder_not_le satur) (2.8 s)
0.sledgehammer goal.proof     45201ms Ordered_Resolution_Prover.Inference_System 147:4805  some Preplay: (smt (cvc5, no_cbqi) \<Gamma>_counterex_reducing ec_ni_n ex_min_counterex inference_system.saturatedD linorder_not_le satur) (3.0 s)
0.sledgehammer goal.proof     45201ms Ordered_Resolution_Prover.Inference_System 147:4805  some Preplay: (smt (cvc5, no_ematching_enum_inst_sum) \<Gamma>_counterex_reducing ec_ni_n ex_min_counterex inference_system.saturatedD linorder_not_le satur) (3.1 s)
0.sledgehammer goal.proof     45201ms Ordered_Resolution_Prover.Inference_System 147:4805  some Preplay: (smt (cvc5, trigger_multi_prio) \<Gamma>_counterex_reducing ec_ni_n ex_min_counterex inference_system.saturatedD linorder_not_le satur) (3.6 s)
0.sledgehammer goal.proof     45201ms Ordered_Resolution_Prover.Inference_System 147:4805  some Preplay: (smt (cvc5, quant_ind) \<Gamma>_counterex_reducing ec_ni_n ex_min_counterex inference_system.saturatedD linorder_not_le satur) (> 818 ms, timed out)
0.sledgehammer goal.proof     45201ms Ordered_Resolution_Prover.Inference_System 147:4805  some Preplay: (smt (cvc5, pre_skolem_quant) \<Gamma>_counterex_reducing ec_ni_n ex_min_counterex inference_system.saturatedD linorder_not_le satur) (failed)
0.sledgehammer goal.by        53332ms Ordered_Resolution_Prover.Inference_System 201:6366  timeout (SH 53332ms):
0.sledgehammer goal.using     59373ms Ordered_Resolution_Prover.Inference_System 230:7454  timeout (SH 59373ms):
0.sledgehammer goal.using     60973ms Ordered_Resolution_Prover.Unordered_Ground_Resolution 92:3034  some (SH 60972ms, ATP 121ms): Try this: by (smt (cvc5, trigger_linear) atm_imp_pos_or_neg_lit d' mem_Collect_eq neg_a_ni_d' set_mset_filter) (114 ms)
0.sledgehammer goal.using     60973ms Ordered_Resolution_Prover.Unordered_Ground_Resolution 92:3034  some Preplay: (smt (cvc5, trigger_linear) atm_imp_pos_or_neg_lit d' mem_Collect_eq neg_a_ni_d' set_mset_filter) (114 ms)
0.sledgehammer goal.using     60973ms Ordered_Resolution_Prover.Unordered_Ground_Resolution 92:3034  some Preplay: (smt (cvc5, trigger_multi) atm_imp_pos_or_neg_lit d' mem_Collect_eq neg_a_ni_d' set_mset_filter) (137 ms)
0.sledgehammer goal.using     60973ms Ordered_Resolution_Prover.Unordered_Ground_Resolution 92:3034  some Preplay: (smt (cvc5, best) atm_imp_pos_or_neg_lit d' mem_Collect_eq neg_a_ni_d' set_mset_filter) (254 ms)
0.sledgehammer goal.using     60973ms Ordered_Resolution_Prover.Unordered_Ground_Resolution 92:3034  some Preplay: (smt (cvc5, no_ematching) atm_imp_pos_or_neg_lit d' mem_Collect_eq neg_a_ni_d' set_mset_filter) (382 ms)
0.sledgehammer goal.using     60973ms Ordered_Resolution_Prover.Unordered_Ground_Resolution 92:3034  some Preplay: (smt (cvc5, no_ematching_enum_inst_sum) atm_imp_pos_or_neg_lit d' mem_Collect_eq neg_a_ni_d' set_mset_filter) (540 ms)
0.sledgehammer goal.using     60973ms Ordered_Resolution_Prover.Unordered_Ground_Resolution 92:3034  some Preplay: (smt (cvc5, pre_skolem_quant) atm_imp_pos_or_neg_lit d' mem_Collect_eq neg_a_ni_d' set_mset_filter) (> 114 ms, timed out)
0.sledgehammer goal.using     60973ms Ordered_Resolution_Prover.Unordered_Ground_Resolution 92:3034  some Preplay: (smt (cvc5, inst_when_full) atm_imp_pos_or_neg_lit d' mem_Collect_eq neg_a_ni_d' set_mset_filter) (> 114 ms, timed out)
0.sledgehammer goal.using     60973ms Ordered_Resolution_Prover.Unordered_Ground_Resolution 92:3034  some Preplay: (smt (cvc5, no_cbqi) atm_imp_pos_or_neg_lit d' mem_Collect_eq neg_a_ni_d' set_mset_filter) (> 114 ms, timed out)
0.sledgehammer goal.using     60973ms Ordered_Resolution_Prover.Unordered_Ground_Resolution 92:3034  some Preplay: (smt (cvc5, quant_ind) atm_imp_pos_or_neg_lit d' mem_Collect_eq neg_a_ni_d' set_mset_filter) (> 114 ms, timed out)
0.sledgehammer goal.using     60973ms Ordered_Resolution_Prover.Unordered_Ground_Resolution 92:3034  some Preplay: (smt (cvc5, trigger_multi_prio) atm_imp_pos_or_neg_lit d' mem_Collect_eq neg_a_ni_d' set_mset_filter) (> 137 ms, timed out)
0.sledgehammer goal.using     60973ms Ordered_Resolution_Prover.Unordered_Ground_Resolution 92:3034  some Preplay: (smt (cvc5, trigger_cache) atm_imp_pos_or_neg_lit d' mem_Collect_eq neg_a_ni_d' set_mset_filter) (> 137 ms, timed out)
0.sledgehammer goal.unfolding 12856ms Ordered_Resolution_Prover.Unordered_Ground_Resolution 113:3979  timeout (SH 12856ms): Timed out
0.sledgehammer goal.by        13892ms Ordered_Resolution_Prover.Unordered_Ground_Resolution 165:5957  timeout (SH 13892ms): Timed out
0.sledgehammer goal.unfolding 55602ms Ordered_Resolution_Prover.Lazy_List_Liminf 104:3824  timeout (SH 55602ms):
0.sledgehammer goal.unfolding 56476ms Ordered_Resolution_Prover.Lazy_List_Liminf 286:10641  timeout (SH 56476ms):
0.sledgehammer goal.by        13331ms Ordered_Resolution_Prover.Lazy_List_Liminf 289:10818  timeout (SH 13330ms): Timed out
0.sledgehammer goal.unfolding 47680ms Ordered_Resolution_Prover.Lazy_List_Liminf 342:12690  some (SH 47678ms, ATP 1871ms): Try this: by (smt (cvc5) Liminf_upto_llist_eq_Liminf_llist_ltake Suc_ile_eq Sup_empty add.left_neutral antisym_conv eSuc_enat enat_defs(1) iless_Suc_eq lfinite_Liminf_llist lfinite_conv_llength_enat llast_conv_lnth llength_eq_0 llength_ltake lnth_ltake min_less_iff_conj not_less order_refl plus_enat_simps(1) zero_ne_eSuc)
0.sledgehammer goal.unfolding 47680ms Ordered_Resolution_Prover.Lazy_List_Liminf 342:12690  some Preplay: (smt (cvc5, best) Liminf_upto_llist_eq_Liminf_llist_ltake Suc_ile_eq Sup_empty add.left_neutral antisym_conv eSuc_enat enat_defs(1) iless_Suc_eq lfinite_Liminf_llist lfinite_conv_llength_enat llast_conv_lnth llength_eq_0 llength_ltake lnth_ltake min_less_iff_conj not_less order_refl plus_enat_simps(1) zero_ne_eSuc) (> 1.0 s, timed out)
0.sledgehammer goal.unfolding 47680ms Ordered_Resolution_Prover.Lazy_List_Liminf 342:12690  some Preplay: (smt (cvc5, no_ematching) Liminf_upto_llist_eq_Liminf_llist_ltake Suc_ile_eq Sup_empty add.left_neutral antisym_conv eSuc_enat enat_defs(1) iless_Suc_eq lfinite_Liminf_llist lfinite_conv_llength_enat llast_conv_lnth llength_eq_0 llength_ltake lnth_ltake min_less_iff_conj not_less order_refl plus_enat_simps(1) zero_ne_eSuc) (> 1.0 s, timed out)
0.sledgehammer goal.unfolding 47680ms Ordered_Resolution_Prover.Lazy_List_Liminf 342:12690  some Preplay: (smt (cvc5, no_ematching_enum_inst_sum) Liminf_upto_llist_eq_Liminf_llist_ltake Suc_ile_eq Sup_empty add.left_neutral antisym_conv eSuc_enat enat_defs(1) iless_Suc_eq lfinite_Liminf_llist lfinite_conv_llength_enat llast_conv_lnth llength_eq_0 llength_ltake lnth_ltake min_less_iff_conj not_less order_refl plus_enat_simps(1) zero_ne_eSuc) (> 1.0 s, timed out)
0.sledgehammer goal.unfolding 47680ms Ordered_Resolution_Prover.Lazy_List_Liminf 342:12690  some Preplay: (smt (cvc5, trigger_multi) Liminf_upto_llist_eq_Liminf_llist_ltake Suc_ile_eq Sup_empty add.left_neutral antisym_conv eSuc_enat enat_defs(1) iless_Suc_eq lfinite_Liminf_llist lfinite_conv_llength_enat llast_conv_lnth llength_eq_0 llength_ltake lnth_ltake min_less_iff_conj not_less order_refl plus_enat_simps(1) zero_ne_eSuc) (> 1.0 s, timed out)
0.sledgehammer goal.unfolding 47680ms Ordered_Resolution_Prover.Lazy_List_Liminf 342:12690  some Preplay: (smt (cvc5, trigger_multi_prio) Liminf_upto_llist_eq_Liminf_llist_ltake Suc_ile_eq Sup_empty add.left_neutral antisym_conv eSuc_enat enat_defs(1) iless_Suc_eq lfinite_Liminf_llist lfinite_conv_llength_enat llast_conv_lnth llength_eq_0 llength_ltake lnth_ltake min_less_iff_conj not_less order_refl plus_enat_simps(1) zero_ne_eSuc) (> 1.0 s, timed out)
0.sledgehammer goal.unfolding 47680ms Ordered_Resolution_Prover.Lazy_List_Liminf 342:12690  some Preplay: (smt (cvc5, trigger_cache) Liminf_upto_llist_eq_Liminf_llist_ltake Suc_ile_eq Sup_empty add.left_neutral antisym_conv eSuc_enat enat_defs(1) iless_Suc_eq lfinite_Liminf_llist lfinite_conv_llength_enat llast_conv_lnth llength_eq_0 llength_ltake lnth_ltake min_less_iff_conj not_less order_refl plus_enat_simps(1) zero_ne_eSuc) (> 1.0 s, timed out)
0.sledgehammer goal.unfolding 47680ms Ordered_Resolution_Prover.Lazy_List_Liminf 342:12690  some Preplay: (smt (cvc5, trigger_linear) Liminf_upto_llist_eq_Liminf_llist_ltake Suc_ile_eq Sup_empty add.left_neutral antisym_conv eSuc_enat enat_defs(1) iless_Suc_eq lfinite_Liminf_llist lfinite_conv_llength_enat llast_conv_lnth llength_eq_0 llength_ltake lnth_ltake min_less_iff_conj not_less order_refl plus_enat_simps(1) zero_ne_eSuc) (> 1.0 s, timed out)
0.sledgehammer goal.unfolding 47680ms Ordered_Resolution_Prover.Lazy_List_Liminf 342:12690  some Preplay: (smt (cvc5, pre_skolem_quant) Liminf_upto_llist_eq_Liminf_llist_ltake Suc_ile_eq Sup_empty add.left_neutral antisym_conv eSuc_enat enat_defs(1) iless_Suc_eq lfinite_Liminf_llist lfinite_conv_llength_enat llast_conv_lnth llength_eq_0 llength_ltake lnth_ltake min_less_iff_conj not_less order_refl plus_enat_simps(1) zero_ne_eSuc) (> 1.0 s, timed out)
0.sledgehammer goal.unfolding 47680ms Ordered_Resolution_Prover.Lazy_List_Liminf 342:12690  some Preplay: (smt (cvc5, inst_when_full) Liminf_upto_llist_eq_Liminf_llist_ltake Suc_ile_eq Sup_empty add.left_neutral antisym_conv eSuc_enat enat_defs(1) iless_Suc_eq lfinite_Liminf_llist lfinite_conv_llength_enat llast_conv_lnth llength_eq_0 llength_ltake lnth_ltake min_less_iff_conj not_less order_refl plus_enat_simps(1) zero_ne_eSuc) (> 1.0 s, timed out)
0.sledgehammer goal.unfolding 47680ms Ordered_Resolution_Prover.Lazy_List_Liminf 342:12690  some Preplay: (smt (cvc5, no_cbqi) Liminf_upto_llist_eq_Liminf_llist_ltake Suc_ile_eq Sup_empty add.left_neutral antisym_conv eSuc_enat enat_defs(1) iless_Suc_eq lfinite_Liminf_llist lfinite_conv_llength_enat llast_conv_lnth llength_eq_0 llength_ltake lnth_ltake min_less_iff_conj not_less order_refl plus_enat_simps(1) zero_ne_eSuc) (> 1.0 s, timed out)
0.sledgehammer goal.unfolding 47680ms Ordered_Resolution_Prover.Lazy_List_Liminf 342:12690  some Preplay: (smt (cvc5, quant_ind) Liminf_upto_llist_eq_Liminf_llist_ltake Suc_ile_eq Sup_empty add.left_neutral antisym_conv eSuc_enat enat_defs(1) iless_Suc_eq lfinite_Liminf_llist lfinite_conv_llength_enat llast_conv_lnth llength_eq_0 llength_ltake lnth_ltake min_less_iff_conj not_less order_refl plus_enat_simps(1) zero_ne_eSuc) (> 1.0 s, timed out)
0.sledgehammer goal.proof     54640ms Ordered_Resolution_Prover.Lazy_List_Chain 49:1512  timeout (SH 54640ms):
0.sledgehammer goal.proof     12932ms Ordered_Resolution_Prover.Lazy_List_Chain 89:2913  timeout (SH 12932ms): Timed out
0.sledgehammer goal.using     57903ms Ordered_Resolution_Prover.Lazy_List_Chain 182:6180  timeout (SH 57903ms):
0.sledgehammer goal.using     13056ms Ordered_Resolution_Prover.Lazy_List_Chain 194:6469  timeout (SH 13056ms): Timed out
0.sledgehammer goal.by        49459ms Ordered_Resolution_Prover.Lazy_List_Chain 389:13429  some (SH 49458ms, ATP 3418ms): Try this: by (smt (cvc5) assms emb_prepend emb_prepend_coinduct_cong prepend_cong1_alt)
0.sledgehammer goal.by        49459ms Ordered_Resolution_Prover.Lazy_List_Chain 389:13429  some Preplay: (smt (cvc5, best) assms emb_prepend emb_prepend_coinduct_cong prepend_cong1_alt) (> 1.0 s, timed out)
0.sledgehammer goal.by        49459ms Ordered_Resolution_Prover.Lazy_List_Chain 389:13429  some Preplay: (smt (cvc5, no_ematching) assms emb_prepend emb_prepend_coinduct_cong prepend_cong1_alt) (> 1.0 s, timed out)
0.sledgehammer goal.by        49459ms Ordered_Resolution_Prover.Lazy_List_Chain 389:13429  some Preplay: (smt (cvc5, no_ematching_enum_inst_sum) assms emb_prepend emb_prepend_coinduct_cong prepend_cong1_alt) (> 1.0 s, timed out)
0.sledgehammer goal.by        49459ms Ordered_Resolution_Prover.Lazy_List_Chain 389:13429  some Preplay: (smt (cvc5, trigger_multi) assms emb_prepend emb_prepend_coinduct_cong prepend_cong1_alt) (> 1.0 s, timed out)
0.sledgehammer goal.by        49459ms Ordered_Resolution_Prover.Lazy_List_Chain 389:13429  some Preplay: (smt (cvc5, trigger_multi_prio) assms emb_prepend emb_prepend_coinduct_cong prepend_cong1_alt) (> 1.0 s, timed out)
0.sledgehammer goal.by        49459ms Ordered_Resolution_Prover.Lazy_List_Chain 389:13429  some Preplay: (smt (cvc5, trigger_cache) assms emb_prepend emb_prepend_coinduct_cong prepend_cong1_alt) (> 1.0 s, timed out)
0.sledgehammer goal.by        49459ms Ordered_Resolution_Prover.Lazy_List_Chain 389:13429  some Preplay: (smt (cvc5, trigger_linear) assms emb_prepend emb_prepend_coinduct_cong prepend_cong1_alt) (> 1.0 s, timed out)
0.sledgehammer goal.by        49459ms Ordered_Resolution_Prover.Lazy_List_Chain 389:13429  some Preplay: (smt (cvc5, pre_skolem_quant) assms emb_prepend emb_prepend_coinduct_cong prepend_cong1_alt) (> 1.0 s, timed out)
0.sledgehammer goal.by        49459ms Ordered_Resolution_Prover.Lazy_List_Chain 389:13429  some Preplay: (smt (cvc5, inst_when_full) assms emb_prepend emb_prepend_coinduct_cong prepend_cong1_alt) (> 1.0 s, timed out)
0.sledgehammer goal.by        49459ms Ordered_Resolution_Prover.Lazy_List_Chain 389:13429  some Preplay: (smt (cvc5, no_cbqi) assms emb_prepend emb_prepend_coinduct_cong prepend_cong1_alt) (> 1.0 s, timed out)
0.sledgehammer goal.by        49459ms Ordered_Resolution_Prover.Lazy_List_Chain 389:13429  some Preplay: (smt (cvc5, quant_ind) assms emb_prepend emb_prepend_coinduct_cong prepend_cong1_alt) (failed)
0.sledgehammer goal.by        52571ms Ordered_Resolution_Prover.Lazy_List_Chain 433:14797  some (SH 52570ms, ATP 6300ms): Try this: by (smt (cvc5, inst_when_full) chain'.coinduct chain_chain') (3.2 s)
0.sledgehammer goal.by        52571ms Ordered_Resolution_Prover.Lazy_List_Chain 433:14797  some Preplay: (smt (cvc5, inst_when_full) chain'.coinduct chain_chain') (3.2 s)
0.sledgehammer goal.by        52571ms Ordered_Resolution_Prover.Lazy_List_Chain 433:14797  some Preplay: (smt (cvc5, trigger_cache) chain'.coinduct chain_chain') (3.3 s)
0.sledgehammer goal.by        52571ms Ordered_Resolution_Prover.Lazy_List_Chain 433:14797  some Preplay: (smt (cvc5, trigger_multi_prio) chain'.coinduct chain_chain') (3.3 s)
0.sledgehammer goal.by        52571ms Ordered_Resolution_Prover.Lazy_List_Chain 433:14797  some Preplay: (smt (cvc5, trigger_linear) chain'.coinduct chain_chain') (3.3 s)
0.sledgehammer goal.by        52571ms Ordered_Resolution_Prover.Lazy_List_Chain 433:14797  some Preplay: (smt (cvc5, trigger_multi) chain'.coinduct chain_chain') (3.4 s)
0.sledgehammer goal.by        52571ms Ordered_Resolution_Prover.Lazy_List_Chain 433:14797  some Preplay: (smt (cvc5, no_cbqi) chain'.coinduct chain_chain') (3.4 s)
0.sledgehammer goal.by        52571ms Ordered_Resolution_Prover.Lazy_List_Chain 433:14797  some Preplay: (smt (cvc5, no_ematching_enum_inst_sum) chain'.coinduct chain_chain') (3.6 s)
0.sledgehammer goal.by        52571ms Ordered_Resolution_Prover.Lazy_List_Chain 433:14797  some Preplay: (smt (cvc5, no_ematching) chain'.coinduct chain_chain') (3.7 s)
0.sledgehammer goal.by        52571ms Ordered_Resolution_Prover.Lazy_List_Chain 433:14797  some Preplay: (smt (cvc5, best) chain'.coinduct chain_chain') (> 1.0 s, timed out)
0.sledgehammer goal.by        52571ms Ordered_Resolution_Prover.Lazy_List_Chain 433:14797  some Preplay: (smt (cvc5, quant_ind) chain'.coinduct chain_chain') (> 1.0 s, timed out)
0.sledgehammer goal.by        52571ms Ordered_Resolution_Prover.Lazy_List_Chain 433:14797  some Preplay: (smt (cvc5, pre_skolem_quant) chain'.coinduct chain_chain') (failed)
0.sledgehammer goal.proof     14448ms Ordered_Resolution_Prover.Lazy_List_Chain 478:16329  timeout (SH 14448ms): Timed out
0.sledgehammer goal.by        48868ms Ordered_Resolution_Prover.Lazy_List_Chain 501:17036  some (SH 48868ms, ATP 1727ms): Try this: by (smt (cvc5) chain_consE emb.cases emb_wit llast_LCons llast_prepend llist.discI(2) lnull_prepend wit_LCons2 wit_lsingleton)
0.sledgehammer goal.by        48868ms Ordered_Resolution_Prover.Lazy_List_Chain 501:17036  some Preplay: (smt (cvc5, best) chain_consE emb.cases emb_wit llast_LCons llast_prepend llist.discI(2) lnull_prepend wit_LCons2 wit_lsingleton) (> 1.0 s, timed out)
0.sledgehammer goal.by        48868ms Ordered_Resolution_Prover.Lazy_List_Chain 501:17036  some Preplay: (smt (cvc5, no_ematching) chain_consE emb.cases emb_wit llast_LCons llast_prepend llist.discI(2) lnull_prepend wit_LCons2 wit_lsingleton) (> 1.0 s, timed out)
0.sledgehammer goal.by        48868ms Ordered_Resolution_Prover.Lazy_List_Chain 501:17036  some Preplay: (smt (cvc5, no_ematching_enum_inst_sum) chain_consE emb.cases emb_wit llast_LCons llast_prepend llist.discI(2) lnull_prepend wit_LCons2 wit_lsingleton) (> 1.0 s, timed out)
0.sledgehammer goal.by        48868ms Ordered_Resolution_Prover.Lazy_List_Chain 501:17036  some Preplay: (smt (cvc5, trigger_multi) chain_consE emb.cases emb_wit llast_LCons llast_prepend llist.discI(2) lnull_prepend wit_LCons2 wit_lsingleton) (> 1.0 s, timed out)
0.sledgehammer goal.by        48868ms Ordered_Resolution_Prover.Lazy_List_Chain 501:17036  some Preplay: (smt (cvc5, trigger_multi_prio) chain_consE emb.cases emb_wit llast_LCons llast_prepend llist.discI(2) lnull_prepend wit_LCons2 wit_lsingleton) (> 1.0 s, timed out)
0.sledgehammer goal.by        48868ms Ordered_Resolution_Prover.Lazy_List_Chain 501:17036  some Preplay: (smt (cvc5, trigger_cache) chain_consE emb.cases emb_wit llast_LCons llast_prepend llist.discI(2) lnull_prepend wit_LCons2 wit_lsingleton) (> 1.0 s, timed out)
0.sledgehammer goal.by        48868ms Ordered_Resolution_Prover.Lazy_List_Chain 501:17036  some Preplay: (smt (cvc5, trigger_linear) chain_consE emb.cases emb_wit llast_LCons llast_prepend llist.discI(2) lnull_prepend wit_LCons2 wit_lsingleton) (> 1.0 s, timed out)
0.sledgehammer goal.by        48868ms Ordered_Resolution_Prover.Lazy_List_Chain 501:17036  some Preplay: (smt (cvc5, pre_skolem_quant) chain_consE emb.cases emb_wit llast_LCons llast_prepend llist.discI(2) lnull_prepend wit_LCons2 wit_lsingleton) (> 1.0 s, timed out)
0.sledgehammer goal.by        48868ms Ordered_Resolution_Prover.Lazy_List_Chain 501:17036  some Preplay: (smt (cvc5, inst_when_full) chain_consE emb.cases emb_wit llast_LCons llast_prepend llist.discI(2) lnull_prepend wit_LCons2 wit_lsingleton) (> 1.0 s, timed out)
0.sledgehammer goal.by        48868ms Ordered_Resolution_Prover.Lazy_List_Chain 501:17036  some Preplay: (smt (cvc5, no_cbqi) chain_consE emb.cases emb_wit llast_LCons llast_prepend llist.discI(2) lnull_prepend wit_LCons2 wit_lsingleton) (> 1.0 s, timed out)
0.sledgehammer goal.by        48868ms Ordered_Resolution_Prover.Lazy_List_Chain 501:17036  some Preplay: (smt (cvc5, quant_ind) chain_consE emb.cases emb_wit llast_LCons llast_prepend llist.discI(2) lnull_prepend wit_LCons2 wit_lsingleton) (failed)
0.sledgehammer goal.proof     64783ms Ordered_Resolution_Prover.Lazy_List_Chain 568:19582  some (SH 64783ms, ATP 1274ms): Try this: by (smt (cvc5, trigger_cache) emb emb.cases lfinite_lmap llist.simps(13) lmap_eq_LNil lmap_prepend) (3.3 s)
0.sledgehammer goal.proof     64783ms Ordered_Resolution_Prover.Lazy_List_Chain 568:19582  some Preplay: (smt (cvc5, trigger_cache) emb emb.cases lfinite_lmap llist.simps(13) lmap_eq_LNil lmap_prepend) (3.3 s)
0.sledgehammer goal.proof     64783ms Ordered_Resolution_Prover.Lazy_List_Chain 568:19582  some Preplay: (smt (cvc5, best) emb emb.cases lfinite_lmap llist.simps(13) lmap_eq_LNil lmap_prepend) (> 1.0 s, timed out)
0.sledgehammer goal.proof     64783ms Ordered_Resolution_Prover.Lazy_List_Chain 568:19582  some Preplay: (smt (cvc5, no_ematching) emb emb.cases lfinite_lmap llist.simps(13) lmap_eq_LNil lmap_prepend) (> 1.0 s, timed out)
0.sledgehammer goal.proof     64783ms Ordered_Resolution_Prover.Lazy_List_Chain 568:19582  some Preplay: (smt (cvc5, no_ematching_enum_inst_sum) emb emb.cases lfinite_lmap llist.simps(13) lmap_eq_LNil lmap_prepend) (> 1.0 s, timed out)
0.sledgehammer goal.proof     64783ms Ordered_Resolution_Prover.Lazy_List_Chain 568:19582  some Preplay: (smt (cvc5, trigger_multi) emb emb.cases lfinite_lmap llist.simps(13) lmap_eq_LNil lmap_prepend) (> 1.0 s, timed out)
0.sledgehammer goal.proof     64783ms Ordered_Resolution_Prover.Lazy_List_Chain 568:19582  some Preplay: (smt (cvc5, trigger_multi_prio) emb emb.cases lfinite_lmap llist.simps(13) lmap_eq_LNil lmap_prepend) (> 1.0 s, timed out)
0.sledgehammer goal.proof     64783ms Ordered_Resolution_Prover.Lazy_List_Chain 568:19582  some Preplay: (smt (cvc5, trigger_linear) emb emb.cases lfinite_lmap llist.simps(13) lmap_eq_LNil lmap_prepend) (> 1.0 s, timed out)
0.sledgehammer goal.proof     64783ms Ordered_Resolution_Prover.Lazy_List_Chain 568:19582  some Preplay: (smt (cvc5, pre_skolem_quant) emb emb.cases lfinite_lmap llist.simps(13) lmap_eq_LNil lmap_prepend) (> 1.0 s, timed out)
0.sledgehammer goal.proof     64783ms Ordered_Resolution_Prover.Lazy_List_Chain 568:19582  some Preplay: (smt (cvc5, inst_when_full) emb emb.cases lfinite_lmap llist.simps(13) lmap_eq_LNil lmap_prepend) (> 1.0 s, timed out)
0.sledgehammer goal.proof     64783ms Ordered_Resolution_Prover.Lazy_List_Chain 568:19582  some Preplay: (smt (cvc5, no_cbqi) emb emb.cases lfinite_lmap llist.simps(13) lmap_eq_LNil lmap_prepend) (> 1.0 s, timed out)
0.sledgehammer goal.proof     64783ms Ordered_Resolution_Prover.Lazy_List_Chain 568:19582  some Preplay: (smt (cvc5, quant_ind) emb emb.cases lfinite_lmap llist.simps(13) lmap_eq_LNil lmap_prepend) (failed)
0.sledgehammer goal.using     36260ms Ordered_Resolution_Prover.Lazy_List_Chain 642:22036  some (SH 36260ms, ATP 966ms): Try this: by (smt (cvc5) chain.coinduct full full_chain.cases)
0.sledgehammer goal.using     36260ms Ordered_Resolution_Prover.Lazy_List_Chain 642:22036  some Preplay: (smt (cvc5, best) chain.coinduct full full_chain.cases) (> 1.0 s, timed out)
0.sledgehammer goal.using     36260ms Ordered_Resolution_Prover.Lazy_List_Chain 642:22036  some Preplay: (smt (cvc5, no_ematching) chain.coinduct full full_chain.cases) (> 1.0 s, timed out)
0.sledgehammer goal.using     36260ms Ordered_Resolution_Prover.Lazy_List_Chain 642:22036  some Preplay: (smt (cvc5, no_ematching_enum_inst_sum) chain.coinduct full full_chain.cases) (> 1.0 s, timed out)
0.sledgehammer goal.using     36260ms Ordered_Resolution_Prover.Lazy_List_Chain 642:22036  some Preplay: (smt (cvc5, trigger_multi) chain.coinduct full full_chain.cases) (> 1.0 s, timed out)
0.sledgehammer goal.using     36260ms Ordered_Resolution_Prover.Lazy_List_Chain 642:22036  some Preplay: (smt (cvc5, trigger_multi_prio) chain.coinduct full full_chain.cases) (> 1.0 s, timed out)
0.sledgehammer goal.using     36260ms Ordered_Resolution_Prover.Lazy_List_Chain 642:22036  some Preplay: (smt (cvc5, trigger_cache) chain.coinduct full full_chain.cases) (> 1.0 s, timed out)
0.sledgehammer goal.using     36260ms Ordered_Resolution_Prover.Lazy_List_Chain 642:22036  some Preplay: (smt (cvc5, trigger_linear) chain.coinduct full full_chain.cases) (> 1.0 s, timed out)
0.sledgehammer goal.using     36260ms Ordered_Resolution_Prover.Lazy_List_Chain 642:22036  some Preplay: (smt (cvc5, inst_when_full) chain.coinduct full full_chain.cases) (> 1.0 s, timed out)
0.sledgehammer goal.using     36260ms Ordered_Resolution_Prover.Lazy_List_Chain 642:22036  some Preplay: (smt (cvc5, no_cbqi) chain.coinduct full full_chain.cases) (> 1.0 s, timed out)
0.sledgehammer goal.using     36260ms Ordered_Resolution_Prover.Lazy_List_Chain 642:22036  some Preplay: (smt (cvc5, quant_ind) chain.coinduct full full_chain.cases) (> 1.0 s, timed out)
0.sledgehammer goal.using     36260ms Ordered_Resolution_Prover.Lazy_List_Chain 642:22036  some Preplay: (smt (cvc5, pre_skolem_quant) chain.coinduct full full_chain.cases) (failed)
0.sledgehammer goal.by        36823ms Ordered_Resolution_Prover.Lazy_List_Chain 642:22047  some (SH 36822ms, ATP 930ms): Try this: by (smt (cvc5) chain.coinduct full_chain.cases)
0.sledgehammer goal.by        36823ms Ordered_Resolution_Prover.Lazy_List_Chain 642:22047  some Preplay: (smt (cvc5, best) chain.coinduct full_chain.cases) (> 1.0 s, timed out)
0.sledgehammer goal.by        36823ms Ordered_Resolution_Prover.Lazy_List_Chain 642:22047  some Preplay: (smt (cvc5, no_ematching) chain.coinduct full_chain.cases) (> 1.0 s, timed out)
0.sledgehammer goal.by        36823ms Ordered_Resolution_Prover.Lazy_List_Chain 642:22047  some Preplay: (smt (cvc5, no_ematching_enum_inst_sum) chain.coinduct full_chain.cases) (> 1.0 s, timed out)
0.sledgehammer goal.by        36823ms Ordered_Resolution_Prover.Lazy_List_Chain 642:22047  some Preplay: (smt (cvc5, trigger_multi) chain.coinduct full_chain.cases) (> 1.0 s, timed out)
0.sledgehammer goal.by        36823ms Ordered_Resolution_Prover.Lazy_List_Chain 642:22047  some Preplay: (smt (cvc5, trigger_multi_prio) chain.coinduct full_chain.cases) (> 1.0 s, timed out)
0.sledgehammer goal.by        36823ms Ordered_Resolution_Prover.Lazy_List_Chain 642:22047  some Preplay: (smt (cvc5, trigger_cache) chain.coinduct full_chain.cases) (> 1.0 s, timed out)
0.sledgehammer goal.by        36823ms Ordered_Resolution_Prover.Lazy_List_Chain 642:22047  some Preplay: (smt (cvc5, trigger_linear) chain.coinduct full_chain.cases) (> 1.0 s, timed out)
0.sledgehammer goal.by        36823ms Ordered_Resolution_Prover.Lazy_List_Chain 642:22047  some Preplay: (smt (cvc5, inst_when_full) chain.coinduct full_chain.cases) (> 1.0 s, timed out)
0.sledgehammer goal.by        36823ms Ordered_Resolution_Prover.Lazy_List_Chain 642:22047  some Preplay: (smt (cvc5, no_cbqi) chain.coinduct full_chain.cases) (> 1.0 s, timed out)
0.sledgehammer goal.by        36823ms Ordered_Resolution_Prover.Lazy_List_Chain 642:22047  some Preplay: (smt (cvc5, quant_ind) chain.coinduct full_chain.cases) (> 1.0 s, timed out)
0.sledgehammer goal.by        36823ms Ordered_Resolution_Prover.Lazy_List_Chain 642:22047  some Preplay: (smt (cvc5, pre_skolem_quant) chain.coinduct full_chain.cases) (failed)
0.sledgehammer goal.by        13546ms Ordered_Resolution_Prover.Map2 33:1166  timeout (SH 13546ms): Timed out
0.sledgehammer goal.proof     53253ms Ordered_Resolution_Prover.Map2 38:1370  some (SH 53252ms, ATP 828ms): Try this: by (smt (cvc5) Collect_cong assms case_prod_conv length_map length_zip min_less_iff_conj nth_map nth_zip set_conv_nth)
0.sledgehammer goal.proof     53253ms Ordered_Resolution_Prover.Map2 38:1370  some Preplay: (smt (cvc5, best) Collect_cong assms case_prod_conv length_map length_zip min_less_iff_conj nth_map nth_zip set_conv_nth) (> 1.0 s, timed out)
0.sledgehammer goal.proof     53253ms Ordered_Resolution_Prover.Map2 38:1370  some Preplay: (smt (cvc5, no_ematching) Collect_cong assms case_prod_conv length_map length_zip min_less_iff_conj nth_map nth_zip set_conv_nth) (> 1.0 s, timed out)
0.sledgehammer goal.proof     53253ms Ordered_Resolution_Prover.Map2 38:1370  some Preplay: (smt (cvc5, no_ematching_enum_inst_sum) Collect_cong assms case_prod_conv length_map length_zip min_less_iff_conj nth_map nth_zip set_conv_nth) (> 1.0 s, timed out)
0.sledgehammer goal.proof     53253ms Ordered_Resolution_Prover.Map2 38:1370  some Preplay: (smt (cvc5, trigger_multi) Collect_cong assms case_prod_conv length_map length_zip min_less_iff_conj nth_map nth_zip set_conv_nth) (> 1.0 s, timed out)
0.sledgehammer goal.proof     53253ms Ordered_Resolution_Prover.Map2 38:1370  some Preplay: (smt (cvc5, trigger_multi_prio) Collect_cong assms case_prod_conv length_map length_zip min_less_iff_conj nth_map nth_zip set_conv_nth) (> 1.0 s, timed out)
0.sledgehammer goal.proof     53253ms Ordered_Resolution_Prover.Map2 38:1370  some Preplay: (smt (cvc5, trigger_linear) Collect_cong assms case_prod_conv length_map length_zip min_less_iff_conj nth_map nth_zip set_conv_nth) (> 1.0 s, timed out)
0.sledgehammer goal.proof     53253ms Ordered_Resolution_Prover.Map2 38:1370  some Preplay: (smt (cvc5, inst_when_full) Collect_cong assms case_prod_conv length_map length_zip min_less_iff_conj nth_map nth_zip set_conv_nth) (> 1.0 s, timed out)
0.sledgehammer goal.proof     53253ms Ordered_Resolution_Prover.Map2 38:1370  some Preplay: (smt (cvc5, no_cbqi) Collect_cong assms case_prod_conv length_map length_zip min_less_iff_conj nth_map nth_zip set_conv_nth) (> 1.0 s, timed out)
0.sledgehammer goal.proof     53253ms Ordered_Resolution_Prover.Map2 38:1370  some Preplay: (smt (cvc5, quant_ind) Collect_cong assms case_prod_conv length_map length_zip min_less_iff_conj nth_map nth_zip set_conv_nth) (> 1.0 s, timed out)
0.sledgehammer goal.proof     53253ms Ordered_Resolution_Prover.Map2 38:1370  some Preplay: (smt (cvc5, trigger_cache) Collect_cong assms case_prod_conv length_map length_zip min_less_iff_conj nth_map nth_zip set_conv_nth) (failed)
0.sledgehammer goal.proof     53253ms Ordered_Resolution_Prover.Map2 38:1370  some Preplay: (smt (cvc5, pre_skolem_quant) Collect_cong assms case_prod_conv length_map length_zip min_less_iff_conj nth_map nth_zip set_conv_nth) (failed)
0.sledgehammer goal.using     46961ms Ordered_Resolution_Prover.Abstract_Substitution 250:8488  some (SH 46960ms, ATP 234ms): Try this: by (smt (cvc5, quant_ind) comp_substs_def list.map_ident_strong map2_map_map map_replicate_const substitution.id_subst_comp_subst substitution_axioms) (1.6 s)
0.sledgehammer goal.using     46961ms Ordered_Resolution_Prover.Abstract_Substitution 250:8488  some Preplay: (smt (cvc5, quant_ind) comp_substs_def list.map_ident_strong map2_map_map map_replicate_const substitution.id_subst_comp_subst substitution_axioms) (1.6 s)
0.sledgehammer goal.using     46961ms Ordered_Resolution_Prover.Abstract_Substitution 250:8488  some Preplay: (smt (cvc5, trigger_cache) comp_substs_def list.map_ident_strong map2_map_map map_replicate_const substitution.id_subst_comp_subst substitution_axioms) (2.1 s)
0.sledgehammer goal.using     46961ms Ordered_Resolution_Prover.Abstract_Substitution 250:8488  some Preplay: (smt (cvc5, best) comp_substs_def list.map_ident_strong map2_map_map map_replicate_const substitution.id_subst_comp_subst substitution_axioms) (> 1.0 s, timed out)
0.sledgehammer goal.using     46961ms Ordered_Resolution_Prover.Abstract_Substitution 250:8488  some Preplay: (smt (cvc5, no_ematching) comp_substs_def list.map_ident_strong map2_map_map map_replicate_const substitution.id_subst_comp_subst substitution_axioms) (> 1.0 s, timed out)
0.sledgehammer goal.using     46961ms Ordered_Resolution_Prover.Abstract_Substitution 250:8488  some Preplay: (smt (cvc5, no_ematching_enum_inst_sum) comp_substs_def list.map_ident_strong map2_map_map map_replicate_const substitution.id_subst_comp_subst substitution_axioms) (> 1.0 s, timed out)
0.sledgehammer goal.using     46961ms Ordered_Resolution_Prover.Abstract_Substitution 250:8488  some Preplay: (smt (cvc5, trigger_multi) comp_substs_def list.map_ident_strong map2_map_map map_replicate_const substitution.id_subst_comp_subst substitution_axioms) (> 1.0 s, timed out)
0.sledgehammer goal.using     46961ms Ordered_Resolution_Prover.Abstract_Substitution 250:8488  some Preplay: (smt (cvc5, trigger_multi_prio) comp_substs_def list.map_ident_strong map2_map_map map_replicate_const substitution.id_subst_comp_subst substitution_axioms) (> 1.0 s, timed out)
0.sledgehammer goal.using     46961ms Ordered_Resolution_Prover.Abstract_Substitution 250:8488  some Preplay: (smt (cvc5, trigger_linear) comp_substs_def list.map_ident_strong map2_map_map map_replicate_const substitution.id_subst_comp_subst substitution_axioms) (> 1.0 s, timed out)
0.sledgehammer goal.using     46961ms Ordered_Resolution_Prover.Abstract_Substitution 250:8488  some Preplay: (smt (cvc5, inst_when_full) comp_substs_def list.map_ident_strong map2_map_map map_replicate_const substitution.id_subst_comp_subst substitution_axioms) (> 1.0 s, timed out)
0.sledgehammer goal.using     46961ms Ordered_Resolution_Prover.Abstract_Substitution 250:8488  some Preplay: (smt (cvc5, no_cbqi) comp_substs_def list.map_ident_strong map2_map_map map_replicate_const substitution.id_subst_comp_subst substitution_axioms) (> 1.0 s, timed out)
0.sledgehammer goal.using     46961ms Ordered_Resolution_Prover.Abstract_Substitution 250:8488  some Preplay: (smt (cvc5, pre_skolem_quant) comp_substs_def list.map_ident_strong map2_map_map map_replicate_const substitution.id_subst_comp_subst substitution_axioms) (failed)
0.sledgehammer goal.by        12826ms Ordered_Resolution_Prover.Abstract_Substitution 250:8510  timeout (SH 12826ms): Timed out
0.sledgehammer goal.by        53500ms Ordered_Resolution_Prover.Abstract_Substitution 271:9292  some (SH 53499ms, ATP 1947ms): Try this: by (smt (cvc5) fst_def image_iff length_replicate list.set_map list.set_map map_eq_conv map_fst_zip map_replicate_const map_replicate_const set_zip_rightD split_cong subst_atm_mset_id_subst)
0.sledgehammer goal.by        53500ms Ordered_Resolution_Prover.Abstract_Substitution 271:9292  some Preplay: (smt (cvc5, best) fst_def image_iff length_replicate list.set_map map_eq_conv map_fst_zip map_replicate_const set_zip_rightD split_cong subst_atm_mset_id_subst) (> 1.0 s, timed out)
0.sledgehammer goal.by        53500ms Ordered_Resolution_Prover.Abstract_Substitution 271:9292  some Preplay: (smt (cvc5, no_ematching) fst_def image_iff length_replicate list.set_map map_eq_conv map_fst_zip map_replicate_const set_zip_rightD split_cong subst_atm_mset_id_subst) (> 1.0 s, timed out)
0.sledgehammer goal.by        53500ms Ordered_Resolution_Prover.Abstract_Substitution 271:9292  some Preplay: (smt (cvc5, no_ematching_enum_inst_sum) fst_def image_iff length_replicate list.set_map map_eq_conv map_fst_zip map_replicate_const set_zip_rightD split_cong subst_atm_mset_id_subst) (> 1.0 s, timed out)
0.sledgehammer goal.by        53500ms Ordered_Resolution_Prover.Abstract_Substitution 271:9292  some Preplay: (smt (cvc5, trigger_multi) fst_def image_iff length_replicate list.set_map map_eq_conv map_fst_zip map_replicate_const set_zip_rightD split_cong subst_atm_mset_id_subst) (> 1.0 s, timed out)
0.sledgehammer goal.by        53500ms Ordered_Resolution_Prover.Abstract_Substitution 271:9292  some Preplay: (smt (cvc5, trigger_multi_prio) fst_def image_iff length_replicate list.set_map map_eq_conv map_fst_zip map_replicate_const set_zip_rightD split_cong subst_atm_mset_id_subst) (> 1.0 s, timed out)
0.sledgehammer goal.by        53500ms Ordered_Resolution_Prover.Abstract_Substitution 271:9292  some Preplay: (smt (cvc5, trigger_cache) fst_def image_iff length_replicate list.set_map map_eq_conv map_fst_zip map_replicate_const set_zip_rightD split_cong subst_atm_mset_id_subst) (> 1.0 s, timed out)
0.sledgehammer goal.by        53500ms Ordered_Resolution_Prover.Abstract_Substitution 271:9292  some Preplay: (smt (cvc5, trigger_linear) fst_def image_iff length_replicate list.set_map map_eq_conv map_fst_zip map_replicate_const set_zip_rightD split_cong subst_atm_mset_id_subst) (> 1.0 s, timed out)
0.sledgehammer goal.by        53500ms Ordered_Resolution_Prover.Abstract_Substitution 271:9292  some Preplay: (smt (cvc5, inst_when_full) fst_def image_iff length_replicate list.set_map map_eq_conv map_fst_zip map_replicate_const set_zip_rightD split_cong subst_atm_mset_id_subst) (> 1.0 s, timed out)
0.sledgehammer goal.by        53500ms Ordered_Resolution_Prover.Abstract_Substitution 271:9292  some Preplay: (smt (cvc5, no_cbqi) fst_def image_iff length_replicate list.set_map map_eq_conv map_fst_zip map_replicate_const set_zip_rightD split_cong subst_atm_mset_id_subst) (> 1.0 s, timed out)
0.sledgehammer goal.by        53500ms Ordered_Resolution_Prover.Abstract_Substitution 271:9292  some Preplay: (smt (cvc5, pre_skolem_quant) fst_def image_iff length_replicate list.set_map map_eq_conv map_fst_zip map_replicate_const set_zip_rightD split_cong subst_atm_mset_id_subst) (failed)
0.sledgehammer goal.by        53500ms Ordered_Resolution_Prover.Abstract_Substitution 271:9292  some Preplay: (smt (cvc5, quant_ind) fst_def image_iff length_replicate list.set_map map_eq_conv map_fst_zip map_replicate_const set_zip_rightD split_cong subst_atm_mset_id_subst) (failed)
0.sledgehammer goal.unfolding 12488ms Ordered_Resolution_Prover.Abstract_Substitution 304:10318  timeout (SH 12488ms): Timed out
0.sledgehammer goal.unfolding 13514ms Ordered_Resolution_Prover.Abstract_Substitution 326:11216  timeout (SH 13514ms): Timed out
0.sledgehammer goal.unfolding 54820ms Ordered_Resolution_Prover.Abstract_Substitution 380:13120  timeout (SH 54820ms):
0.sledgehammer goal.proof     12463ms Ordered_Resolution_Prover.Abstract_Substitution 849:30783  timeout (SH 12462ms): Timed out
0.sledgehammer goal.unfolding 54174ms Ordered_Resolution_Prover.Abstract_Substitution 963:35436  timeout (SH 54174ms):
0.sledgehammer goal.by        42861ms Ordered_Resolution_Prover.Abstract_Substitution 978:36080  some (SH 42860ms, ATP 607ms): Try this: by (smt (cvc5, pre_skolem_quant) is_ground_cls_if_in_grounding_of_cls is_ground_subst_cls mem_Collect_eq) (440 ms)
0.sledgehammer goal.by        42861ms Ordered_Resolution_Prover.Abstract_Substitution 978:36080  some Preplay: (smt (cvc5, pre_skolem_quant) is_ground_cls_if_in_grounding_of_cls is_ground_subst_cls mem_Collect_eq) (440 ms)
0.sledgehammer goal.by        42861ms Ordered_Resolution_Prover.Abstract_Substitution 978:36080  some Preplay: (smt (cvc5, best) is_ground_cls_if_in_grounding_of_cls is_ground_subst_cls mem_Collect_eq) (454 ms)
0.sledgehammer goal.by        42861ms Ordered_Resolution_Prover.Abstract_Substitution 978:36080  some Preplay: (smt (cvc5, trigger_multi_prio) is_ground_cls_if_in_grounding_of_cls is_ground_subst_cls mem_Collect_eq) (467 ms)
0.sledgehammer goal.by        42861ms Ordered_Resolution_Prover.Abstract_Substitution 978:36080  some Preplay: (smt (cvc5, trigger_cache) is_ground_cls_if_in_grounding_of_cls is_ground_subst_cls mem_Collect_eq) (471 ms)
0.sledgehammer goal.by        42861ms Ordered_Resolution_Prover.Abstract_Substitution 978:36080  some Preplay: (smt (cvc5, trigger_linear) is_ground_cls_if_in_grounding_of_cls is_ground_subst_cls mem_Collect_eq) (603 ms)
0.sledgehammer goal.by        42861ms Ordered_Resolution_Prover.Abstract_Substitution 978:36080  some Preplay: (smt (cvc5, inst_when_full) is_ground_cls_if_in_grounding_of_cls is_ground_subst_cls mem_Collect_eq) (665 ms)
0.sledgehammer goal.by        42861ms Ordered_Resolution_Prover.Abstract_Substitution 978:36080  some Preplay: (smt (cvc5, trigger_multi) is_ground_cls_if_in_grounding_of_cls is_ground_subst_cls mem_Collect_eq) (725 ms)
0.sledgehammer goal.by        42861ms Ordered_Resolution_Prover.Abstract_Substitution 978:36080  some Preplay: (smt (cvc5, no_ematching) is_ground_cls_if_in_grounding_of_cls is_ground_subst_cls mem_Collect_eq) (failed)
0.sledgehammer goal.by        42861ms Ordered_Resolution_Prover.Abstract_Substitution 978:36080  some Preplay: (smt (cvc5, no_ematching_enum_inst_sum) is_ground_cls_if_in_grounding_of_cls is_ground_subst_cls mem_Collect_eq) (failed)
0.sledgehammer goal.by        42861ms Ordered_Resolution_Prover.Abstract_Substitution 978:36080  some Preplay: (smt (cvc5, no_cbqi) is_ground_cls_if_in_grounding_of_cls is_ground_subst_cls mem_Collect_eq) (failed)
0.sledgehammer goal.by        42861ms Ordered_Resolution_Prover.Abstract_Substitution 978:36080  some Preplay: (smt (cvc5, quant_ind) is_ground_cls_if_in_grounding_of_cls is_ground_subst_cls mem_Collect_eq) (failed)
0.sledgehammer goal.by        14511ms Ordered_Resolution_Prover.FO_Ordered_Resolution 98:4032  timeout (SH 14511ms): Timed out
0.sledgehammer goal.using     14091ms Ordered_Resolution_Prover.FO_Ordered_Resolution 245:9300  timeout (SH 14091ms): Timed out
0.sledgehammer goal.by        14557ms Ordered_Resolution_Prover.FO_Ordered_Resolution 246:9347  timeout (SH 14557ms): Timed out
0.sledgehammer goal.proof     13885ms Ordered_Resolution_Prover.FO_Ordered_Resolution 355:13050  timeout (SH 13885ms): Timed out
0.sledgehammer goal.by        65136ms Ordered_Resolution_Prover.FO_Ordered_Resolution 420:15635  timeout (SH 65136ms):
0.sledgehammer goal.using     39248ms Ordered_Resolution_Prover.FO_Ordered_Resolution 434:16060  some (SH 39248ms, ATP 133ms): Try this: by (smt (cvc5, best) ord_resolve_rename_unique res_e the_equality) (382 ms)
0.sledgehammer goal.using     39248ms Ordered_Resolution_Prover.FO_Ordered_Resolution 434:16060  some Preplay: (smt (cvc5, best) ord_resolve_rename_unique res_e the_equality) (382 ms)
0.sledgehammer goal.using     39248ms Ordered_Resolution_Prover.FO_Ordered_Resolution 434:16060  some Preplay: (smt (cvc5, trigger_multi_prio) ord_resolve_rename_unique res_e the_equality) (891 ms)
0.sledgehammer goal.using     39248ms Ordered_Resolution_Prover.FO_Ordered_Resolution 434:16060  some Preplay: (smt (cvc5, trigger_cache) ord_resolve_rename_unique res_e the_equality) (915 ms)
0.sledgehammer goal.using     39248ms Ordered_Resolution_Prover.FO_Ordered_Resolution 434:16060  some Preplay: (smt (cvc5, no_ematching) ord_resolve_rename_unique res_e the_equality) (917 ms)
0.sledgehammer goal.using     39248ms Ordered_Resolution_Prover.FO_Ordered_Resolution 434:16060  some Preplay: (smt (cvc5, no_ematching_enum_inst_sum) ord_resolve_rename_unique res_e the_equality) (979 ms)
0.sledgehammer goal.using     39248ms Ordered_Resolution_Prover.FO_Ordered_Resolution 434:16060  some Preplay: (smt (cvc5, trigger_linear) ord_resolve_rename_unique res_e the_equality) (1.1 s)
0.sledgehammer goal.using     39248ms Ordered_Resolution_Prover.FO_Ordered_Resolution 434:16060  some Preplay: (smt (cvc5, inst_when_full) ord_resolve_rename_unique res_e the_equality) (1.1 s)
0.sledgehammer goal.using     39248ms Ordered_Resolution_Prover.FO_Ordered_Resolution 434:16060  some Preplay: (smt (cvc5, no_cbqi) ord_resolve_rename_unique res_e the_equality) (1.6 s)
0.sledgehammer goal.using     39248ms Ordered_Resolution_Prover.FO_Ordered_Resolution 434:16060  some Preplay: (smt (cvc5, trigger_multi) ord_resolve_rename_unique res_e the_equality) (> 382 ms, timed out)
0.sledgehammer goal.using     39248ms Ordered_Resolution_Prover.FO_Ordered_Resolution 434:16060  some Preplay: (smt (cvc5, pre_skolem_quant) ord_resolve_rename_unique res_e the_equality) (failed)
0.sledgehammer goal.using     39248ms Ordered_Resolution_Prover.FO_Ordered_Resolution 434:16060  some Preplay: (smt (cvc5, quant_ind) ord_resolve_rename_unique res_e the_equality) (failed)
0.sledgehammer goal.by        13344ms Ordered_Resolution_Prover.FO_Ordered_Resolution 434:16098  some (SH 13344ms, ATP 120ms): Try this: by (smt (cvc5, trigger_linear) the_equality) (862 ms)
0.sledgehammer goal.by        13344ms Ordered_Resolution_Prover.FO_Ordered_Resolution 434:16098  some Preplay: (smt (cvc5, trigger_linear) the_equality) (862 ms)
0.sledgehammer goal.by        13344ms Ordered_Resolution_Prover.FO_Ordered_Resolution 434:16098  some Preplay: (smt (cvc5, trigger_multi) the_equality) (917 ms)
0.sledgehammer goal.by        13344ms Ordered_Resolution_Prover.FO_Ordered_Resolution 434:16098  some Preplay: (smt (cvc5, trigger_cache) the_equality) (935 ms)
0.sledgehammer goal.by        13344ms Ordered_Resolution_Prover.FO_Ordered_Resolution 434:16098  some Preplay: (smt (cvc5, best) the_equality) (966 ms)
0.sledgehammer goal.by        13344ms Ordered_Resolution_Prover.FO_Ordered_Resolution 434:16098  some Preplay: (smt (cvc5, no_ematching_enum_inst_sum) the_equality) (976 ms)
0.sledgehammer goal.by        13344ms Ordered_Resolution_Prover.FO_Ordered_Resolution 434:16098  some Preplay: (smt (cvc5, trigger_multi_prio) the_equality) (978 ms)
0.sledgehammer goal.by        13344ms Ordered_Resolution_Prover.FO_Ordered_Resolution 434:16098  some Preplay: (smt (cvc5, inst_when_full) the_equality) (1.0 s)
0.sledgehammer goal.by        13344ms Ordered_Resolution_Prover.FO_Ordered_Resolution 434:16098  some Preplay: (smt (cvc5, no_cbqi) the_equality) (1.7 s)
0.sledgehammer goal.by        13344ms Ordered_Resolution_Prover.FO_Ordered_Resolution 434:16098  some Preplay: (smt (cvc5, no_ematching) the_equality) (2.0 s)
0.sledgehammer goal.by        13344ms Ordered_Resolution_Prover.FO_Ordered_Resolution 434:16098  some Preplay: (smt (cvc5, pre_skolem_quant) the_equality) (failed)
0.sledgehammer goal.by        13344ms Ordered_Resolution_Prover.FO_Ordered_Resolution 434:16098  some Preplay: (smt (cvc5, quant_ind) the_equality) (failed)
0.sledgehammer goal.using     17762ms Ordered_Resolution_Prover.FO_Ordered_Resolution 437:16209  timeout (SH 17762ms): Timed out
0.sledgehammer goal.by        55784ms Ordered_Resolution_Prover.FO_Ordered_Resolution 439:16302  timeout (SH 55784ms):
0.sledgehammer goal.using     13489ms Ordered_Resolution_Prover.FO_Ordered_Resolution 509:18871  timeout (SH 13489ms): Timed out
0.sledgehammer goal.by        43089ms Ordered_Resolution_Prover.FO_Ordered_Resolution 510:18932  some (SH 43089ms, ATP 1829ms): Try this: by (smt (cvc5) in_set_conv_nth length_map list.set_map mset_subset_eqD multiset.set_map neg_lit_in_atms_of nth_map nth_mem_mset set_mset_mset set_mset_mset subsetI subst_atm_list_length)
0.sledgehammer goal.by        43089ms Ordered_Resolution_Prover.FO_Ordered_Resolution 510:18932  some Preplay: (smt (cvc5, best) in_set_conv_nth length_map list.set_map mset_subset_eqD multiset.set_map neg_lit_in_atms_of nth_map nth_mem_mset set_mset_mset set_mset_mset subsetI subst_atm_list_length) (> 1.0 s, timed out)
0.sledgehammer goal.by        43089ms Ordered_Resolution_Prover.FO_Ordered_Resolution 510:18932  some Preplay: (smt (cvc5, no_ematching) in_set_conv_nth length_map list.set_map mset_subset_eqD multiset.set_map neg_lit_in_atms_of nth_map nth_mem_mset set_mset_mset set_mset_mset subsetI subst_atm_list_length) (> 1.0 s, timed out)
0.sledgehammer goal.by        43089ms Ordered_Resolution_Prover.FO_Ordered_Resolution 510:18932  some Preplay: (smt (cvc5, no_ematching_enum_inst_sum) in_set_conv_nth length_map list.set_map mset_subset_eqD multiset.set_map neg_lit_in_atms_of nth_map nth_mem_mset set_mset_mset set_mset_mset subsetI subst_atm_list_length) (> 1.0 s, timed out)
0.sledgehammer goal.by        43089ms Ordered_Resolution_Prover.FO_Ordered_Resolution 510:18932  some Preplay: (smt (cvc5, trigger_multi) in_set_conv_nth length_map list.set_map mset_subset_eqD multiset.set_map neg_lit_in_atms_of nth_map nth_mem_mset set_mset_mset set_mset_mset subsetI subst_atm_list_length) (> 1.0 s, timed out)
0.sledgehammer goal.by        43089ms Ordered_Resolution_Prover.FO_Ordered_Resolution 510:18932  some Preplay: (smt (cvc5, trigger_multi_prio) in_set_conv_nth length_map list.set_map mset_subset_eqD multiset.set_map neg_lit_in_atms_of nth_map nth_mem_mset set_mset_mset set_mset_mset subsetI subst_atm_list_length) (> 1.0 s, timed out)
0.sledgehammer goal.by        43089ms Ordered_Resolution_Prover.FO_Ordered_Resolution 510:18932  some Preplay: (smt (cvc5, trigger_cache) in_set_conv_nth length_map list.set_map mset_subset_eqD multiset.set_map neg_lit_in_atms_of nth_map nth_mem_mset set_mset_mset set_mset_mset subsetI subst_atm_list_length) (> 1.0 s, timed out)
0.sledgehammer goal.by        43089ms Ordered_Resolution_Prover.FO_Ordered_Resolution 510:18932  some Preplay: (smt (cvc5, trigger_linear) in_set_conv_nth length_map list.set_map mset_subset_eqD multiset.set_map neg_lit_in_atms_of nth_map nth_mem_mset set_mset_mset set_mset_mset subsetI subst_atm_list_length) (> 1.0 s, timed out)
0.sledgehammer goal.by        43089ms Ordered_Resolution_Prover.FO_Ordered_Resolution 510:18932  some Preplay: (smt (cvc5, inst_when_full) in_set_conv_nth length_map list.set_map mset_subset_eqD multiset.set_map neg_lit_in_atms_of nth_map nth_mem_mset set_mset_mset set_mset_mset subsetI subst_atm_list_length) (> 1.0 s, timed out)
0.sledgehammer goal.by        43089ms Ordered_Resolution_Prover.FO_Ordered_Resolution 510:18932  some Preplay: (smt (cvc5, no_cbqi) in_set_conv_nth length_map list.set_map mset_subset_eqD multiset.set_map neg_lit_in_atms_of nth_map nth_mem_mset set_mset_mset set_mset_mset subsetI subst_atm_list_length) (> 1.0 s, timed out)
0.sledgehammer goal.by        43089ms Ordered_Resolution_Prover.FO_Ordered_Resolution 510:18932  some Preplay: (smt (cvc5, pre_skolem_quant) in_set_conv_nth length_map list.set_map mset_subset_eqD multiset.set_map neg_lit_in_atms_of nth_map nth_mem_mset set_mset_mset set_mset_mset subsetI subst_atm_list_length) (failed)
0.sledgehammer goal.by        43089ms Ordered_Resolution_Prover.FO_Ordered_Resolution 510:18932  some Preplay: (smt (cvc5, quant_ind) in_set_conv_nth length_map list.set_map mset_subset_eqD multiset.set_map neg_lit_in_atms_of nth_map nth_mem_mset set_mset_mset set_mset_mset subsetI subst_atm_list_length) (failed)
0.sledgehammer goal.by        42204ms Ordered_Resolution_Prover.FO_Ordered_Resolution 527:19582  some (SH 42204ms, ATP 1338ms): Try this: by (smt (cvc5) Collect_mono_iff insert_subset sup.bounded_iff)
0.sledgehammer goal.by        42204ms Ordered_Resolution_Prover.FO_Ordered_Resolution 527:19582  some Preplay: (smt (cvc5, best) Collect_mono_iff insert_subset sup.bounded_iff) (> 1.0 s, timed out)
0.sledgehammer goal.by        42204ms Ordered_Resolution_Prover.FO_Ordered_Resolution 527:19582  some Preplay: (smt (cvc5, no_ematching) Collect_mono_iff insert_subset sup.bounded_iff) (> 1.0 s, timed out)
0.sledgehammer goal.by        42204ms Ordered_Resolution_Prover.FO_Ordered_Resolution 527:19582  some Preplay: (smt (cvc5, no_ematching_enum_inst_sum) Collect_mono_iff insert_subset sup.bounded_iff) (> 1.0 s, timed out)
0.sledgehammer goal.by        42204ms Ordered_Resolution_Prover.FO_Ordered_Resolution 527:19582  some Preplay: (smt (cvc5, trigger_multi) Collect_mono_iff insert_subset sup.bounded_iff) (> 1.0 s, timed out)
0.sledgehammer goal.by        42204ms Ordered_Resolution_Prover.FO_Ordered_Resolution 527:19582  some Preplay: (smt (cvc5, trigger_multi_prio) Collect_mono_iff insert_subset sup.bounded_iff) (> 1.0 s, timed out)
0.sledgehammer goal.by        42204ms Ordered_Resolution_Prover.FO_Ordered_Resolution 527:19582  some Preplay: (smt (cvc5, trigger_cache) Collect_mono_iff insert_subset sup.bounded_iff) (> 1.0 s, timed out)
0.sledgehammer goal.by        42204ms Ordered_Resolution_Prover.FO_Ordered_Resolution 527:19582  some Preplay: (smt (cvc5, trigger_linear) Collect_mono_iff insert_subset sup.bounded_iff) (> 1.0 s, timed out)
0.sledgehammer goal.by        42204ms Ordered_Resolution_Prover.FO_Ordered_Resolution 527:19582  some Preplay: (smt (cvc5, pre_skolem_quant) Collect_mono_iff insert_subset sup.bounded_iff) (> 1.0 s, timed out)
0.sledgehammer goal.by        42204ms Ordered_Resolution_Prover.FO_Ordered_Resolution 527:19582  some Preplay: (smt (cvc5, inst_when_full) Collect_mono_iff insert_subset sup.bounded_iff) (> 1.0 s, timed out)
0.sledgehammer goal.by        42204ms Ordered_Resolution_Prover.FO_Ordered_Resolution 527:19582  some Preplay: (smt (cvc5, no_cbqi) Collect_mono_iff insert_subset sup.bounded_iff) (> 1.0 s, timed out)
0.sledgehammer goal.by        42204ms Ordered_Resolution_Prover.FO_Ordered_Resolution 527:19582  some Preplay: (smt (cvc5, quant_ind) Collect_mono_iff insert_subset sup.bounded_iff) (> 1.0 s, timed out)
0.sledgehammer goal.proof     13746ms Ordered_Resolution_Prover.FO_Ordered_Resolution 598:21688  timeout (SH 13746ms): Timed out
0.sledgehammer goal.using     13744ms Ordered_Resolution_Prover.FO_Ordered_Resolution 693:25409  timeout (SH 13744ms): Timed out
0.sledgehammer goal.by        15224ms Ordered_Resolution_Prover.FO_Ordered_Resolution 693:25423  timeout (SH 15223ms): Timed out
0.sledgehammer goal.using     14060ms Ordered_Resolution_Prover.FO_Ordered_Resolution 1064:39871  timeout (SH 14060ms): Timed out
0.sledgehammer goal.by        43147ms Ordered_Resolution_Prover.FO_Ordered_Resolution 1155:43309  some (SH 43147ms, ATP 616ms): Try this: by (smt (cvc5) image_cong image_image image_image list.set_map multiset.set_map)
0.sledgehammer goal.by        43147ms Ordered_Resolution_Prover.FO_Ordered_Resolution 1155:43309  some Preplay: (smt (cvc5, best) image_cong image_image list.set_map multiset.set_map) (> 1.0 s, timed out)
0.sledgehammer goal.by        43147ms Ordered_Resolution_Prover.FO_Ordered_Resolution 1155:43309  some Preplay: (smt (cvc5, no_ematching) image_cong image_image list.set_map multiset.set_map) (> 1.0 s, timed out)
0.sledgehammer goal.by        43147ms Ordered_Resolution_Prover.FO_Ordered_Resolution 1155:43309  some Preplay: (smt (cvc5, no_ematching_enum_inst_sum) image_cong image_image list.set_map multiset.set_map) (> 1.0 s, timed out)
0.sledgehammer goal.by        43147ms Ordered_Resolution_Prover.FO_Ordered_Resolution 1155:43309  some Preplay: (smt (cvc5, trigger_multi) image_cong image_image list.set_map multiset.set_map) (> 1.0 s, timed out)
0.sledgehammer goal.by        43147ms Ordered_Resolution_Prover.FO_Ordered_Resolution 1155:43309  some Preplay: (smt (cvc5, trigger_multi_prio) image_cong image_image list.set_map multiset.set_map) (> 1.0 s, timed out)
0.sledgehammer goal.by        43147ms Ordered_Resolution_Prover.FO_Ordered_Resolution 1155:43309  some Preplay: (smt (cvc5, trigger_cache) image_cong image_image list.set_map multiset.set_map) (> 1.0 s, timed out)
0.sledgehammer goal.by        43147ms Ordered_Resolution_Prover.FO_Ordered_Resolution 1155:43309  some Preplay: (smt (cvc5, trigger_linear) image_cong image_image list.set_map multiset.set_map) (> 1.0 s, timed out)
0.sledgehammer goal.by        43147ms Ordered_Resolution_Prover.FO_Ordered_Resolution 1155:43309  some Preplay: (smt (cvc5, inst_when_full) image_cong image_image list.set_map multiset.set_map) (> 1.0 s, timed out)
0.sledgehammer goal.by        43147ms Ordered_Resolution_Prover.FO_Ordered_Resolution 1155:43309  some Preplay: (smt (cvc5, no_cbqi) image_cong image_image list.set_map multiset.set_map) (> 1.0 s, timed out)
0.sledgehammer goal.by        43147ms Ordered_Resolution_Prover.FO_Ordered_Resolution 1155:43309  some Preplay: (smt (cvc5, quant_ind) image_cong image_image list.set_map multiset.set_map) (> 1.0 s, timed out)
0.sledgehammer goal.by        43147ms Ordered_Resolution_Prover.FO_Ordered_Resolution 1155:43309  some Preplay: (smt (cvc5, pre_skolem_quant) image_cong image_image list.set_map multiset.set_map) (failed)
0.sledgehammer goal.using     92840ms Ordered_Resolution_Prover.FO_Ordered_Resolution 1163:43677  some (SH 92840ms, ATP 359ms): Try this: by (smt (cvc5, trigger_cache) image_iff list.set_finite list.set_map mgu_complete multiset.set_finite) (451 ms)
0.sledgehammer goal.using     92840ms Ordered_Resolution_Prover.FO_Ordered_Resolution 1163:43677  some Preplay: (smt (cvc5, trigger_cache) image_iff list.set_finite list.set_map mgu_complete multiset.set_finite) (451 ms)
0.sledgehammer goal.using     92840ms Ordered_Resolution_Prover.FO_Ordered_Resolution 1163:43677  some Preplay: (smt (cvc5, trigger_multi_prio) image_iff list.set_finite list.set_map mgu_complete multiset.set_finite) (468 ms)
0.sledgehammer goal.using     92840ms Ordered_Resolution_Prover.FO_Ordered_Resolution 1163:43677  some Preplay: (smt (cvc5, best) image_iff list.set_finite list.set_map mgu_complete multiset.set_finite) (1.2 s)
0.sledgehammer goal.using     92840ms Ordered_Resolution_Prover.FO_Ordered_Resolution 1163:43677  some Preplay: (smt (cvc5, trigger_multi) image_iff list.set_finite list.set_map mgu_complete multiset.set_finite) (1.4 s)
0.sledgehammer goal.using     92840ms Ordered_Resolution_Prover.FO_Ordered_Resolution 1163:43677  some Preplay: (smt (cvc5, trigger_linear) image_iff list.set_finite list.set_map mgu_complete multiset.set_finite) (> 451 ms, timed out)
0.sledgehammer goal.using     92840ms Ordered_Resolution_Prover.FO_Ordered_Resolution 1163:43677  some Preplay: (smt (cvc5, no_cbqi) image_iff list.set_finite list.set_map mgu_complete multiset.set_finite) (> 451 ms, timed out)
0.sledgehammer goal.using     92840ms Ordered_Resolution_Prover.FO_Ordered_Resolution 1163:43677  some Preplay: (smt (cvc5, quant_ind) image_iff list.set_finite list.set_map mgu_complete multiset.set_finite) (> 451 ms, timed out)
0.sledgehammer goal.using     92840ms Ordered_Resolution_Prover.FO_Ordered_Resolution 1163:43677  some Preplay: (smt (cvc5, no_ematching) image_iff list.set_finite list.set_map mgu_complete multiset.set_finite) (> 1.0 s, timed out)
0.sledgehammer goal.using     92840ms Ordered_Resolution_Prover.FO_Ordered_Resolution 1163:43677  some Preplay: (smt (cvc5, no_ematching_enum_inst_sum) image_iff list.set_finite list.set_map mgu_complete multiset.set_finite) (> 1.0 s, timed out)
0.sledgehammer goal.using     92840ms Ordered_Resolution_Prover.FO_Ordered_Resolution 1163:43677  some Preplay: (smt (cvc5, pre_skolem_quant) image_iff list.set_finite list.set_map mgu_complete multiset.set_finite) (failed)
0.sledgehammer goal.using     92840ms Ordered_Resolution_Prover.FO_Ordered_Resolution 1163:43677  some Preplay: (smt (cvc5, inst_when_full) image_iff list.set_finite list.set_map mgu_complete multiset.set_finite) (failed)
0.sledgehammer goal.by        56949ms Ordered_Resolution_Prover.FO_Ordered_Resolution 1164:43702  some (SH 56949ms, ATP 184ms): Try this: by (smt (cvc5, trigger_multi_prio) List.finite_set finite_set_mset image_iff list.set_map) (435 ms)
0.sledgehammer goal.by        56949ms Ordered_Resolution_Prover.FO_Ordered_Resolution 1164:43702  some Preplay: (smt (cvc5, trigger_multi_prio) List.finite_set finite_set_mset image_iff list.set_map) (435 ms)
0.sledgehammer goal.by        56949ms Ordered_Resolution_Prover.FO_Ordered_Resolution 1164:43702  some Preplay: (smt (cvc5, trigger_cache) List.finite_set finite_set_mset image_iff list.set_map) (605 ms)
0.sledgehammer goal.by        56949ms Ordered_Resolution_Prover.FO_Ordered_Resolution 1164:43702  some Preplay: (smt (cvc5, trigger_multi) List.finite_set finite_set_mset image_iff list.set_map) (1.1 s)
0.sledgehammer goal.by        56949ms Ordered_Resolution_Prover.FO_Ordered_Resolution 1164:43702  some Preplay: (smt (cvc5, best) List.finite_set finite_set_mset image_iff list.set_map) (1.3 s)
0.sledgehammer goal.by        56949ms Ordered_Resolution_Prover.FO_Ordered_Resolution 1164:43702  some Preplay: (smt (cvc5, trigger_linear) List.finite_set finite_set_mset image_iff list.set_map) (> 435 ms, timed out)
0.sledgehammer goal.by        56949ms Ordered_Resolution_Prover.FO_Ordered_Resolution 1164:43702  some Preplay: (smt (cvc5, inst_when_full) List.finite_set finite_set_mset image_iff list.set_map) (> 435 ms, timed out)
0.sledgehammer goal.by        56949ms Ordered_Resolution_Prover.FO_Ordered_Resolution 1164:43702  some Preplay: (smt (cvc5, no_cbqi) List.finite_set finite_set_mset image_iff list.set_map) (> 435 ms, timed out)
0.sledgehammer goal.by        56949ms Ordered_Resolution_Prover.FO_Ordered_Resolution 1164:43702  some Preplay: (smt (cvc5, quant_ind) List.finite_set finite_set_mset image_iff list.set_map) (> 435 ms, timed out)
0.sledgehammer goal.by        56949ms Ordered_Resolution_Prover.FO_Ordered_Resolution 1164:43702  some Preplay: (smt (cvc5, no_ematching) List.finite_set finite_set_mset image_iff list.set_map) (> 1.0 s, timed out)
0.sledgehammer goal.by        56949ms Ordered_Resolution_Prover.FO_Ordered_Resolution 1164:43702  some Preplay: (smt (cvc5, no_ematching_enum_inst_sum) List.finite_set finite_set_mset image_iff list.set_map) (> 1.0 s, timed out)
0.sledgehammer goal.by        56949ms Ordered_Resolution_Prover.FO_Ordered_Resolution 1164:43702  some Preplay: (smt (cvc5, pre_skolem_quant) List.finite_set finite_set_mset image_iff list.set_map) (failed)
0.sledgehammer goal.by        14186ms Ordered_Resolution_Prover.FO_Ordered_Resolution 1166:43857  timeout (SH 14185ms): Timed out
0.sledgehammer goal.proof     13595ms Ordered_Resolution_Prover.FO_Ordered_Resolution 1265:48072  timeout (SH 13595ms): Timed out
0.sledgehammer goal.using     56112ms Ordered_Resolution_Prover.FO_Ordered_Resolution 1269:48251  timeout (SH 56112ms):
0.sledgehammer goal.unfolding 13941ms Ordered_Resolution_Prover.FO_Ordered_Resolution 1346:51540  timeout (SH 13941ms): Timed out
0.sledgehammer goal.unfolding 13876ms Ordered_Resolution_Prover.FO_Ordered_Resolution_Prover 176:6358  timeout (SH 13876ms): Timed out
0.sledgehammer goal.using     15224ms Ordered_Resolution_Prover.FO_Ordered_Resolution_Prover 191:7065  timeout (SH 15224ms): Timed out
0.sledgehammer goal.using     29751ms Ordered_Resolution_Prover.FO_Ordered_Resolution_Prover 211:7836  some (SH 29751ms, ATP 140ms): Try this: by (smt (cvc5, trigger_linear) mem_Collect_eq standard_redundancy_criterion.Rf_def) (416 ms)
0.sledgehammer goal.using     29751ms Ordered_Resolution_Prover.FO_Ordered_Resolution_Prover 211:7836  some Preplay: (smt (cvc5, trigger_linear) mem_Collect_eq standard_redundancy_criterion.Rf_def) (416 ms)
0.sledgehammer goal.using     29751ms Ordered_Resolution_Prover.FO_Ordered_Resolution_Prover 211:7836  some Preplay: (smt (cvc5, pre_skolem_quant) mem_Collect_eq standard_redundancy_criterion.Rf_def) (417 ms)
0.sledgehammer goal.using     29751ms Ordered_Resolution_Prover.FO_Ordered_Resolution_Prover 211:7836  some Preplay: (smt (cvc5, best) mem_Collect_eq standard_redundancy_criterion.Rf_def) (456 ms)
0.sledgehammer goal.using     29751ms Ordered_Resolution_Prover.FO_Ordered_Resolution_Prover 211:7836  some Preplay: (smt (cvc5, trigger_multi) mem_Collect_eq standard_redundancy_criterion.Rf_def) (546 ms)
0.sledgehammer goal.using     29751ms Ordered_Resolution_Prover.FO_Ordered_Resolution_Prover 211:7836  some Preplay: (smt (cvc5, no_ematching_enum_inst_sum) mem_Collect_eq standard_redundancy_criterion.Rf_def) (553 ms)
0.sledgehammer goal.using     29751ms Ordered_Resolution_Prover.FO_Ordered_Resolution_Prover 211:7836  some Preplay: (smt (cvc5, no_ematching) mem_Collect_eq standard_redundancy_criterion.Rf_def) (558 ms)
0.sledgehammer goal.using     29751ms Ordered_Resolution_Prover.FO_Ordered_Resolution_Prover 211:7836  some Preplay: (smt (cvc5, trigger_cache) mem_Collect_eq standard_redundancy_criterion.Rf_def) (681 ms)
0.sledgehammer goal.using     29751ms Ordered_Resolution_Prover.FO_Ordered_Resolution_Prover 211:7836  some Preplay: (smt (cvc5, no_cbqi) mem_Collect_eq standard_redundancy_criterion.Rf_def) (765 ms)
0.sledgehammer goal.using     29751ms Ordered_Resolution_Prover.FO_Ordered_Resolution_Prover 211:7836  some Preplay: (smt (cvc5, trigger_multi_prio) mem_Collect_eq standard_redundancy_criterion.Rf_def) (925 ms)
0.sledgehammer goal.using     29751ms Ordered_Resolution_Prover.FO_Ordered_Resolution_Prover 211:7836  some Preplay: (smt (cvc5, inst_when_full) mem_Collect_eq standard_redundancy_criterion.Rf_def) (989 ms)
0.sledgehammer goal.using     29751ms Ordered_Resolution_Prover.FO_Ordered_Resolution_Prover 211:7836  some Preplay: (smt (cvc5, quant_ind) mem_Collect_eq standard_redundancy_criterion.Rf_def) (1.4 s)
0.sledgehammer goal.using     54790ms Ordered_Resolution_Prover.FO_Ordered_Resolution_Prover 264:9520  timeout (SH 54790ms):
0.sledgehammer goal.unfolding 56019ms Ordered_Resolution_Prover.FO_Ordered_Resolution_Prover 264:9532  timeout (SH 56019ms):
0.sledgehammer goal.by        13523ms Ordered_Resolution_Prover.FO_Ordered_Resolution_Prover 272:9876  timeout (SH 13523ms): Timed out
0.sledgehammer goal.unfolding 120309ms Ordered_Resolution_Prover.FO_Ordered_Resolution_Prover 293:10438  some (SH 120308ms, ATP 1728ms): Try this: by (smt (cvc5, inst_when_full) Set.set_insert UnCI \<mu>_p assms(2) ground_subst_ground_cls grounding_of_cls_ground grounding_of_clss_insert grounding_of_clss_union grounding_of_subst_cls_subset insert_subset) (392 ms)
0.sledgehammer goal.unfolding 120309ms Ordered_Resolution_Prover.FO_Ordered_Resolution_Prover 293:10438  some Preplay: (smt (cvc5, inst_when_full) Set.set_insert UnCI \<mu>_p assms(2) ground_subst_ground_cls grounding_of_cls_ground grounding_of_clss_insert grounding_of_clss_union grounding_of_subst_cls_subset insert_subset) (392 ms)
0.sledgehammer goal.unfolding 120309ms Ordered_Resolution_Prover.FO_Ordered_Resolution_Prover 293:10438  some Preplay: (smt (cvc5, trigger_linear) Set.set_insert UnCI \<mu>_p assms(2) ground_subst_ground_cls grounding_of_cls_ground grounding_of_clss_insert grounding_of_clss_union grounding_of_subst_cls_subset insert_subset) (608 ms)
0.sledgehammer goal.unfolding 120309ms Ordered_Resolution_Prover.FO_Ordered_Resolution_Prover 293:10438  some Preplay: (smt (cvc5, trigger_cache) Set.set_insert UnCI \<mu>_p assms(2) ground_subst_ground_cls grounding_of_cls_ground grounding_of_clss_insert grounding_of_clss_union grounding_of_subst_cls_subset insert_subset) (1.1 s)
0.sledgehammer goal.unfolding 120309ms Ordered_Resolution_Prover.FO_Ordered_Resolution_Prover 293:10438  some Preplay: (smt (cvc5, trigger_multi_prio) Set.set_insert UnCI \<mu>_p assms(2) ground_subst_ground_cls grounding_of_cls_ground grounding_of_clss_insert grounding_of_clss_union grounding_of_subst_cls_subset insert_subset) (1.1 s)
0.sledgehammer goal.unfolding 120309ms Ordered_Resolution_Prover.FO_Ordered_Resolution_Prover 293:10438  some Preplay: (smt (cvc5, trigger_multi) Set.set_insert UnCI \<mu>_p assms(2) ground_subst_ground_cls grounding_of_cls_ground grounding_of_clss_insert grounding_of_clss_union grounding_of_subst_cls_subset insert_subset) (1.1 s)
0.sledgehammer goal.unfolding 120309ms Ordered_Resolution_Prover.FO_Ordered_Resolution_Prover 293:10438  some Preplay: (smt (cvc5, best) Set.set_insert UnCI \<mu>_p assms(2) ground_subst_ground_cls grounding_of_cls_ground grounding_of_clss_insert grounding_of_clss_union grounding_of_subst_cls_subset insert_subset) (1.3 s)
0.sledgehammer goal.unfolding 120309ms Ordered_Resolution_Prover.FO_Ordered_Resolution_Prover 293:10438  some Preplay: (smt (cvc5, quant_ind) Set.set_insert UnCI \<mu>_p assms(2) ground_subst_ground_cls grounding_of_cls_ground grounding_of_clss_insert grounding_of_clss_union grounding_of_subst_cls_subset insert_subset) (> 392 ms, timed out)
0.sledgehammer goal.unfolding 120309ms Ordered_Resolution_Prover.FO_Ordered_Resolution_Prover 293:10438  some Preplay: (smt (cvc5, no_cbqi) Set.set_insert UnCI \<mu>_p assms(2) ground_subst_ground_cls grounding_of_cls_ground grounding_of_clss_insert grounding_of_clss_union grounding_of_subst_cls_subset insert_subset) (> 608 ms, timed out)
0.sledgehammer goal.unfolding 120309ms Ordered_Resolution_Prover.FO_Ordered_Resolution_Prover 293:10438  some Preplay: (smt (cvc5, no_ematching) Set.set_insert UnCI \<mu>_p assms(2) ground_subst_ground_cls grounding_of_cls_ground grounding_of_clss_insert grounding_of_clss_union grounding_of_subst_cls_subset insert_subset) (> 1.0 s, timed out)
0.sledgehammer goal.unfolding 120309ms Ordered_Resolution_Prover.FO_Ordered_Resolution_Prover 293:10438  some Preplay: (smt (cvc5, no_ematching_enum_inst_sum) Set.set_insert UnCI \<mu>_p assms(2) ground_subst_ground_cls grounding_of_cls_ground grounding_of_clss_insert grounding_of_clss_union grounding_of_subst_cls_subset insert_subset) (> 1.0 s, timed out)
0.sledgehammer goal.unfolding 120309ms Ordered_Resolution_Prover.FO_Ordered_Resolution_Prover 293:10438  some Preplay: (smt (cvc5, pre_skolem_quant) Set.set_insert UnCI \<mu>_p assms(2) ground_subst_ground_cls grounding_of_cls_ground grounding_of_clss_insert grounding_of_clss_union grounding_of_subst_cls_subset insert_subset) (> 1.0 s, timed out)
0.sledgehammer goal.by        13999ms Ordered_Resolution_Prover.FO_Ordered_Resolution_Prover 294:10495  timeout (SH 13998ms): Timed out
0.sledgehammer goal.using     119148ms Ordered_Resolution_Prover.FO_Ordered_Resolution_Prover 325:12230  some (SH 119148ms, ATP 292ms): Try this: by (smt (cvc5, best) Diff_subset_conv Un_mono grounding_of_clss_singleton grounding_of_clss_union reduction_in_concls_of subset_iff sup_ge1) (939 ms)
0.sledgehammer goal.using     119148ms Ordered_Resolution_Prover.FO_Ordered_Resolution_Prover 325:12230  some Preplay: (smt (cvc5, best) Diff_subset_conv Un_mono grounding_of_clss_singleton grounding_of_clss_union reduction_in_concls_of subset_iff sup_ge1) (939 ms)
0.sledgehammer goal.using     119148ms Ordered_Resolution_Prover.FO_Ordered_Resolution_Prover 325:12230  some Preplay: (smt (cvc5, trigger_multi) Diff_subset_conv Un_mono grounding_of_clss_singleton grounding_of_clss_union reduction_in_concls_of subset_iff sup_ge1) (962 ms)
0.sledgehammer goal.using     119148ms Ordered_Resolution_Prover.FO_Ordered_Resolution_Prover 325:12230  some Preplay: (smt (cvc5, trigger_multi_prio) Diff_subset_conv Un_mono grounding_of_clss_singleton grounding_of_clss_union reduction_in_concls_of subset_iff sup_ge1) (1.4 s)
0.sledgehammer goal.using     119148ms Ordered_Resolution_Prover.FO_Ordered_Resolution_Prover 325:12230  some Preplay: (smt (cvc5, pre_skolem_quant) Diff_subset_conv Un_mono grounding_of_clss_singleton grounding_of_clss_union reduction_in_concls_of subset_iff sup_ge1) (1.7 s)
0.sledgehammer goal.using     119148ms Ordered_Resolution_Prover.FO_Ordered_Resolution_Prover 325:12230  some Preplay: (smt (cvc5, inst_when_full) Diff_subset_conv Un_mono grounding_of_clss_singleton grounding_of_clss_union reduction_in_concls_of subset_iff sup_ge1) (1.7 s)
0.sledgehammer goal.using     119148ms Ordered_Resolution_Prover.FO_Ordered_Resolution_Prover 325:12230  some Preplay: (smt (cvc5, trigger_linear) Diff_subset_conv Un_mono grounding_of_clss_singleton grounding_of_clss_union reduction_in_concls_of subset_iff sup_ge1) (2.4 s)
0.sledgehammer goal.using     119148ms Ordered_Resolution_Prover.FO_Ordered_Resolution_Prover 325:12230  some Preplay: (smt (cvc5, trigger_cache) Diff_subset_conv Un_mono grounding_of_clss_singleton grounding_of_clss_union reduction_in_concls_of subset_iff sup_ge1) (2.5 s)
0.sledgehammer goal.using     119148ms Ordered_Resolution_Prover.FO_Ordered_Resolution_Prover 325:12230  some Preplay: (smt (cvc5, no_ematching) Diff_subset_conv Un_mono grounding_of_clss_singleton grounding_of_clss_union reduction_in_concls_of subset_iff sup_ge1) (> 939 ms, timed out)
0.sledgehammer goal.using     119148ms Ordered_Resolution_Prover.FO_Ordered_Resolution_Prover 325:12230  some Preplay: (smt (cvc5, no_ematching_enum_inst_sum) Diff_subset_conv Un_mono grounding_of_clss_singleton grounding_of_clss_union reduction_in_concls_of subset_iff sup_ge1) (> 939 ms, timed out)
0.sledgehammer goal.using     119148ms Ordered_Resolution_Prover.FO_Ordered_Resolution_Prover 325:12230  some Preplay: (smt (cvc5, no_cbqi) Diff_subset_conv Un_mono grounding_of_clss_singleton grounding_of_clss_union reduction_in_concls_of subset_iff sup_ge1) (> 939 ms, timed out)
0.sledgehammer goal.using     119148ms Ordered_Resolution_Prover.FO_Ordered_Resolution_Prover 325:12230  some Preplay: (smt (cvc5, quant_ind) Diff_subset_conv Un_mono grounding_of_clss_singleton grounding_of_clss_union reduction_in_concls_of subset_iff sup_ge1) (failed)
0.sledgehammer goal.unfolding 59866ms Ordered_Resolution_Prover.FO_Ordered_Resolution_Prover 325:12259  timeout (SH 59866ms):
0.sledgehammer goal.using     55514ms Ordered_Resolution_Prover.FO_Ordered_Resolution_Prover 371:14068  timeout (SH 55514ms):
0.sledgehammer goal.using     58512ms Ordered_Resolution_Prover.FO_Ordered_Resolution_Prover 376:14269  timeout (SH 58512ms):
0.sledgehammer goal.unfolding 57565ms Ordered_Resolution_Prover.FO_Ordered_Resolution_Prover 377:14347  timeout (SH 57565ms):
0.sledgehammer goal.using     74950ms Ordered_Resolution_Prover.FO_Ordered_Resolution_Prover 381:14492  timeout (SH 74950ms):
0.sledgehammer goal.using     32746ms Ordered_Resolution_Prover.FO_Ordered_Resolution_Prover 390:14846  some (SH 32746ms, ATP 1403ms): Try this: by (smt (cvc5, best) N_of_state.simps P_of_state.simps Q_of_state.simps Un_absorb Un_commute Un_iff Un_left_commute reduction_derivable) (637 ms)
0.sledgehammer goal.using     32746ms Ordered_Resolution_Prover.FO_Ordered_Resolution_Prover 390:14846  some Preplay: (smt (cvc5, best) N_of_state.simps P_of_state.simps Q_of_state.simps Un_absorb Un_commute Un_iff Un_left_commute reduction_derivable) (637 ms)
0.sledgehammer goal.using     32746ms Ordered_Resolution_Prover.FO_Ordered_Resolution_Prover 390:14846  some Preplay: (smt (cvc5, trigger_multi) N_of_state.simps P_of_state.simps Q_of_state.simps Un_absorb Un_assoc Un_commute Un_iff Un_left_commute reduction_derivable) (> 381 ms, timed out)
0.sledgehammer goal.using     32746ms Ordered_Resolution_Prover.FO_Ordered_Resolution_Prover 390:14846  some Preplay: (smt (cvc5, trigger_multi_prio) N_of_state.simps P_of_state.simps Q_of_state.simps Un_absorb Un_assoc Un_commute Un_iff Un_left_commute reduction_derivable) (> 381 ms, timed out)
0.sledgehammer goal.using     32746ms Ordered_Resolution_Prover.FO_Ordered_Resolution_Prover 390:14846  some Preplay: (smt (cvc5, trigger_cache) N_of_state.simps P_of_state.simps Q_of_state.simps Un_absorb Un_assoc Un_commute Un_iff Un_left_commute reduction_derivable) (> 381 ms, timed out)
0.sledgehammer goal.using     32746ms Ordered_Resolution_Prover.FO_Ordered_Resolution_Prover 390:14846  some Preplay: (smt (cvc5, trigger_linear) N_of_state.simps P_of_state.simps Q_of_state.simps Un_absorb Un_assoc Un_commute Un_iff Un_left_commute reduction_derivable) (> 381 ms, timed out)
0.sledgehammer goal.using     32746ms Ordered_Resolution_Prover.FO_Ordered_Resolution_Prover 390:14846  some Preplay: (smt (cvc5, pre_skolem_quant) N_of_state.simps P_of_state.simps Q_of_state.simps Un_absorb Un_assoc Un_commute Un_iff Un_left_commute reduction_derivable) (> 381 ms, timed out)
0.sledgehammer goal.using     32746ms Ordered_Resolution_Prover.FO_Ordered_Resolution_Prover 390:14846  some Preplay: (smt (cvc5, inst_when_full) N_of_state.simps P_of_state.simps Q_of_state.simps Un_absorb Un_assoc Un_commute Un_iff Un_left_commute reduction_derivable) (> 381 ms, timed out)
0.sledgehammer goal.using     32746ms Ordered_Resolution_Prover.FO_Ordered_Resolution_Prover 390:14846  some Preplay: (smt (cvc5, no_cbqi) N_of_state.simps P_of_state.simps Q_of_state.simps Un_absorb Un_assoc Un_commute Un_iff Un_left_commute reduction_derivable) (> 381 ms, timed out)
0.sledgehammer goal.using     32746ms Ordered_Resolution_Prover.FO_Ordered_Resolution_Prover 390:14846  some Preplay: (smt (cvc5, quant_ind) N_of_state.simps P_of_state.simps Q_of_state.simps Un_absorb Un_assoc Un_commute Un_iff Un_left_commute reduction_derivable) (> 381 ms, timed out)
0.sledgehammer goal.using     32746ms Ordered_Resolution_Prover.FO_Ordered_Resolution_Prover 390:14846  some Preplay: (smt (cvc5, no_ematching) N_of_state.simps P_of_state.simps Q_of_state.simps Un_absorb Un_assoc Un_commute Un_iff Un_left_commute reduction_derivable) (> 1.0 s, timed out)
0.sledgehammer goal.using     32746ms Ordered_Resolution_Prover.FO_Ordered_Resolution_Prover 390:14846  some Preplay: (smt (cvc5, no_ematching_enum_inst_sum) N_of_state.simps P_of_state.simps Q_of_state.simps Un_absorb Un_assoc Un_commute Un_iff Un_left_commute reduction_derivable) (> 1.0 s, timed out)
0.sledgehammer goal.using     14194ms Ordered_Resolution_Prover.FO_Ordered_Resolution_Prover 394:14975  timeout (SH 14194ms): Timed out
0.sledgehammer goal.unfolding 72770ms Ordered_Resolution_Prover.FO_Ordered_Resolution_Prover 414:15805  some (SH 72770ms, ATP 1891ms): Try this: by (smt (cvc5, trigger_linear) inference.sel(3) mem_Collect_eq ord_FO_\<Gamma>_def) (446 ms)
0.sledgehammer goal.unfolding 72770ms Ordered_Resolution_Prover.FO_Ordered_Resolution_Prover 414:15805  some Preplay: (smt (cvc5, trigger_linear) inference.sel(3) mem_Collect_eq ord_FO_\<Gamma>_def) (446 ms)
0.sledgehammer goal.unfolding 72770ms Ordered_Resolution_Prover.FO_Ordered_Resolution_Prover 414:15805  some Preplay: (smt (cvc5, inst_when_full) inference.sel(3) mem_Collect_eq ord_FO_\<Gamma>_def) (630 ms)
0.sledgehammer goal.unfolding 72770ms Ordered_Resolution_Prover.FO_Ordered_Resolution_Prover 414:15805  some Preplay: (smt (cvc5, pre_skolem_quant) inference.sel(3) mem_Collect_eq ord_FO_\<Gamma>_def) (658 ms)
0.sledgehammer goal.unfolding 72770ms Ordered_Resolution_Prover.FO_Ordered_Resolution_Prover 414:15805  some Preplay: (smt (cvc5, trigger_multi) inference.sel(3) mem_Collect_eq ord_FO_\<Gamma>_def) (1.0 s)
0.sledgehammer goal.unfolding 72770ms Ordered_Resolution_Prover.FO_Ordered_Resolution_Prover 414:15805  some Preplay: (smt (cvc5, trigger_cache) inference.sel(3) mem_Collect_eq ord_FO_\<Gamma>_def) (1.0 s)
0.sledgehammer goal.unfolding 72770ms Ordered_Resolution_Prover.FO_Ordered_Resolution_Prover 414:15805  some Preplay: (smt (cvc5, no_ematching_enum_inst_sum) inference.sel(3) mem_Collect_eq ord_FO_\<Gamma>_def) (1.3 s)
0.sledgehammer goal.unfolding 72770ms Ordered_Resolution_Prover.FO_Ordered_Resolution_Prover 414:15805  some Preplay: (smt (cvc5, best) inference.sel(3) mem_Collect_eq ord_FO_\<Gamma>_def) (1.4 s)
0.sledgehammer goal.unfolding 72770ms Ordered_Resolution_Prover.FO_Ordered_Resolution_Prover 414:15805  some Preplay: (smt (cvc5, no_ematching) inference.sel(3) mem_Collect_eq ord_FO_\<Gamma>_def) (1.5 s)
0.sledgehammer goal.unfolding 72770ms Ordered_Resolution_Prover.FO_Ordered_Resolution_Prover 414:15805  some Preplay: (smt (cvc5, trigger_multi_prio) inference.sel(3) mem_Collect_eq ord_FO_\<Gamma>_def) (2.4 s)
0.sledgehammer goal.unfolding 72770ms Ordered_Resolution_Prover.FO_Ordered_Resolution_Prover 414:15805  some Preplay: (smt (cvc5, no_cbqi) inference.sel(3) mem_Collect_eq ord_FO_\<Gamma>_def) (> 446 ms, timed out)
0.sledgehammer goal.unfolding 72770ms Ordered_Resolution_Prover.FO_Ordered_Resolution_Prover 414:15805  some Preplay: (smt (cvc5, quant_ind) inference.sel(3) mem_Collect_eq ord_FO_\<Gamma>_def) (failed)
0.sledgehammer goal.using     59253ms Ordered_Resolution_Prover.FO_Ordered_Resolution_Prover 432:16763  timeout (SH 59253ms):
0.sledgehammer goal.unfolding 13882ms Ordered_Resolution_Prover.FO_Ordered_Resolution_Prover 433:16783  timeout (SH 13882ms): Timed out
0.sledgehammer goal.using     13612ms Ordered_Resolution_Prover.FO_Ordered_Resolution_Prover 448:17542  timeout (SH 13612ms): Timed out
0.sledgehammer goal.unfolding 14596ms Ordered_Resolution_Prover.FO_Ordered_Resolution_Prover 448:17557  timeout (SH 14596ms): Timed out
0.sledgehammer goal.apply     14655ms Ordered_Resolution_Prover.FO_Ordered_Resolution_Prover 460:18192  timeout (SH 14655ms): Timed out
0.sledgehammer goal.apply     15606ms Ordered_Resolution_Prover.FO_Ordered_Resolution_Prover 461:18224  timeout (SH 15606ms): Timed out
0.sledgehammer goal.apply     15315ms Ordered_Resolution_Prover.FO_Ordered_Resolution_Prover 467:18473  timeout (SH 15315ms): Timed out
0.sledgehammer goal.apply     15416ms Ordered_Resolution_Prover.FO_Ordered_Resolution_Prover 470:18575  timeout (SH 15416ms): Timed out
0.sledgehammer goal.unfolding 54435ms Ordered_Resolution_Prover.FO_Ordered_Resolution_Prover 487:19505  timeout (SH 54435ms):
0.sledgehammer goal.by        14060ms Ordered_Resolution_Prover.FO_Ordered_Resolution_Prover 487:19550  timeout (SH 14060ms): Timed out
0.sledgehammer goal.using     14112ms Ordered_Resolution_Prover.FO_Ordered_Resolution_Prover 493:19803  timeout (SH 14112ms): Timed out
0.sledgehammer goal.by        80978ms Ordered_Resolution_Prover.FO_Ordered_Resolution_Prover 493:19822  some (SH 80978ms, ATP 1825ms): Try this: by (smt (cvc5, trigger_linear) inference.sel(3) mem_Collect_eq setcompr_eq_image) (864 ms)
0.sledgehammer goal.by        80978ms Ordered_Resolution_Prover.FO_Ordered_Resolution_Prover 493:19822  some Preplay: (smt (cvc5, trigger_linear) inference.sel(3) mem_Collect_eq setcompr_eq_image) (864 ms)
0.sledgehammer goal.by        80978ms Ordered_Resolution_Prover.FO_Ordered_Resolution_Prover 493:19822  some Preplay: (smt (cvc5, inst_when_full) inference.sel(3) mem_Collect_eq setcompr_eq_image) (878 ms)
0.sledgehammer goal.by        80978ms Ordered_Resolution_Prover.FO_Ordered_Resolution_Prover 493:19822  some Preplay: (smt (cvc5, best) inference.sel(3) mem_Collect_eq setcompr_eq_image) (898 ms)
0.sledgehammer goal.by        80978ms Ordered_Resolution_Prover.FO_Ordered_Resolution_Prover 493:19822  some Preplay: (smt (cvc5, quant_ind) inference.sel(3) mem_Collect_eq setcompr_eq_image) (986 ms)
0.sledgehammer goal.by        80978ms Ordered_Resolution_Prover.FO_Ordered_Resolution_Prover 493:19822  some Preplay: (smt (cvc5, trigger_multi_prio) inference.sel(3) mem_Collect_eq setcompr_eq_image) (1.0 s)
0.sledgehammer goal.by        80978ms Ordered_Resolution_Prover.FO_Ordered_Resolution_Prover 493:19822  some Preplay: (smt (cvc5, trigger_multi) inference.sel(3) mem_Collect_eq setcompr_eq_image) (1.1 s)
0.sledgehammer goal.by        80978ms Ordered_Resolution_Prover.FO_Ordered_Resolution_Prover 493:19822  some Preplay: (smt (cvc5, trigger_cache) inference.sel(3) mem_Collect_eq setcompr_eq_image) (1.2 s)
0.sledgehammer goal.by        80978ms Ordered_Resolution_Prover.FO_Ordered_Resolution_Prover 493:19822  some Preplay: (smt (cvc5, pre_skolem_quant) inference.sel(3) mem_Collect_eq setcompr_eq_image) (1.6 s)
0.sledgehammer goal.by        80978ms Ordered_Resolution_Prover.FO_Ordered_Resolution_Prover 493:19822  some Preplay: (smt (cvc5, no_cbqi) inference.sel(3) mem_Collect_eq setcompr_eq_image) (> 864 ms, timed out)
0.sledgehammer goal.by        80978ms Ordered_Resolution_Prover.FO_Ordered_Resolution_Prover 493:19822  some Preplay: (smt (cvc5, no_ematching) inference.sel(3) mem_Collect_eq setcompr_eq_image) (> 898 ms, timed out)
0.sledgehammer goal.by        80978ms Ordered_Resolution_Prover.FO_Ordered_Resolution_Prover 493:19822  some Preplay: (smt (cvc5, no_ematching_enum_inst_sum) inference.sel(3) mem_Collect_eq setcompr_eq_image) (> 898 ms, timed out)
0.sledgehammer goal.unfolding 58469ms Ordered_Resolution_Prover.FO_Ordered_Resolution_Prover 499:20190  timeout (SH 58469ms):
0.sledgehammer goal.using     14282ms Ordered_Resolution_Prover.FO_Ordered_Resolution_Prover 1275:49758  timeout (SH 14282ms): Timed out
0.sledgehammer goal.using     14327ms Ordered_Resolution_Prover.FO_Ordered_Resolution_Prover 1302:51275  timeout (SH 14327ms): Timed out
0.sledgehammer goal.by        14471ms Ordered_Resolution_Prover.FO_Ordered_Resolution_Prover 1302:51293  timeout (SH 14470ms): Timed out
0.sledgehammer finalize   Total number of sledgehammer calls: 101
0.sledgehammer finalize   Number of successful sledgehammer calls: 30
0.sledgehammer finalize   Number of sledgehammer lemmas: 211
0.sledgehammer finalize   Max number of sledgehammer lemmas: 20
0.sledgehammer finalize   Success rate: 29.7%
0.sledgehammer finalize   Total number of nontrivial sledgehammer calls: 101
0.sledgehammer finalize   Number of successful nontrivial sledgehammer calls: 30
0.sledgehammer finalize   Total time for sledgehammer calls (Isabelle): 3988.988
0.sledgehammer finalize   Total time for successful sledgehammer calls (ATP): 34.260
0.sledgehammer finalize   Average time for sledgehammer calls (Isabelle): 39.495
0.sledgehammer finalize   Average time for successful sledgehammer calls (ATP): 1.142
