0.sledgehammer initialize Params for sledgehammer: {abduce = SOME 0, cache_dir = NONE, compress = NONE, debug = false, expect =
0.sledgehammer initialize  "", fact_filter = SOME "mepo", fact_thresholds = (0.45, 0.85), falsify =
0.sledgehammer initialize  SOME false, induction_rules = NONE, instantiate = NONE, isar_proofs = NONE,
0.sledgehammer initialize  lam_trans = NONE, learn = true, max_facts = NONE, max_mono_iters = NONE,
0.sledgehammer initialize  max_new_mono_instances = NONE, max_proofs = 4, minimize = true, overlord =
0.sledgehammer initialize  false, preplay_provers = [], preplay_timeout = 1.000, provers =
0.sledgehammer initialize  ["cvc5_proof"], slices = 96, smt_proofs = true, spy = false, strict =
0.sledgehammer initialize  false, timeout = 30.000, try0 = true, type_enc = NONE, uncurried_aliases =
0.sledgehammer initialize  NONE, verbose = false}
0.sledgehammer goal.by         7453ms Simplex.Simplex_Algebra 27:783  some (SH 7453ms, ATP 411ms): Try this: by (simp add: scaleRat_left_distrib scaleRat_one scaleRat_right_distrib scaleRat_scaleRat vector_space.intro) (10 ms)
0.sledgehammer goal.unfolding 31092ms Simplex.Simplex_Algebra 38:1283  timeout (SH 31092ms): Timed out
0.sledgehammer goal.using      2256ms Simplex.Simplex_Algebra 39:1303  some (SH 2256ms, ATP 360ms): Try this: using local.scaleRat_less1 by blast (4 ms)
0.sledgehammer goal.by         6342ms Simplex.Simplex_Algebra 40:1336  some (SH 6342ms, ATP 1250ms): Try this: by fastforce (3 ms)
0.sledgehammer goal.unfolding 23415ms Simplex.Simplex_Algebra 43:1404  timeout (SH 23415ms): Timed out
0.sledgehammer goal.using      7898ms Simplex.Simplex_Algebra 44:1424  some (SH 7898ms, ATP 377ms): Try this: using local.scaleRat_less2 by blast (5 ms)
0.sledgehammer goal.by        20823ms Simplex.Simplex_Algebra 45:1457  some (SH 20823ms, ATP 290ms): Try this: by blast (3 ms)
0.sledgehammer goal.using     47536ms Simplex.Simplex_Algebra 49:1514  some (SH 47535ms, ATP 1935ms): Try this: by (metis Groups.add_0 local.add_cancel_right_right local.scaleRat_left_distrib) (41 ms)
0.sledgehammer goal.by        11524ms Simplex.Simplex_Algebra 50:1554  some (SH 11524ms, ATP 420ms): Try this: by auto (3 ms)
0.sledgehammer goal.using     37250ms Simplex.Simplex_Algebra 54:1614  some (SH 37250ms, ATP 488ms): Try this: by (metis local.add_cancel_right_right local.scaleRat_right_distrib) (45 ms)
0.sledgehammer goal.by        11677ms Simplex.Simplex_Algebra 55:1655  some (SH 11677ms, ATP 356ms): Try this: by auto (0.9 ms)
0.sledgehammer goal.proof     15727ms Simplex.Simplex_Algebra 59:1720  timeout (SH 15727ms): Timed out
0.sledgehammer goal.using     127694ms Simplex.Simplex_Algebra 61:1757  some (SH 127694ms, ATP 5109ms): Try this: by (metis ab_group_add_class.minus_add_distrib ab_group_add_class.uminus_add_conv_diff le_add_diff_inverse2 le_numeral_extra(4) local.add_0_left local.add_right_cancel local.scaleRat_left_distrib local.scaleRat_one) (69 ms)
0.sledgehammer goal.by        13465ms Simplex.Simplex_Algebra 62:1802  some (SH 13465ms, ATP 453ms): Try this: by (simp add: local.scaleRat_one) (3 ms)
0.sledgehammer goal.by         4598ms Simplex.Simplex_Algebra 64:1854  some (SH 4598ms, ATP 408ms): Try this: by auto (0.3 ms)
0.sledgehammer goal.using     20892ms Simplex.Simplex_Algebra 66:1901  some (SH 20892ms, ATP 323ms): Try this: using \<open>0 = - 1 *R x + x\<close> by fastforce (0.7 ms)
0.sledgehammer goal.by        20135ms Simplex.Simplex_Algebra 67:1930  some (SH 20135ms, ATP 341ms): Try this: by blast (0.7 ms)
0.sledgehammer goal.by        15598ms Simplex.Simplex_Algebra 69:1962  some (SH 15598ms, ATP 370ms): Try this: by auto (0.6 ms)
0.sledgehammer goal.using     25146ms Simplex.Simplex_Algebra 73:2036  timeout (SH 25146ms): Timed out
0.sledgehammer goal.using     60180ms Simplex.Simplex_Algebra 74:2067  some (SH 60180ms, ATP 628ms): Try this: by (metis local.add_eq_0_iff local.diff_conv_add_uminus local.dual_order.asym local.neq_iff local.plus_less) (89 ms)
0.sledgehammer goal.by        18104ms Simplex.Simplex_Algebra 75:2101  some (SH 18104ms, ATP 388ms): Try this: by fastforce (23 ms)
0.sledgehammer goal.using     22029ms Simplex.Simplex_Algebra 78:2176  some (SH 22029ms, ATP 647ms): Try this: by (metis local.not_less_iff_gr_or_eq local.right_minus_eq minus_lt) (60 ms)
0.sledgehammer goal.using     23121ms Simplex.Simplex_Algebra 79:2207  some (SH 23121ms, ATP 522ms): Try this: by (metis local.add_eq_0_iff local.diff_conv_add_uminus local.dual_order.asym local.neq_iff minus_lt) (129 ms)
0.sledgehammer goal.by        19226ms Simplex.Simplex_Algebra 80:2239  some (SH 19226ms, ATP 575ms): Try this: by fastforce (12 ms)
0.sledgehammer goal.proof     24859ms Simplex.Simplex_Algebra 84:2315  timeout (SH 24859ms): Timed out
0.sledgehammer goal.using     11625ms Simplex.Simplex_Algebra 86:2364  timeout (SH 11625ms): Timed out
0.sledgehammer goal.using     11987ms Simplex.Simplex_Algebra 87:2391  some (SH 11987ms, ATP 346ms): Try this: by (metis local.dual_order.strict_iff_not local.leI minus_gt) (35 ms)
0.sledgehammer goal.by        12076ms Simplex.Simplex_Algebra 88:2433  some (SH 12075ms, ATP 465ms): Try this: by (metis local.dual_order.strict_iff_not local.leI minus_gt) (44 ms)
0.sledgehammer goal.proof     30404ms Simplex.Simplex_Algebra 90:2508  timeout (SH 30404ms): Timed out
0.sledgehammer goal.proof     12571ms Simplex.Simplex_Algebra 93:2559  timeout (SH 12571ms): Timed out
0.sledgehammer goal.using      8796ms Simplex.Simplex_Algebra 96:2632  some (SH 8796ms, ATP 423ms): Try this: using minus_lt by auto (2 ms)
0.sledgehammer goal.by        10642ms Simplex.Simplex_Algebra 97:2672  some (SH 10642ms, ATP 613ms): Try this: by simp (2 ms)
0.sledgehammer goal.using     10339ms Simplex.Simplex_Algebra 101:2756  some (SH 10338ms, ATP 338ms): Try this: by (metis \<open>a - b \<le> 0\<close> local.dual_order.order_iff_strict local.right_minus_eq) (541 ms)
0.sledgehammer goal.by         9973ms Simplex.Simplex_Algebra 102:2782  some (SH 9973ms, ATP 311ms): Try this: by (metis local.dual_order.order_iff_strict local.right_minus_eq) (36 ms)
0.sledgehammer goal.using      8101ms Simplex.Simplex_Algebra 106:2843  some (SH 8101ms, ATP 337ms): Try this: using "*" "**" by blast (0.3 ms)
0.sledgehammer goal.by        19593ms Simplex.Simplex_Algebra 107:2858  some (SH 19592ms, ATP 353ms): Try this: by fastforce (1 ms)
0.sledgehammer goal.proof     17517ms Simplex.Simplex_Algebra 111:2914  some (SH 17517ms, ATP 442ms): Try this: by (metis local.nle_le local.right_minus_eq minus_leq) (69 ms)
0.sledgehammer goal.using     44303ms Simplex.Simplex_Algebra 113:2955  some (SH 44303ms, ATP 2293ms): Try this: by (metis local.dual_order.eq_iff local.linear local.right_minus_eq minus_leq) (59 ms)
0.sledgehammer goal.by        24979ms Simplex.Simplex_Algebra 114:2982  some (SH 24979ms, ATP 297ms): Try this: by (simp add: local.dual_order.order_iff_strict) (3 ms)
0.sledgehammer goal.proof     24785ms Simplex.Simplex_Algebra 116:3057  some (SH 24785ms, ATP 721ms): Try this: by (metis local.dual_order.eq_iff local.linear local.right_minus_eq minus_leq) (64 ms)
0.sledgehammer goal.proof     16319ms Simplex.Simplex_Algebra 119:3108  timeout (SH 16319ms): Timed out
0.sledgehammer goal.using      9599ms Simplex.Simplex_Algebra 122:3181  some (SH 9599ms, ATP 342ms): Try this: using minus_gt by auto (1 ms)
0.sledgehammer goal.by        24181ms Simplex.Simplex_Algebra 123:3221  some (SH 24180ms, ATP 344ms): Try this: by simp (2 ms)
0.sledgehammer goal.using     14060ms Simplex.Simplex_Algebra 127:3304  some (SH 14060ms, ATP 354ms): Try this: by (metis \<open>0 \<le> b - a\<close> local.dual_order.not_eq_order_implies_strict local.nle_le local.right_minus_eq) (47 ms)
0.sledgehammer goal.using     30819ms Simplex.Simplex_Algebra 128:3330  some (SH 30819ms, ATP 300ms): Try this: by (metis local.dual_order.not_eq_order_implies_strict local.nle_le local.right_minus_eq) (44 ms)
0.sledgehammer goal.by         8777ms Simplex.Simplex_Algebra 129:3371  some (SH 8777ms, ATP 274ms): Try this: using local.dual_order.eq_iff local.dual_order.not_eq_order_implies_strict local.right_minus_eq by blast (12 ms)
0.sledgehammer goal.using     49868ms Simplex.Simplex_Algebra 133:3412  some (SH 49868ms, ATP 544ms): Try this: using "*" "**" by blast (4 ms)
0.sledgehammer goal.by        57699ms Simplex.Simplex_Algebra 134:3427  some (SH 57698ms, ATP 614ms): Try this: by blast (0.6 ms)
0.sledgehammer goal.using     120953ms Simplex.Simplex_Algebra 139:3514  some (SH 120953ms, ATP 1412ms): Try this: by (smt (verit, best) dbl_inc_simps(2) less_numeral_extra(3) local.dual_order.asym local.neq_iff local.scaleRat_less1 local.scaleRat_one local.scaleRat_scaleRat mult.commute nonzero_eq_divide_eq) (114 ms)
0.sledgehammer goal.by        13720ms Simplex.Simplex_Algebra 140:3558  some (SH 13720ms, ATP 631ms): Try this: by (simp add: local.scaleRat_one local.scaleRat_scaleRat) (4 ms)
0.sledgehammer goal.using     151282ms Simplex.Simplex_Algebra 144:3677  some (SH 151282ms, ATP 1333ms): Try this: by (smt (z3) less_numeral_extra(3) local.not_less_iff_gr_or_eq local.scaleRat_less1 local.scaleRat_one local.scaleRat_scaleRat mult.commute nonzero_eq_divide_eq) (56 ms)
0.sledgehammer goal.by        21316ms Simplex.Simplex_Algebra 145:3721  some (SH 21316ms, ATP 592ms): Try this: by (simp add: local.scaleRat_one local.scaleRat_scaleRat) (2 ms)
0.sledgehammer goal.proof     11764ms Simplex.Simplex_Algebra 149:3841  timeout (SH 11764ms): Timed out
0.sledgehammer goal.using     13603ms Simplex.Simplex_Algebra 153:3920  some (SH 13603ms, ATP 951ms): Try this: using \<open>0 < c\<close> divide_lt local.dual_order.strict_iff_order by blast (4 ms)
0.sledgehammer goal.using      3012ms Simplex.Simplex_Algebra 154:3950  some (SH 3012ms, ATP 477ms): Try this: using \<open>0 < c\<close> by fastforce (2 ms)
0.sledgehammer goal.by        15860ms Simplex.Simplex_Algebra 155:3968  some (SH 15860ms, ATP 383ms): Try this: using local.dual_order.order_iff_strict by blast (2 ms)
0.sledgehammer goal.using     35152ms Simplex.Simplex_Algebra 160:4057  some (SH 35152ms, ATP 356ms): Try this: using \<open>c *R a \<le> b\<close> by order (0.3 ms)
0.sledgehammer goal.by        17012ms Simplex.Simplex_Algebra 161:4080  some (SH 17012ms, ATP 528ms): Try this: by order (0.5 ms)
0.sledgehammer goal.using     43091ms Simplex.Simplex_Algebra 163:4112  timeout (SH 43091ms): Timed out
0.sledgehammer goal.by        11318ms Simplex.Simplex_Algebra 164:4130  some (SH 11318ms, ATP 685ms): Try this: using divide_lt local.le_less_linear local.scaleRat_less1 by blast (5 ms)
0.sledgehammer goal.proof     12238ms Simplex.Simplex_Algebra 169:4258  timeout (SH 12237ms): Timed out
0.sledgehammer goal.using     19503ms Simplex.Simplex_Algebra 173:4337  some (SH 19502ms, ATP 1031ms): Try this: using \<open>0 < c\<close> divide_gt local.dual_order.strict_iff_order by blast (6 ms)
0.sledgehammer goal.using      4314ms Simplex.Simplex_Algebra 174:4367  some (SH 4314ms, ATP 392ms): Try this: by (simp add: \<open>0 < c\<close>) (1 ms)
0.sledgehammer goal.by         6062ms Simplex.Simplex_Algebra 175:4385  some (SH 6062ms, ATP 478ms): Try this: using local.dual_order.order_iff_strict by blast (0.8 ms)
0.sledgehammer goal.using     13813ms Simplex.Simplex_Algebra 180:4473  some (SH 13813ms, ATP 332ms): Try this: using \<open>b \<le> c *R a\<close> by order (0.4 ms)
0.sledgehammer goal.by         8813ms Simplex.Simplex_Algebra 181:4496  some (SH 8813ms, ATP 522ms): Try this: by order (1 ms)
0.sledgehammer goal.using     29129ms Simplex.Simplex_Algebra 183:4528  timeout (SH 29129ms): Timed out
0.sledgehammer goal.by        12108ms Simplex.Simplex_Algebra 184:4546  some (SH 12108ms, ATP 616ms): Try this: using divide_gt local.not_less local.scaleRat_less1 by blast (7 ms)
0.sledgehammer goal.using     14717ms Simplex.Simplex_Algebra 189:4676  timeout (SH 14717ms): Timed out
0.sledgehammer goal.by        12580ms Simplex.Simplex_Algebra 190:4720  timeout (SH 12579ms): Timed out
0.sledgehammer goal.using     11911ms Simplex.Simplex_Algebra 194:4843  timeout (SH 11911ms): Timed out
0.sledgehammer goal.by        11647ms Simplex.Simplex_Algebra 195:4887  timeout (SH 11647ms): Timed out
0.sledgehammer goal.proof     11816ms Simplex.Simplex_Algebra 199:5008  timeout (SH 11816ms): Timed out
0.sledgehammer goal.using     12532ms Simplex.Simplex_Algebra 203:5087  some (SH 12532ms, ATP 854ms): Try this: using \<open>c < 0\<close> divide_lt1 local.dual_order.strict_iff_order by blast (6 ms)
0.sledgehammer goal.using      6336ms Simplex.Simplex_Algebra 204:5118  some (SH 6336ms, ATP 347ms): Try this: using \<open>c < 0\<close> local.dual_order.order_iff_strict by blast (1 ms)
0.sledgehammer goal.by        17041ms Simplex.Simplex_Algebra 205:5136  some (SH 17041ms, ATP 366ms): Try this: using local.dual_order.order_iff_strict by blast (3 ms)
0.sledgehammer goal.using     10279ms Simplex.Simplex_Algebra 210:5225  some (SH 10279ms, ATP 331ms): Try this: using \<open>c *R a \<le> b\<close> by order (1 ms)
0.sledgehammer goal.by        10083ms Simplex.Simplex_Algebra 211:5248  some (SH 10082ms, ATP 446ms): Try this: by order (1 ms)
0.sledgehammer goal.using     14838ms Simplex.Simplex_Algebra 213:5280  timeout (SH 14838ms): Timed out
0.sledgehammer goal.by        12904ms Simplex.Simplex_Algebra 214:5298  timeout (SH 12904ms): Timed out
0.sledgehammer goal.proof     11734ms Simplex.Simplex_Algebra 219:5427  timeout (SH 11734ms): Timed out
0.sledgehammer goal.using     11680ms Simplex.Simplex_Algebra 223:5506  some (SH 11680ms, ATP 877ms): Try this: using \<open>c < 0\<close> divide_gt1 local.dual_order.strict_iff_order by blast (6 ms)
0.sledgehammer goal.using      4208ms Simplex.Simplex_Algebra 224:5537  some (SH 4208ms, ATP 535ms): Try this: by (simp add: \<open>c < 0\<close>) (1 ms)
0.sledgehammer goal.by         6643ms Simplex.Simplex_Algebra 225:5555  some (SH 6643ms, ATP 512ms): Try this: using local.dual_order.order_iff_strict by blast (2 ms)
0.sledgehammer goal.using      9779ms Simplex.Simplex_Algebra 230:5643  some (SH 9779ms, ATP 467ms): Try this: using \<open>b \<le> c *R a\<close> by order (0.4 ms)
0.sledgehammer goal.by        23803ms Simplex.Simplex_Algebra 231:5666  some (SH 23803ms, ATP 428ms): Try this: by order (1 ms)
0.sledgehammer goal.using     17094ms Simplex.Simplex_Algebra 233:5698  timeout (SH 17094ms): Timed out
0.sledgehammer goal.by        13589ms Simplex.Simplex_Algebra 234:5716  some (SH 13589ms, ATP 443ms): Try this: using divide_gt1 local.not_less local.scaleRat_less2 by blast (5 ms)
0.sledgehammer goal.proof     11772ms Simplex.Simplex_Algebra 243:5923  timeout (SH 11772ms): Timed out
0.sledgehammer goal.using     11731ms Simplex.Simplex_Algebra 247:5990  timeout (SH 11731ms): Timed out
0.sledgehammer goal.by         7441ms Simplex.Simplex_Algebra 248:6020  some (SH 7441ms, ATP 273ms): Try this: using add_commute local.dual_order.order_iff_strict by force (9 ms)
0.sledgehammer goal.by         5067ms Simplex.Simplex_Algebra 255:6190  none (SH 5067ms): Prover error:
0.sledgehammer goal.by         5067ms Simplex.Simplex_Algebra 255:6190  none cannot atomize goal
0.sledgehammer goal.by         2959ms Simplex.Simplex_Algebra 265:6367  none (SH 2959ms): Prover error:
0.sledgehammer goal.by         2959ms Simplex.Simplex_Algebra 265:6367  none cannot atomize goal
0.sledgehammer goal.by         1392ms Simplex.Simplex_Algebra 270:6453  none (SH 1392ms): Prover error:
0.sledgehammer goal.by         1392ms Simplex.Simplex_Algebra 270:6453  none cannot atomize goal
0.sledgehammer goal.proof     68634ms Simplex.Simplex_Algebra 275:6582  some (SH 68634ms, ATP 613ms): Try this: by (metis (no_types, lifting) add.commute add_eq_0_iff add_right_mono linorder_not_less order_less_le) (3.9 s)
0.sledgehammer goal.by         2762ms Simplex.Simplex_Algebra 276:6633  some (SH 2761ms, ATP 283ms): Try this: by simp (3 ms)
0.sledgehammer goal.using     14845ms Simplex.Simplex_Algebra 278:6672  some (SH 14845ms, ATP 354ms): Try this: by (metis less_minus_one_simps(1) linorder_neq_iff order_less_imp_not_less scaleRat_less2) (48 ms)
0.sledgehammer goal.by         5978ms Simplex.Simplex_Algebra 278:6750  some (SH 5978ms, ATP 454ms): Try this: by auto (16 ms)
0.sledgehammer finalize   Total number of sledgehammer calls: 98
0.sledgehammer finalize   Number of successful sledgehammer calls: 71
0.sledgehammer finalize   Number of sledgehammer lemmas: 280
0.sledgehammer finalize   Max number of sledgehammer lemmas: 13
0.sledgehammer finalize   Success rate: 72.4%
0.sledgehammer finalize   Total number of nontrivial sledgehammer calls: 98
0.sledgehammer finalize   Number of successful nontrivial sledgehammer calls: 71
0.sledgehammer finalize   Total time for sledgehammer calls (Isabelle): 2028.900
0.sledgehammer finalize   Total time for successful sledgehammer calls (ATP): 43.664
0.sledgehammer finalize   Average time for sledgehammer calls (Isabelle): 20.703
0.sledgehammer finalize   Average time for successful sledgehammer calls (ATP): 0.615
