0.sledgehammer initialize Params for sledgehammer: {abduce = SOME 0, cache_dir = NONE, compress = NONE, debug = false, expect =
0.sledgehammer initialize  "", fact_filter = SOME "mepo", fact_thresholds = (0.45, 0.85), falsify =
0.sledgehammer initialize  SOME false, induction_rules = NONE, instantiate = NONE, isar_proofs = NONE,
0.sledgehammer initialize  lam_trans = NONE, learn = true, max_facts = NONE, max_mono_iters = NONE,
0.sledgehammer initialize  max_new_mono_instances = NONE, max_proofs = 4, minimize = true, overlord =
0.sledgehammer initialize  false, preplay_provers = [], preplay_timeout = 1.000, provers =
0.sledgehammer initialize  ["cvc5_proof"], slices = 96, smt_proofs = true, spy = false, strict =
0.sledgehammer initialize  false, timeout = 30.000, try0 = true, type_enc = NONE, uncurried_aliases =
0.sledgehammer initialize  NONE, verbose = false}
0.sledgehammer goal.proof     12265ms Simplex.Linear_Poly_Maps 19:789  timeout (SH 12265ms): Timed out
0.sledgehammer goal.unfolding 12880ms Simplex.Linear_Poly_Maps 21:842  timeout (SH 12880ms): Timed out
0.sledgehammer goal.by        11872ms Simplex.Linear_Poly_Maps 22:864  timeout (SH 11872ms): Timed out
0.sledgehammer goal.by        45120ms Simplex.Linear_Poly_Maps 33:1280  some (SH 45120ms, ATP 1129ms): Try this: by (smt (z3) bi_uniqueDl linear_poly.bi_unique rel_funI rel_fun_eq) (607 ms)
0.sledgehammer goal.by        21982ms Simplex.Linear_Poly_Maps 36:1484  some (SH 21982ms, ATP 1729ms): Try this: by (metis (no_types, lifting) ext LinearPoly.rep_eq cr_fmap_def cr_linear_poly_def fmap.pcr_cr_eq get_var_coeff_def linear_poly.pcr_cr_eq rel_funI rel_fun_eq) (190 ms)
0.sledgehammer goal.by        18967ms Simplex.Linear_Poly_Maps 39:1686  some (SH 18967ms, ATP 283ms): Try this: by (smt (z3) Abstract_Linear_Poly.inv_def Collect_cong domI dom_def mem_Collect_eq) (331 ms)
0.sledgehammer goal.by        12292ms Simplex.Linear_Poly_Maps 43:1787  timeout (SH 12292ms): Timed out
0.sledgehammer goal.unfolding 11705ms Simplex.Linear_Poly_Maps 49:1931  timeout (SH 11705ms): Timed out
0.sledgehammer goal.by        11756ms Simplex.Linear_Poly_Maps 50:1952  timeout (SH 11756ms): Timed out
0.sledgehammer goal.unfolding 10934ms Simplex.Linear_Poly_Maps 66:2566  some (SH 10934ms, ATP 321ms): Try this: apply (simp add: add_monom_def set_var_coeff_def) (12 ms)
0.sledgehammer goal.by         9904ms Simplex.Linear_Poly_Maps 67:2628  some (SH 9903ms, ATP 515ms): Try this: apply auto[1] (13 ms)
0.sledgehammer goal.by        13781ms Simplex.Linear_Poly_Maps 72:2775  timeout (SH 13781ms): Timed out
0.sledgehammer goal.proof     23771ms Simplex.Linear_Poly_Maps 76:2935  timeout (SH 23771ms): Timed out
0.sledgehammer goal.unfolding  7357ms Simplex.Linear_Poly_Maps 83:3257  some (SH 7357ms, ATP 525ms): Try this: by (simp add: k1_def ordered_keys_def) (3 ms)
0.sledgehammer goal.by         5585ms Simplex.Linear_Poly_Maps 84:3302  some (SH 5585ms, ATP 388ms): Try this: by auto (2 ms)
0.sledgehammer goal.by        24207ms Simplex.Linear_Poly_Maps 87:3495  some (SH 24207ms, ATP 1577ms): Try this: by (simp add: linear_poly_map.rep_eq plus_linear_poly.rep_eq) (32 ms)
0.sledgehammer goal.proof     18699ms Simplex.Linear_Poly_Maps 89:3626  timeout (SH 18699ms): Timed out
0.sledgehammer goal.by         1914ms Simplex.Linear_Poly_Maps 91:3726  some (SH 1914ms, ATP 328ms): Try this: by simp (0.6 ms)
0.sledgehammer goal.by        10271ms Simplex.Linear_Poly_Maps 92:3768  some (SH 10271ms, ATP 350ms): Try this: by argo (1 ms)
0.sledgehammer goal.unfolding 19279ms Simplex.Linear_Poly_Maps 93:3793  some (SH 19279ms, ATP 597ms): Try this: using None P1_def add_def fmlookup_fold_not_mem id k1_def x by fastforce (46 ms)
0.sledgehammer goal.unfolding 20243ms Simplex.Linear_Poly_Maps 94:3853  some (SH 20243ms, ATP 501ms): Try this: using add_def fmlookup_fold_not_mem k1_def x by force (10 ms)
0.sledgehammer goal.by        22050ms Simplex.Linear_Poly_Maps 94:3917  some (SH 22050ms, ATP 476ms): Try this: by simp (1 ms)
0.sledgehammer goal.by        18004ms Simplex.Linear_Poly_Maps 97:4003  some (SH 18004ms, ATP 379ms): Try this: by auto (0.6 ms)
0.sledgehammer goal.by        10111ms Simplex.Linear_Poly_Maps 98:4042  some (SH 10111ms, ATP 369ms): Try this: by force (3 ms)
0.sledgehammer goal.by        38697ms Simplex.Linear_Poly_Maps 99:4128  some (SH 38697ms, ATP 2484ms): Try this: by blast (8 ms)
0.sledgehammer goal.by        55347ms Simplex.Linear_Poly_Maps 100:4184  some (SH 55347ms, ATP 491ms): Try this: apply force (4 ms)
0.sledgehammer goal.using     13773ms Simplex.Linear_Poly_Maps 101:4232  some (SH 13773ms, ATP 552ms): Try this: by (metis LinearPoly.rep_eq P1_def Some certificate linear_poly_map.rep_eq option.distinct(1) option.inject) (95 ms)
0.sledgehammer goal.unfolding 13786ms Simplex.Linear_Poly_Maps 101:4243  some (SH 13786ms, ATP 777ms): Try this: by (metis LinearPoly.rep_eq P1_def certificate linear_poly_map.rep_eq option.discI option.inject) (83 ms)
0.sledgehammer goal.by         3870ms Simplex.Linear_Poly_Maps 101:4271  some (SH 3870ms, ATP 510ms): Try this: by force (0.6 ms)
0.sledgehammer goal.unfolding 39427ms Simplex.Linear_Poly_Maps 103:4369  timeout (SH 39427ms): Timed out
0.sledgehammer goal.unfolding 12936ms Simplex.Linear_Poly_Maps 104:4442  timeout (SH 12936ms): Timed out
0.sledgehammer goal.unfolding 12974ms Simplex.Linear_Poly_Maps 105:4514  timeout (SH 12973ms): Timed out
0.sledgehammer goal.proof     12173ms Simplex.Linear_Poly_Maps 106:4563  timeout (SH 12173ms): Timed out
0.sledgehammer goal.proof     12128ms Simplex.Linear_Poly_Maps 109:4727  timeout (SH 12128ms): Timed out
0.sledgehammer goal.by         6459ms Simplex.Linear_Poly_Maps 112:4852  some (SH 6459ms, ATP 652ms): Try this: by (metis LinearPoly.rep_eq P1_def certificate linear_poly_map.rep_eq option.discI xy1) (93 ms)
0.sledgehammer goal.unfolding 22687ms Simplex.Linear_Poly_Maps 113:4915  timeout (SH 22687ms): Timed out
0.sledgehammer goal.using     13209ms Simplex.Linear_Poly_Maps 113:4954  timeout (SH 13209ms): Timed out
0.sledgehammer goal.unfolding 13376ms Simplex.Linear_Poly_Maps 114:4975  timeout (SH 13376ms): Timed out
0.sledgehammer goal.by        96690ms Simplex.Linear_Poly_Maps 115:5052  some (SH 96690ms, ATP 1425ms): Try this: by (smt (z3) add.commute add_cancel_left_left option.case_eq_if) (166 ms)
0.sledgehammer goal.unfolding 11996ms Simplex.Linear_Poly_Maps 118:5134  timeout (SH 11995ms): Timed out
0.sledgehammer goal.using     12820ms Simplex.Linear_Poly_Maps 118:5174  timeout (SH 12820ms): Timed out
0.sledgehammer goal.unfolding 13514ms Simplex.Linear_Poly_Maps 119:5196  timeout (SH 13514ms): Timed out
0.sledgehammer goal.by        74403ms Simplex.Linear_Poly_Maps 120:5273  some (SH 74403ms, ATP 911ms): Try this: by (smt (z3) add.commute add_cancel_left_left option.case_eq_if) (194 ms)
0.sledgehammer goal.proof     11648ms Simplex.Linear_Poly_Maps 133:5564  timeout (SH 11648ms): Timed out
0.sledgehammer goal.by         2179ms Simplex.Linear_Poly_Maps 135:5630  some (SH 2179ms, ATP 332ms): Try this: by meson (0.8 ms)
0.sledgehammer goal.unfolding 33528ms Simplex.Linear_Poly_Maps 136:5653  timeout (SH 33528ms): Timed out
0.sledgehammer goal.using     18974ms Simplex.Linear_Poly_Maps 136:5683  timeout (SH 18974ms): Timed out
0.sledgehammer goal.by        13433ms Simplex.Linear_Poly_Maps 137:5698  timeout (SH 13433ms): Timed out
0.sledgehammer goal.by         2026ms Simplex.Linear_Poly_Maps 140:5769  some (SH 2026ms, ATP 308ms): Try this: by blast (1 ms)
0.sledgehammer goal.unfolding 26100ms Simplex.Linear_Poly_Maps 141:5792  timeout (SH 26100ms): Timed out
0.sledgehammer goal.using     12972ms Simplex.Linear_Poly_Maps 141:5823  timeout (SH 12972ms): Timed out
0.sledgehammer goal.by        11957ms Simplex.Linear_Poly_Maps 142:5839  timeout (SH 11957ms): Timed out
0.sledgehammer goal.by        12805ms Simplex.Linear_Poly_Maps 149:5954  timeout (SH 12805ms): Timed out
0.sledgehammer goal.unfolding 11681ms Simplex.Linear_Poly_Maps 154:6110  timeout (SH 11681ms): Timed out
0.sledgehammer goal.by        11561ms Simplex.Linear_Poly_Maps 155:6140  timeout (SH 11561ms): Timed out
0.sledgehammer goal.by        12649ms Simplex.Linear_Poly_Maps 159:6289  timeout (SH 12649ms): Timed out
0.sledgehammer goal.unfolding 36856ms Simplex.Linear_Poly_Maps 163:6467  some (SH 36856ms, ATP 633ms): Try this: by (metis fun_vars_def fun_vars_list_def ordered_keys_def vars.rep_eq vars_code vars_list.rep_eq) (36 ms)
0.sledgehammer goal.by        11936ms Simplex.Linear_Poly_Maps 164:6517  timeout (SH 11936ms): Timed out
0.sledgehammer goal.unfolding 12193ms Simplex.Linear_Poly_Maps 170:6710  timeout (SH 12192ms): Timed out
0.sledgehammer goal.proof     12020ms Simplex.Linear_Poly_Maps 171:6728  timeout (SH 12019ms): Timed out
0.sledgehammer goal.by         2305ms Simplex.Linear_Poly_Maps 173:6810  some (SH 2305ms, ATP 419ms): Try this: by (simp add: distinct_vars_list) (0.4 ms)
0.sledgehammer goal.unfolding 32722ms Simplex.Linear_Poly_Maps 177:6941  timeout (SH 32722ms): Timed out
0.sledgehammer goal.by        12441ms Simplex.Linear_Poly_Maps 178:6969  timeout (SH 12441ms): Timed out
0.sledgehammer goal.proof     11844ms Simplex.Linear_Poly_Maps 184:7108  timeout (SH 11844ms): Timed out
0.sledgehammer goal.by        11722ms Simplex.Linear_Poly_Maps 187:7191  some (SH 11722ms, ATP 815ms): Try this: by (simp add: linear_poly_map.rep_eq lp_monom.rep_eq) (15 ms)
0.sledgehammer goal.proof     13890ms Simplex.Linear_Poly_Maps 196:7363  none (SH 13890ms): Prover error:
0.sledgehammer goal.proof     13890ms Simplex.Linear_Poly_Maps 196:7363  none cannot atomize goal
0.sledgehammer finalize   Total number of sledgehammer calls: 66
0.sledgehammer finalize   Number of successful sledgehammer calls: 28
0.sledgehammer finalize   Number of sledgehammer lemmas: 111
0.sledgehammer finalize   Max number of sledgehammer lemmas: 9
0.sledgehammer finalize   Success rate: 42.4%
0.sledgehammer finalize   Total number of nontrivial sledgehammer calls: 66
0.sledgehammer finalize   Number of successful nontrivial sledgehammer calls: 28
0.sledgehammer finalize   Total time for sledgehammer calls (Isabelle): 1194.651
0.sledgehammer finalize   Total time for successful sledgehammer calls (ATP): 19.776
0.sledgehammer finalize   Average time for sledgehammer calls (Isabelle): 18.101
0.sledgehammer finalize   Average time for successful sledgehammer calls (ATP): 0.706
