0.sledgehammer initialize Params for sledgehammer: {abduce = SOME 0, cache_dir = NONE, compress = NONE, debug = false, expect =
0.sledgehammer initialize  "", fact_filter = NONE, fact_thresholds = (0.45, 0.85), falsify =
0.sledgehammer initialize  SOME false, induction_rules = NONE, instantiate = NONE, isar_proofs = NONE,
0.sledgehammer initialize  lam_trans = NONE, learn = true, max_facts = NONE, max_mono_iters = NONE,
0.sledgehammer initialize  max_new_mono_instances = NONE, max_proofs = 4, minimize = true, overlord =
0.sledgehammer initialize  false, preplay_provers = [], preplay_timeout = 1.000, provers =
0.sledgehammer initialize  ["cvc5_proof"], slices = 96, smt_proofs = true, spy = false, strict =
0.sledgehammer initialize  false, timeout = 30.000, try0 = true, type_enc = NONE, uncurried_aliases =
0.sledgehammer initialize  NONE, verbose = false}
0.sledgehammer goal.by        10273ms Ordered_Resolution_Prover.Lazy_List_Liminf 25:924  some (SH 10273ms, ATP 561ms): Try this: by auto (7 ms)
0.sledgehammer goal.unfolding 15111ms Ordered_Resolution_Prover.Lazy_List_Liminf 34:1154  some (SH 15111ms, ATP 157ms): Try this: by (metis Sup_llist_def UN_I mem_Collect_eq subsetI) (35 ms)
0.sledgehammer goal.by         7441ms Ordered_Resolution_Prover.Lazy_List_Liminf 34:1178  some (SH 7441ms, ATP 512ms): Try this: by blast (0.7 ms)
0.sledgehammer goal.unfolding 17912ms Ordered_Resolution_Prover.Lazy_List_Liminf 37:1284  some (SH 17912ms, ATP 671ms): Try this: by (simp add: Sup_llist_def) (8 ms)
0.sledgehammer goal.by         5024ms Ordered_Resolution_Prover.Lazy_List_Liminf 37:1308  some (SH 5024ms, ATP 470ms): Try this: by blast (1 ms)
0.sledgehammer goal.unfolding  9757ms Ordered_Resolution_Prover.Lazy_List_Liminf 40:1410  some (SH 9757ms, ATP 414ms): Try this: by (meson in_mono lnth_subset_Sup_llist) (15 ms)
0.sledgehammer goal.by         6199ms Ordered_Resolution_Prover.Lazy_List_Liminf 40:1434  some (SH 6199ms, ATP 653ms): Try this: by blast (0.4 ms)
0.sledgehammer goal.unfolding  9253ms Ordered_Resolution_Prover.Lazy_List_Liminf 43:1495  some (SH 9253ms, ATP 485ms): Try this: by (simp add: Sup_llist_def) (2 ms)
0.sledgehammer goal.by        15593ms Ordered_Resolution_Prover.Lazy_List_Liminf 43:1519  some (SH 15593ms, ATP 489ms): Try this: by auto (2 ms)
0.sledgehammer goal.unfolding 33359ms Ordered_Resolution_Prover.Lazy_List_Liminf 46:1603  timeout (SH 33359ms): Timed out
0.sledgehammer goal.proof     33657ms Ordered_Resolution_Prover.Lazy_List_Liminf 47:1627  timeout (SH 33656ms): Timed out
0.sledgehammer goal.by         5969ms Ordered_Resolution_Prover.Lazy_List_Liminf 51:1848  some (SH 5969ms, ATP 567ms): Try this: by blast (1 ms)
0.sledgehammer goal.by         8140ms Ordered_Resolution_Prover.Lazy_List_Liminf 53:1915  some (SH 8139ms, ATP 468ms): Try this: by (metis bot_nat_0.not_eq_extremum lnth_LCons') (50 ms)
0.sledgehammer goal.by        30566ms Ordered_Resolution_Prover.Lazy_List_Liminf 55:2016  some (SH 30566ms, ATP 953ms): Try this: by (metis One_nat_def Suc_ile_eq Suc_pred iless_Suc_eq len llength_LCons) (19 ms)
0.sledgehammer goal.by        11958ms Ordered_Resolution_Prover.Lazy_List_Liminf 57:2180  some (SH 11957ms, ATP 3753ms): Try this: by blast (0.6 ms)
0.sledgehammer goal.by        13295ms Ordered_Resolution_Prover.Lazy_List_Liminf 61:2339  some (SH 13295ms, ATP 502ms): Try this: by (metis Sup_llist_LCons lhd_LCons_ltl sup_ge1) (32 ms)
0.sledgehammer goal.unfolding 35058ms Ordered_Resolution_Prover.Lazy_List_Liminf 70:2639  timeout (SH 35058ms): Timed out
0.sledgehammer goal.proof     33676ms Ordered_Resolution_Prover.Lazy_List_Liminf 75:2793  timeout (SH 33675ms): Timed out
0.sledgehammer goal.unfolding 31055ms Ordered_Resolution_Prover.Lazy_List_Liminf 78:2854  some (SH 31055ms, ATP 445ms): Try this: by (simp add: Sup_upto_llist_eq_Sup_llist_ltake ltake.ctr(1)) (0.8 ms)
0.sledgehammer goal.by        10265ms Ordered_Resolution_Prover.Lazy_List_Liminf 78:2883  some (SH 10265ms, ATP 480ms): Try this: by auto (2 ms)
0.sledgehammer goal.unfolding 30223ms Ordered_Resolution_Prover.Lazy_List_Liminf 82:2928  timeout (SH 30223ms): Timed out
0.sledgehammer goal.by        34057ms Ordered_Resolution_Prover.Lazy_List_Liminf 82:2967  timeout (SH 34057ms): Timed out
0.sledgehammer goal.unfolding 29491ms Ordered_Resolution_Prover.Lazy_List_Liminf 88:3184  timeout (SH 29491ms): Timed out
0.sledgehammer goal.by        33716ms Ordered_Resolution_Prover.Lazy_List_Liminf 88:3223  timeout (SH 33716ms): Timed out
0.sledgehammer goal.unfolding 27232ms Ordered_Resolution_Prover.Lazy_List_Liminf 91:3339  some (SH 27232ms, ATP 131ms): Try this: by (metis (no_types, lifting) Collect_cong Sup_llist_def Sup_upto_llist_def enat_ord_code(3)) (72 ms)
0.sledgehammer goal.by         6909ms Ordered_Resolution_Prover.Lazy_List_Liminf 91:3382  some (SH 6909ms, ATP 525ms): Try this: using enat_ord_code(3) by presburger (0.7 ms)
0.sledgehammer goal.unfolding  4490ms Ordered_Resolution_Prover.Lazy_List_Liminf 94:3481  some (SH 4490ms, ATP 457ms): Try this: by (simp add: zero_enat_def) (0.8 ms)
0.sledgehammer goal.by         4597ms Ordered_Resolution_Prover.Lazy_List_Liminf 94:3505  some (SH 4597ms, ATP 400ms): Try this: by simp (0.6 ms)
0.sledgehammer goal.by        63870ms Ordered_Resolution_Prover.Lazy_List_Liminf 101:3692  some (SH 63870ms, ATP 1153ms): Try this: by (metis Sup_upto_llist_infinity enat.case(1,2) enat_defs(3) enat_the_enat) (30 ms)
0.sledgehammer goal.unfolding 92188ms Ordered_Resolution_Prover.Lazy_List_Liminf 104:3824  some (SH 92187ms, ATP 4112ms): Try this: by (smt (z3) Sup_upto_llist_def UN_iff mem_Collect_eq order_trans subsetI) (248 ms)
0.sledgehammer goal.by        57053ms Ordered_Resolution_Prover.Lazy_List_Liminf 104:3853  some (SH 57053ms, ATP 798ms): Try this: using order_trans by auto (21 ms)
0.sledgehammer goal.unfolding  6309ms Ordered_Resolution_Prover.Lazy_List_Liminf 107:3940  some (SH 6309ms, ATP 565ms): Try this: by (metis Sup_upto_llist_infinity Sup_upto_llist_mono enat_ord_code(3)) (47 ms)
0.sledgehammer goal.by         7709ms Ordered_Resolution_Prover.Lazy_List_Liminf 107:3983  some (SH 7709ms, ATP 833ms): Try this: by blast (2 ms)
0.sledgehammer goal.unfolding 58570ms Ordered_Resolution_Prover.Lazy_List_Liminf 111:4106  some (SH 58570ms, ATP 4965ms): Try this: using Sup_llist_imp_exists_index Sup_upto_llist_def by fastforce (148 ms)
0.sledgehammer goal.by        15165ms Ordered_Resolution_Prover.Lazy_List_Liminf 111:4149  some (SH 15165ms, ATP 388ms): Try this: by blast (0.8 ms)
0.sledgehammer goal.unfolding 15729ms Ordered_Resolution_Prover.Lazy_List_Liminf 114:4246  some (SH 15729ms, ATP 202ms): Try this: by (simp add: SUP_upper Sup_upto_llist_def) (6 ms)
0.sledgehammer goal.by         4778ms Ordered_Resolution_Prover.Lazy_List_Liminf 114:4275  some (SH 4778ms, ATP 521ms): Try this: by blast (1 ms)
0.sledgehammer goal.using     33778ms Ordered_Resolution_Prover.Lazy_List_Liminf 119:4418  timeout (SH 33778ms): Timed out
0.sledgehammer goal.proof     33087ms Ordered_Resolution_Prover.Lazy_List_Liminf 120:4430  timeout (SH 33087ms): Timed out
0.sledgehammer goal.by         8297ms Ordered_Resolution_Prover.Lazy_List_Liminf 123:4527  some (SH 8296ms, ATP 375ms): Try this: apply blast (1 ms)
0.sledgehammer goal.using      5131ms Ordered_Resolution_Prover.Lazy_List_Liminf 125:4600  some (SH 5131ms, ATP 419ms): Try this: by (meson elem_Sup_llist_imp_Sup_upto_llist) (21 ms)
0.sledgehammer goal.by         4402ms Ordered_Resolution_Prover.Lazy_List_Liminf 125:4640  some (SH 4402ms, ATP 417ms): Try this: by metis (36 ms)
0.sledgehammer goal.using      3842ms Ordered_Resolution_Prover.Lazy_List_Liminf 127:4715  some (SH 3842ms, ATP 299ms): Try this: using insert.hyps(3) by blast (3 ms)
0.sledgehammer goal.by         3099ms Ordered_Resolution_Prover.Lazy_List_Liminf 127:4736  some (SH 3099ms, ATP 300ms): Try this: by blast (3 ms)
0.sledgehammer goal.using     154234ms Ordered_Resolution_Prover.Lazy_List_Liminf 129:4799  timeout (SH 154233ms):
0.sledgehammer goal.by        152662ms Ordered_Resolution_Prover.Lazy_List_Liminf 129:4810  some (SH 152661ms, ATP 760ms): Try this: by (metis Sup_upto_llist_mono insert_Diff insert_subset max_enat_simps(1) order_trans sup_ge1 sup_ge2 sup_max) (1.9 s)
0.sledgehammer goal.by         4847ms Ordered_Resolution_Prover.Lazy_List_Liminf 132:4954  some (SH 4847ms, ATP 353ms): Try this: by blast (1 ms)
0.sledgehammer goal.unfolding 16467ms Ordered_Resolution_Prover.Lazy_List_Liminf 143:5217  some (SH 16467ms, ATP 102ms): Try this: by (simp add: Liminf_llist_def) (2 ms)
0.sledgehammer goal.by        12866ms Ordered_Resolution_Prover.Lazy_List_Liminf 143:5244  some (SH 12866ms, ATP 452ms): Try this: by simp (1 ms)
0.sledgehammer goal.proof     33183ms Ordered_Resolution_Prover.Lazy_List_Liminf 147:5372  timeout (SH 33183ms): Timed out
0.sledgehammer goal.proof     34981ms Ordered_Resolution_Prover.Lazy_List_Liminf 150:5434  timeout (SH 34981ms): Timed out
0.sledgehammer goal.by        34255ms Ordered_Resolution_Prover.Lazy_List_Liminf 157:5697  timeout (SH 34255ms): Timed out
0.sledgehammer goal.by        34806ms Ordered_Resolution_Prover.Lazy_List_Liminf 162:6021  timeout (SH 34806ms): Timed out
0.sledgehammer goal.by        34403ms Ordered_Resolution_Prover.Lazy_List_Liminf 165:6144  timeout (SH 34402ms): Timed out
0.sledgehammer goal.by         3704ms Ordered_Resolution_Prover.Lazy_List_Liminf 173:6445  some (SH 3704ms, ATP 348ms): Try this: by blast (5 ms)
0.sledgehammer goal.using      4948ms Ordered_Resolution_Prover.Lazy_List_Liminf 176:6502  some (SH 4948ms, ATP 347ms): Try this: using Suc_ile_eq i by blast (2 ms)
0.sledgehammer goal.by         3373ms Ordered_Resolution_Prover.Lazy_List_Liminf 176:6510  some (SH 3372ms, ATP 346ms): Try this: using Suc_ile_eq by blast (1 ms)
0.sledgehammer goal.using     20364ms Ordered_Resolution_Prover.Lazy_List_Liminf 178:6628  some (SH 20364ms, ATP 933ms): Try this: by (metis One_nat_def Suc_ile_eq Suc_le_D Suc_less_eq2 diff_Suc_1' j linorder_not_less lnth_LCons' nat.simps(3)) (102 ms)
0.sledgehammer goal.by        15692ms Ordered_Resolution_Prover.Lazy_List_Liminf 178:6656  some (SH 15692ms, ATP 922ms): Try this: by (metis One_nat_def Suc_less_eq2 diff_Suc_1' linorder_not_less lnth_LCons' nat.simps(3)) (118 ms)
0.sledgehammer goal.by         3884ms Ordered_Resolution_Prover.Lazy_List_Liminf 181:6791  some (SH 3884ms, ATP 434ms): Try this: by blast (0.6 ms)
0.sledgehammer goal.by        33637ms Ordered_Resolution_Prover.Lazy_List_Liminf 184:6840  timeout (SH 33637ms): Timed out
0.sledgehammer goal.proof     33114ms Ordered_Resolution_Prover.Lazy_List_Liminf 189:7050  timeout (SH 33114ms): Timed out
0.sledgehammer goal.by         7259ms Ordered_Resolution_Prover.Lazy_List_Liminf 193:7162  some (SH 7259ms, ATP 444ms): Try this: by (meson not_lnull_conv) (36 ms)
0.sledgehammer goal.unfolding 14537ms Ordered_Resolution_Prover.Lazy_List_Liminf 195:7205  some (SH 14537ms, ATP 562ms): Try this: by (metis LCons.IH LCons.hyps(2) Liminf_llist_LCons llast_LCons ltl_simps(2) xs) (44 ms)
0.sledgehammer goal.by        12107ms Ordered_Resolution_Prover.Lazy_List_Liminf 195:7218  some (SH 12107ms, ATP 629ms): Try this: by (metis LCons.IH LCons.hyps(2) Liminf_llist_LCons llast_LCons ltl_simps(2) xs) (78 ms)
0.sledgehammer goal.by         8807ms Ordered_Resolution_Prover.Lazy_List_Liminf 199:7419  some (SH 8807ms, ATP 601ms): Try this: by (metis Liminf_llist_LCons lhd_LCons_ltl lnull_ltlI) (43 ms)
0.sledgehammer goal.unfolding 37021ms Ordered_Resolution_Prover.Lazy_List_Liminf 202:7547  some (SH 37021ms, ATP 924ms): Try this: using Liminf_llist_def Sup_llist_def by fastforce (221 ms)
0.sledgehammer goal.by        34638ms Ordered_Resolution_Prover.Lazy_List_Liminf 202:7588  some (SH 34638ms, ATP 682ms): Try this: by blast (1 ms)
0.sledgehammer goal.unfolding 33404ms Ordered_Resolution_Prover.Lazy_List_Liminf 205:7687  timeout (SH 33404ms): Timed out
0.sledgehammer goal.by        33255ms Ordered_Resolution_Prover.Lazy_List_Liminf 205:7714  timeout (SH 33255ms): Timed out
0.sledgehammer goal.unfolding 10202ms Ordered_Resolution_Prover.Lazy_List_Liminf 209:7828  some (SH 10202ms, ATP 601ms): Try this: by (meson Liminf_llist_subset_Sup_llist Sup_llist_imp_exists_index in_mono) (6 ms)
0.sledgehammer goal.by        10974ms Ordered_Resolution_Prover.Lazy_List_Liminf 209:7855  some (SH 10974ms, ATP 2897ms): Try this: by blast (1 ms)
0.sledgehammer goal.unfolding 34876ms Ordered_Resolution_Prover.Lazy_List_Liminf 214:8021  timeout (SH 34876ms): Timed out
0.sledgehammer goal.by        32224ms Ordered_Resolution_Prover.Lazy_List_Liminf 214:8048  some (SH 32224ms, ATP 3504ms): Try this: by force (48 ms)
0.sledgehammer goal.proof     34009ms Ordered_Resolution_Prover.Lazy_List_Liminf 222:8294  timeout (SH 34009ms): Timed out
0.sledgehammer goal.proof     34089ms Ordered_Resolution_Prover.Lazy_List_Liminf 224:8319  timeout (SH 34089ms): Timed out
0.sledgehammer goal.using     19648ms Ordered_Resolution_Prover.Lazy_List_Liminf 227:8384  some (SH 19648ms, ATP 401ms): Try this: by (metis (lifting) empty_subsetI enat_defs(1) i0_less llength_eq_0 nnil) (35 ms)
0.sledgehammer goal.by        11993ms Ordered_Resolution_Prover.Lazy_List_Liminf 227:8395  some (SH 11993ms, ATP 403ms): Try this: by (metis (lifting) empty_subsetI enat_defs(1) i0_less llength_eq_0) (50 ms)
0.sledgehammer goal.using     33979ms Ordered_Resolution_Prover.Lazy_List_Liminf 233:8605  timeout (SH 33979ms): Timed out
0.sledgehammer goal.by        14866ms Ordered_Resolution_Prover.Lazy_List_Liminf 233:8653  some (SH 14866ms, ATP 1107ms): Try this: by fastforce (90 ms)
0.sledgehammer goal.using     33780ms Ordered_Resolution_Prover.Lazy_List_Liminf 237:8836  timeout (SH 33779ms): Timed out
0.sledgehammer goal.by        29470ms Ordered_Resolution_Prover.Lazy_List_Liminf 237:8862  some (SH 29470ms, ATP 573ms): Try this: by blast (14 ms)
0.sledgehammer goal.by        14900ms Ordered_Resolution_Prover.Lazy_List_Liminf 243:8961  some (SH 14900ms, ATP 437ms): Try this: by (simp add: fin i_max_def nemp) (2 ms)
0.sledgehammer goal.unfolding  8342ms Ordered_Resolution_Prover.Lazy_List_Liminf 247:9098  some (SH 8342ms, ATP 422ms): Try this: by blast (0.7 ms)
0.sledgehammer goal.by         4202ms Ordered_Resolution_Prover.Lazy_List_Liminf 247:9118  some (SH 4202ms, ATP 457ms): Try this: by blast (0.7 ms)
0.sledgehammer goal.unfolding 12078ms Ordered_Resolution_Prover.Lazy_List_Liminf 249:9177  some (SH 12078ms, ATP 440ms): Try this: by (simp add: fin i_max_def) (3 ms)
0.sledgehammer goal.by         9455ms Ordered_Resolution_Prover.Lazy_List_Liminf 249:9197  some (SH 9455ms, ATP 459ms): Try this: using fin by force (2 ms)
0.sledgehammer goal.using      8094ms Ordered_Resolution_Prover.Lazy_List_Liminf 251:9257  some (SH 8094ms, ATP 322ms): Try this: using i_max_is i_of_lt x_max_in by blast (1 ms)
0.sledgehammer goal.by         3535ms Ordered_Resolution_Prover.Lazy_List_Liminf 251:9289  some (SH 3534ms, ATP 376ms): Try this: by blast (1 ms)
0.sledgehammer goal.proof     33890ms Ordered_Resolution_Prover.Lazy_List_Liminf 253:9380  timeout (SH 33890ms): Timed out
0.sledgehammer goal.using     10488ms Ordered_Resolution_Prover.Lazy_List_Liminf 257:9523  some (SH 10488ms, ATP 676ms): Try this: using in_inter by fastforce (26 ms)
0.sledgehammer goal.by         8333ms Ordered_Resolution_Prover.Lazy_List_Liminf 257:9538  some (SH 8333ms, ATP 765ms): Try this: by blast (3 ms)
0.sledgehammer goal.using     10954ms Ordered_Resolution_Prover.Lazy_List_Liminf 260:9661  some (SH 10954ms, ATP 508ms): Try this: using le_i_max x_in by fastforce (10 ms)
0.sledgehammer goal.by         8708ms Ordered_Resolution_Prover.Lazy_List_Liminf 260:9681  some (SH 8708ms, ATP 547ms): Try this: by fastforce (18 ms)
0.sledgehammer goal.by         8486ms Ordered_Resolution_Prover.Lazy_List_Liminf 262:9780  some (SH 8486ms, ATP 167ms): Try this: by blast (1 ms)
0.sledgehammer goal.by        14610ms Ordered_Resolution_Prover.Lazy_List_Liminf 265:9830  some (SH 14610ms, ATP 238ms): Try this: by blast (1 ms)
0.sledgehammer goal.proof     34364ms Ordered_Resolution_Prover.Lazy_List_Liminf 272:10029  timeout (SH 34364ms): Timed out
0.sledgehammer goal.proof     31441ms Ordered_Resolution_Prover.Lazy_List_Liminf 274:10058  timeout (SH 31441ms): Timed out
0.sledgehammer goal.unfolding 34271ms Ordered_Resolution_Prover.Lazy_List_Liminf 280:10270  timeout (SH 34271ms): Timed out
0.sledgehammer goal.by        38193ms Ordered_Resolution_Prover.Lazy_List_Liminf 280:10297  some (SH 38193ms, ATP 558ms): Try this: by force (36 ms)
0.sledgehammer goal.using     12454ms Ordered_Resolution_Prover.Lazy_List_Liminf 283:10365  some (SH 12454ms, ATP 563ms): Try this: using i_lt x_in_fgj by auto (5 ms)
0.sledgehammer goal.unfolding  5098ms Ordered_Resolution_Prover.Lazy_List_Liminf 283:10391  some (SH 5098ms, ATP 492ms): Try this: by blast (2 ms)
0.sledgehammer goal.by         8342ms Ordered_Resolution_Prover.Lazy_List_Liminf 283:10426  some (SH 8342ms, ATP 545ms): Try this: by blast (15 ms)
0.sledgehammer goal.apply     33893ms Ordered_Resolution_Prover.Lazy_List_Liminf 285:10517  timeout (SH 33893ms): Timed out
0.sledgehammer goal.using     33637ms Ordered_Resolution_Prover.Lazy_List_Liminf 286:10584  timeout (SH 33637ms): Timed out
0.sledgehammer goal.unfolding 97943ms Ordered_Resolution_Prover.Lazy_List_Liminf 286:10641  some (SH 97942ms, ATP 3977ms): Try this: by (smt (z3) exists_index_imp_Sup_llist imageE inj_on_def llength_lmap lnth_lmap) (347 ms)
0.sledgehammer goal.by        18917ms Ordered_Resolution_Prover.Lazy_List_Liminf 287:10682  some (SH 18917ms, ATP 615ms): Try this: by fastforce (294 ms)
0.sledgehammer goal.using     165172ms Ordered_Resolution_Prover.Lazy_List_Liminf 289:10780  timeout (SH 165172ms):
0.sledgehammer goal.unfolding 164551ms Ordered_Resolution_Prover.Lazy_List_Liminf 289:10791  timeout (SH 164551ms):
0.sledgehammer goal.by        100069ms Ordered_Resolution_Prover.Lazy_List_Liminf 289:10818  some (SH 100068ms, ATP 756ms): Try this: by (smt (z3) INT_I UN_iff image_eqI llength_lmap lnth_lmap mem_Collect_eq order_refl) (311 ms)
0.sledgehammer goal.using     34386ms Ordered_Resolution_Prover.Lazy_List_Liminf 293:10862  timeout (SH 34386ms): Timed out
0.sledgehammer goal.by        23196ms Ordered_Resolution_Prover.Lazy_List_Liminf 293:10937  some (SH 23196ms, ATP 642ms): Try this: by auto (7 ms)
0.sledgehammer goal.proof     30700ms Ordered_Resolution_Prover.Lazy_List_Liminf 300:11162  timeout (SH 30699ms): Timed out
0.sledgehammer goal.using     33950ms Ordered_Resolution_Prover.Lazy_List_Liminf 306:11371  timeout (SH 33950ms): Timed out
0.sledgehammer goal.by         5762ms Ordered_Resolution_Prover.Lazy_List_Liminf 306:11421  some (SH 5762ms, ATP 459ms): Try this: by blast (8 ms)
0.sledgehammer goal.using     33895ms Ordered_Resolution_Prover.Lazy_List_Liminf 310:11626  timeout (SH 33895ms): Timed out
0.sledgehammer goal.by        58239ms Ordered_Resolution_Prover.Lazy_List_Liminf 310:11671  some (SH 58239ms, ATP 411ms): Try this: by (metis in_lset_conv_lnth) (21 ms)
0.sledgehammer goal.unfolding 35129ms Ordered_Resolution_Prover.Lazy_List_Liminf 312:11727  some (SH 35129ms, ATP 2298ms): Try this: by (metis (mono_tags, lifting) Un_iff llength_eq_0 llength_lmap lnth_lmap not_Liminf_llist_imp_exists_index zero_order(3)) (102 ms)
0.sledgehammer goal.by        33972ms Ordered_Resolution_Prover.Lazy_List_Liminf 312:11754  timeout (SH 33972ms): Timed out
0.sledgehammer goal.using     31121ms Ordered_Resolution_Prover.Lazy_List_Liminf 316:11808  timeout (SH 31121ms): Timed out
0.sledgehammer goal.unfolding 31131ms Ordered_Resolution_Prover.Lazy_List_Liminf 316:11820  timeout (SH 31131ms): Timed out
0.sledgehammer goal.by        33980ms Ordered_Resolution_Prover.Lazy_List_Liminf 316:11847  timeout (SH 33980ms): Timed out
0.sledgehammer goal.unfolding 33218ms Ordered_Resolution_Prover.Lazy_List_Liminf 321:11970  timeout (SH 33218ms): Timed out
0.sledgehammer goal.by        33170ms Ordered_Resolution_Prover.Lazy_List_Liminf 321:11997  timeout (SH 33170ms): Timed out
0.sledgehammer goal.unfolding 33414ms Ordered_Resolution_Prover.Lazy_List_Liminf 333:12362  timeout (SH 33414ms): Timed out
0.sledgehammer goal.by        34312ms Ordered_Resolution_Prover.Lazy_List_Liminf 334:12413  timeout (SH 34312ms): Timed out
0.sledgehammer goal.proof     33064ms Ordered_Resolution_Prover.Lazy_List_Liminf 339:12618  timeout (SH 33064ms): Timed out
0.sledgehammer goal.unfolding 102665ms Ordered_Resolution_Prover.Lazy_List_Liminf 342:12690  some (SH 102665ms, ATP 4126ms): Try this: by (smt (cvc5) Liminf_upto_llist_eq_Liminf_llist_ltake Sup_empty Sup_empty Sup_empty eSuc_enat enat_0_iff(1) enat_defs(1) enat_ord_code(2,4) i0_less iless_Suc_eq ldropn_Suc_conv_ldropn ldropn_eq_LNil lfinite_Liminf_llist llast_LCons llast_ldropn llength_eq_0 llength_ltake llist.disc(1) lnth_ltake min_less_iff_conj nat.simps(3) nle_le not_less not_less not_less_zero not_lfinite_llength)
0.sledgehammer goal.by        34716ms Ordered_Resolution_Prover.Lazy_List_Liminf 342:12722  timeout (SH 34716ms): Timed out
0.sledgehammer goal.proof     39660ms Ordered_Resolution_Prover.Lazy_List_Liminf 346:12770  some (SH 39660ms, ATP 1169ms): Try this: by (metis Liminf_upto_llist_eq_Liminf_llist_ltake enat_ord_code(4) iless_Suc_eq k_ge lfinite_Liminf_llist ltake_all min_def min_less_iff_conj nle_le not_lfinite_llength) (814 ms)
0.sledgehammer goal.unfolding 17997ms Ordered_Resolution_Prover.Lazy_List_Liminf 349:12836  some (SH 17997ms, ATP 500ms): Try this: by (simp add: Liminf_upto_llist_eq_Liminf_llist_ltake ltake.ctr(1)) (1 ms)
0.sledgehammer goal.by        10446ms Ordered_Resolution_Prover.Lazy_List_Liminf 349:12868  some (SH 10446ms, ATP 496ms): Try this: by simp (2 ms)
0.sledgehammer goal.using     36941ms Ordered_Resolution_Prover.Lazy_List_Liminf 354:12962  some (SH 36940ms, ATP 354ms): Try this: by (metis Suc_ile_eq enat_iless k_ge lfinite_code(2) lfinite_conv_llength_enat linorder_not_less llength_LCons not_lnull_conv) (55 ms)
0.sledgehammer goal.by        26291ms Ordered_Resolution_Prover.Lazy_List_Liminf 354:12973  some (SH 26291ms, ATP 255ms): Try this: by (metis eSuc_enat_iff enat_ile lhd_LCons_ltl linorder_not_less llength_LCons) (48 ms)
0.sledgehammer goal.using     14538ms Ordered_Resolution_Prover.Lazy_List_Liminf 357:13080  some (SH 14538ms, ATP 418ms): Try this: by (metis \<open>\<And>thesis. (\<And>j. eSuc (enat j) = llength Xs \<Longrightarrow> thesis) \<Longrightarrow> thesis\<close> eSuc_infinity eSuc_inject llength_eq_enat_lfiniteD not_lfinite_llength) (38 ms)
0.sledgehammer goal.by         7398ms Ordered_Resolution_Prover.Lazy_List_Liminf 357:13111  some (SH 7398ms, ATP 357ms): Try this: by fastforce (12 ms)
0.sledgehammer goal.using      9074ms Ordered_Resolution_Prover.Lazy_List_Liminf 359:13199  some (SH 9074ms, ATP 416ms): Try this: by (meson cvc_arith_rewrite_defs(5) dual_order.strict_trans enat_ord_simps(2) k_ge) (21 ms)
0.sledgehammer goal.by         9246ms Ordered_Resolution_Prover.Lazy_List_Liminf 359:13238  some (SH 9246ms, ATP 432ms): Try this: by fastforce (83 ms)
0.sledgehammer goal.using     30396ms Ordered_Resolution_Prover.Lazy_List_Liminf 361:13305  some (SH 30396ms, ATP 554ms): Try this: by (metis Liminf_upto_llist_eq_Liminf_llist_ltake fin ile_eSuc k_ge lfinite_Liminf_llist linorder_not_less ltake_all nnil order_trans) (899 ms)
0.sledgehammer goal.unfolding 41437ms Ordered_Resolution_Prover.Lazy_List_Liminf 362:13356  some (SH 41437ms, ATP 544ms): Try this: by (metis Liminf_upto_llist_eq_Liminf_llist_ltake ile_eSuc k_ge linorder_not_less ltake_all order_trans) (3.5 s)
0.sledgehammer goal.using     35936ms Ordered_Resolution_Prover.Lazy_List_Liminf 362:13405  some (SH 35936ms, ATP 734ms): Try this: using enat_ord_simps(1) le_k by presburger (2 ms)
0.sledgehammer goal.by        34091ms Ordered_Resolution_Prover.Lazy_List_Liminf 363:13448  some (SH 34091ms, ATP 708ms): Try this: using enat_ord_simps(1) le_k by presburger (3 ms)
0.sledgehammer goal.using      4545ms Ordered_Resolution_Prover.Lazy_List_Liminf 365:13492  some (SH 4545ms, ATP 310ms): Try this: using k_ge nnil by presburger (2 ms)
0.sledgehammer goal.by         3386ms Ordered_Resolution_Prover.Lazy_List_Liminf 365:13508  some (SH 3386ms, ATP 341ms): Try this: by presburger (2 ms)
0.sledgehammer goal.unfolding 10358ms Ordered_Resolution_Prover.Lazy_List_Liminf 370:13612  some (SH 10358ms, ATP 613ms): Try this: by (simp add: Liminf_upto_llist_eq_Liminf_llist_ltake ltake_all) (1 ms)
0.sledgehammer goal.by        33647ms Ordered_Resolution_Prover.Lazy_List_Liminf 370:13661  some (SH 33647ms, ATP 712ms): Try this: using enat_ord_code(3) by presburger (1 ms)
0.sledgehammer goal.unfolding 14693ms Ordered_Resolution_Prover.Lazy_List_Liminf 374:13768  some (SH 14693ms, ATP 511ms): Try this: by (metis Liminf_upto_llist_enat i0_less lhd_conv_lnth llength_eq_0 zero_enat_def) (42 ms)
0.sledgehammer goal.by        33288ms Ordered_Resolution_Prover.Lazy_List_Liminf 375:13812  timeout (SH 33288ms): Timed out
0.sledgehammer goal.by        23169ms Ordered_Resolution_Prover.Lazy_List_Liminf 382:14047  some (SH 23169ms, ATP 127ms): Try this: by (metis Liminf_upto_llist_infinity eSuc_def enat.simps(4,5) enat_the_enat) (29 ms)
0.sledgehammer goal.unfolding 32843ms Ordered_Resolution_Prover.Lazy_List_Liminf 387:14250  timeout (SH 32843ms): Timed out
0.sledgehammer goal.using     33700ms Ordered_Resolution_Prover.Lazy_List_Liminf 387:14299  timeout (SH 33700ms): Timed out
0.sledgehammer goal.by        34033ms Ordered_Resolution_Prover.Lazy_List_Liminf 387:14323  timeout (SH 34033ms): Timed out
0.sledgehammer finalize   Total number of sledgehammer calls: 152
0.sledgehammer finalize   Number of successful sledgehammer calls: 101
0.sledgehammer finalize   Number of sledgehammer lemmas: 475
0.sledgehammer finalize   Max number of sledgehammer lemmas: 25
0.sledgehammer finalize   Success rate: 66.4%
0.sledgehammer finalize   Total number of nontrivial sledgehammer calls: 152
0.sledgehammer finalize   Number of successful nontrivial sledgehammer calls: 101
0.sledgehammer finalize   Total time for sledgehammer calls (Isabelle): 4201.378
0.sledgehammer finalize   Total time for successful sledgehammer calls (ATP): 77.572
0.sledgehammer finalize   Average time for sledgehammer calls (Isabelle): 27.641
0.sledgehammer finalize   Average time for successful sledgehammer calls (ATP): 0.768
