0.sledgehammer initialize Params for sledgehammer: {abduce = SOME 0, cache_dir = NONE, compress = NONE, debug = false, expect =
0.sledgehammer initialize  "", fact_filter = NONE, fact_thresholds = (0.45, 0.85), falsify =
0.sledgehammer initialize  SOME false, induction_rules = NONE, instantiate = NONE, isar_proofs = NONE,
0.sledgehammer initialize  lam_trans = NONE, learn = true, max_facts = NONE, max_mono_iters = NONE,
0.sledgehammer initialize  max_new_mono_instances = NONE, max_proofs = 4, minimize = true, overlord =
0.sledgehammer initialize  false, preplay_provers = [], preplay_timeout = 1.000, provers =
0.sledgehammer initialize  ["cvc5_proof"], slices = 96, smt_proofs = true, spy = false, strict =
0.sledgehammer initialize  false, timeout = 30.000, try0 = true, type_enc = NONE, uncurried_aliases =
0.sledgehammer initialize  NONE, verbose = false}
0.sledgehammer goal.by         9501ms Ordered_Resolution_Prover.Map2 23:680  some (SH 9501ms, ATP 696ms): Try this: by simp (2 ms)
0.sledgehammer goal.by        35201ms Ordered_Resolution_Prover.Map2 26:870  timeout (SH 35201ms): Timed out
0.sledgehammer goal.by        160050ms Ordered_Resolution_Prover.Map2 29:959  timeout (SH 160050ms):
0.sledgehammer goal.by        66151ms Ordered_Resolution_Prover.Map2 33:1166  some (SH 66151ms, ATP 2726ms): Try this: by (smt (cvc5) case_prod_conv case_prod_conv in_set_zip length_zip length_zip length_zip length_zip list.map_comp map_eq_conv min_less_iff_conj nth_map nth_map nth_zip nth_zip nth_zip nth_zip prod.collapse zip_assoc)
0.sledgehammer goal.proof     65070ms Ordered_Resolution_Prover.Map2 38:1370  some (SH 65070ms, ATP 675ms): Try this: by (smt (z3) Collect_cong assms case_prod_conv length_map length_zip min_less_iff_conj nth_map nth_zip set_conv_nth) (2.0 s)
0.sledgehammer goal.by         5536ms Ordered_Resolution_Prover.Map2 42:1507  some (SH 5536ms, ATP 559ms): Try this: by (metis in_set_conv_nth) (51 ms)
0.sledgehammer goal.by        19083ms Ordered_Resolution_Prover.Map2 44:1569  some (SH 19082ms, ATP 112ms): Try this: by simp (4 ms)
0.sledgehammer goal.using     16243ms Ordered_Resolution_Prover.Map2 46:1635  some (SH 16243ms, ATP 1357ms): Try this: by auto (7 ms)
0.sledgehammer goal.by        12699ms Ordered_Resolution_Prover.Map2 46:1647  some (SH 12699ms, ATP 2120ms): Try this: by auto (2 ms)
0.sledgehammer goal.using      3731ms Ordered_Resolution_Prover.Map2 48:1725  some (SH 3731ms, ATP 671ms): Try this: by blast (1 ms)
0.sledgehammer goal.by         3300ms Ordered_Resolution_Prover.Map2 48:1737  some (SH 3300ms, ATP 669ms): Try this: by blast (1 ms)
0.sledgehammer goal.by         4164ms Ordered_Resolution_Prover.Map2 53:1885  some (SH 4164ms, ATP 618ms): Try this: by blast (0.8 ms)
0.sledgehammer goal.using     16426ms Ordered_Resolution_Prover.Map2 55:1935  some (SH 16426ms, ATP 135ms): Try this: by (simp add: assms) (1 ms)
0.sledgehammer goal.by        12885ms Ordered_Resolution_Prover.Map2 55:1947  some (SH 12885ms, ATP 144ms): Try this: by simp (1 ms)
0.sledgehammer goal.using     15957ms Ordered_Resolution_Prover.Map2 57:2005  some (SH 15957ms, ATP 3963ms): Try this: using calculation by auto (5 ms)
0.sledgehammer goal.by        14760ms Ordered_Resolution_Prover.Map2 57:2017  some (SH 14760ms, ATP 3925ms): Try this: by auto (1 ms)
0.sledgehammer goal.by         4053ms Ordered_Resolution_Prover.Map2 59:2070  some (SH 4053ms, ATP 590ms): Try this: using nth_mem by blast (3 ms)
0.sledgehammer finalize   Total number of sledgehammer calls: 17
0.sledgehammer finalize   Number of successful sledgehammer calls: 15
0.sledgehammer finalize   Number of sledgehammer lemmas: 79
0.sledgehammer finalize   Max number of sledgehammer lemmas: 10
0.sledgehammer finalize   Success rate: 88.2%
0.sledgehammer finalize   Total number of nontrivial sledgehammer calls: 17
0.sledgehammer finalize   Number of successful nontrivial sledgehammer calls: 15
0.sledgehammer finalize   Total time for sledgehammer calls (Isabelle): 464.809
0.sledgehammer finalize   Total time for successful sledgehammer calls (ATP): 18.960
0.sledgehammer finalize   Average time for sledgehammer calls (Isabelle): 27.342
0.sledgehammer finalize   Average time for successful sledgehammer calls (ATP): 1.264
