0.sledgehammer initialize Params for sledgehammer: {abduce = SOME 0, cache_dir = NONE, compress = NONE, debug = false, expect =
0.sledgehammer initialize  "", fact_filter = SOME "mepo", fact_thresholds = (0.45, 0.85), falsify =
0.sledgehammer initialize  SOME false, induction_rules = NONE, instantiate = NONE, isar_proofs = NONE,
0.sledgehammer initialize  lam_trans = NONE, learn = true, max_facts = NONE, max_mono_iters = NONE,
0.sledgehammer initialize  max_new_mono_instances = NONE, max_proofs = 4, minimize = true, overlord =
0.sledgehammer initialize  false, preplay_provers = [], preplay_timeout = 1.000, provers =
0.sledgehammer initialize  ["cvc5_proof"], slices = 96, smt_proofs = true, spy = false, strict =
0.sledgehammer initialize  false, timeout = 30.000, try0 = true, type_enc = NONE, uncurried_aliases =
0.sledgehammer initialize  NONE, verbose = false}
0.sledgehammer goal.using     12008ms Simplex.Simplex_Auxiliary 14:416  timeout (SH 12008ms): Timed out
0.sledgehammer goal.by        12766ms Simplex.Simplex_Auxiliary 15:430  timeout (SH 12766ms): Timed out
0.sledgehammer goal.by         4439ms Simplex.Simplex_Auxiliary 19:586  some (SH 4439ms, ATP 484ms): Try this: by (metis map_reindex) (64 ms)
0.sledgehammer goal.using     15545ms Simplex.Simplex_Auxiliary 24:719  some (SH 15545ms, ATP 566ms): Try this: by (metis assms interval_class.less_imp_less_eq_dec last_tl length_tl list.size(3) not_one_le_zero) (28 ms)
0.sledgehammer goal.by        21921ms Simplex.Simplex_Auxiliary 25:733  some (SH 21921ms, ATP 612ms): Try this: by (metis Nitpick.size_list_simp(2) One_nat_def last_tl nat_neq_iff) (30 ms)
0.sledgehammer goal.using     28410ms Simplex.Simplex_Auxiliary 30:821  some (SH 28410ms, ATP 393ms): Try this: by (metis One_nat_def Suc_diff_Suc assms hd_conv_nth length_tl less_Suc_eq_0_disj less_numeral_extra(3) list.size(3) nth_tl) (137 ms)
0.sledgehammer goal.by        24258ms Simplex.Simplex_Auxiliary 31:835  some (SH 24258ms, ATP 477ms): Try this: by (metis One_nat_def Suc_diff_Suc hd_conv_nth length_tl less_Suc_eq_0_disj less_numeral_extra(3) list.size(3) nth_tl) (50 ms)
0.sledgehammer goal.by        10143ms Simplex.Simplex_Auxiliary 35:958  some (SH 10143ms, ATP 384ms): Try this: by (metis diff_is_0_eq length_0_conv length_butlast) (29 ms)
0.sledgehammer goal.using     12427ms Simplex.Simplex_Auxiliary 40:1079  some (SH 12427ms, ATP 470ms): Try this: by (metis assms length_butlast less_diff_conv nth_butlast) (19 ms)
0.sledgehammer goal.by        11350ms Simplex.Simplex_Auxiliary 41:1093  some (SH 11350ms, ATP 431ms): Try this: by (simp add: nth_butlast) (15 ms)
0.sledgehammer goal.using     11726ms Simplex.Simplex_Auxiliary 46:1254  timeout (SH 11725ms): Timed out
0.sledgehammer goal.by        11717ms Simplex.Simplex_Auxiliary 47:1268  timeout (SH 11717ms): Timed out
0.sledgehammer goal.using     11411ms Simplex.Simplex_Auxiliary 52:1397  timeout (SH 11411ms): Timed out
0.sledgehammer goal.by        11418ms Simplex.Simplex_Auxiliary 53:1411  timeout (SH 11418ms): Timed out
0.sledgehammer goal.proof     309437ms Simplex.Simplex_Auxiliary 58:1518  some (SH 309436ms, ATP 3114ms): Try this: by (smt (z3) Cons_eq_appendI Nat.add_0_right add.left_commute append_self_conv2 assms canonically_ordered_monoid_add_class.lessE le_add2 plus_1_eq_Suc upt_add_eq_append upt_rec) (195 ms)
0.sledgehammer goal.using     27117ms Simplex.Simplex_Auxiliary 60:1574  some (SH 27117ms, ATP 4688ms): Try this: by (metis (full_types) Nat.add_0_right add.left_commute add_diff_inverse_nat assms le_add2 not_less_eq plus_1_eq_Suc upt_add_eq_append) (1.0 s)
0.sledgehammer goal.using     19366ms Simplex.Simplex_Auxiliary 61:1628  some (SH 19366ms, ATP 801ms): Try this: using assms by fastforce (39 ms)
0.sledgehammer goal.by        28390ms Simplex.Simplex_Auxiliary 62:1646  some (SH 28390ms, ATP 781ms): Try this: by fastforce (97 ms)
0.sledgehammer goal.by        14921ms Simplex.Simplex_Auxiliary 64:1698  some (SH 14921ms, ATP 1036ms): Try this: by simp (8 ms)
0.sledgehammer goal.proof     12777ms Simplex.Simplex_Auxiliary 69:1825  timeout (SH 12777ms): Timed out
0.sledgehammer goal.by        13294ms Simplex.Simplex_Auxiliary 72:1900  timeout (SH 13294ms): Timed out
0.sledgehammer goal.unfolding 12749ms Simplex.Simplex_Auxiliary 85:2292  timeout (SH 12749ms): Timed out
0.sledgehammer goal.by         7038ms Simplex.Simplex_Auxiliary 86:2331  some (SH 7038ms, ATP 731ms): Try this: by (metis empty_filter_conv option.discI) (43 ms)
0.sledgehammer goal.proof     11385ms Simplex.Simplex_Auxiliary 91:2484  timeout (SH 11385ms): Timed out
0.sledgehammer goal.unfolding 12240ms Simplex.Simplex_Auxiliary 95:2612  timeout (SH 12239ms): Timed out
0.sledgehammer goal.by         3600ms Simplex.Simplex_Auxiliary 96:2653  some (SH 3600ms, ATP 370ms): Try this: apply fastforce (4 ms)
0.sledgehammer goal.using     12201ms Simplex.Simplex_Auxiliary 98:2743  some (SH 12201ms, ATP 431ms): Try this: apply (meson List.finite_set Min_in filter_is_subset subsetD) (14 ms)
0.sledgehammer goal.by        10613ms Simplex.Simplex_Auxiliary 99:2774  some (SH 10613ms, ATP 438ms): Try this: apply (meson filter_is_subset list.set_finite subsetD) (8 ms)
0.sledgehammer goal.proof      9282ms Simplex.Simplex_Auxiliary 103:2857  some (SH 9282ms, ATP 401ms): Try this: using Min_le \<open>x = Min (set (filter P l))\<close> \<open>x' < x\<close> leD by blast (10 ms)
0.sledgehammer goal.using      6948ms Simplex.Simplex_Auxiliary 106:2929  some (SH 6948ms, ATP 432ms): Try this: using Min_le \<open>x = Min (set (filter P l))\<close> by blast (1 ms)
0.sledgehammer goal.by         6885ms Simplex.Simplex_Auxiliary 107:2961  some (SH 6885ms, ATP 430ms): Try this: using Min_le by blast (1 ms)
0.sledgehammer goal.using      7237ms Simplex.Simplex_Auxiliary 109:2995  some (SH 7237ms, ATP 443ms): Try this: using \<open>x' < x\<close> by auto (0.5 ms)
0.sledgehammer goal.by         6497ms Simplex.Simplex_Auxiliary 110:3016  some (SH 6497ms, ATP 360ms): Try this: by simp (0.7 ms)
0.sledgehammer goal.using     11524ms Simplex.Simplex_Auxiliary 113:3054  timeout (SH 11523ms): Timed out
0.sledgehammer goal.by        12576ms Simplex.Simplex_Auxiliary 114:3084  timeout (SH 12576ms): Timed out
0.sledgehammer goal.proof     11222ms Simplex.Simplex_Auxiliary 125:3386  some (SH 11222ms, ATP 478ms): Try this: by (meson assms ex_least_nat_le) (6 ms)
0.sledgehammer goal.by          861ms Simplex.Simplex_Auxiliary 127:3431  some (SH 861ms, ATP 23ms): Try this: by presburger (2 ms)
0.sledgehammer goal.proof     11949ms Simplex.Simplex_Auxiliary 129:3456  some (SH 11949ms, ATP 610ms): Try this: by (meson \<open>P m\<close> ex_least_nat_le) (6 ms)
0.sledgehammer goal.using      2303ms Simplex.Simplex_Auxiliary 132:3529  some (SH 2303ms, ATP 404ms): Try this: using \<open>P m\<close> by blast (0.3 ms)
0.sledgehammer goal.by         1863ms Simplex.Simplex_Auxiliary 133:3547  some (SH 1863ms, ATP 391ms): Try this: by blast (1 ms)
0.sledgehammer goal.proof     11236ms Simplex.Simplex_Auxiliary 137:3603  some (SH 11236ms, ATP 762ms): Try this: by (metis ex_least_nat_le) (10 ms)
0.sledgehammer goal.by         2768ms Simplex.Simplex_Auxiliary 140:3663  some (SH 2767ms, ATP 316ms): Try this: by force (0.4 ms)
0.sledgehammer goal.by         3338ms Simplex.Simplex_Auxiliary 144:3730  some (SH 3338ms, ATP 459ms): Try this: using less_antisym by blast (12 ms)
0.sledgehammer goal.using     11915ms Simplex.Simplex_Auxiliary 156:4125  timeout (SH 11915ms): Timed out
0.sledgehammer goal.proof     11925ms Simplex.Simplex_Auxiliary 157:4137  timeout (SH 11925ms): Timed out
0.sledgehammer goal.by        11692ms Simplex.Simplex_Auxiliary 160:4199  timeout (SH 11692ms): Timed out
0.sledgehammer goal.by         4124ms Simplex.Simplex_Auxiliary 162:4229  some (SH 4124ms, ATP 409ms): Try this: by auto (2 ms)
0.sledgehammer goal.by         2445ms Simplex.Simplex_Auxiliary 166:4296  some (SH 2444ms, ATP 534ms): Try this: by blast (0.7 ms)
0.sledgehammer goal.proof     11805ms Simplex.Simplex_Auxiliary 169:4418  timeout (SH 11805ms): Timed out
0.sledgehammer goal.by        12329ms Simplex.Simplex_Auxiliary 173:4510  timeout (SH 12329ms): Timed out
0.sledgehammer goal.using      5322ms Simplex.Simplex_Auxiliary 175:4574  some (SH 5322ms, ATP 519ms): Try this: by (simp add: insert.prems) (2 ms)
0.sledgehammer goal.by         4431ms Simplex.Simplex_Auxiliary 176:4617  some (SH 4431ms, ATP 489ms): Try this: by auto (5 ms)
0.sledgehammer goal.using     11546ms Simplex.Simplex_Auxiliary 179:4675  some (SH 11546ms, ATP 193ms): Try this: using \<open>finite {f. \<forall>a. if a \<in> A' then f a \<in> B a else f a = f0 a}\<close> by blast (1 ms)
0.sledgehammer goal.by        11594ms Simplex.Simplex_Auxiliary 180:4702  some (SH 11594ms, ATP 196ms): Try this: by blast (4 ms)
0.sledgehammer goal.proof     11656ms Simplex.Simplex_Auxiliary 183:4768  timeout (SH 11656ms): Timed out
0.sledgehammer goal.proof     11703ms Simplex.Simplex_Auxiliary 185:4825  timeout (SH 11703ms): Timed out
0.sledgehammer goal.using      5955ms Simplex.Simplex_Auxiliary 189:4952  some (SH 5955ms, ATP 556ms): Try this: apply force (5 ms)
0.sledgehammer goal.by         6026ms Simplex.Simplex_Auxiliary 190:4975  some (SH 6026ms, ATP 523ms): Try this: apply fastforce (5 ms)
0.sledgehammer goal.by        14297ms Simplex.Simplex_Auxiliary 192:5030  some (SH 14297ms, ATP 838ms): Try this: by blast (0.8 ms)
0.sledgehammer goal.proof     119836ms Simplex.Simplex_Auxiliary 196:5105  some (SH 119836ms, ATP 4201ms): Try this: by (smt (verit, ccfv_threshold) SUP_le_iff insert_iff mem_Collect_eq subset_eq) (718 ms)
0.sledgehammer goal.by        11541ms Simplex.Simplex_Auxiliary 200:5219  some (SH 11541ms, ATP 204ms): Try this: by blast (2 ms)
0.sledgehammer goal.using     51028ms Simplex.Simplex_Auxiliary 202:5274  some (SH 51028ms, ATP 1677ms): Try this: by (smt (z3) insert_iff mem_Collect_eq) (704 ms)
0.sledgehammer goal.by        52073ms Simplex.Simplex_Auxiliary 203:5297  some (SH 52073ms, ATP 784ms): Try this: by (smt (z3) insert_iff mem_Collect_eq) (796 ms)
0.sledgehammer goal.by         2067ms Simplex.Simplex_Auxiliary 208:5369  some (SH 2067ms, ATP 424ms): Try this: by argo (2 ms)
0.sledgehammer goal.using     11888ms Simplex.Simplex_Auxiliary 218:5729  timeout (SH 11888ms): Timed out
0.sledgehammer goal.proof     11796ms Simplex.Simplex_Auxiliary 219:5741  timeout (SH 11796ms): Timed out
0.sledgehammer goal.by         9030ms Simplex.Simplex_Auxiliary 222:5806  some (SH 9030ms, ATP 554ms): Try this: by simp (1 ms)
0.sledgehammer goal.proof     12890ms Simplex.Simplex_Auxiliary 226:5852  timeout (SH 12890ms): Timed out
0.sledgehammer goal.using     12607ms Simplex.Simplex_Auxiliary 228:5914  timeout (SH 12607ms): Timed out
0.sledgehammer goal.by        12730ms Simplex.Simplex_Auxiliary 228:5925  timeout (SH 12730ms): Timed out
0.sledgehammer goal.by        12501ms Simplex.Simplex_Auxiliary 231:5994  timeout (SH 12501ms): Timed out
0.sledgehammer finalize   Total number of sledgehammer calls: 71
0.sledgehammer finalize   Number of successful sledgehammer calls: 45
0.sledgehammer finalize   Number of sledgehammer lemmas: 194
0.sledgehammer finalize   Max number of sledgehammer lemmas: 10
0.sledgehammer finalize   Success rate: 63.4%
0.sledgehammer finalize   Total number of nontrivial sledgehammer calls: 71
0.sledgehammer finalize   Number of successful nontrivial sledgehammer calls: 45
0.sledgehammer finalize   Total time for sledgehammer calls (Isabelle): 1269.902
0.sledgehammer finalize   Total time for successful sledgehammer calls (ATP): 33.817
0.sledgehammer finalize   Average time for sledgehammer calls (Isabelle): 17.886
0.sledgehammer finalize   Average time for successful sledgehammer calls (ATP): 0.751
